[03:31:29] [33m[WARN] [1779737489.830838747]: [EKF] Waiting for odom...[0m
[03:31:30] [0m[INFO] [1779737489.828321265]: === [EKF Localization] Started 20 Hz ===[0m
[03:31:30] [0m[INFO] [1779737489.830787459]: [EKF Localization] ???????????????????????????????????????????????????...[0m
[03:31:30] [EKF] 幾何初始化成功 (A→L,B→R): X=-0.0322816 Y=0.4511 θ=-0.0125191
[03:31:37] [0m[INFO] [1779737490.078730567]: [EKF] ??????????????????????????? EKF_PRIMARY[0m
[03:31:37] [0m[INFO] [1779737490.129464579]: [EKF] [EKF] Pose X=-0.04 Y=0.45 Theta=0.01 var_x=0.0315 posts=2[0m
[03:31:37] [0m[INFO] [1779737490.229605811]: [EKF] Ball world X=-0.04 Y=1.76[0m
[03:31:37] [0m[INFO] [1779737490.479343149]: [EKF] [EKF] Pose X=-0.04 Y=0.45 Theta=0.01 var_x=0.0050 posts=2[0m
[03:31:37] [0m[INFO] [1779737490.579489443]: [EKF] Ball world X=-0.05 Y=1.76[0m
[03:31:37] [0m[INFO] [1779737490.779430280]: [EKF] [EKF] Pose X=-0.04 Y=0.45 Theta=0.01 var_x=0.0031 posts=2[0m
[03:31:37] [0m[INFO] [1779737490.929457103]: [EKF] Ball world X=-0.05 Y=1.76[0m
[03:31:37] [0m[INFO] [1779737491.129452067]: [EKF] [EKF] Pose X=-0.04 Y=0.45 Theta=0.01 var_x=0.0024 posts=2[0m
[03:31:37] [0m[INFO] [1779737491.279303216]: [EKF] Ball world X=-0.04 Y=1.76[0m
[03:31:37] [0m[INFO] [1779737491.479348441]: [EKF] [EKF] Pose X=-0.04 Y=0.45 Theta=0.01 var_x=0.0020 posts=2[0m
[03:31:37] [0m[INFO] [1779737491.579357330]: [EKF] Ball world X=-0.05 Y=1.76[0m
[03:31:37] [0m[INFO] [1779737491.829517926]: [EKF] [EKF] Pose X=-0.04 Y=0.45 Theta=0.01 var_x=0.0019 posts=2[0m
[03:31:37] [0m[INFO] [1779737491.929462261]: [EKF] Ball world X=-0.04 Y=1.76[0m
[03:31:37] [0m[INFO] [1779737492.179365408]: [EKF] [EKF] Pose X=-0.04 Y=0.45 Theta=0.01 var_x=0.0018 posts=2[0m
[03:31:37] [0m[INFO] [1779737492.279327555]: [EKF] Ball world X=-0.04 Y=1.76[0m
[03:31:37] [0m[INFO] [1779737492.529350442]: [EKF] [EKF] Pose X=-0.04 Y=0.45 Theta=0.01 var_x=0.0017 posts=2[0m
[03:31:37] [0m[INFO] [1779737492.579345441]: [EKF] Ball world X=-0.05 Y=1.76[0m
[03:31:37] [0m[INFO] [1779737492.879179918]: [EKF] [EKF] Pose X=-0.04 Y=0.45 Theta=0.01 var_x=0.0017 posts=2[0m
[03:31:37] [0m[INFO] [1779737492.929278085]: [EKF] Ball world X=-0.05 Y=1.76[0m
[03:31:37] [0m[INFO] [1779737493.179294113]: [EKF] [EKF] Pose X=-0.04 Y=0.45 Theta=0.01 var_x=0.0017 posts=2[0m
[03:31:37] [0m[INFO] [1779737493.229300710]: [EKF] Ball world X=-0.05 Y=1.76[0m
[03:31:37] [0m[INFO] [1779737493.529310075]: [EKF] [EKF] Pose X=-0.04 Y=0.45 Theta=0.01 var_x=0.0017 posts=2[0m
[03:31:37] [0m[INFO] [1779737493.529380645]: [EKF] Ball world X=-0.05 Y=1.76[0m
[03:31:37] [0m[INFO] [1779737493.879362838]: [EKF] [EKF] Pose X=-0.04 Y=0.45 Theta=0.01 var_x=0.0017 posts=2[0m
[03:31:37] [0m[INFO] [1779737493.879442534]: [EKF] Ball world X=-0.04 Y=1.76[0m
[03:31:37] [0m[INFO] [1779737494.229352945]: [EKF] [EKF] Pose X=-0.04 Y=0.45 Theta=0.01 var_x=0.0017 posts=2[0m
[03:31:37] [0m[INFO] [1779737494.279354649]: [EKF] Ball world X=-0.05 Y=1.76[0m
[03:31:37] [0m[INFO] [1779737494.579256578]: [EKF] [EKF] Pose X=-0.04 Y=0.45 Theta=0.01 var_x=0.0017 posts=2[0m
[03:31:37] [0m[INFO] [1779737494.579323728]: [EKF] Ball world X=-0.05 Y=1.76[0m
[03:31:37] [0m[INFO] [1779737494.929303347]: [EKF] [EKF] Pose X=-0.04 Y=0.45 Theta=0.01 var_x=0.0017 posts=2[0m
[03:31:37] [0m[INFO] [1779737494.929381119]: [EKF] Ball world X=-0.05 Y=1.76[0m
[03:31:37] [0m[INFO] [1779737495.229344050]: [EKF] [EKF] Pose X=-0.04 Y=0.45 Theta=0.01 var_x=0.0017 posts=2[0m
[03:31:37] [0m[INFO] [1779737495.229414007]: [EKF] Ball world X=-0.05 Y=1.76[0m
[03:31:37] [0m[INFO] [1779737495.529429926]: [EKF] [EKF] Pose X=-0.04 Y=0.45 Theta=0.01 var_x=0.0017 posts=2[0m
[03:31:37] [0m[INFO] [1779737495.529504980]: [EKF] Ball world X=-0.04 Y=1.76[0m
[03:31:37] [0m[INFO] [1779737495.829439230]: [EKF] [EKF] Pose X=-0.04 Y=0.45 Theta=0.01 var_x=0.0017 posts=2[0m
[03:31:37] [0m[INFO] [1779737495.829518519]: [EKF] Ball world X=-0.05 Y=1.76[0m
[03:31:37] [0m[INFO] [1779737496.179360244]: [EKF] [EKF] Pose X=-0.04 Y=0.45 Theta=0.01 var_x=0.0017 posts=2[0m
[03:31:37] [0m[INFO] [1779737496.179444136]: [EKF] Ball world X=-0.05 Y=1.76[0m
[03:31:37] [0m[INFO] [1779737496.529242926]: [EKF] [EKF] Pose X=-0.04 Y=0.45 Theta=0.01 var_x=0.0017 posts=2[0m
[03:31:37] [0m[INFO] [1779737496.529310078]: [EKF] Ball world X=-0.05 Y=1.76[0m
[03:31:37] [0m[INFO] [1779737496.829269568]: [EKF] [EKF] Pose X=-0.04 Y=0.45 Theta=0.01 var_x=0.0017 posts=2[0m
[03:31:37] [0m[INFO] [1779737496.829335947]: [EKF] Ball world X=-0.05 Y=1.76[0m
[03:31:37] [0m[INFO] [1779737497.129485954]: [EKF] [EKF] Pose X=-0.04 Y=0.45 Theta=0.01 var_x=0.0017 posts=2[0m
[03:31:37] [0m[INFO] [1779737497.329280317]: [EKF] Ball world X=-0.05 Y=1.76[0m
[03:31:37] [0m[INFO] [1779737497.479079811]: [EKF] [EKF] Pose X=-0.05 Y=0.45 Theta=0.01 var_x=0.0017 posts=2[0m
[03:31:37] [0m[INFO] [1779737497.629284076]: [EKF] Ball world X=-0.05 Y=1.76[0m
[03:31:45] [0m[INFO] [1779737497.779158278]: [EKF] [EKF] Pose X=-0.05 Y=0.45 Theta=0.01 var_x=0.0017 posts=2[0m
[03:31:45] [0m[INFO] [1779737497.929998941]: [EKF] Ball world X=-0.05 Y=1.76[0m
[03:31:45] [0m[INFO] [1779737498.129391075]: [EKF] [EKF] Pose X=-0.04 Y=0.45 Theta=0.01 var_x=0.0017 posts=2[0m
[03:31:45] [0m[INFO] [1779737498.279204381]: [EKF] Ball world X=-0.05 Y=1.76[0m
[03:31:45] [0m[INFO] [1779737498.429402236]: [EKF] [EKF] Pose X=-0.05 Y=0.45 Theta=0.01 var_x=0.0017 posts=2[0m
[03:31:45] [0m[INFO] [1779737498.579536897]: [EKF] Ball world X=-0.04 Y=1.76[0m
[03:31:45] [0m[INFO] [1779737498.729896100]: [EKF] [EKF] Pose X=-0.05 Y=0.45 Theta=0.01 var_x=0.0017 posts=2[0m
[03:31:45] [0m[INFO] [1779737498.929836245]: [EKF] Ball world X=-0.04 Y=1.76[0m
[03:31:45] [0m[INFO] [1779737499.030043391]: [EKF] [EKF] Pose X=-0.04 Y=0.45 Theta=0.01 var_x=0.0017 posts=2[0m
[03:31:45] [0m[INFO] [1779737499.230519460]: [EKF] Ball world X=-0.05 Y=1.76[0m
[03:31:45] [0m[INFO] [1779737499.379580031]: [EKF] [EKF] Pose X=-0.04 Y=0.45 Theta=0.01 var_x=0.0017 posts=2[0m
[03:31:45] [0m[INFO] [1779737499.729715817]: [EKF] [EKF] Pose X=-0.04 Y=0.45 Theta=0.01 var_x=0.0017 posts=2[0m
[03:31:45] [0m[INFO] [1779737499.879398778]: [EKF] Ball world X=-0.05 Y=1.76[0m
[03:31:45] [0m[INFO] [1779737500.029733080]: [EKF] [EKF] Pose X=-0.04 Y=0.45 Theta=0.01 var_x=0.0017 posts=2[0m
[03:31:45] [0m[INFO] [1779737500.229636135]: [EKF] Ball world X=-0.04 Y=1.76[0m
[03:31:45] [0m[INFO] [1779737500.379560640]: [EKF] [EKF] Pose X=-0.04 Y=0.45 Theta=0.01 var_x=0.0017 posts=2[0m
[03:31:45] [0m[INFO] [1779737500.579540224]: [EKF] Ball world X=-0.04 Y=1.76[0m
[03:31:45] [0m[INFO] [1779737500.729816914]: [EKF] [EKF] Pose X=-0.04 Y=0.45 Theta=0.01 var_x=0.0017 posts=2[0m
[03:31:45] [0m[INFO] [1779737501.079430598]: [EKF] [EKF] Pose X=-0.04 Y=0.45 Theta=0.01 var_x=0.0017 posts=2[0m
[03:31:45] [0m[INFO] [1779737501.129339098]: [EKF] Ball world X=-0.05 Y=1.76[0m
[03:31:45] [0m[INFO] [1779737501.379563306]: [EKF] [EKF] Pose X=-0.04 Y=0.45 Theta=0.01 var_x=0.0017 posts=2[0m
[03:31:45] [0m[INFO] [1779737501.430278727]: [EKF] Ball world X=-0.05 Y=1.76[0m
[03:31:45] [0m[INFO] [1779737501.729279383]: [EKF] [EKF] Pose X=-0.04 Y=0.45 Theta=0.01 var_x=0.0017 posts=2[0m
[03:31:45] [0m[INFO] [1779737501.779476153]: [EKF] Ball world X=-0.05 Y=1.76[0m
[03:31:45] [0m[INFO] [1779737502.029719292]: [EKF] [EKF] Pose X=-0.04 Y=0.45 Theta=0.01 var_x=0.0017 posts=2[0m
[03:31:45] [0m[INFO] [1779737502.079823624]: [EKF] Ball world X=-0.05 Y=1.76[0m
[03:31:45] [0m[INFO] [1779737502.379482901]: [EKF] [EKF] Pose X=-0.04 Y=0.45 Theta=0.01 var_x=0.0017 posts=2[0m
[03:31:45] [0m[INFO] [1779737502.429355611]: [EKF] Ball world X=-0.05 Y=1.76[0m
[03:31:45] [0m[INFO] [1779737502.680483779]: [EKF] [EKF] Pose X=-0.04 Y=0.45 Theta=0.01 var_x=0.0017 posts=2[0m
[03:31:45] [0m[INFO] [1779737502.730327584]: [EKF] Ball world X=-0.05 Y=1.76[0m
[03:31:45] [0m[INFO] [1779737503.029634796]: [EKF] [EKF] Pose X=-0.04 Y=0.45 Theta=0.01 var_x=0.0017 posts=2[0m
[03:31:45] [0m[INFO] [1779737503.079391001]: [EKF] Ball world X=-0.05 Y=1.76[0m
[03:31:45] [0m[INFO] [1779737503.329918606]: [EKF] [EKF] Pose X=-0.04 Y=0.45 Theta=0.01 var_x=0.0017 posts=2[0m
[03:31:45] [0m[INFO] [1779737503.379546613]: [EKF] Ball world X=-0.05 Y=1.76[0m
[03:31:45] [0m[INFO] [1779737503.679731772]: [EKF] [EKF] Pose X=-0.04 Y=0.45 Theta=0.01 var_x=0.0017 posts=2[0m
[03:31:45] [0m[INFO] [1779737503.679865283]: [EKF] Ball world X=-0.05 Y=1.76[0m
[03:31:45] [0m[INFO] [1779737504.030000509]: [EKF] [EKF] Pose X=-0.04 Y=0.45 Theta=0.01 var_x=0.0017 posts=2[0m
[03:31:45] [0m[INFO] [1779737504.030163634]: [EKF] Ball world X=-0.05 Y=1.76[0m
[03:31:45] [0m[INFO] [1779737504.330144317]: [EKF] [EKF] Pose X=-0.04 Y=0.45 Theta=0.01 var_x=0.0017 posts=2[0m
[03:31:45] [0m[INFO] [1779737504.330321616]: [EKF] Ball world X=-0.05 Y=1.76[0m
[03:31:45] [0m[INFO] [1779737504.679528050]: [EKF] [EKF] Pose X=-0.04 Y=0.45 Theta=0.01 var_x=0.0017 posts=2[0m
[03:31:45] [0m[INFO] [1779737504.679641419]: [EKF] Ball world X=-0.05 Y=1.76[0m
[03:31:45] [0m[INFO] [1779737504.979656510]: [EKF] [EKF] Pose X=-0.04 Y=0.45 Theta=0.01 var_x=0.0017 posts=2[0m
[03:31:45] [0m[INFO] [1779737504.979757975]: [EKF] Ball world X=-0.05 Y=1.76[0m
[03:31:45] [0m[INFO] [1779737505.279998121]: [EKF] [EKF] Pose X=-0.04 Y=0.45 Theta=0.01 var_x=0.0017 posts=2[0m
[03:31:45] [0m[INFO] [1779737505.280123232]: [EKF] Ball world X=-0.05 Y=1.76[0m
[03:31:53] [0m[INFO] [1779737505.580239286]: [EKF] [EKF] Pose X=-0.04 Y=0.45 Theta=0.01 var_x=0.0017 posts=2[0m
[03:31:53] [0m[INFO] [1779737505.730029895]: [EKF] Ball world X=-0.05 Y=1.76[0m
[03:31:53] [0m[INFO] [1779737505.880310188]: [EKF] [EKF] Pose X=-0.04 Y=0.45 Theta=0.01 var_x=0.0017 posts=2[0m
[03:31:53] [0m[INFO] [1779737506.030377406]: [EKF] Ball world X=-0.05 Y=1.76[0m
[03:31:53] [0m[INFO] [1779737506.229588202]: [EKF] [EKF] Pose X=-0.04 Y=0.45 Theta=0.01 var_x=0.0017 posts=2[0m
[03:31:53] [0m[INFO] [1779737506.379595119]: [EKF] Ball world X=-0.05 Y=1.76[0m
[03:31:53] [0m[INFO] [1779737506.529723960]: [EKF] [EKF] Pose X=-0.04 Y=0.45 Theta=0.01 var_x=0.0017 posts=2[0m
[03:31:53] [0m[INFO] [1779737506.729610324]: [EKF] Ball world X=-0.04 Y=1.76[0m
[03:31:53] [0m[INFO] [1779737506.879572702]: [EKF] [EKF] Pose X=-0.04 Y=0.45 Theta=0.01 var_x=0.0017 posts=2[0m
[03:31:53] [0m[INFO] [1779737507.029694266]: [EKF] Ball world X=-0.05 Y=1.76[0m
[03:31:53] [0m[INFO] [1779737507.179601030]: [EKF] [EKF] Pose X=-0.04 Y=0.45 Theta=0.01 var_x=0.0017 posts=2[0m
[03:31:53] [0m[INFO] [1779737507.379685573]: [EKF] Ball world X=-0.05 Y=1.76[0m
[03:31:53] [0m[INFO] [1779737507.479729547]: [EKF] [EKF] Pose X=-0.05 Y=0.45 Theta=0.01 var_x=0.0017 posts=2[0m
[03:31:53] [0m[INFO] [1779737507.679764594]: [EKF] Ball world X=-0.05 Y=1.76[0m
[03:31:53] [0m[INFO] [1779737507.780202607]: [EKF] [EKF] Pose X=-0.05 Y=0.45 Theta=0.01 var_x=0.0017 posts=2[0m
[03:31:53] [0m[INFO] [1779737508.030355345]: [EKF] Ball world X=-0.05 Y=1.76[0m
[03:31:53] [0m[INFO] [1779737508.080219655]: [EKF] [EKF] Pose X=-0.04 Y=0.45 Theta=0.01 var_x=0.0017 posts=2[0m
[03:31:53] [0m[INFO] [1779737508.330576715]: [EKF] Ball world X=-0.05 Y=1.76[0m
[03:31:53] [0m[INFO] [1779737508.380378333]: [EKF] [EKF] Pose X=-0.04 Y=0.45 Theta=0.01 var_x=0.0017 posts=2[0m
[03:31:53] [0m[INFO] [1779737508.680408341]: [EKF] Ball world X=-0.05 Y=1.76[0m
[03:31:53] [0m[INFO] [1779737508.730407466]: [EKF] [EKF] Pose X=-0.04 Y=0.45 Theta=0.01 var_x=0.0017 posts=2[0m
[03:31:53] [0m[INFO] [1779737509.030484760]: [EKF] [EKF] Pose X=-0.04 Y=0.45 Theta=0.01 var_x=0.0017 posts=2[0m
[03:31:53] [0m[INFO] [1779737509.030686742]: [EKF] Ball world X=-0.05 Y=1.76[0m
[03:31:53] [0m[INFO] [1779737509.379600247]: [EKF] [EKF] Pose X=-0.04 Y=0.45 Theta=0.01 var_x=0.0017 posts=2[0m
[03:31:53] [0m[INFO] [1779737509.379715494]: [EKF] Ball world X=-0.05 Y=1.76[0m
[03:31:53] [0m[INFO] [1779737509.679755071]: [EKF] [EKF] Pose X=-0.04 Y=0.45 Theta=0.01 var_x=0.0017 posts=2[0m
[03:31:53] [0m[INFO] [1779737509.679920300]: [EKF] Ball world X=-0.05 Y=1.76[0m
[03:31:53] [0m[INFO] [1779737510.029610264]: [EKF] [EKF] Pose X=-0.04 Y=0.45 Theta=0.01 var_x=0.0017 posts=2[0m
[03:31:53] [0m[INFO] [1779737510.029715576]: [EKF] Ball world X=-0.05 Y=1.76[0m
[03:31:53] [0m[INFO] [1779737510.380034464]: [EKF] [EKF] Pose X=-0.04 Y=0.45 Theta=0.01 var_x=0.0017 posts=2[0m
[03:31:53] [0m[INFO] [1779737510.429771485]: [EKF] Ball world X=-0.05 Y=1.76[0m
[03:31:53] [0m[INFO] [1779737510.729512305]: [EKF] [EKF] Pose X=-0.04 Y=0.45 Theta=0.01 var_x=0.0017 posts=2[0m
[03:31:53] [0m[INFO] [1779737510.779489260]: [EKF] Ball world X=-0.05 Y=1.76[0m
[03:31:53] [0m[INFO] [1779737511.031391613]: [EKF] [EKF] Pose X=-0.04 Y=0.45 Theta=0.01 var_x=0.0017 posts=2[0m
[03:31:53] [0m[INFO] [1779737511.080384941]: [EKF] Ball world X=-0.05 Y=1.76[0m
[03:31:53] [0m[INFO] [1779737511.331689774]: [EKF] [EKF] Pose X=-0.04 Y=0.45 Theta=0.01 var_x=0.0017 posts=2[0m
[03:31:53] [0m[INFO] [1779737511.429697651]: [EKF] Ball world X=-0.04 Y=1.76[0m
[03:31:53] [0m[INFO] [1779737511.679768109]: [EKF] [EKF] Pose X=-0.04 Y=0.45 Theta=0.01 var_x=0.0017 posts=2[0m
[03:31:53] [0m[INFO] [1779737511.729998460]: [EKF] Ball world X=-0.05 Y=1.76[0m
[03:31:53] [0m[INFO] [1779737512.029617188]: [EKF] [EKF] Pose X=-0.04 Y=0.45 Theta=0.01 var_x=0.0017 posts=2[0m
[03:31:53] [0m[INFO] [1779737512.079606370]: [EKF] Ball world X=-0.05 Y=1.76[0m
[03:31:53] [0m[INFO] [1779737512.329725470]: [EKF] [EKF] Pose X=-0.04 Y=0.45 Theta=0.01 var_x=0.0017 posts=2[0m
[03:31:53] [0m[INFO] [1779737512.379996527]: [EKF] Ball world X=-0.05 Y=1.76[0m
[03:31:53] [0m[INFO] [1779737512.629813160]: [EKF] [EKF] Pose X=-0.04 Y=0.45 Theta=0.01 var_x=0.0017 posts=2[0m
[03:31:53] [0m[INFO] [1779737512.730271339]: [EKF] Ball world X=-0.04 Y=1.76[0m
[03:31:53] [0m[INFO] [1779737512.979782614]: [EKF] [EKF] Pose X=-0.04 Y=0.45 Theta=0.01 var_x=0.0017 posts=2[0m
[03:31:53] [0m[INFO] [1779737513.080268620]: [EKF] Ball world X=-0.05 Y=1.76[0m
[03:32:01] [0m[INFO] [1779737513.330018640]: [EKF] [EKF] Pose X=-0.04 Y=0.45 Theta=0.01 var_x=0.0017 posts=2[0m
[03:32:01] [0m[INFO] [1779737513.429556832]: [EKF] Ball world X=-0.04 Y=1.76[0m
[03:32:01] [0m[INFO] [1779737513.679362428]: [EKF] [EKF] Pose X=-0.05 Y=0.45 Theta=0.01 var_x=0.0017 posts=2[0m
[03:32:01] [0m[INFO] [1779737513.729801992]: [EKF] Ball world X=-0.05 Y=1.76[0m
[03:32:01] [0m[INFO] [1779737513.979709578]: [EKF] [EKF] Pose X=-0.04 Y=0.45 Theta=0.01 var_x=0.0017 posts=2[0m
[03:32:01] [0m[INFO] [1779737514.080255720]: [EKF] Ball world X=-0.05 Y=1.76[0m
[03:32:01] [0m[INFO] [1779737514.279839556]: [EKF] [EKF] Pose X=-0.04 Y=0.45 Theta=0.01 var_x=0.0017 posts=2[0m
[03:32:01] [0m[INFO] [1779737514.430188519]: [EKF] Ball world X=-0.05 Y=1.76[0m
[03:32:01] [0m[INFO] [1779737514.629682255]: [EKF] [EKF] Pose X=-0.04 Y=0.45 Theta=0.01 var_x=0.0017 posts=2[0m
[03:32:01] [0m[INFO] [1779737514.730594336]: [EKF] Ball world X=-0.05 Y=1.76[0m
[03:32:01] [0m[INFO] [1779737514.929992254]: [EKF] [EKF] Pose X=-0.04 Y=0.45 Theta=0.01 var_x=0.0017 posts=2[0m
[03:32:01] [0m[INFO] [1779737515.080428315]: [EKF] Ball world X=-0.05 Y=1.76[0m
[03:32:01] [0m[INFO] [1779737515.279499241]: [EKF] [EKF] Pose X=-0.04 Y=0.45 Theta=0.01 var_x=0.0017 posts=2[0m
[03:32:01] [0m[INFO] [1779737515.429941169]: [EKF] Ball world X=-0.05 Y=1.76[0m
[03:32:01] [0m[INFO] [1779737515.579561611]: [EKF] [EKF] Pose X=-0.04 Y=0.45 Theta=0.01 var_x=0.0017 posts=2[0m
[03:32:01] [0m[INFO] [1779737515.879410112]: [EKF] Ball world X=-0.05 Y=1.76[0m
[03:32:01] [0m[INFO] [1779737515.930215871]: [EKF] [EKF] Pose X=-0.04 Y=0.45 Theta=0.01 var_x=0.0017 posts=2[0m
[03:32:01] [0m[INFO] [1779737516.280234662]: [EKF] [EKF] Pose X=-0.04 Y=0.45 Theta=0.01 var_x=0.0017 posts=2[0m
[03:32:01] [0m[INFO] [1779737516.280415750]: [EKF] Ball world X=-0.05 Y=1.76[0m
[03:32:01] [0m[INFO] [1779737516.629843871]: [EKF] [EKF] Pose X=-0.04 Y=0.45 Theta=0.01 var_x=0.0017 posts=2[0m
[03:32:01] [0m[INFO] [1779737516.629998964]: [EKF] Ball world X=-0.05 Y=1.76[0m
[03:32:01] [0m[INFO] [1779737516.929943917]: [EKF] [EKF] Pose X=-0.04 Y=0.45 Theta=0.01 var_x=0.0017 posts=2[0m
[03:32:01] [0m[INFO] [1779737516.930103894]: [EKF] Ball world X=-0.05 Y=1.76[0m
[03:32:01] [0m[INFO] [1779737517.230393478]: [EKF] [EKF] Pose X=-0.04 Y=0.45 Theta=0.01 var_x=0.0017 posts=2[0m
[03:32:01] [0m[INFO] [1779737517.230595030]: [EKF] Ball world X=-0.05 Y=1.76[0m
[03:32:01] [0m[INFO] [1779737517.530390276]: [EKF] [EKF] Pose X=-0.04 Y=0.45 Theta=0.01 var_x=0.0017 posts=2[0m
[03:32:01] [0m[INFO] [1779737517.680365103]: [EKF] Ball world X=-0.05 Y=1.76[0m
[03:32:01] [0m[INFO] [1779737517.830455654]: [EKF] [EKF] Pose X=-0.04 Y=0.45 Theta=0.01 var_x=0.0017 posts=2[0m
[03:32:01] [0m[INFO] [1779737518.180256534]: [EKF] [EKF] Pose X=-0.04 Y=0.45 Theta=0.01 var_x=0.0017 posts=2[0m
[03:32:01] [0m[INFO] [1779737518.180447573]: [EKF] Ball world X=-0.05 Y=1.76[0m
[03:32:01] [0m[INFO] [1779737518.529469704]: [EKF] [EKF] Pose X=-0.04 Y=0.45 Theta=0.01 var_x=0.0017 posts=2[0m
[03:32:01] [0m[INFO] [1779737518.529571071]: [EKF] Ball world X=-0.05 Y=1.76[0m
[03:32:01] [0m[INFO] [1779737518.830006837]: [EKF] [EKF] Pose X=-0.04 Y=0.45 Theta=0.01 var_x=0.0017 posts=2[0m
[03:32:01] [0m[INFO] [1779737518.830128467]: [EKF] Ball world X=-0.05 Y=1.76[0m
[03:32:01] [0m[INFO] [1779737519.179744359]: [EKF] [EKF] Pose X=-0.04 Y=0.45 Theta=0.01 var_x=0.0017 posts=2[0m
[03:32:01] [0m[INFO] [1779737519.179912886]: [EKF] Ball world X=-0.05 Y=1.76[0m
[03:32:01] [0m[INFO] [1779737519.530097664]: [EKF] [EKF] Pose X=-0.04 Y=0.45 Theta=0.01 var_x=0.0017 posts=2[0m
[03:32:01] [0m[INFO] [1779737519.530277799]: [EKF] Ball world X=-0.05 Y=1.76[0m
[03:32:01] [0m[INFO] [1779737519.879705194]: [EKF] [EKF] Pose X=-0.04 Y=0.45 Theta=0.01 var_x=0.0017 posts=2[0m
[03:32:01] [0m[INFO] [1779737519.879808938]: [EKF] Ball world X=-0.05 Y=1.76[0m
[03:32:01] [0m[INFO] [1779737520.180294943]: [EKF] [EKF] Pose X=-0.05 Y=0.45 Theta=0.01 var_x=0.0017 posts=2[0m
[03:32:01] [0m[INFO] [1779737520.480205158]: [EKF] Ball world X=-0.05 Y=1.76[0m
[03:32:01] [0m[INFO] [1779737520.530288219]: [EKF] [EKF] Pose X=-0.04 Y=0.45 Theta=0.01 var_x=0.0017 posts=2[0m
[03:32:01] [0m[INFO] [1779737520.780406702]: [EKF] Ball world X=-0.05 Y=1.76[0m
[03:32:01] [0m[INFO] [1779737520.830329144]: [EKF] [EKF] Pose X=-0.04 Y=0.45 Theta=0.01 var_x=0.0017 posts=2[0m
[03:32:01] [0m[INFO] [1779737521.179255833]: [EKF] [EKF] Pose X=-0.04 Y=0.45 Theta=0.01 var_x=0.0017 posts=2[0m
[03:32:01] [0m[INFO] [1779737521.230042443]: [EKF] Ball world X=-0.04 Y=1.76[0m
[03:32:09] [0m[INFO] [1779737521.479537629]: [EKF] [EKF] Pose X=-0.04 Y=0.45 Theta=0.01 var_x=0.0017 posts=2[0m
[03:32:09] [0m[INFO] [1779737521.579506815]: [EKF] Ball world X=-0.05 Y=1.76[0m
[03:32:09] [0m[INFO] [1779737521.779603001]: [EKF] [EKF] Pose X=-0.04 Y=0.45 Theta=0.01 var_x=0.0017 posts=2[0m
[03:32:09] [0m[INFO] [1779737521.929635950]: [EKF] Ball world X=-0.05 Y=1.76[0m
[03:32:09] [0m[INFO] [1779737522.079573386]: [EKF] [EKF] Pose X=-0.04 Y=0.45 Theta=0.01 var_x=0.0017 posts=2[0m
[03:32:09] [0m[INFO] [1779737522.379422163]: [EKF] Ball world X=-0.04 Y=1.76[0m
[03:32:09] [0m[INFO] [1779737522.429495326]: [EKF] [EKF] Pose X=-0.04 Y=0.45 Theta=0.01 var_x=0.0017 posts=2[0m
[03:32:09] [0m[INFO] [1779737522.729342854]: [EKF] Ball world X=-0.05 Y=1.76[0m
[03:32:09] [0m[INFO] [1779737522.779523394]: [EKF] [EKF] Pose X=-0.04 Y=0.45 Theta=0.01 var_x=0.0017 posts=2[0m
[03:32:09] [0m[INFO] [1779737523.030192362]: [EKF] Ball world X=-0.05 Y=1.76[0m
[03:32:09] [0m[INFO] [1779737523.080293815]: [EKF] [EKF] Pose X=-0.04 Y=0.45 Theta=0.01 var_x=0.0017 posts=2[0m
[03:32:09] [0m[INFO] [1779737523.379387981]: [EKF] Ball world X=-0.05 Y=1.76[0m
[03:32:09] [0m[INFO] [1779737523.429379011]: [EKF] [EKF] Pose X=-0.04 Y=0.45 Theta=0.01 var_x=0.0017 posts=2[0m
[03:32:09] [0m[INFO] [1779737523.729766775]: [EKF] [EKF] Pose X=-0.04 Y=0.45 Theta=0.01 var_x=0.0017 posts=2[0m
[03:32:09] [0m[INFO] [1779737523.729913640]: [EKF] Ball world X=-0.05 Y=1.76[0m
[03:32:09] [0m[INFO] [1779737524.029901487]: [EKF] [EKF] Pose X=-0.04 Y=0.45 Theta=0.01 var_x=0.0017 posts=2[0m
[03:32:09] [0m[INFO] [1779737524.030039447]: [EKF] Ball world X=-0.05 Y=1.76[0m
[03:32:09] [0m[INFO] [1779737524.330236901]: [EKF] [EKF] Pose X=-0.04 Y=0.45 Theta=0.01 var_x=0.0017 posts=2[0m
[03:32:09] [0m[INFO] [1779737524.330415673]: [EKF] Ball world X=-0.05 Y=1.76[0m
[03:32:09] [0m[INFO] [1779737524.679896061]: [EKF] [EKF] Pose X=-0.04 Y=0.45 Theta=0.01 var_x=0.0017 posts=2[0m
[03:32:09] [0m[INFO] [1779737524.680040565]: [EKF] Ball world X=-0.05 Y=1.76[0m
[03:32:09] [0m[INFO] [1779737525.029966359]: [EKF] [EKF] Pose X=-0.04 Y=0.45 Theta=0.01 var_x=0.0017 posts=2[0m
[03:32:09] [0m[INFO] [1779737525.030138843]: [EKF] Ball world X=-0.05 Y=1.76[0m
[03:32:09] [0m[INFO] [1779737525.379447418]: [EKF] [EKF] Pose X=-0.04 Y=0.45 Theta=0.01 var_x=0.0017 posts=2[0m
[03:32:09] [0m[INFO] [1779737525.429318466]: [EKF] Ball world X=-0.05 Y=1.76[0m
[03:32:09] [0m[INFO] [1779737525.729793423]: [EKF] [EKF] Pose X=-0.04 Y=0.45 Theta=0.01 var_x=0.0017 posts=2[0m
[03:32:09] [0m[INFO] [1779737525.829310909]: [EKF] Ball world X=-0.05 Y=1.76[0m
[03:32:09] [0m[INFO] [1779737526.079368062]: [EKF] [EKF] Pose X=-0.04 Y=0.45 Theta=0.01 var_x=0.0017 posts=2[0m
[03:32:09] [0m[INFO] [1779737526.129358849]: [EKF] Ball world X=-0.05 Y=1.76[0m
[03:32:09] [0m[INFO] [1779737526.429248192]: [EKF] [EKF] Pose X=-0.04 Y=0.45 Theta=0.01 var_x=0.0017 posts=2[0m
[03:32:09] [0m[INFO] [1779737526.429335972]: [EKF] Ball world X=-0.05 Y=1.76[0m
[03:32:09] [0m[INFO] [1779737526.779266910]: [EKF] [EKF] Pose X=-0.04 Y=0.45 Theta=0.01 var_x=0.0017 posts=2[0m
[03:32:09] [0m[INFO] [1779737526.779357354]: [EKF] Ball world X=-0.05 Y=1.76[0m
[03:32:09] [0m[INFO] [1779737527.079369016]: [EKF] [EKF] Pose X=-0.04 Y=0.45 Theta=0.01 var_x=0.0017 posts=2[0m
[03:32:09] [0m[INFO] [1779737527.179679240]: [EKF] Ball world X=-0.05 Y=1.76[0m
[03:32:09] [0m[INFO] [1779737527.429681608]: [EKF] [EKF] Pose X=-0.04 Y=0.45 Theta=0.01 var_x=0.0017 posts=2[0m
[03:32:09] [0m[INFO] [1779737527.529455246]: [EKF] Ball world X=-0.05 Y=1.76[0m
[03:32:09] [0m[INFO] [1779737527.780045856]: [EKF] [EKF] Pose X=-0.05 Y=0.45 Theta=0.01 var_x=0.0017 posts=2[0m
[03:32:09] [0m[INFO] [1779737527.829678938]: [EKF] Ball world X=-0.05 Y=1.76[0m
[03:32:09] [0m[INFO] [1779737528.129533056]: [EKF] [EKF] Pose X=-0.05 Y=0.45 Theta=0.01 var_x=0.0017 posts=2[0m
[03:32:09] [0m[INFO] [1779737528.129647504]: [EKF] Ball world X=-0.05 Y=1.76[0m
[03:32:09] [0m[INFO] [1779737528.479760032]: [EKF] [EKF] Pose X=-0.04 Y=0.45 Theta=0.01 var_x=0.0017 posts=2[0m
[03:32:09] [0m[INFO] [1779737528.480012225]: [EKF] Ball world X=-0.05 Y=1.76[0m
[03:32:09] [0m[INFO] [1779737528.829558972]: [EKF] [EKF] Pose X=-0.04 Y=0.45 Theta=0.01 var_x=0.0017 posts=2[0m
[03:32:09] [0m[INFO] [1779737528.829668803]: [EKF] Ball world X=-0.05 Y=1.76[0m
[03:32:09] [0m[INFO] [1779737529.179322630]: [EKF] [EKF] Pose X=-0.05 Y=0.45 Theta=0.01 var_x=0.0017 posts=2[0m
[03:32:09] [0m[INFO] [1779737529.179422896]: [EKF] Ball world X=-0.05 Y=1.76[0m
[03:32:17] [0m[INFO] [1779737529.480020738]: [EKF] [EKF] Pose X=-0.04 Y=0.45 Theta=0.01 var_x=0.0017 posts=2[0m
[03:32:17] [0m[INFO] [1779737529.480175625]: [EKF] Ball world X=-0.05 Y=1.76[0m
[03:32:17] [0m[INFO] [1779737529.829787594]: [EKF] [EKF] Pose X=-0.04 Y=0.45 Theta=0.01 var_x=0.0017 posts=2[0m
[03:32:17] [0m[INFO] [1779737529.829925081]: [EKF] Ball world X=-0.04 Y=1.76[0m
[03:32:17] [0m[INFO] [1779737530.130465506]: [EKF] [EKF] Pose X=-0.04 Y=0.45 Theta=0.01 var_x=0.0017 posts=2[0m
[03:32:17] [0m[INFO] [1779737530.130642687]: [EKF] Ball world X=-0.05 Y=1.76[0m
[03:32:17] [0m[INFO] [1779737530.479330307]: [EKF] [EKF] Pose X=-0.04 Y=0.45 Theta=0.01 var_x=0.0017 posts=2[0m
[03:32:17] [0m[INFO] [1779737530.479412390]: [EKF] Ball world X=-0.05 Y=1.76[0m
[03:32:17] [0m[INFO] [1779737530.780403264]: [EKF] [EKF] Pose X=-0.04 Y=0.45 Theta=0.01 var_x=0.0017 posts=2[0m
[03:32:17] [0m[INFO] [1779737530.780589266]: [EKF] Ball world X=-0.05 Y=1.76[0m
[03:32:17] [0m[INFO] [1779737531.130432488]: [EKF] [EKF] Pose X=-0.04 Y=0.45 Theta=0.01 var_x=0.0017 posts=2[0m
[03:32:17] [0m[INFO] [1779737531.130598855]: [EKF] Ball world X=-0.05 Y=1.76[0m
[03:32:17] [0m[INFO] [1779737531.479927052]: [EKF] [EKF] Pose X=-0.04 Y=0.45 Theta=0.01 var_x=0.0017 posts=2[0m
[03:32:17] [0m[INFO] [1779737531.480114545]: [EKF] Ball world X=-0.05 Y=1.76[0m
[03:32:17] [0m[INFO] [1779737531.779951239]: [EKF] [EKF] Pose X=-0.04 Y=0.45 Theta=0.01 var_x=0.0017 posts=2[0m
[03:32:17] [0m[INFO] [1779737531.879480044]: [EKF] Ball world X=-0.04 Y=1.76[0m
[03:32:17] [0m[INFO] [1779737532.130346965]: [EKF] [EKF] Pose X=-0.04 Y=0.45 Theta=0.01 var_x=0.0017 posts=2[0m
[03:32:17] [0m[INFO] [1779737532.180661430]: [EKF] Ball world X=-0.05 Y=1.76[0m
[03:32:17] [0m[INFO] [1779737532.480151488]: [EKF] [EKF] Pose X=-0.04 Y=0.45 Theta=0.01 var_x=0.0017 posts=2[0m
[03:32:17] [0m[INFO] [1779737532.530033441]: [EKF] Ball world X=-0.05 Y=1.76[0m
[03:32:17] [0m[INFO] [1779737532.780317199]: [EKF] [EKF] Pose X=-0.04 Y=0.45 Theta=0.01 var_x=0.0017 posts=2[0m
[03:32:17] [0m[INFO] [1779737532.830398153]: [EKF] Ball world X=-0.05 Y=1.76[0m
[03:32:17] [0m[INFO] [1779737533.129455431]: [EKF] [EKF] Pose X=-0.04 Y=0.45 Theta=0.01 var_x=0.0017 posts=2[0m
[03:32:17] [0m[INFO] [1779737533.179804920]: [EKF] Ball world X=-0.05 Y=1.76[0m
[03:32:17] [0m[INFO] [1779737533.480162945]: [EKF] [EKF] Pose X=-0.04 Y=0.45 Theta=0.01 var_x=0.0017 posts=2[0m
[03:32:17] [0m[INFO] [1779737533.480337782]: [EKF] Ball world X=-0.05 Y=1.76[0m
[03:32:17] [0m[INFO] [1779737533.829371776]: [EKF] [EKF] Pose X=-0.04 Y=0.45 Theta=0.01 var_x=0.0017 posts=2[0m
[03:32:17] [0m[INFO] [1779737533.829477693]: [EKF] Ball world X=-0.04 Y=1.76[0m
[03:32:17] [0m[INFO] [1779737534.129788713]: [EKF] [EKF] Pose X=-0.04 Y=0.45 Theta=0.01 var_x=0.0017 posts=2[0m
[03:32:17] [0m[INFO] [1779737534.179778768]: [EKF] Ball world X=-0.05 Y=1.76[0m
[03:32:17] [0m[INFO] [1779737534.479252010]: [EKF] [EKF] Pose X=-0.04 Y=0.45 Theta=0.01 var_x=0.0017 posts=2[0m
[03:32:17] [0m[INFO] [1779737534.529552667]: [EKF] Ball world X=-0.05 Y=1.76[0m
[03:32:17] [0m[INFO] [1779737534.779347132]: [EKF] [EKF] Pose X=-0.04 Y=0.45 Theta=0.01 var_x=0.0017 posts=2[0m
[03:32:17] [0m[INFO] [1779737534.879737666]: [EKF] Ball world X=-0.05 Y=1.76[0m
[03:32:17] [0m[INFO] [1779737535.129484862]: [EKF] [EKF] Pose X=-0.04 Y=0.45 Theta=0.01 var_x=0.0017 posts=2[0m
[03:32:17] [0m[INFO] [1779737535.229723004]: [EKF] Ball world X=-0.05 Y=1.76[0m
[03:32:17] [0m[INFO] [1779737535.430070429]: [EKF] [EKF] Pose X=-0.04 Y=0.45 Theta=0.01 var_x=0.0017 posts=2[0m
[03:32:17] [0m[INFO] [1779737535.580188218]: [EKF] Ball world X=-0.05 Y=1.76[0m
[03:32:17] [0m[INFO] [1779737535.780174930]: [EKF] [EKF] Pose X=-0.04 Y=0.45 Theta=0.01 var_x=0.0017 posts=2[0m
[03:32:17] [0m[INFO] [1779737535.929639659]: [EKF] Ball world X=-0.05 Y=1.76[0m
[03:32:17] [0m[INFO] [1779737536.129817169]: [EKF] [EKF] Pose X=-0.04 Y=0.45 Theta=0.01 var_x=0.0017 posts=2[0m
[03:32:17] [0m[INFO] [1779737536.230140896]: [EKF] Ball world X=-0.05 Y=1.76[0m
[03:32:17] [0m[INFO] [1779737536.480221568]: [EKF] [EKF] Pose X=-0.04 Y=0.45 Theta=0.01 var_x=0.0017 posts=2[0m
[03:32:17] [0m[INFO] [1779737536.579547025]: [EKF] Ball world X=-0.05 Y=1.76[0m
[03:32:17] [0m[INFO] [1779737536.780387797]: [EKF] [EKF] Pose X=-0.04 Y=0.45 Theta=0.01 var_x=0.0017 posts=2[0m
[03:32:17] [0m[INFO] [1779737536.929951028]: [EKF] Ball world X=-0.05 Y=1.76[0m
[03:32:17] [0m[INFO] [1779737537.129624702]: [EKF] [EKF] Pose X=-0.05 Y=0.45 Theta=0.01 var_x=0.0017 posts=2[0m
[03:32:25] [0m[INFO] [1779737537.330430868]: [EKF] Ball world X=-0.05 Y=1.76[0m
[03:32:25] [0m[INFO] [1779737537.430549490]: [EKF] [EKF] Pose X=-0.04 Y=0.45 Theta=0.01 var_x=0.0017 posts=2[0m
[03:32:25] [0m[INFO] [1779737537.679465754]: [EKF] Ball world X=-0.05 Y=1.76[0m
[03:32:25] [0m[INFO] [1779737537.779843721]: [EKF] [EKF] Pose X=-0.04 Y=0.45 Theta=0.01 var_x=0.0017 posts=2[0m
[03:32:25] [0m[INFO] [1779737538.130355140]: [EKF] [EKF] Pose X=-0.04 Y=0.45 Theta=0.01 var_x=0.0017 posts=2[0m
[03:32:25] [0m[INFO] [1779737538.229746740]: [EKF] Ball world X=-0.05 Y=1.76[0m
[03:32:25] [0m[INFO] [1779737538.480312199]: [EKF] [EKF] Pose X=-0.04 Y=0.45 Theta=0.01 var_x=0.0017 posts=2[0m
[03:32:25] [0m[INFO] [1779737538.529939297]: [EKF] Ball world X=-0.05 Y=1.76[0m
[03:32:25] [0m[INFO] [1779737538.829942817]: [EKF] [EKF] Pose X=-0.04 Y=0.45 Theta=0.01 var_x=0.0017 posts=2[0m
[03:32:25] [0m[INFO] [1779737538.830054244]: [EKF] Ball world X=-0.05 Y=1.76[0m
[03:32:25] [0m[INFO] [1779737539.130395165]: [EKF] [EKF] Pose X=-0.04 Y=0.45 Theta=0.01 var_x=0.0017 posts=2[0m
[03:32:25] [0m[INFO] [1779737539.130580000]: [EKF] Ball world X=-0.05 Y=1.76[0m
[03:32:25] [0m[INFO] [1779737539.479294567]: [EKF] [EKF] Pose X=-0.04 Y=0.45 Theta=0.01 var_x=0.0017 posts=2[0m
[03:32:25] [0m[INFO] [1779737539.529779678]: [EKF] Ball world X=-0.04 Y=1.76[0m
[03:32:25] [0m[INFO] [1779737539.780013598]: [EKF] [EKF] Pose X=-0.04 Y=0.45 Theta=0.01 var_x=0.0017 posts=2[0m
[03:32:25] [0m[INFO] [1779737539.879270148]: [EKF] Ball world X=-0.05 Y=1.76[0m
[03:32:25] [0m[INFO] [1779737540.129378401]: [EKF] [EKF] Pose X=-0.04 Y=0.45 Theta=0.01 var_x=0.0017 posts=2[0m
[03:32:25] [0m[INFO] [1779737540.179334839]: [EKF] Ball world X=-0.05 Y=1.76[0m
[03:32:25] [0m[INFO] [1779737540.479497944]: [EKF] [EKF] Pose X=-0.04 Y=0.45 Theta=0.01 var_x=0.0017 posts=2[0m
[03:32:25] [0m[INFO] [1779737540.479575069]: [EKF] Ball world X=-0.05 Y=1.76[0m
[03:32:25] [0m[INFO] [1779737540.779602335]: [EKF] [EKF] Pose X=-0.05 Y=0.45 Theta=0.02 var_x=0.0017 posts=2[0m
[03:32:25] [0m[INFO] [1779737540.779686405]: [EKF] Ball world X=-0.06 Y=1.76[0m
[03:32:25] [0m[INFO] [1779737541.129253653]: [EKF] [EKF] Pose X=-0.07 Y=0.45 Theta=0.01 var_x=0.0017 posts=2[0m
[03:32:25] [0m[INFO] [1779737541.129324152]: [EKF] Ball world X=-0.06 Y=1.76[0m
[03:32:25] [0m[INFO] [1779737541.429429971]: [EKF] [EKF] Pose X=-0.09 Y=0.45 Theta=0.01 var_x=0.0017 posts=2[0m
[03:32:25] [0m[INFO] [1779737541.429510870]: [EKF] Ball world X=-0.05 Y=1.76[0m
[03:32:25] [0m[INFO] [1779737541.779296393]: [EKF] [EKF] Pose X=-0.12 Y=0.45 Theta=0.02 var_x=0.0017 posts=2[0m
[03:32:25] [0m[INFO] [1779737541.779363274]: [EKF] Ball world X=-0.06 Y=1.76[0m
[03:32:25] [0m[INFO] [1779737542.079403902]: [EKF] [EKF] Pose X=-0.12 Y=0.45 Theta=0.02 var_x=0.0017 posts=2[0m
[03:32:25] [0m[INFO] [1779737542.079487585]: [EKF] Ball world X=-0.05 Y=1.75[0m
[03:32:25] [0m[INFO] [1779737542.379576945]: [EKF] [EKF] Pose X=-0.12 Y=0.45 Theta=0.02 var_x=0.0017 posts=2[0m
[03:32:25] [0m[INFO] [1779737542.379654142]: [EKF] Ball world X=-0.04 Y=1.76[0m
[03:32:25] [0m[INFO] [1779737542.729332465]: [EKF] [EKF] Pose X=-0.12 Y=0.45 Theta=0.02 var_x=0.0017 posts=2[0m
[03:32:25] [0m[INFO] [1779737542.729398075]: [EKF] Ball world X=-0.04 Y=1.76[0m
[03:32:25] [0m[INFO] [1779737543.029691537]: [EKF] [EKF] Pose X=-0.11 Y=0.45 Theta=0.01 var_x=0.0017 posts=2[0m
[03:32:25] [0m[INFO] [1779737543.029792914]: [EKF] Ball world X=-0.03 Y=1.75[0m
[03:32:25] [0m[INFO] [1779737543.379679189]: [EKF] [EKF] Pose X=-0.08 Y=0.45 Theta=0.01 var_x=0.0017 posts=2[0m
[03:32:25] [0m[INFO] [1779737543.429475776]: [EKF] Ball world X=-0.04 Y=1.76[0m
[03:32:25] [0m[INFO] [1779737543.729306747]: [EKF] [EKF] Pose X=-0.03 Y=0.45 Theta=0.01 var_x=0.0017 posts=2[0m
[03:32:25] [0m[INFO] [1779737543.779831682]: [EKF] Ball world X=-0.02 Y=1.76[0m
[03:32:25] [0m[INFO] [1779737544.029355985]: [EKF] [EKF] Pose X=0.01 Y=0.45 Theta=0.01 var_x=0.0017 posts=2[0m
[03:32:25] [0m[INFO] [1779737544.379291021]: [EKF] [EKF] Pose X=0.08 Y=0.45 Theta=-0.00 var_x=0.0017 posts=2[0m
[03:32:25] [0m[INFO] [1779737544.679486203]: [EKF] [EKF] Pose X=0.08 Y=0.45 Theta=-0.00 var_x=0.0017 posts=2[0m
[03:32:25] [0m[INFO] [1779737545.029588635]: [EKF] [EKF] Pose X=0.08 Y=0.45 Theta=0.01 var_x=0.0017 posts=2[0m
[03:32:25] [0m[INFO] [1779737545.379279548]: [EKF] [EKF] Pose X=0.08 Y=0.45 Theta=0.01 var_x=0.0017 posts=2[0m
[03:32:25] [0m[INFO] [1779737545.679361559]: [EKF] [EKF] Pose X=0.09 Y=0.45 Theta=0.01 var_x=0.0017 posts=2[0m
[03:32:36] [0m[INFO] [1779737545.979603500]: [EKF] [EKF] Pose X=0.09 Y=0.45 Theta=0.01 var_x=0.0017 posts=2[0m
[03:32:36] [0m[INFO] [1779737546.279748643]: [EKF] [EKF] Pose X=0.09 Y=0.45 Theta=0.01 var_x=0.0017 posts=2[0m
[03:32:36] [0m[INFO] [1779737546.629708270]: [EKF] [EKF] Pose X=0.09 Y=0.45 Theta=0.01 var_x=0.0017 posts=2[0m
[03:32:36] [0m[INFO] [1779737546.979642204]: [EKF] [EKF] Pose X=0.09 Y=0.45 Theta=0.01 var_x=0.0017 posts=2[0m
[03:32:36] [0m[INFO] [1779737547.279721685]: [EKF] [EKF] Pose X=0.09 Y=0.45 Theta=0.01 var_x=0.0017 posts=2[0m
[03:32:36] [0m[INFO] [1779737547.579784965]: [EKF] [EKF] Pose X=0.09 Y=0.45 Theta=0.01 var_x=0.0017 posts=2[0m
[03:32:36] [0m[INFO] [1779737547.880414573]: [EKF] [EKF] Pose X=0.09 Y=0.45 Theta=0.01 var_x=0.0017 posts=2[0m
[03:32:36] [0m[INFO] [1779737548.229771771]: [EKF] [EKF] Pose X=0.09 Y=0.45 Theta=0.01 var_x=0.0017 posts=2[0m
[03:32:36] [0m[INFO] [1779737548.429552096]: [EKF] Ball world X=-0.03 Y=1.76[0m
[03:32:36] [0m[INFO] [1779737548.579595094]: [EKF] [EKF] Pose X=0.09 Y=0.45 Theta=0.01 var_x=0.0017 posts=2[0m
[03:32:36] [0m[INFO] [1779737548.879755329]: [EKF] [EKF] Pose X=0.09 Y=0.45 Theta=0.01 var_x=0.0017 posts=2[0m
[03:32:36] [0m[INFO] [1779737549.180016629]: [EKF] [EKF] Pose X=0.09 Y=0.45 Theta=0.01 var_x=0.0017 posts=2[0m
[03:32:36] [0m[INFO] [1779737549.529256077]: [EKF] [EKF] Pose X=0.09 Y=0.45 Theta=0.01 var_x=0.0017 posts=2[0m
[03:32:36] [0m[INFO] [1779737549.829676283]: [EKF] [EKF] Pose X=0.09 Y=0.45 Theta=0.01 var_x=0.0017 posts=2[0m
[03:32:36] [0m[INFO] [1779737550.179301660]: [EKF] [EKF] Pose X=0.09 Y=0.45 Theta=0.01 var_x=0.0017 posts=2[0m
[03:32:36] [0m[INFO] [1779737550.480201122]: [EKF] [EKF] Pose X=0.09 Y=0.45 Theta=0.01 var_x=0.0017 posts=2[0m
[03:32:36] [0m[INFO] [1779737550.829286454]: [EKF] [EKF] Pose X=0.08 Y=0.45 Theta=0.01 var_x=0.0017 posts=2[0m
[03:32:36] [0m[INFO] [1779737551.129584215]: [EKF] [EKF] Pose X=0.03 Y=0.45 Theta=0.01 var_x=0.0017 posts=2[0m
[03:32:36] [0m[INFO] [1779737551.429678905]: [EKF] [EKF] Pose X=-0.00 Y=0.45 Theta=0.01 var_x=0.0017 posts=2[0m
[03:32:36] [0m[INFO] [1779737551.729270812]: [EKF] Ball world X=-0.05 Y=1.76[0m
[03:32:36] [0m[INFO] [1779737551.779616234]: [EKF] [EKF] Pose X=-0.03 Y=0.45 Theta=0.01 var_x=0.0017 posts=2[0m
[03:32:36] [0m[INFO] [1779737552.079670255]: [EKF] [EKF] Pose X=-0.03 Y=0.45 Theta=0.01 var_x=0.0017 posts=2[0m
[03:32:36] [0m[INFO] [1779737552.079786604]: [EKF] Ball world X=-0.04 Y=1.76[0m
[03:32:36] [0m[INFO] [1779737552.429526414]: [EKF] [EKF] Pose X=-0.03 Y=0.45 Theta=0.01 var_x=0.0017 posts=2[0m
[03:32:36] [0m[INFO] [1779737552.429628786]: [EKF] Ball world X=-0.04 Y=1.76[0m
[03:32:36] [0m[INFO] [1779737552.729664520]: [EKF] [EKF] Pose X=-0.03 Y=0.45 Theta=0.01 var_x=0.0017 posts=2[0m
[03:32:36] [0m[INFO] [1779737553.029934598]: [EKF] [EKF] Pose X=-0.03 Y=0.45 Theta=0.01 var_x=0.0017 posts=2[0m
[03:32:36] [0m[INFO] [1779737553.229436482]: [EKF] Ball world X=-0.04 Y=1.76[0m
[03:32:36] [0m[INFO] [1779737553.330105375]: [EKF] [EKF] Pose X=-0.03 Y=0.45 Theta=0.01 var_x=0.0017 posts=2[0m
[03:32:36] [0m[INFO] [1779737553.629620080]: [EKF] Ball world X=-0.04 Y=1.76[0m
[03:32:36] [0m[INFO] [1779737553.679618989]: [EKF] [EKF] Pose X=-0.03 Y=0.45 Theta=0.01 var_x=0.0017 posts=2[0m
[03:32:36] [0m[INFO] [1779737554.029417955]: [EKF] [EKF] Pose X=-0.03 Y=0.45 Theta=0.01 var_x=0.0017 posts=2[0m
[03:32:36] [0m[INFO] [1779737554.229560206]: [EKF] Ball world X=-0.04 Y=1.76[0m
[03:32:36] [0m[INFO] [1779737554.379445792]: [EKF] [EKF] Pose X=-0.03 Y=0.45 Theta=0.01 var_x=0.0017 posts=2[0m
[03:32:36] [0m[INFO] [1779737554.629478380]: [EKF] Ball world X=-0.05 Y=1.76[0m
[03:32:36] [0m[INFO] [1779737554.679564962]: [EKF] [EKF] Pose X=-0.03 Y=0.45 Theta=0.01 var_x=0.0017 posts=2[0m
[03:32:36] [0m[INFO] [1779737554.979517208]: [EKF] Ball world X=-0.04 Y=1.76[0m
[03:32:36] [0m[INFO] [1779737555.029340281]: [EKF] [EKF] Pose X=-0.03 Y=0.45 Theta=0.02 var_x=0.0017 posts=2[0m
[03:32:36] [0m[INFO] [1779737555.329855902]: [EKF] [EKF] Pose X=-0.03 Y=0.45 Theta=0.02 var_x=0.0017 posts=2[0m
[03:32:36] [0m[INFO] [1779737555.329988260]: [EKF] Ball world X=-0.05 Y=1.76[0m
[03:32:36] [0m[INFO] [1779737555.679606415]: [EKF] [EKF] Pose X=-0.03 Y=0.45 Theta=0.02 var_x=0.0017 posts=2[0m
[03:32:36] [0m[INFO] [1779737555.679722602]: [EKF] Ball world X=-0.05 Y=1.76[0m
[03:32:36] [0m[INFO] [1779737556.029375382]: [EKF] [EKF] Pose X=-0.03 Y=0.45 Theta=0.02 var_x=0.0017 posts=2[0m
[03:32:45] [0m[INFO] [1779737556.280564893]: [EKF] Ball world X=-0.04 Y=1.76[0m
[03:32:45] [0m[INFO] [1779737556.379521295]: [EKF] [EKF] Pose X=-0.03 Y=0.45 Theta=0.02 var_x=0.0017 posts=2[0m
[03:32:45] [0m[INFO] [1779737556.629985200]: [EKF] Ball world X=-0.05 Y=1.76[0m
[03:32:45] [0m[INFO] [1779737556.679615094]: [EKF] [EKF] Pose X=-0.03 Y=0.45 Theta=0.02 var_x=0.0017 posts=2[0m
[03:32:45] [0m[INFO] [1779737556.979987538]: [EKF] [EKF] Pose X=-0.03 Y=0.45 Theta=0.02 var_x=0.0017 posts=2[0m
[03:32:45] [0m[INFO] [1779737557.079534716]: [EKF] Ball world X=-0.05 Y=1.76[0m
[03:32:45] [0m[INFO] [1779737557.329335423]: [EKF] [EKF] Pose X=-0.03 Y=0.45 Theta=0.02 var_x=0.0017 posts=2[0m
[03:32:45] [0m[INFO] [1779737557.429708401]: [EKF] Ball world X=-0.05 Y=1.76[0m
[03:32:45] [0m[INFO] [1779737557.679266630]: [EKF] [EKF] Pose X=-0.03 Y=0.45 Theta=0.02 var_x=0.0017 posts=2[0m
[03:32:45] [0m[INFO] [1779737557.729769639]: [EKF] Ball world X=-0.05 Y=1.76[0m
[03:32:45] [0m[INFO] [1779737557.979419158]: [EKF] [EKF] Pose X=-0.03 Y=0.45 Theta=0.02 var_x=0.0017 posts=2[0m
[03:32:45] [0m[INFO] [1779737558.080067994]: [EKF] Ball world X=-0.05 Y=1.76[0m
[03:32:45] [0m[INFO] [1779737558.329392492]: [EKF] [EKF] Pose X=-0.03 Y=0.45 Theta=0.02 var_x=0.0017 posts=2[0m
[03:32:45] [0m[INFO] [1779737558.579323776]: [EKF] Ball world X=-0.05 Y=1.76[0m
[03:32:45] [0m[INFO] [1779737558.679342985]: [EKF] [EKF] Pose X=-0.03 Y=0.45 Theta=0.02 var_x=0.0017 posts=2[0m
[03:32:45] [0m[INFO] [1779737558.979847544]: [EKF] [EKF] Pose X=-0.03 Y=0.45 Theta=0.02 var_x=0.0017 posts=2[0m
[03:32:45] [0m[INFO] [1779737559.080525591]: [EKF] Ball world X=-0.05 Y=1.76[0m
[03:32:45] [0m[INFO] [1779737559.330338477]: [EKF] [EKF] Pose X=-0.03 Y=0.45 Theta=0.01 var_x=0.0017 posts=2[0m
[03:32:45] [0m[INFO] [1779737559.429993039]: [EKF] Ball world X=-0.05 Y=1.76[0m
[03:32:45] [0m[INFO] [1779737559.630531713]: [EKF] [EKF] Pose X=-0.03 Y=0.45 Theta=0.01 var_x=0.0017 posts=2[0m
[03:32:45] [0m[INFO] [1779737559.730521899]: [EKF] Ball world X=-0.05 Y=1.76[0m
[03:32:45] [0m[INFO] [1779737559.979351421]: [EKF] [EKF] Pose X=-0.03 Y=0.45 Theta=0.01 var_x=0.0017 posts=2[0m
[03:32:45] [0m[INFO] [1779737560.279573928]: [EKF] [EKF] Pose X=-0.03 Y=0.45 Theta=0.02 var_x=0.0017 posts=2[0m
[03:32:45] [0m[INFO] [1779737560.379286885]: [EKF] Ball world X=-0.05 Y=1.76[0m
[03:32:45] [0m[INFO] [1779737560.579954059]: [EKF] [EKF] Pose X=-0.03 Y=0.45 Theta=0.02 var_x=0.0017 posts=2[0m
[03:32:45] [0m[INFO] [1779737560.929672972]: [EKF] [EKF] Pose X=-0.03 Y=0.45 Theta=0.02 var_x=0.0017 posts=2[0m
[03:32:45] [0m[INFO] [1779737561.129314878]: [EKF] Ball world X=-0.04 Y=1.76[0m
[03:32:45] [0m[INFO] [1779737561.279438281]: [EKF] [EKF] Pose X=-0.03 Y=0.45 Theta=0.02 var_x=0.0017 posts=2[0m
[03:32:45] [0m[INFO] [1779737561.429854515]: [EKF] Ball world X=-0.05 Y=1.76[0m
[03:32:45] [0m[INFO] [1779737561.579630005]: [EKF] [EKF] Pose X=-0.03 Y=0.45 Theta=0.01 var_x=0.0017 posts=2[0m
[03:32:45] [0m[INFO] [1779737561.729934818]: [EKF] Ball world X=-0.04 Y=1.76[0m
[03:32:45] [0m[INFO] [1779737561.929422783]: [EKF] [EKF] Pose X=-0.03 Y=0.45 Theta=0.01 var_x=0.0017 posts=2[0m
[03:32:45] [0m[INFO] [1779737562.230203102]: [EKF] [EKF] Pose X=-0.03 Y=0.45 Theta=0.02 var_x=0.0017 posts=2[0m
[03:32:45] [0m[INFO] [1779737562.579463983]: [EKF] [EKF] Pose X=-0.03 Y=0.45 Theta=0.02 var_x=0.0017 posts=2[0m
[03:32:45] [0m[INFO] [1779737562.779356499]: [EKF] Ball world X=-0.05 Y=1.76[0m
[03:32:45] [0m[INFO] [1779737562.880269658]: [EKF] [EKF] Pose X=-0.03 Y=0.45 Theta=0.02 var_x=0.0017 posts=2[0m
[03:32:45] [0m[INFO] [1779737563.179147582]: [EKF] Ball world X=-0.04 Y=1.76[0m
[03:32:45] [0m[INFO] [1779737563.229523534]: [EKF] [EKF] Pose X=-0.03 Y=0.45 Theta=0.02 var_x=0.0017 posts=2[0m
[03:32:45] [0m[INFO] [1779737563.529362882]: [EKF] Ball world X=-0.05 Y=1.76[0m
[03:32:45] [0m[INFO] [1779737563.579261415]: [EKF] [EKF] Pose X=-0.03 Y=0.45 Theta=0.01 var_x=0.0017 posts=2[0m
[03:32:45] [0m[INFO] [1779737563.879641376]: [EKF] [EKF] Pose X=-0.03 Y=0.45 Theta=0.02 var_x=0.0017 posts=2[0m
[03:32:45] [0m[INFO] [1779737564.229765148]: [EKF] [EKF] Pose X=-0.03 Y=0.45 Theta=0.02 var_x=0.0017 posts=2[0m
[03:32:45] [0m[INFO] [1779737564.429396757]: [EKF] Ball world X=-0.05 Y=1.76[0m
[03:32:45] [0m[INFO] [1779737564.579346280]: [EKF] [EKF] Pose X=-0.03 Y=0.45 Theta=0.02 var_x=0.0017 posts=2[0m
[03:32:45] [0m[INFO] [1779737564.779608793]: [EKF] Ball world X=-0.05 Y=1.76[0m
[03:32:45] [0m[INFO] [1779737564.879397441]: [EKF] [EKF] Pose X=-0.03 Y=0.45 Theta=0.02 var_x=0.0017 posts=2[0m
[03:32:53] [0m[INFO] [1779737565.079970096]: [EKF] Ball world X=-0.04 Y=1.77[0m
[03:32:53] [0m[INFO] [1779737565.179416869]: [EKF] [EKF] Pose X=-0.03 Y=0.45 Theta=0.02 var_x=0.0017 posts=2[0m
[03:32:53] [0m[INFO] [1779737565.529629189]: [EKF] [EKF] Pose X=-0.03 Y=0.45 Theta=0.02 var_x=0.0017 posts=2[0m
[03:32:53] [0m[INFO] [1779737565.579544708]: [EKF] Ball world X=-0.04 Y=1.76[0m
[03:32:53] [0m[INFO] [1779737565.829656889]: [EKF] [EKF] Pose X=-0.03 Y=0.45 Theta=0.02 var_x=0.0017 posts=2[0m
[03:32:53] [0m[INFO] [1779737566.079448120]: [EKF] Ball world X=-0.05 Y=1.76[0m
[03:32:53] [0m[INFO] [1779737566.179419751]: [EKF] [EKF] Pose X=-0.03 Y=0.45 Theta=0.02 var_x=0.0017 posts=2[0m
[03:32:53] [0m[INFO] [1779737566.479437153]: [EKF] [EKF] Pose X=-0.03 Y=0.45 Theta=0.02 var_x=0.0017 posts=2[0m
[03:32:53] [0m[INFO] [1779737566.479535716]: [EKF] Ball world X=-0.05 Y=1.76[0m
[03:32:53] [0m[INFO] [1779737566.779469443]: [EKF] [EKF] Pose X=-0.03 Y=0.45 Theta=0.02 var_x=0.0017 posts=2[0m
[03:32:53] [0m[INFO] [1779737566.779577713]: [EKF] Ball world X=-0.05 Y=1.76[0m
[03:32:53] [0m[INFO] [1779737567.079604408]: [EKF] [EKF] Pose X=-0.03 Y=0.45 Theta=0.02 var_x=0.0017 posts=2[0m
[03:32:53] [0m[INFO] [1779737567.079720612]: [EKF] Ball world X=-0.05 Y=1.76[0m
[03:32:53] [0m[INFO] [1779737567.429386466]: [EKF] [EKF] Pose X=-0.03 Y=0.45 Theta=0.02 var_x=0.0017 posts=2[0m
[03:32:53] [0m[INFO] [1779737567.479625630]: [EKF] Ball world X=-0.05 Y=1.76[0m
[03:32:53] [0m[INFO] [1779737567.779376830]: [EKF] [EKF] Pose X=-0.03 Y=0.45 Theta=0.01 var_x=0.0017 posts=2[0m
[03:32:53] [0m[INFO] [1779737567.879727516]: [EKF] Ball world X=-0.05 Y=1.76[0m
[03:32:53] [0m[INFO] [1779737568.129785326]: [EKF] [EKF] Pose X=-0.03 Y=0.45 Theta=0.01 var_x=0.0017 posts=2[0m
[03:32:53] [0m[INFO] [1779737568.180520991]: [EKF] Ball world X=-0.05 Y=1.76[0m
[03:32:53] [0m[INFO] [1779737568.479813882]: [EKF] [EKF] Pose X=-0.03 Y=0.45 Theta=0.02 var_x=0.0017 posts=2[0m
[03:32:53] [0m[INFO] [1779737568.629388725]: [EKF] Ball world X=-0.04 Y=1.76[0m
[03:32:53] [0m[INFO] [1779737568.829441791]: [EKF] [EKF] Pose X=-0.03 Y=0.45 Theta=0.01 var_x=0.0017 posts=2[0m
[03:32:53] [0m[INFO] [1779737568.979601509]: [EKF] Ball world X=-0.05 Y=1.76[0m
[03:32:53] [0m[INFO] [1779737569.179593770]: [EKF] [EKF] Pose X=-0.03 Y=0.45 Theta=0.02 var_x=0.0017 posts=2[0m
[03:32:53] [0m[INFO] [1779737569.329580323]: [EKF] Ball world X=-0.04 Y=1.76[0m
[03:32:53] [0m[INFO] [1779737569.529263545]: [EKF] [EKF] Pose X=-0.03 Y=0.45 Theta=0.01 var_x=0.0017 posts=2[0m
[03:32:53] [0m[INFO] [1779737569.679760429]: [EKF] Ball world X=-0.04 Y=1.76[0m
[03:32:53] [0m[INFO] [1779737569.829429757]: [EKF] [EKF] Pose X=-0.03 Y=0.45 Theta=0.01 var_x=0.0017 posts=2[0m
[03:32:53] [0m[INFO] [1779737570.029326373]: [EKF] Ball world X=-0.05 Y=1.76[0m
[03:32:53] [0m[INFO] [1779737570.180177111]: [EKF] [EKF] Pose X=-0.03 Y=0.45 Theta=0.02 var_x=0.0017 posts=2[0m
[03:32:53] [0m[INFO] [1779737570.329608104]: [EKF] Ball world X=-0.04 Y=1.76[0m
[03:32:53] [0m[INFO] [1779737570.529434115]: [EKF] [EKF] Pose X=-0.03 Y=0.45 Theta=0.02 var_x=0.0017 posts=2[0m
[03:32:53] [0m[INFO] [1779737570.629722042]: [EKF] Ball world X=-0.05 Y=1.76[0m
[03:32:53] [0m[INFO] [1779737570.879631472]: [EKF] [EKF] Pose X=-0.03 Y=0.45 Theta=0.02 var_x=0.0017 posts=2[0m
[03:32:53] [0m[INFO] [1779737571.029265540]: [EKF] Ball world X=-0.05 Y=1.76[0m
[03:32:53] [0m[INFO] [1779737571.180131886]: [EKF] [EKF] Pose X=-0.03 Y=0.45 Theta=0.02 var_x=0.0017 posts=2[0m
[03:32:53] [0m[INFO] [1779737571.330179789]: [EKF] Ball world X=-0.05 Y=1.76[0m
[03:32:53] [0m[INFO] [1779737571.529578823]: [EKF] [EKF] Pose X=-0.03 Y=0.45 Theta=0.02 var_x=0.0017 posts=2[0m
[03:32:53] [0m[INFO] [1779737571.829270565]: [EKF] Ball world X=-0.04 Y=1.76[0m
[03:32:53] [0m[INFO] [1779737571.879441483]: [EKF] [EKF] Pose X=-0.03 Y=0.45 Theta=0.02 var_x=0.0017 posts=2[0m
[03:32:53] [0m[INFO] [1779737572.129910399]: [EKF] Ball world X=-0.05 Y=1.76[0m
[03:32:53] [0m[INFO] [1779737572.229707997]: [EKF] [EKF] Pose X=-0.03 Y=0.45 Theta=0.02 var_x=0.0017 posts=2[0m
[03:32:53] [0m[INFO] [1779737572.579499233]: [EKF] [EKF] Pose X=-0.03 Y=0.45 Theta=0.02 var_x=0.0017 posts=2[0m
[03:32:53] [0m[INFO] [1779737572.579573928]: [EKF] Ball world X=-0.05 Y=1.76[0m
[03:32:53] [0m[INFO] [1779737572.929379077]: [EKF] [EKF] Pose X=-0.03 Y=0.45 Theta=0.02 var_x=0.0017 posts=2[0m
[03:32:53] [0m[INFO] [1779737573.229469437]: [EKF] [EKF] Pose X=-0.03 Y=0.45 Theta=0.02 var_x=0.0017 posts=2[0m
[03:33:02] [0m[INFO] [1779737573.579332991]: [EKF] [EKF] Pose X=-0.03 Y=0.45 Theta=0.02 var_x=0.0017 posts=2[0m
[03:33:02] [0m[INFO] [1779737573.679655787]: [EKF] Ball world X=-0.05 Y=1.76[0m
[03:33:02] [0m[INFO] [1779737573.879624538]: [EKF] [EKF] Pose X=-0.03 Y=0.45 Theta=0.02 var_x=0.0017 posts=2[0m
[03:33:02] [0m[INFO] [1779737574.179796186]: [EKF] [EKF] Pose X=-0.03 Y=0.45 Theta=0.01 var_x=0.0017 posts=2[0m
[03:33:02] [0m[INFO] [1779737574.230049585]: [EKF] Ball world X=-0.05 Y=1.76[0m
[03:33:02] [0m[INFO] [1779737574.529866352]: [EKF] [EKF] Pose X=-0.03 Y=0.45 Theta=0.02 var_x=0.0017 posts=2[0m
[03:33:02] [0m[INFO] [1779737574.879775959]: [EKF] [EKF] Pose X=-0.03 Y=0.45 Theta=0.02 var_x=0.0017 posts=2[0m
[03:33:02] [0m[INFO] [1779737575.229383063]: [EKF] [EKF] Pose X=-0.03 Y=0.45 Theta=0.02 var_x=0.0017 posts=2[0m
[03:33:02] [0m[INFO] [1779737575.479461729]: [EKF] Ball world X=-0.05 Y=1.76[0m
[03:33:02] [0m[INFO] [1779737575.579387045]: [EKF] [EKF] Pose X=-0.03 Y=0.45 Theta=0.02 var_x=0.0017 posts=2[0m
[03:33:02] [0m[INFO] [1779737575.879338232]: [EKF] Ball world X=-0.05 Y=1.76[0m
[03:33:02] [0m[INFO] [1779737575.929517423]: [EKF] [EKF] Pose X=-0.03 Y=0.45 Theta=0.02 var_x=0.0017 posts=2[0m
[03:33:02] [0m[INFO] [1779737576.279574032]: [EKF] [EKF] Pose X=-0.03 Y=0.45 Theta=0.02 var_x=0.0017 posts=2[0m
[03:33:02] [0m[INFO] [1779737576.279652406]: [EKF] Ball world X=-0.05 Y=1.76[0m
[03:33:02] [0m[INFO] [1779737576.579742777]: [EKF] [EKF] Pose X=-0.03 Y=0.45 Theta=0.02 var_x=0.0017 posts=2[0m
[03:33:02] [0m[INFO] [1779737576.929691527]: [EKF] [EKF] Pose X=-0.03 Y=0.45 Theta=0.02 var_x=0.0017 posts=2[0m
[03:33:02] [0m[INFO] [1779737577.029477336]: [EKF] Ball world X=-0.05 Y=1.76[0m
[03:33:02] [0m[INFO] [1779737577.280377557]: [EKF] [EKF] Pose X=-0.03 Y=0.45 Theta=0.02 var_x=0.0017 posts=2[0m
[03:33:02] [0m[INFO] [1779737577.329890606]: [EKF] Ball world X=-0.04 Y=1.76[0m
[03:33:02] [0m[INFO] [1779737577.629373609]: [EKF] [EKF] Pose X=-0.03 Y=0.45 Theta=0.02 var_x=0.0017 posts=2[0m
[03:33:02] [0m[INFO] [1779737577.679536966]: [EKF] Ball world X=-0.04 Y=1.76[0m
[03:33:02] [0m[INFO] [1779737577.979781145]: [EKF] [EKF] Pose X=-0.03 Y=0.45 Theta=0.02 var_x=0.0017 posts=2[0m
[03:33:02] [0m[INFO] [1779737577.979906842]: [EKF] Ball world X=-0.05 Y=1.76[0m
[03:33:02] [0m[INFO] [1779737578.329287906]: [EKF] [EKF] Pose X=-0.03 Y=0.45 Theta=0.02 var_x=0.0017 posts=2[0m
[03:33:02] [0m[INFO] [1779737578.529584380]: [EKF] Ball world X=-0.05 Y=1.76[0m
[03:33:02] [0m[INFO] [1779737578.629866467]: [EKF] [EKF] Pose X=-0.03 Y=0.45 Theta=0.02 var_x=0.0017 posts=2[0m
[03:33:02] [0m[INFO] [1779737578.829501056]: [EKF] Ball world X=-0.05 Y=1.76[0m
[03:33:02] [0m[INFO] [1779737578.979380359]: [EKF] [EKF] Pose X=-0.03 Y=0.45 Theta=0.02 var_x=0.0017 posts=2[0m
[03:33:02] [0m[INFO] [1779737579.179376077]: [EKF] Ball world X=-0.05 Y=1.76[0m
[03:33:02] [0m[INFO] [1779737579.279594055]: [EKF] [EKF] Pose X=-0.03 Y=0.45 Theta=0.01 var_x=0.0017 posts=2[0m
[03:33:02] [0m[INFO] [1779737579.579353482]: [EKF] Ball world X=-0.05 Y=1.76[0m
[03:33:02] [0m[INFO] [1779737579.629258296]: [EKF] [EKF] Pose X=-0.03 Y=0.45 Theta=0.01 var_x=0.0017 posts=2[0m
[03:33:02] [0m[INFO] [1779737579.929579643]: [EKF] [EKF] Pose X=-0.03 Y=0.45 Theta=0.01 var_x=0.0017 posts=2[0m
[03:33:02] [0m[INFO] [1779737580.179413945]: [EKF] Ball world X=-0.05 Y=1.76[0m
[03:33:02] [0m[INFO] [1779737580.229618435]: [EKF] [EKF] Pose X=-0.03 Y=0.45 Theta=0.01 var_x=0.0017 posts=2[0m
[03:33:02] [0m[INFO] [1779737580.480028291]: [EKF] Ball world X=-0.04 Y=1.76[0m
[03:33:02] [0m[INFO] [1779737580.579611479]: [EKF] [EKF] Pose X=-0.03 Y=0.45 Theta=0.01 var_x=0.0017 posts=2[0m
[03:33:02] [0m[INFO] [1779737580.829263857]: [EKF] Ball world X=-0.05 Y=1.76[0m
[03:33:02] [0m[INFO] [1779737580.929265664]: [EKF] [EKF] Pose X=-0.03 Y=0.45 Theta=0.01 var_x=0.0017 posts=2[0m
[03:33:02] [0m[INFO] [1779737581.129332745]: [EKF] Ball world X=-0.05 Y=1.76[0m
[03:33:02] [0m[INFO] [1779737581.229295848]: [EKF] [EKF] Pose X=-0.03 Y=0.45 Theta=0.02 var_x=0.0017 posts=2[0m
[03:33:02] [0m[INFO] [1779737581.479376861]: [EKF] Ball world X=-0.04 Y=1.76[0m
[03:33:02] [0m[INFO] [1779737581.529302696]: [EKF] [EKF] Pose X=-0.03 Y=0.45 Theta=0.01 var_x=0.0017 posts=2[0m
[03:33:02] [0m[INFO] [1779737581.829260891]: [EKF] Ball world X=-0.05 Y=1.76[0m
[03:33:02] [0m[INFO] [1779737581.879806244]: [EKF] [EKF] Pose X=-0.03 Y=0.45 Theta=0.01 var_x=0.0017 posts=2[0m
[03:33:02] [0m[INFO] [1779737582.179320581]: [EKF] Ball world X=-0.04 Y=1.76[0m
