[03:31:37] [INFO] [1779737497.430785]: ==================================================
[03:31:37] [INFO] [1779737497.440469]: [Fusion] 節點啟動
[03:31:37] [INFO] [1779737497.443352]: [Fusion] 防守線 Y = 0.50 m
[03:31:37] [INFO] [1779737497.446701]: [Fusion] 訂閱 /ball_camera_world, /ball_lidar_world, /robot_pose
[03:31:37] [INFO] [1779737497.449373]: [Fusion] 發布 /cmd_vel
[03:31:37] [INFO] [1779737497.452009]: ==================================================
[03:31:37] [INFO] [1779737497.473494]: [Fusion] odom 原點記錄：X=-1.684
[03:31:37] [33m[WARN] [1779737497.479860]: [Fusion] 定位收斂！var_x=0.0017 → 切換至絕對位置控制
[03:31:37] [INFO] [1779737497.481324]: [EKF] 初始化完成，球的初始位置: X=-0.047 Y=1.763
[03:31:37] [INFO] [1779737497.486455]: [TRACK] 球(-0.05, 1.76) v=(+0.00, +0.00) | 機器人X=-0.05 誤差=-0.00 | 速度=+0.00 θ=+0.013
[03:31:37] [INFO] [1779737497.724377]: [TRACK] 球(-0.03, 1.76) v=(-0.00, +0.01) | 機器人X=-0.05 誤差=+0.01 | 速度=+0.00 θ=+0.013
[03:31:37] [INFO] [1779737497.933574]: [TRACK] 球(-0.03, 1.76) v=(-0.00, -0.00) | 機器人X=-0.05 誤差=+0.01 | 速度=+0.00 θ=+0.013
[03:31:38] [INFO] [1779737498.155465]: [TRACK] 球(-0.03, 1.76) v=(-0.00, +0.00) | 機器人X=-0.04 誤差=+0.01 | 速度=+0.00 θ=+0.013
[03:31:38] [INFO] [1779737498.370268]: [TRACK] 球(-0.03, 1.76) v=(+0.00, +0.00) | 機器人X=-0.04 誤差=+0.01 | 速度=+0.00 θ=+0.012
[03:31:38] [INFO] [1779737498.581642]: [TRACK] 球(-0.03, 1.76) v=(-0.00, +0.00) | 機器人X=-0.05 誤差=+0.01 | 速度=+0.00 θ=+0.012
[03:31:38] [INFO] [1779737498.783552]: [TRACK] 球(-0.03, 1.76) v=(+0.00, +0.00) | 機器人X=-0.05 誤差=+0.01 | 速度=+0.00 θ=+0.013
[03:31:39] [INFO] [1779737499.013810]: [TRACK] 球(-0.03, 1.76) v=(+0.00, -0.00) | 機器人X=-0.04 誤差=+0.01 | 速度=+0.00 θ=+0.014
[03:31:39] [INFO] [1779737499.234506]: [TRACK] 球(-0.03, 1.76) v=(-0.00, +0.00) | 機器人X=-0.04 誤差=+0.01 | 速度=+0.00 θ=+0.013
[03:31:39] [INFO] [1779737499.434455]: [TRACK] 球(-0.03, 1.76) v=(-0.00, +0.00) | 機器人X=-0.04 誤差=+0.01 | 速度=+0.00 θ=+0.013
[03:31:39] [INFO] [1779737499.641006]: [TRACK] 球(-0.03, 1.76) v=(+0.00, -0.00) | 機器人X=-0.04 誤差=+0.01 | 速度=+0.00 θ=+0.014
[03:31:39] [INFO] [1779737499.873789]: [TRACK] 球(-0.03, 1.76) v=(+0.00, +0.00) | 機器人X=-0.04 誤差=+0.01 | 速度=+0.00 θ=+0.014
[03:31:40] [INFO] [1779737500.082394]: [TRACK] 球(-0.03, 1.76) v=(-0.00, +0.00) | 機器人X=-0.04 誤差=+0.01 | 速度=+0.00 θ=+0.013
[03:31:40] [INFO] [1779737500.305650]: [TRACK] 球(-0.03, 1.76) v=(+0.00, -0.00) | 機器人X=-0.04 誤差=+0.01 | 速度=+0.00 θ=+0.013
[03:31:40] [INFO] [1779737500.511385]: [TRACK] 球(-0.03, 1.76) v=(+0.00, -0.00) | 機器人X=-0.04 誤差=+0.01 | 速度=+0.00 θ=+0.013
[03:31:40] [INFO] [1779737500.732716]: [TRACK] 球(-0.03, 1.76) v=(-0.00, +0.00) | 機器人X=-0.04 誤差=+0.01 | 速度=+0.00 θ=+0.013
[03:31:40] [INFO] [1779737500.956745]: [TRACK] 球(-0.03, 1.76) v=(+0.00, +0.00) | 機器人X=-0.04 誤差=+0.01 | 速度=+0.00 θ=+0.014
[03:31:41] [INFO] [1779737501.166638]: [TRACK] 球(-0.03, 1.76) v=(+0.00, -0.00) | 機器人X=-0.04 誤差=+0.01 | 速度=+0.00 θ=+0.014
[03:31:41] [INFO] [1779737501.369546]: [TRACK] 球(-0.03, 1.76) v=(-0.00, +0.00) | 機器人X=-0.04 誤差=+0.01 | 速度=+0.00 θ=+0.015
[03:31:41] [INFO] [1779737501.577725]: [TRACK] 球(-0.03, 1.76) v=(+0.00, -0.00) | 機器人X=-0.04 誤差=+0.01 | 速度=+0.00 θ=+0.015
[03:31:41] [INFO] [1779737501.781450]: [TRACK] 球(-0.03, 1.76) v=(-0.00, +0.00) | 機器人X=-0.04 誤差=+0.01 | 速度=+0.00 θ=+0.015
[03:31:41] [INFO] [1779737501.999304]: [TRACK] 球(-0.03, 1.76) v=(+0.00, -0.00) | 機器人X=-0.04 誤差=+0.01 | 速度=+0.00 θ=+0.015
[03:31:42] [INFO] [1779737502.218862]: [TRACK] 球(-0.03, 1.76) v=(+0.00, -0.00) | 機器人X=-0.04 誤差=+0.01 | 速度=+0.00 θ=+0.014
[03:31:42] [INFO] [1779737502.427175]: [TRACK] 球(-0.03, 1.76) v=(-0.00, +0.00) | 機器人X=-0.04 誤差=+0.01 | 速度=+0.00 θ=+0.014
[03:31:42] [INFO] [1779737502.634303]: [TRACK] 球(-0.03, 1.76) v=(-0.00, +0.00) | 機器人X=-0.04 誤差=+0.01 | 速度=+0.00 θ=+0.014
[03:31:42] [INFO] [1779737502.849714]: [TRACK] 球(-0.03, 1.76) v=(-0.00, +0.00) | 機器人X=-0.04 誤差=+0.01 | 速度=+0.00 θ=+0.014
[03:31:43] [INFO] [1779737503.073988]: [TRACK] 球(-0.03, 1.76) v=(+0.00, -0.00) | 機器人X=-0.04 誤差=+0.01 | 速度=+0.00 θ=+0.014
[03:31:43] [INFO] [1779737503.282117]: [TRACK] 球(-0.03, 1.76) v=(-0.00, +0.00) | 機器人X=-0.04 誤差=+0.01 | 速度=+0.00 θ=+0.014
[03:31:43] [INFO] [1779737503.482343]: [TRACK] 球(-0.03, 1.76) v=(-0.00, +0.00) | 機器人X=-0.04 誤差=+0.01 | 速度=+0.00 θ=+0.014
[03:31:43] [INFO] [1779737503.682901]: [TRACK] 球(-0.03, 1.76) v=(-0.00, -0.00) | 機器人X=-0.04 誤差=+0.01 | 速度=+0.00 θ=+0.014
[03:31:43] [INFO] [1779737503.896529]: [TRACK] 球(-0.03, 1.76) v=(+0.00, -0.00) | 機器人X=-0.04 誤差=+0.01 | 速度=+0.00 θ=+0.014
[03:31:44] [INFO] [1779737504.131207]: [TRACK] 球(-0.03, 1.76) v=(+0.00, +0.00) | 機器人X=-0.04 誤差=+0.01 | 速度=+0.00 θ=+0.014
[03:31:44] [INFO] [1779737504.334073]: [TRACK] 球(-0.03, 1.76) v=(-0.00, -0.00) | 機器人X=-0.04 誤差=+0.01 | 速度=+0.00 θ=+0.014
[03:31:44] [INFO] [1779737504.562283]: [TRACK] 球(-0.03, 1.76) v=(+0.00, -0.00) | 機器人X=-0.04 誤差=+0.01 | 速度=+0.00 θ=+0.013
[03:31:44] [INFO] [1779737504.782720]: [TRACK] 球(-0.03, 1.76) v=(+0.00, +0.00) | 機器人X=-0.04 誤差=+0.01 | 速度=+0.00 θ=+0.013
[03:31:45] [INFO] [1779737505.006572]: [TRACK] 球(-0.03, 1.76) v=(-0.00, +0.00) | 機器人X=-0.04 誤差=+0.01 | 速度=+0.00 θ=+0.014
[03:31:45] [INFO] [1779737505.210048]: [TRACK] 球(-0.03, 1.76) v=(+0.00, -0.00) | 機器人X=-0.04 誤差=+0.01 | 速度=+0.00 θ=+0.014
[03:31:45] [INFO] [1779737505.434232]: [TRACK] 球(-0.03, 1.76) v=(-0.00, +0.00) | 機器人X=-0.04 誤差=+0.01 | 速度=+0.00 θ=+0.014
[03:31:45] [INFO] [1779737505.634415]: [TRACK] 球(-0.03, 1.76) v=(+0.00, -0.00) | 機器人X=-0.04 誤差=+0.01 | 速度=+0.00 θ=+0.014
[03:31:45] [INFO] [1779737505.864420]: [TRACK] 球(-0.03, 1.76) v=(+0.00, +0.00) | 機器人X=-0.04 誤差=+0.01 | 速度=+0.00 θ=+0.014
[03:31:46] [INFO] [1779737506.110691]: [TRACK] 球(-0.03, 1.76) v=(+0.00, +0.00) | 機器人X=-0.04 誤差=+0.01 | 速度=+0.00 θ=+0.014
[03:31:46] [INFO] [1779737506.329123]: [TRACK] 球(-0.03, 1.76) v=(+0.00, +0.00) | 機器人X=-0.04 誤差=+0.01 | 速度=+0.00 θ=+0.013
[03:31:46] [INFO] [1779737506.532210]: [TRACK] 球(-0.03, 1.76) v=(+0.00, -0.00) | 機器人X=-0.04 誤差=+0.01 | 速度=+0.00 θ=+0.013
[03:31:46] [INFO] [1779737506.737076]: [TRACK] 球(-0.03, 1.76) v=(+0.00, +0.00) | 機器人X=-0.04 誤差=+0.01 | 速度=+0.00 θ=+0.013
[03:31:46] [INFO] [1779737506.955612]: [TRACK] 球(-0.03, 1.76) v=(+0.00, +0.00) | 機器人X=-0.04 誤差=+0.01 | 速度=+0.00 θ=+0.013
[03:31:47] [INFO] [1779737507.174495]: [TRACK] 球(-0.03, 1.76) v=(-0.00, +0.00) | 機器人X=-0.04 誤差=+0.01 | 速度=+0.00 θ=+0.014
[03:31:47] [INFO] [1779737507.382365]: [TRACK] 球(-0.03, 1.76) v=(-0.00, +0.00) | 機器人X=-0.05 誤差=+0.01 | 速度=+0.00 θ=+0.013
[03:31:47] [INFO] [1779737507.583651]: [TRACK] 球(-0.03, 1.76) v=(-0.00, +0.00) | 機器人X=-0.05 誤差=+0.01 | 速度=+0.00 θ=+0.013
[03:31:47] [INFO] [1779737507.808976]: [TRACK] 球(-0.03, 1.76) v=(-0.00, -0.00) | 機器人X=-0.05 誤差=+0.01 | 速度=+0.00 θ=+0.013
[03:31:48] [INFO] [1779737508.033424]: [TRACK] 球(-0.03, 1.76) v=(-0.00, +0.00) | 機器人X=-0.04 誤差=+0.01 | 速度=+0.00 θ=+0.014
[03:31:48] [INFO] [1779737508.236227]: [TRACK] 球(-0.03, 1.76) v=(-0.00, +0.00) | 機器人X=-0.04 誤差=+0.01 | 速度=+0.00 θ=+0.014
[03:31:48] [INFO] [1779737508.456182]: [TRACK] 球(-0.03, 1.76) v=(-0.00, +0.00) | 機器人X=-0.04 誤差=+0.01 | 速度=+0.00 θ=+0.014
[03:31:48] [INFO] [1779737508.683279]: [TRACK] 球(-0.03, 1.76) v=(-0.00, -0.00) | 機器人X=-0.04 誤差=+0.01 | 速度=+0.00 θ=+0.014
[03:31:48] [INFO] [1779737508.909282]: [TRACK] 球(-0.03, 1.76) v=(-0.00, -0.00) | 機器人X=-0.04 誤差=+0.01 | 速度=+0.00 θ=+0.014
[03:31:49] [INFO] [1779737509.114620]: [TRACK] 球(-0.03, 1.76) v=(+0.00, -0.00) | 機器人X=-0.04 誤差=+0.01 | 速度=+0.00 θ=+0.015
[03:31:49] [INFO] [1779737509.332992]: [TRACK] 球(-0.03, 1.76) v=(-0.00, -0.00) | 機器人X=-0.04 誤差=+0.01 | 速度=+0.00 θ=+0.014
[03:31:49] [INFO] [1779737509.535553]: [TRACK] 球(-0.03, 1.76) v=(-0.00, -0.00) | 機器人X=-0.04 誤差=+0.01 | 速度=+0.00 θ=+0.014
[03:31:49] [INFO] [1779737509.751935]: [TRACK] 球(-0.03, 1.76) v=(+0.00, -0.00) | 機器人X=-0.04 誤差=+0.01 | 速度=+0.00 θ=+0.014
[03:31:49] [INFO] [1779737509.981684]: [TRACK] 球(-0.03, 1.76) v=(-0.00, -0.00) | 機器人X=-0.04 誤差=+0.01 | 速度=+0.00 θ=+0.014
[03:31:50] [INFO] [1779737510.182527]: [TRACK] 球(-0.03, 1.76) v=(+0.00, +0.00) | 機器人X=-0.04 誤差=+0.01 | 速度=+0.00 θ=+0.014
[03:31:50] [INFO] [1779737510.395829]: [TRACK] 球(-0.03, 1.76) v=(+0.00, +0.00) | 機器人X=-0.04 誤差=+0.01 | 速度=+0.00 θ=+0.014
[03:31:50] [INFO] [1779737510.618742]: [TRACK] 球(-0.03, 1.76) v=(+0.00, -0.00) | 機器人X=-0.04 誤差=+0.01 | 速度=+0.00 θ=+0.014
[03:31:50] [INFO] [1779737510.833935]: [TRACK] 球(-0.03, 1.76) v=(+0.00, -0.00) | 機器人X=-0.04 誤差=+0.01 | 速度=+0.00 θ=+0.014
[03:31:51] [INFO] [1779737511.034924]: [TRACK] 球(-0.03, 1.76) v=(-0.00, -0.00) | 機器人X=-0.04 誤差=+0.01 | 速度=+0.00 θ=+0.014
[03:31:51] [INFO] [1779737511.236078]: [TRACK] 球(-0.03, 1.76) v=(-0.00, +0.00) | 機器人X=-0.04 誤差=+0.01 | 速度=+0.00 θ=+0.014
[03:31:51] [INFO] [1779737511.453138]: [TRACK] 球(-0.03, 1.76) v=(+0.00, -0.00) | 機器人X=-0.04 誤差=+0.01 | 速度=+0.00 θ=+0.014
[03:31:51] [INFO] [1779737511.682651]: [TRACK] 球(-0.03, 1.76) v=(-0.00, +0.00) | 機器人X=-0.04 誤差=+0.01 | 速度=+0.00 θ=+0.014
[03:31:51] [INFO] [1779737511.883676]: [TRACK] 球(-0.03, 1.76) v=(-0.00, +0.00) | 機器人X=-0.04 誤差=+0.01 | 速度=+0.00 θ=+0.014
[03:31:52] [INFO] [1779737512.098537]: [TRACK] 球(-0.03, 1.76) v=(-0.00, +0.00) | 機器人X=-0.04 誤差=+0.01 | 速度=+0.00 θ=+0.014
[03:31:52] [INFO] [1779737512.325192]: [TRACK] 球(-0.03, 1.76) v=(+0.00, +0.00) | 機器人X=-0.04 誤差=+0.01 | 速度=+0.00 θ=+0.014
[03:31:52] [INFO] [1779737512.567818]: [TRACK] 球(-0.03, 1.76) v=(+0.00, +0.00) | 機器人X=-0.04 誤差=+0.01 | 速度=+0.00 θ=+0.014
[03:31:52] [INFO] [1779737512.782154]: [TRACK] 球(-0.03, 1.76) v=(-0.00, +0.00) | 機器人X=-0.04 誤差=+0.01 | 速度=+0.00 θ=+0.014
[03:31:53] [INFO] [1779737513.019531]: [TRACK] 球(-0.03, 1.76) v=(+0.00, -0.00) | 機器人X=-0.04 誤差=+0.01 | 速度=+0.00 θ=+0.014
[03:31:53] [INFO] [1779737513.220650]: [TRACK] 球(-0.03, 1.76) v=(+0.00, -0.00) | 機器人X=-0.04 誤差=+0.01 | 速度=+0.00 θ=+0.014
[03:31:53] [INFO] [1779737513.429528]: [TRACK] 球(-0.03, 1.76) v=(-0.00, +0.00) | 機器人X=-0.05 誤差=+0.01 | 速度=+0.00 θ=+0.014
[03:31:53] [INFO] [1779737513.632915]: [TRACK] 球(-0.03, 1.76) v=(-0.00, +0.00) | 機器人X=-0.05 誤差=+0.01 | 速度=+0.00 θ=+0.014
[03:31:53] [INFO] [1779737513.863178]: [TRACK] 球(-0.03, 1.76) v=(+0.00, +0.00) | 機器人X=-0.04 誤差=+0.01 | 速度=+0.00 θ=+0.014
[03:31:54] [INFO] [1779737514.077960]: [TRACK] 球(-0.03, 1.76) v=(+0.00, -0.00) | 機器人X=-0.04 誤差=+0.01 | 速度=+0.00 θ=+0.013
[03:31:54] [INFO] [1779737514.282732]: [TRACK] 球(-0.03, 1.76) v=(+0.00, +0.00) | 機器人X=-0.04 誤差=+0.01 | 速度=+0.00 θ=+0.014
[03:31:54] [INFO] [1779737514.483811]: [TRACK] 球(-0.03, 1.76) v=(-0.00, +0.00) | 機器人X=-0.04 誤差=+0.01 | 速度=+0.00 θ=+0.014
[03:31:54] [INFO] [1779737514.683938]: [TRACK] 球(-0.03, 1.76) v=(-0.00, -0.00) | 機器人X=-0.04 誤差=+0.01 | 速度=+0.00 θ=+0.015
[03:31:54] [INFO] [1779737514.916596]: [TRACK] 球(-0.03, 1.76) v=(-0.00, +0.00) | 機器人X=-0.04 誤差=+0.01 | 速度=+0.00 θ=+0.014
[03:31:55] [INFO] [1779737515.132495]: [TRACK] 球(-0.03, 1.76) v=(+0.00, +0.00) | 機器人X=-0.04 誤差=+0.01 | 速度=+0.00 θ=+0.014
[03:31:55] [INFO] [1779737515.360633]: [TRACK] 球(-0.03, 1.76) v=(+0.00, -0.00) | 機器人X=-0.04 誤差=+0.01 | 速度=+0.00 θ=+0.014
[03:31:55] [INFO] [1779737515.587147]: [TRACK] 球(-0.03, 1.76) v=(+0.00, +0.00) | 機器人X=-0.04 誤差=+0.01 | 速度=+0.00 θ=+0.014
[03:31:55] [INFO] [1779737515.848619]: [TRACK] 球(-0.03, 1.76) v=(+0.00, -0.00) | 機器人X=-0.04 誤差=+0.01 | 速度=+0.00 θ=+0.014
[03:31:56] [INFO] [1779737516.078132]: [TRACK] 球(-0.03, 1.76) v=(+0.00, +0.00) | 機器人X=-0.04 誤差=+0.01 | 速度=+0.00 θ=+0.014
[03:31:56] [INFO] [1779737516.286012]: [TRACK] 球(-0.03, 1.76) v=(-0.00, +0.00) | 機器人X=-0.04 誤差=+0.01 | 速度=+0.00 θ=+0.014
[03:31:56] [INFO] [1779737516.493608]: [TRACK] 球(-0.03, 1.76) v=(-0.00, +0.00) | 機器人X=-0.04 誤差=+0.01 | 速度=+0.00 θ=+0.013
[03:31:56] [INFO] [1779737516.707362]: [TRACK] 球(-0.03, 1.76) v=(+0.00, +0.00) | 機器人X=-0.04 誤差=+0.01 | 速度=+0.00 θ=+0.013
[03:31:56] [INFO] [1779737516.926818]: [TRACK] 球(-0.03, 1.76) v=(+0.00, +0.00) | 機器人X=-0.04 誤差=+0.01 | 速度=+0.00 θ=+0.013
[03:31:57] [INFO] [1779737517.126979]: [TRACK] 球(-0.03, 1.76) v=(+0.00, +0.00) | 機器人X=-0.04 誤差=+0.01 | 速度=+0.00 θ=+0.013
[03:31:57] [INFO] [1779737517.331800]: [TRACK] 球(-0.03, 1.76) v=(-0.00, +0.00) | 機器人X=-0.04 誤差=+0.01 | 速度=+0.00 θ=+0.013
[03:31:57] [INFO] [1779737517.536314]: [TRACK] 球(-0.03, 1.76) v=(+0.00, +0.00) | 機器人X=-0.04 誤差=+0.01 | 速度=+0.00 θ=+0.013
[03:31:57] [INFO] [1779737517.783943]: [TRACK] 球(-0.03, 1.76) v=(-0.00, +0.00) | 機器人X=-0.04 誤差=+0.01 | 速度=+0.00 θ=+0.014
[03:31:57] [INFO] [1779737517.994200]: [TRACK] 球(-0.03, 1.76) v=(+0.00, +0.00) | 機器人X=-0.04 誤差=+0.01 | 速度=+0.00 θ=+0.013
[03:31:58] [INFO] [1779737518.227067]: [TRACK] 球(-0.03, 1.76) v=(+0.00, -0.00) | 機器人X=-0.04 誤差=+0.01 | 速度=+0.00 θ=+0.013
[03:31:58] [INFO] [1779737518.433538]: [TRACK] 球(-0.03, 1.76) v=(+0.00, -0.00) | 機器人X=-0.04 誤差=+0.01 | 速度=+0.00 θ=+0.013
[03:31:58] [INFO] [1779737518.671417]: [TRACK] 球(-0.03, 1.76) v=(+0.00, +0.00) | 機器人X=-0.04 誤差=+0.01 | 速度=+0.00 θ=+0.013
[03:31:58] [INFO] [1779737518.881552]: [TRACK] 球(-0.03, 1.76) v=(-0.00, -0.00) | 機器人X=-0.04 誤差=+0.01 | 速度=+0.00 θ=+0.014
[03:31:59] [INFO] [1779737519.082323]: [TRACK] 球(-0.03, 1.76) v=(+0.00, +0.00) | 機器人X=-0.04 誤差=+0.01 | 速度=+0.00 θ=+0.014
[03:31:59] [INFO] [1779737519.282810]: [TRACK] 球(-0.03, 1.76) v=(-0.00, +0.00) | 機器人X=-0.04 誤差=+0.01 | 速度=+0.00 θ=+0.014
[03:31:59] [INFO] [1779737519.498150]: [TRACK] 球(-0.03, 1.76) v=(-0.00, +0.00) | 機器人X=-0.04 誤差=+0.01 | 速度=+0.00 θ=+0.014
[03:31:59] [INFO] [1779737519.732577]: [TRACK] 球(-0.03, 1.76) v=(-0.00, -0.00) | 機器人X=-0.04 誤差=+0.01 | 速度=+0.00 θ=+0.014
[03:31:59] [INFO] [1779737519.942522]: [TRACK] 球(-0.03, 1.76) v=(+0.00, +0.00) | 機器人X=-0.04 誤差=+0.01 | 速度=+0.00 θ=+0.015
[03:32:00] [INFO] [1779737520.195152]: [TRACK] 球(-0.03, 1.76) v=(+0.00, +0.00) | 機器人X=-0.05 誤差=+0.01 | 速度=+0.00 θ=+0.014
[03:32:00] [INFO] [1779737520.415410]: [TRACK] 球(-0.03, 1.76) v=(+0.00, +0.00) | 機器人X=-0.04 誤差=+0.01 | 速度=+0.00 θ=+0.014
[03:32:00] [INFO] [1779737520.633001]: [TRACK] 球(-0.03, 1.76) v=(-0.00, +0.00) | 機器人X=-0.04 誤差=+0.01 | 速度=+0.00 θ=+0.014
[03:32:00] [INFO] [1779737520.834808]: [TRACK] 球(-0.03, 1.76) v=(-0.00, -0.00) | 機器人X=-0.04 誤差=+0.01 | 速度=+0.00 θ=+0.014
[03:32:01] [INFO] [1779737521.065374]: [TRACK] 球(-0.03, 1.76) v=(+0.00, -0.00) | 機器人X=-0.04 誤差=+0.01 | 速度=+0.00 θ=+0.014
[03:32:01] [INFO] [1779737521.281558]: [TRACK] 球(-0.03, 1.76) v=(+0.00, -0.00) | 機器人X=-0.04 誤差=+0.01 | 速度=+0.00 θ=+0.014
[03:32:01] [INFO] [1779737521.482028]: [TRACK] 球(-0.03, 1.76) v=(+0.00, -0.00) | 機器人X=-0.04 誤差=+0.01 | 速度=+0.00 θ=+0.014
[03:32:01] [INFO] [1779737521.710776]: [TRACK] 球(-0.03, 1.76) v=(+0.00, +0.00) | 機器人X=-0.04 誤差=+0.01 | 速度=+0.00 θ=+0.014
[03:32:01] [INFO] [1779737521.926898]: [TRACK] 球(-0.03, 1.76) v=(+0.00, -0.00) | 機器人X=-0.04 誤差=+0.01 | 速度=+0.00 θ=+0.014
[03:32:02] [INFO] [1779737522.131236]: [TRACK] 球(-0.03, 1.76) v=(-0.00, +0.00) | 機器人X=-0.04 誤差=+0.01 | 速度=+0.00 θ=+0.013
[03:32:02] [INFO] [1779737522.341617]: [TRACK] 球(-0.03, 1.76) v=(+0.00, +0.00) | 機器人X=-0.04 誤差=+0.01 | 速度=+0.00 θ=+0.013
[03:32:02] [INFO] [1779737522.569174]: [TRACK] 球(-0.03, 1.76) v=(+0.00, +0.00) | 機器人X=-0.04 誤差=+0.01 | 速度=+0.00 θ=+0.013
[03:32:02] [INFO] [1779737522.782110]: [TRACK] 球(-0.03, 1.76) v=(-0.00, +0.00) | 機器人X=-0.04 誤差=+0.01 | 速度=+0.00 θ=+0.014
[03:32:02] [INFO] [1779737522.982463]: [TRACK] 球(-0.03, 1.76) v=(-0.00, -0.00) | 機器人X=-0.04 誤差=+0.01 | 速度=+0.00 θ=+0.014
[03:32:03] [INFO] [1779737523.221287]: [TRACK] 球(-0.03, 1.76) v=(+0.00, +0.00) | 機器人X=-0.04 誤差=+0.01 | 速度=+0.00 θ=+0.014
[03:32:03] [INFO] [1779737523.431512]: [TRACK] 球(-0.03, 1.76) v=(-0.00, +0.00) | 機器人X=-0.04 誤差=+0.01 | 速度=+0.00 θ=+0.014
[03:32:03] [INFO] [1779737523.638327]: [TRACK] 球(-0.03, 1.76) v=(+0.00, +0.00) | 機器人X=-0.04 誤差=+0.01 | 速度=+0.00 θ=+0.014
[03:32:03] [INFO] [1779737523.870733]: [TRACK] 球(-0.03, 1.76) v=(+0.00, +0.00) | 機器人X=-0.04 誤差=+0.01 | 速度=+0.00 θ=+0.014
[03:32:04] [INFO] [1779737524.083079]: [TRACK] 球(-0.03, 1.76) v=(+0.00, -0.00) | 機器人X=-0.04 誤差=+0.01 | 速度=+0.00 θ=+0.013
[03:32:04] [INFO] [1779737524.283402]: [TRACK] 球(-0.03, 1.76) v=(-0.00, -0.00) | 機器人X=-0.04 誤差=+0.01 | 速度=+0.00 θ=+0.014
[03:32:04] [INFO] [1779737524.517670]: [TRACK] 球(-0.03, 1.76) v=(+0.00, +0.00) | 機器人X=-0.04 誤差=+0.01 | 速度=+0.00 θ=+0.014
[03:32:04] [INFO] [1779737524.728524]: [TRACK] 球(-0.03, 1.76) v=(+0.00, +0.00) | 機器人X=-0.04 誤差=+0.01 | 速度=+0.00 θ=+0.014
[03:32:04] [INFO] [1779737524.933018]: [TRACK] 球(-0.03, 1.76) v=(-0.00, +0.00) | 機器人X=-0.04 誤差=+0.01 | 速度=+0.00 θ=+0.014
[03:32:05] [INFO] [1779737525.144977]: [TRACK] 球(-0.03, 1.76) v=(+0.00, -0.00) | 機器人X=-0.04 誤差=+0.01 | 速度=+0.00 θ=+0.015
[03:32:05] [INFO] [1779737525.362976]: [TRACK] 球(-0.03, 1.76) v=(+0.00, +0.00) | 機器人X=-0.04 誤差=+0.01 | 速度=+0.00 θ=+0.014
[03:32:05] [INFO] [1779737525.581162]: [TRACK] 球(-0.03, 1.76) v=(-0.00, +0.00) | 機器人X=-0.04 誤差=+0.01 | 速度=+0.00 θ=+0.014
[03:32:05] [INFO] [1779737525.803252]: [TRACK] 球(-0.03, 1.76) v=(+0.00, -0.00) | 機器人X=-0.04 誤差=+0.01 | 速度=+0.00 θ=+0.015
[03:32:06] [INFO] [1779737526.031115]: [TRACK] 球(-0.03, 1.76) v=(-0.00, +0.00) | 機器人X=-0.04 誤差=+0.01 | 速度=+0.00 θ=+0.014
[03:32:06] [INFO] [1779737526.233297]: [TRACK] 球(-0.03, 1.76) v=(+0.00, -0.00) | 機器人X=-0.04 誤差=+0.01 | 速度=+0.00 θ=+0.014
[03:32:06] [INFO] [1779737526.438440]: [TRACK] 球(-0.03, 1.76) v=(-0.00, -0.00) | 機器人X=-0.04 誤差=+0.01 | 速度=+0.00 θ=+0.014
[03:32:06] [INFO] [1779737526.669240]: [TRACK] 球(-0.03, 1.76) v=(+0.00, -0.00) | 機器人X=-0.04 誤差=+0.01 | 速度=+0.00 θ=+0.014
[03:32:06] [INFO] [1779737526.881516]: [TRACK] 球(-0.03, 1.76) v=(-0.00, +0.00) | 機器人X=-0.04 誤差=+0.01 | 速度=+0.00 θ=+0.013
[03:32:07] [INFO] [1779737527.105485]: [TRACK] 球(-0.03, 1.76) v=(+0.00, +0.00) | 機器人X=-0.04 誤差=+0.01 | 速度=+0.00 θ=+0.014
[03:32:07] [INFO] [1779737527.307959]: [TRACK] 球(-0.03, 1.76) v=(-0.00, +0.00) | 機器人X=-0.04 誤差=+0.01 | 速度=+0.00 θ=+0.014
[03:32:07] [INFO] [1779737527.513301]: [TRACK] 球(-0.03, 1.76) v=(+0.00, -0.00) | 機器人X=-0.04 誤差=+0.01 | 速度=+0.00 θ=+0.014
[03:32:07] [INFO] [1779737527.723393]: [TRACK] 球(-0.03, 1.76) v=(+0.00, -0.00) | 機器人X=-0.04 誤差=+0.01 | 速度=+0.00 θ=+0.014
[03:32:07] [INFO] [1779737527.931065]: [TRACK] 球(-0.03, 1.76) v=(-0.00, +0.00) | 機器人X=-0.05 誤差=+0.01 | 速度=+0.00 θ=+0.014
[03:32:08] [INFO] [1779737528.132132]: [TRACK] 球(-0.03, 1.76) v=(-0.00, -0.00) | 機器人X=-0.05 誤差=+0.01 | 速度=+0.00 θ=+0.015
[03:32:08] [INFO] [1779737528.332730]: [TRACK] 球(-0.03, 1.76) v=(-0.00, +0.00) | 機器人X=-0.04 誤差=+0.01 | 速度=+0.00 θ=+0.015
[03:32:08] [INFO] [1779737528.547951]: [TRACK] 球(-0.03, 1.76) v=(-0.00, +0.00) | 機器人X=-0.04 誤差=+0.01 | 速度=+0.00 θ=+0.014
[03:32:08] [INFO] [1779737528.768682]: [TRACK] 球(-0.03, 1.76) v=(+0.00, -0.00) | 機器人X=-0.04 誤差=+0.01 | 速度=+0.00 θ=+0.015
[03:32:08] [INFO] [1779737528.981378]: [TRACK] 球(-0.03, 1.76) v=(-0.00, +0.00) | 機器人X=-0.04 誤差=+0.01 | 速度=+0.00 θ=+0.015
[03:32:09] [INFO] [1779737529.181469]: [TRACK] 球(-0.03, 1.76) v=(-0.00, +0.00) | 機器人X=-0.05 誤差=+0.01 | 速度=+0.00 θ=+0.014
[03:32:09] [INFO] [1779737529.384476]: [TRACK] 球(-0.03, 1.76) v=(+0.00, -0.00) | 機器人X=-0.04 誤差=+0.01 | 速度=+0.00 θ=+0.015
[03:32:09] [INFO] [1779737529.611560]: [TRACK] 球(-0.03, 1.76) v=(-0.00, +0.00) | 機器人X=-0.04 誤差=+0.01 | 速度=+0.00 θ=+0.015
[03:32:09] [INFO] [1779737529.815628]: [TRACK] 球(-0.03, 1.76) v=(+0.00, -0.00) | 機器人X=-0.04 誤差=+0.01 | 速度=+0.00 θ=+0.015
[03:32:10] [INFO] [1779737530.026528]: [TRACK] 球(-0.03, 1.76) v=(+0.00, -0.00) | 機器人X=-0.04 誤差=+0.01 | 速度=+0.00 θ=+0.014
[03:32:10] [INFO] [1779737530.232445]: [TRACK] 球(-0.03, 1.76) v=(-0.00, +0.00) | 機器人X=-0.04 誤差=+0.01 | 速度=+0.00 θ=+0.014
[03:32:10] [INFO] [1779737530.432579]: [TRACK] 球(-0.03, 1.76) v=(+0.00, -0.00) | 機器人X=-0.04 誤差=+0.01 | 速度=+0.00 θ=+0.013
[03:32:10] [INFO] [1779737530.642677]: [TRACK] 球(-0.03, 1.76) v=(+0.00, -0.00) | 機器人X=-0.04 誤差=+0.01 | 速度=+0.00 θ=+0.013
[03:32:10] [INFO] [1779737530.884694]: [TRACK] 球(-0.03, 1.76) v=(-0.00, -0.00) | 機器人X=-0.04 誤差=+0.01 | 速度=+0.00 θ=+0.013
[03:32:11] [INFO] [1779737531.110297]: [TRACK] 球(-0.03, 1.76) v=(-0.00, +0.00) | 機器人X=-0.04 誤差=+0.01 | 速度=+0.00 θ=+0.013
[03:32:11] [INFO] [1779737531.325349]: [TRACK] 球(-0.03, 1.76) v=(+0.00, +0.00) | 機器人X=-0.04 誤差=+0.01 | 速度=+0.00 θ=+0.013
[03:32:11] [INFO] [1779737531.533412]: [TRACK] 球(-0.03, 1.76) v=(-0.00, +0.00) | 機器人X=-0.04 誤差=+0.01 | 速度=+0.00 θ=+0.014
[03:32:11] [INFO] [1779737531.753235]: [TRACK] 球(-0.03, 1.76) v=(+0.00, +0.00) | 機器人X=-0.04 誤差=+0.01 | 速度=+0.00 θ=+0.014
[03:32:11] [INFO] [1779737531.982694]: [TRACK] 球(-0.03, 1.76) v=(-0.00, +0.00) | 機器人X=-0.04 誤差=+0.01 | 速度=+0.00 θ=+0.014
[03:32:12] [INFO] [1779737532.184218]: [TRACK] 球(-0.03, 1.76) v=(-0.00, -0.00) | 機器人X=-0.04 誤差=+0.01 | 速度=+0.00 θ=+0.014
[03:32:12] [INFO] [1779737532.407343]: [TRACK] 球(-0.03, 1.76) v=(-0.00, -0.00) | 機器人X=-0.04 誤差=+0.01 | 速度=+0.00 θ=+0.014
[03:32:12] [INFO] [1779737532.617643]: [TRACK] 球(-0.03, 1.76) v=(+0.00, -0.00) | 機器人X=-0.04 誤差=+0.01 | 速度=+0.00 θ=+0.014
[03:32:12] [INFO] [1779737532.833827]: [TRACK] 球(-0.03, 1.76) v=(-0.00, +0.00) | 機器人X=-0.04 誤差=+0.01 | 速度=+0.00 θ=+0.014
[03:32:13] [INFO] [1779737533.033849]: [TRACK] 球(-0.03, 1.76) v=(+0.00, -0.00) | 機器人X=-0.04 誤差=+0.01 | 速度=+0.00 θ=+0.013
[03:32:13] [INFO] [1779737533.235324]: [TRACK] 球(-0.03, 1.76) v=(+0.00, -0.00) | 機器人X=-0.04 誤差=+0.01 | 速度=+0.00 θ=+0.014
[03:32:13] [INFO] [1779737533.454992]: [TRACK] 球(-0.03, 1.76) v=(+0.00, +0.00) | 機器人X=-0.04 誤差=+0.01 | 速度=+0.00 θ=+0.014
[03:32:13] [INFO] [1779737533.672171]: [TRACK] 球(-0.03, 1.76) v=(+0.00, +0.00) | 機器人X=-0.04 誤差=+0.01 | 速度=+0.00 θ=+0.014
[03:32:13] [INFO] [1779737533.873580]: [TRACK] 球(-0.03, 1.76) v=(+0.00, -0.00) | 機器人X=-0.04 誤差=+0.01 | 速度=+0.00 θ=+0.014
[03:32:14] [INFO] [1779737534.079179]: [TRACK] 球(-0.03, 1.76) v=(+0.00, -0.00) | 機器人X=-0.04 誤差=+0.01 | 速度=+0.00 θ=+0.014
[03:32:14] [INFO] [1779737534.281013]: [TRACK] 球(-0.03, 1.76) v=(+0.00, -0.00) | 機器人X=-0.04 誤差=+0.01 | 速度=+0.00 θ=+0.014
[03:32:14] [INFO] [1779737534.481276]: [TRACK] 球(-0.03, 1.76) v=(-0.00, -0.00) | 機器人X=-0.04 誤差=+0.01 | 速度=+0.00 θ=+0.014
[03:32:14] [INFO] [1779737534.701292]: [TRACK] 球(-0.03, 1.76) v=(+0.00, +0.00) | 機器人X=-0.04 誤差=+0.01 | 速度=+0.00 θ=+0.014
[03:32:14] [INFO] [1779737534.912834]: [TRACK] 球(-0.03, 1.76) v=(+0.00, -0.00) | 機器人X=-0.04 誤差=+0.01 | 速度=+0.00 θ=+0.014
[03:32:15] [INFO] [1779737535.129698]: [TRACK] 球(-0.03, 1.76) v=(+0.00, +0.00) | 機器人X=-0.04 誤差=+0.01 | 速度=+0.00 θ=+0.015
[03:32:15] [INFO] [1779737535.332119]: [TRACK] 球(-0.03, 1.76) v=(-0.00, +0.00) | 機器人X=-0.04 誤差=+0.01 | 速度=+0.00 θ=+0.015
[03:32:15] [INFO] [1779737535.540695]: [TRACK] 球(-0.03, 1.76) v=(+0.00, -0.00) | 機器人X=-0.04 誤差=+0.01 | 速度=+0.00 θ=+0.015
[03:32:15] [0m[33m[WARN] [1779737535.552855]: [Fusion] 節點關閉，發送停止指令
[03:32:30] [INFO] [1779737550.504811]: ==================================================
[03:32:30] [INFO] [1779737550.513209]: [Fusion] 節點啟動
[03:32:30] [INFO] [1779737550.520160]: [Fusion] 防守線 Y = 0.50 m
[03:32:30] [INFO] [1779737550.527395]: [Fusion] 訂閱 /ball_camera_world, /ball_lidar_world, /robot_pose
[03:32:30] [33m[WARN] [1779737550.531404]: [Fusion] 定位收斂！var_x=0.0017 → 切換至絕對位置控制
[03:32:30] [INFO] [1779737550.534580]: [Fusion] 發布 /cmd_vel
[03:32:30] [INFO] [1779737550.542302]: ==================================================
[03:32:30] [INFO] [1779737550.552061]: [Fusion] odom 原點記錄：X=-1.679
[03:32:30] [INFO] [1779737550.556518]: [EKF] 初始化完成，球的初始位置: X=-0.031 Y=1.760
[03:32:30] [INFO] [1779737550.566133]: [TRACK] 球(-0.03, 1.76) v=(+0.00, +0.00) | 機器人X=+0.09 誤差=-0.12 | 速度=+0.00 θ=+0.011
[03:32:30] [INFO] [1779737550.777178]: [TRACK] 球(-0.03, 1.76) v=(-0.00, -0.01) | 機器人X=+0.09 誤差=-0.12 | 速度=-0.22 θ=+0.012
[03:32:30] [INFO] [1779737550.999892]: [TRACK] 球(-0.03, 1.76) v=(+0.00, +0.00) | 機器人X=+0.05 誤差=-0.08 | 速度=-0.16 θ=+0.017
[03:32:31] [INFO] [1779737551.228380]: [TRACK] 球(-0.03, 1.76) v=(+0.00, -0.00) | 機器人X=+0.02 誤差=-0.05 | 速度=-0.10 θ=+0.006
[03:32:31] [INFO] [1779737551.446471]: [TRACK] 球(-0.03, 1.76) v=(+0.00, -0.00) | 機器人X=-0.00 誤差=-0.03 | 速度=-0.08 θ=+0.012
[03:32:31] [INFO] [1779737551.677563]: [TRACK] 球(-0.03, 1.76) v=(-0.00, +0.00) | 機器人X=-0.02 誤差=-0.01 | 速度=+0.00 θ=+0.015
[03:32:31] [INFO] [1779737551.882341]: [TRACK] 球(-0.03, 1.76) v=(-0.00, +0.00) | 機器人X=-0.03 誤差=-0.01 | 速度=+0.00 θ=+0.015
[03:32:32] [INFO] [1779737552.103749]: [TRACK] 球(-0.03, 1.76) v=(+0.00, -0.00) | 機器人X=-0.03 誤差=-0.00 | 速度=+0.00 θ=+0.014
[03:32:32] [INFO] [1779737552.326309]: [TRACK] 球(-0.03, 1.76) v=(+0.00, -0.00) | 機器人X=-0.03 誤差=-0.00 | 速度=+0.00 θ=+0.013
[03:32:32] [INFO] [1779737552.540006]: [TRACK] 球(-0.03, 1.76) v=(-0.00, +0.00) | 機器人X=-0.03 誤差=-0.00 | 速度=+0.00 θ=+0.013
[03:32:32] [INFO] [1779737552.750121]: [TRACK] 球(-0.03, 1.76) v=(+0.00, -0.00) | 機器人X=-0.03 誤差=-0.00 | 速度=+0.00 θ=+0.013
[03:32:32] [INFO] [1779737552.964566]: [TRACK] 球(-0.03, 1.76) v=(+0.00, +0.00) | 機器人X=-0.03 誤差=-0.00 | 速度=+0.00 θ=+0.013
[03:32:33] [INFO] [1779737553.173723]: [TRACK] 球(-0.03, 1.76) v=(+0.00, +0.00) | 機器人X=-0.03 誤差=+0.00 | 速度=+0.00 θ=+0.014
[03:32:33] [INFO] [1779737553.384257]: [TRACK] 球(-0.03, 1.76) v=(-0.00, +0.00) | 機器人X=-0.03 誤差=-0.00 | 速度=+0.00 θ=+0.014
[03:32:33] [INFO] [1779737553.615739]: [TRACK] 球(-0.03, 1.76) v=(+0.00, -0.00) | 機器人X=-0.03 誤差=+0.00 | 速度=+0.00 θ=+0.013
[03:32:33] [INFO] [1779737553.829371]: [TRACK] 球(-0.03, 1.76) v=(-0.00, +0.00) | 機器人X=-0.03 誤差=+0.00 | 速度=+0.00 θ=+0.013
[03:32:34] [INFO] [1779737554.039511]: [TRACK] 球(-0.03, 1.76) v=(+0.00, +0.00) | 機器人X=-0.03 誤差=+0.00 | 速度=+0.00 θ=+0.014
[03:32:34] [INFO] [1779737554.249558]: [TRACK] 球(-0.03, 1.76) v=(+0.00, -0.00) | 機器人X=-0.03 誤差=+0.00 | 速度=+0.00 θ=+0.014
[03:32:34] [INFO] [1779737554.451913]: [TRACK] 球(-0.03, 1.76) v=(+0.00, -0.00) | 機器人X=-0.03 誤差=+0.00 | 速度=+0.00 θ=+0.014
[03:32:34] [INFO] [1779737554.656716]: [TRACK] 球(-0.03, 1.76) v=(+0.00, -0.00) | 機器人X=-0.03 誤差=+0.00 | 速度=+0.00 θ=+0.014
[03:32:34] [INFO] [1779737554.870454]: [TRACK] 球(-0.03, 1.76) v=(-0.00, -0.00) | 機器人X=-0.03 誤差=+0.00 | 速度=+0.00 θ=+0.014
[03:32:35] [INFO] [1779737555.081564]: [TRACK] 球(-0.03, 1.76) v=(-0.00, +0.00) | 機器人X=-0.03 誤差=+0.00 | 速度=+0.00 θ=+0.015
[03:32:35] [INFO] [1779737555.292366]: [TRACK] 球(-0.03, 1.76) v=(-0.00, -0.00) | 機器人X=-0.03 誤差=+0.00 | 速度=+0.00 θ=+0.015
[03:32:35] [INFO] [1779737555.501349]: [TRACK] 球(-0.03, 1.76) v=(+0.00, -0.00) | 機器人X=-0.03 誤差=+0.00 | 速度=+0.00 θ=+0.015
[03:32:35] [INFO] [1779737555.716038]: [TRACK] 球(-0.03, 1.76) v=(+0.00, -0.00) | 機器人X=-0.03 誤差=+0.00 | 速度=+0.00 θ=+0.015
[03:32:35] [INFO] [1779737555.918980]: [TRACK] 球(-0.03, 1.76) v=(+0.00, -0.00) | 機器人X=-0.03 誤差=+0.00 | 速度=+0.00 θ=+0.015
[03:32:36] [INFO] [1779737556.164158]: [TRACK] 球(-0.03, 1.76) v=(+0.00, -0.00) | 機器人X=-0.03 誤差=+0.00 | 速度=+0.00 θ=+0.015
[03:32:36] [INFO] [1779737556.382278]: [TRACK] 球(-0.03, 1.76) v=(-0.00, +0.00) | 機器人X=-0.03 誤差=+0.00 | 速度=+0.00 θ=+0.015
[03:32:36] [INFO] [1779737556.582515]: [TRACK] 球(-0.03, 1.76) v=(-0.00, +0.00) | 機器人X=-0.03 誤差=+0.00 | 速度=+0.00 θ=+0.016
[03:32:36] [INFO] [1779737556.822839]: [TRACK] 球(-0.03, 1.76) v=(+0.00, +0.00) | 機器人X=-0.03 誤差=+0.00 | 速度=+0.00 θ=+0.015
[03:32:37] [INFO] [1779737557.034845]: [TRACK] 球(-0.03, 1.76) v=(+0.00, -0.00) | 機器人X=-0.03 誤差=+0.00 | 速度=+0.00 θ=+0.016
[03:32:37] [INFO] [1779737557.259931]: [TRACK] 球(-0.03, 1.76) v=(+0.00, +0.00) | 機器人X=-0.03 誤差=+0.00 | 速度=+0.00 θ=+0.016
[03:32:37] [INFO] [1779737557.476532]: [TRACK] 球(-0.03, 1.76) v=(+0.00, +0.00) | 機器人X=-0.03 誤差=+0.00 | 速度=+0.00 θ=+0.016
[03:32:37] [INFO] [1779737557.681056]: [TRACK] 球(-0.03, 1.76) v=(-0.00, +0.00) | 機器人X=-0.03 誤差=+0.00 | 速度=+0.00 θ=+0.016
[03:32:37] [INFO] [1779737557.881799]: [TRACK] 球(-0.03, 1.76) v=(+0.00, -0.00) | 機器人X=-0.03 誤差=+0.00 | 速度=+0.00 θ=+0.016
[03:32:38] [INFO] [1779737558.083261]: [TRACK] 球(-0.03, 1.76) v=(-0.00, +0.00) | 機器人X=-0.03 誤差=+0.00 | 速度=+0.00 θ=+0.016
[03:32:38] [INFO] [1779737558.285975]: [TRACK] 球(-0.03, 1.76) v=(+0.00, -0.00) | 機器人X=-0.03 誤差=+0.00 | 速度=+0.00 θ=+0.016
[03:32:38] [INFO] [1779737558.493956]: [TRACK] 球(-0.03, 1.76) v=(+0.00, -0.00) | 機器人X=-0.03 誤差=+0.00 | 速度=+0.00 θ=+0.016
[03:32:38] [INFO] [1779737558.707634]: [TRACK] 球(-0.03, 1.76) v=(-0.00, +0.00) | 機器人X=-0.03 誤差=+0.00 | 速度=+0.00 θ=+0.015
[03:32:38] [INFO] [1779737558.915392]: [TRACK] 球(-0.03, 1.76) v=(+0.00, -0.00) | 機器人X=-0.03 誤差=+0.00 | 速度=+0.00 θ=+0.016
[03:32:39] [INFO] [1779737559.121821]: [TRACK] 球(-0.03, 1.76) v=(-0.00, +0.00) | 機器人X=-0.03 誤差=+0.00 | 速度=+0.00 θ=+0.015
[03:32:39] [INFO] [1779737559.334340]: [TRACK] 球(-0.03, 1.76) v=(-0.00, +0.00) | 機器人X=-0.03 誤差=+0.00 | 速度=+0.00 θ=+0.015
[03:32:39] [INFO] [1779737559.564946]: [TRACK] 球(-0.03, 1.76) v=(+0.00, -0.00) | 機器人X=-0.03 誤差=+0.00 | 速度=+0.00 θ=+0.015
[03:32:39] [INFO] [1779737559.782545]: [TRACK] 球(-0.03, 1.76) v=(-0.00, +0.00) | 機器人X=-0.03 誤差=+0.00 | 速度=+0.00 θ=+0.015
[03:32:39] [INFO] [1779737559.989354]: [TRACK] 球(-0.03, 1.76) v=(+0.00, -0.00) | 機器人X=-0.03 誤差=+0.00 | 速度=+0.00 θ=+0.015
[03:32:40] [INFO] [1779737560.222945]: [TRACK] 球(-0.03, 1.76) v=(+0.00, -0.00) | 機器人X=-0.03 誤差=+0.00 | 速度=+0.00 θ=+0.015
[03:32:40] [INFO] [1779737560.427235]: [TRACK] 球(-0.03, 1.76) v=(+0.00, +0.00) | 機器人X=-0.03 誤差=+0.00 | 速度=+0.00 θ=+0.015
[03:32:40] [INFO] [1779737560.635092]: [TRACK] 球(-0.03, 1.76) v=(+0.00, +0.00) | 機器人X=-0.03 誤差=+0.00 | 速度=+0.00 θ=+0.015
[03:32:40] [INFO] [1779737560.841735]: [TRACK] 球(-0.03, 1.76) v=(+0.00, -0.00) | 機器人X=-0.03 誤差=+0.00 | 速度=+0.00 θ=+0.016
[03:32:41] [INFO] [1779737561.042304]: [TRACK] 球(-0.03, 1.76) v=(+0.00, +0.00) | 機器人X=-0.03 誤差=+0.00 | 速度=+0.00 θ=+0.015
[03:32:41] [INFO] [1779737561.273066]: [TRACK] 球(-0.03, 1.76) v=(+0.00, -0.00) | 機器人X=-0.03 誤差=+0.00 | 速度=+0.00 θ=+0.015
[03:32:41] [INFO] [1779737561.481912]: [TRACK] 球(-0.03, 1.76) v=(-0.00, +0.00) | 機器人X=-0.03 誤差=+0.00 | 速度=+0.00 θ=+0.015
[03:32:41] [INFO] [1779737561.702211]: [TRACK] 球(-0.03, 1.76) v=(+0.00, -0.00) | 機器人X=-0.03 誤差=+0.00 | 速度=+0.00 θ=+0.015
[03:32:41] [INFO] [1779737561.924152]: [TRACK] 球(-0.03, 1.76) v=(+0.00, -0.00) | 機器人X=-0.03 誤差=+0.00 | 速度=+0.00 θ=+0.015
[03:32:42] [INFO] [1779737562.144604]: [TRACK] 球(-0.03, 1.76) v=(+0.00, +0.00) | 機器人X=-0.03 誤差=+0.00 | 速度=+0.00 θ=+0.015
[03:32:42] [INFO] [1779737562.352349]: [TRACK] 球(-0.03, 1.76) v=(-0.00, +0.00) | 機器人X=-0.03 誤差=+0.00 | 速度=+0.00 θ=+0.015
[03:32:42] [INFO] [1779737562.555163]: [TRACK] 球(-0.03, 1.76) v=(+0.00, -0.00) | 機器人X=-0.03 誤差=+0.00 | 速度=+0.00 θ=+0.016
[03:32:42] [INFO] [1779737562.775433]: [TRACK] 球(-0.03, 1.76) v=(-0.00, +0.00) | 機器人X=-0.03 誤差=+0.00 | 速度=+0.00 θ=+0.015
[03:32:42] [INFO] [1779737562.982631]: [TRACK] 球(-0.03, 1.76) v=(-0.00, +0.00) | 機器人X=-0.03 誤差=+0.00 | 速度=+0.00 θ=+0.015
[03:32:43] [INFO] [1779737563.208568]: [TRACK] 球(-0.03, 1.76) v=(+0.00, -0.00) | 機器人X=-0.03 誤差=+0.00 | 速度=+0.00 θ=+0.015
[03:32:43] [INFO] [1779737563.427360]: [TRACK] 球(-0.03, 1.76) v=(-0.00, +0.00) | 機器人X=-0.03 誤差=+0.00 | 速度=+0.00 θ=+0.014
[03:32:43] [INFO] [1779737563.631259]: [TRACK] 球(-0.03, 1.76) v=(-0.00, -0.00) | 機器人X=-0.03 誤差=+0.00 | 速度=+0.00 θ=+0.015
[03:32:43] [INFO] [1779737563.856379]: [TRACK] 球(-0.03, 1.76) v=(+0.00, -0.00) | 機器人X=-0.03 誤差=+0.00 | 速度=+0.00 θ=+0.015
[03:32:44] [INFO] [1779737564.086683]: [TRACK] 球(-0.03, 1.76) v=(+0.00, +0.00) | 機器人X=-0.03 誤差=+0.00 | 速度=+0.00 θ=+0.016
[03:32:44] [INFO] [1779737564.314160]: [TRACK] 球(-0.03, 1.76) v=(+0.00, +0.00) | 機器人X=-0.03 誤差=+0.00 | 速度=+0.00 θ=+0.016
[03:32:44] [INFO] [1779737564.532785]: [TRACK] 球(-0.03, 1.76) v=(-0.00, +0.00) | 機器人X=-0.03 誤差=+0.00 | 速度=+0.00 θ=+0.016
[03:32:44] [INFO] [1779737564.762552]: [TRACK] 球(-0.03, 1.76) v=(+0.00, -0.00) | 機器人X=-0.03 誤差=+0.00 | 速度=+0.00 θ=+0.016
[03:32:44] [INFO] [1779737564.981657]: [TRACK] 球(-0.03, 1.76) v=(-0.00, +0.00) | 機器人X=-0.03 誤差=+0.00 | 速度=+0.00 θ=+0.016
[03:32:45] [INFO] [1779737565.181597]: [TRACK] 球(-0.03, 1.76) v=(-0.00, -0.00) | 機器人X=-0.03 誤差=+0.00 | 速度=+0.00 θ=+0.015
[03:32:45] [INFO] [1779737565.381752]: [TRACK] 球(-0.03, 1.76) v=(-0.00, -0.00) | 機器人X=-0.03 誤差=+0.00 | 速度=+0.00 θ=+0.015
[03:32:45] [INFO] [1779737565.588068]: [TRACK] 球(-0.03, 1.76) v=(+0.00, -0.00) | 機器人X=-0.03 誤差=+0.00 | 速度=+0.00 θ=+0.015
[03:32:45] [INFO] [1779737565.794161]: [TRACK] 球(-0.03, 1.76) v=(+0.00, +0.00) | 機器人X=-0.03 誤差=+0.00 | 速度=+0.00 θ=+0.015
[03:32:46] [INFO] [1779737566.019719]: [TRACK] 球(-0.03, 1.76) v=(+0.00, +0.00) | 機器人X=-0.03 誤差=+0.00 | 速度=+0.00 θ=+0.016
[03:32:46] [INFO] [1779737566.221147]: [TRACK] 球(-0.03, 1.76) v=(-0.00, +0.00) | 機器人X=-0.03 誤差=+0.00 | 速度=+0.00 θ=+0.016
[03:32:46] [INFO] [1779737566.450634]: [TRACK] 球(-0.03, 1.76) v=(+0.00, +0.00) | 機器人X=-0.03 誤差=+0.00 | 速度=+0.00 θ=+0.015
[03:32:46] [INFO] [1779737566.653997]: [TRACK] 球(-0.03, 1.76) v=(-0.00, +0.00) | 機器人X=-0.03 誤差=+0.00 | 速度=+0.00 θ=+0.015
[03:32:46] [INFO] [1779737566.861054]: [TRACK] 球(-0.03, 1.76) v=(+0.00, +0.00) | 機器人X=-0.03 誤差=+0.00 | 速度=+0.00 θ=+0.015
[03:32:47] [INFO] [1779737567.073702]: [TRACK] 球(-0.03, 1.76) v=(+0.00, +0.00) | 機器人X=-0.03 誤差=+0.00 | 速度=+0.00 θ=+0.015
[03:32:47] [INFO] [1779737567.279229]: [TRACK] 球(-0.03, 1.76) v=(-0.00, +0.00) | 機器人X=-0.03 誤差=+0.00 | 速度=+0.00 θ=+0.016
[03:32:47] [INFO] [1779737567.481777]: [TRACK] 球(-0.03, 1.76) v=(-0.00, +0.00) | 機器人X=-0.03 誤差=+0.00 | 速度=+0.00 θ=+0.015
[03:32:47] [INFO] [1779737567.682145]: [TRACK] 球(-0.03, 1.76) v=(-0.00, -0.00) | 機器人X=-0.03 誤差=+0.00 | 速度=+0.00 θ=+0.015
[03:32:47] [INFO] [1779737567.910495]: [TRACK] 球(-0.03, 1.76) v=(+0.00, -0.00) | 機器人X=-0.03 誤差=+0.00 | 速度=+0.00 θ=+0.015
[03:32:48] [INFO] [1779737568.132984]: [TRACK] 球(-0.03, 1.76) v=(-0.00, +0.00) | 機器人X=-0.03 誤差=+0.00 | 速度=+0.00 θ=+0.015
[03:32:48] [INFO] [1779737568.362139]: [TRACK] 球(-0.03, 1.76) v=(+0.00, -0.00) | 機器人X=-0.03 誤差=+0.00 | 速度=+0.00 θ=+0.015
[03:32:48] [INFO] [1779737568.588531]: [TRACK] 球(-0.03, 1.76) v=(+0.00, -0.00) | 機器人X=-0.03 誤差=+0.00 | 速度=+0.00 θ=+0.015
[03:32:48] [INFO] [1779737568.808997]: [TRACK] 球(-0.03, 1.76) v=(-0.00, -0.00) | 機器人X=-0.03 誤差=+0.00 | 速度=+0.00 θ=+0.014
[03:32:49] [INFO] [1779737569.029397]: [TRACK] 球(-0.03, 1.76) v=(+0.00, -0.00) | 機器人X=-0.03 誤差=+0.00 | 速度=+0.00 θ=+0.014
[03:32:49] [INFO] [1779737569.231434]: [TRACK] 球(-0.03, 1.76) v=(-0.00, +0.00) | 機器人X=-0.03 誤差=+0.00 | 速度=+0.00 θ=+0.015
[03:32:49] [INFO] [1779737569.434706]: [TRACK] 球(-0.03, 1.76) v=(-0.00, +0.00) | 機器人X=-0.03 誤差=+0.00 | 速度=+0.00 θ=+0.015
[03:32:49] [INFO] [1779737569.643562]: [TRACK] 球(-0.03, 1.76) v=(-0.00, +0.00) | 機器人X=-0.03 誤差=+0.00 | 速度=+0.00 θ=+0.015
[03:32:49] [INFO] [1779737569.877572]: [TRACK] 球(-0.03, 1.76) v=(+0.00, -0.00) | 機器人X=-0.03 誤差=+0.00 | 速度=+0.00 θ=+0.015
[03:32:50] [INFO] [1779737570.081991]: [TRACK] 球(-0.03, 1.76) v=(-0.00, +0.00) | 機器人X=-0.03 誤差=+0.00 | 速度=+0.00 θ=+0.015
[03:32:50] [INFO] [1779737570.282250]: [TRACK] 球(-0.03, 1.76) v=(+0.00, -0.00) | 機器人X=-0.03 誤差=+0.00 | 速度=+0.00 θ=+0.015
[03:32:50] [0m[33m[WARN] [1779737570.485228]: [Fusion] 節點關閉，發送停止指令
[03:32:52] [INFO] [1779737572.968388]: ==================================================
[03:32:52] [INFO] [1779737572.975498]: [Fusion] 節點啟動
[03:32:52] [INFO] [1779737572.979558]: [Fusion] 防守線 Y = 0.50 m
[03:32:52] [33m[WARN] [1779737572.980369]: [Fusion] 定位收斂！var_x=0.0017 → 切換至絕對位置控制
[03:32:52] [INFO] [1779737572.982828]: [Fusion] 訂閱 /ball_camera_world, /ball_lidar_world, /robot_pose
[03:32:52] [INFO] [1779737572.989577]: [Fusion] 發布 /cmd_vel
[03:32:52] [INFO] [1779737572.992021]: [EKF] 初始化完成，球的初始位置: X=-0.031 Y=1.760
[03:32:52] [INFO] [1779737572.994507]: ==================================================
[03:32:52] [INFO] [1779737572.998719]: [TRACK] 球(-0.03, 1.76) v=(+0.00, +0.00) | 機器人X=-0.03 誤差=+0.00 | 速度=+0.00 θ=+0.016
[03:32:53] [INFO] [1779737573.012856]: [Fusion] odom 原點記錄：X=-1.685
[03:32:53] [INFO] [1779737573.221332]: [TRACK] 球(-0.03, 1.76) v=(+0.00, +0.00) | 機器人X=-0.03 誤差=+0.00 | 速度=+0.00 θ=+0.016
[03:32:53] [INFO] [1779737573.422946]: [TRACK] 球(-0.03, 1.76) v=(-0.00, +0.01) | 機器人X=-0.03 誤差=+0.00 | 速度=+0.00 θ=+0.016
[03:32:53] [INFO] [1779737573.647834]: [TRACK] 球(-0.03, 1.76) v=(-0.00, +0.00) | 機器人X=-0.03 誤差=+0.00 | 速度=+0.00 θ=+0.016
[03:32:53] [INFO] [1779737573.865095]: [TRACK] 球(-0.03, 1.76) v=(-0.00, -0.00) | 機器人X=-0.03 誤差=+0.00 | 速度=+0.00 θ=+0.015
[03:32:54] [INFO] [1779737574.078627]: [TRACK] 球(-0.03, 1.76) v=(-0.00, +0.00) | 機器人X=-0.03 誤差=+0.00 | 速度=+0.00 θ=+0.015
[03:32:54] [INFO] [1779737574.281708]: [TRACK] 球(-0.03, 1.76) v=(-0.00, +0.00) | 機器人X=-0.03 誤差=+0.00 | 速度=+0.00 θ=+0.015
[03:32:54] [INFO] [1779737574.487545]: [TRACK] 球(-0.03, 1.76) v=(-0.00, -0.00) | 機器人X=-0.03 誤差=+0.00 | 速度=+0.00 θ=+0.015
[03:32:54] [INFO] [1779737574.698318]: [TRACK] 球(-0.03, 1.76) v=(+0.00, -0.00) | 機器人X=-0.03 誤差=+0.00 | 速度=+0.00 θ=+0.015
[03:32:54] [INFO] [1779737574.899725]: [TRACK] 球(-0.03, 1.76) v=(-0.00, +0.00) | 機器人X=-0.03 誤差=+0.00 | 速度=+0.00 θ=+0.016
[03:32:55] [INFO] [1779737575.101482]: [TRACK] 球(-0.03, 1.76) v=(-0.00, +0.00) | 機器人X=-0.03 誤差=+0.00 | 速度=+0.00 θ=+0.017
[03:32:55] [INFO] [1779737575.304483]: [TRACK] 球(-0.03, 1.76) v=(-0.00, -0.00) | 機器人X=-0.03 誤差=+0.00 | 速度=+0.00 θ=+0.016
[03:32:55] [INFO] [1779737575.528051]: [TRACK] 球(-0.03, 1.76) v=(+0.00, -0.00) | 機器人X=-0.03 誤差=+0.00 | 速度=+0.00 θ=+0.016
[03:32:55] [INFO] [1779737575.752507]: [TRACK] 球(-0.03, 1.76) v=(-0.00, +0.00) | 機器人X=-0.03 誤差=+0.00 | 速度=+0.00 θ=+0.016
[03:32:55] [INFO] [1779737575.968311]: [TRACK] 球(-0.03, 1.76) v=(-0.00, -0.00) | 機器人X=-0.03 誤差=+0.00 | 速度=+0.00 θ=+0.016
[03:32:56] [0m[33m[WARN] [1779737576.051434]: [Fusion] 節點關閉，發送停止指令
