[03:31:21] [DEBUG] 成功開啟檔案，開始解析...
[03:31:21] [ERROR] 節點解析失敗，讀到異常內容: # Feature Dimension: 7
[03:31:21] [DEBUG] 找到 SECTION 1，準備讀取 Mu/Sigma...
[03:31:21] [DEBUG] Mu 讀取完畢，大小: 7
[03:31:21] [DEBUG] Sigma 讀取完畢，大小: 7
[03:31:21] 已成功載入隨機森林，總計 40 棵樹。
[03:31:21] [33m[WARN] [1779737481.200782172]: [Perception] Waiting for LiDAR...[0m
[03:31:29] [0m[INFO] [1779737481.198549696]: === [Perception] Started, 20 Hz ===[0m
[03:31:29] [0m[INFO] [1779737481.400133108]: [Perception] Ball: x=0.02 y=1.31 dist=1.31 m[0m
[03:31:29] [0m[INFO] [1779737481.400218596]: [Perception] Post 1: x=-0.42 y=-0.45 dist=0.62 m[0m
[03:31:29] [0m[INFO] [1779737481.749726818]: [Perception] Ball: x=0.02 y=1.31 dist=1.31 m[0m
[03:31:29] [0m[INFO] [1779737481.749824317]: [Perception] Post 1: x=-0.43 y=-0.44 dist=0.62 m[0m
[03:31:29] [0m[INFO] [1779737482.099700583]: [Perception] Ball: x=0.01 y=1.31 dist=1.31 m[0m
[03:31:29] [0m[INFO] [1779737482.099791731]: [Perception] Post 1: x=-0.42 y=-0.45 dist=0.62 m[0m
[03:31:29] [0m[INFO] [1779737482.449707278]: [Perception] Ball: x=0.02 y=1.31 dist=1.31 m[0m
[03:31:29] [0m[INFO] [1779737482.449777451]: [Perception] Post 1: x=-0.43 y=-0.44 dist=0.62 m[0m
[03:31:29] [0m[INFO] [1779737482.749756720]: [Perception] Ball: x=0.02 y=1.31 dist=1.31 m[0m
[03:31:29] [0m[INFO] [1779737482.749818914]: [Perception] Post 1: x=-0.43 y=-0.45 dist=0.62 m[0m
[03:31:29] [0m[INFO] [1779737483.099824706]: [Perception] Ball: x=0.02 y=1.31 dist=1.31 m[0m
[03:31:29] [0m[INFO] [1779737483.099913087]: [Perception] Post 1: x=-0.43 y=-0.45 dist=0.62 m[0m
[03:31:29] [0m[INFO] [1779737483.449797059]: [Perception] Ball: x=0.02 y=1.31 dist=1.31 m[0m
[03:31:29] [0m[INFO] [1779737483.449900692]: [Perception] Post 1: x=-0.42 y=-0.45 dist=0.62 m[0m
[03:31:29] [0m[INFO] [1779737483.799701091]: [Perception] Ball: x=0.02 y=1.31 dist=1.31 m[0m
[03:31:29] [0m[INFO] [1779737483.799777870]: [Perception] Post 1: x=-0.43 y=-0.44 dist=0.62 m[0m
[03:31:29] [0m[INFO] [1779737484.149665299]: [Perception] Ball: x=0.02 y=1.31 dist=1.31 m[0m
[03:31:29] [0m[INFO] [1779737484.149741473]: [Perception] Post 1: x=-0.43 y=-0.45 dist=0.62 m[0m
[03:31:29] [0m[INFO] [1779737484.499685077]: [Perception] Ball: x=0.02 y=1.31 dist=1.31 m[0m
[03:31:29] [0m[INFO] [1779737484.499756012]: [Perception] Post 1: x=-0.43 y=-0.45 dist=0.62 m[0m
[03:31:29] [0m[INFO] [1779737484.799714440]: [Perception] Ball: x=0.01 y=1.31 dist=1.31 m[0m
[03:31:29] [0m[INFO] [1779737484.799785090]: [Perception] Post 1: x=-0.43 y=-0.45 dist=0.62 m[0m
[03:31:29] [0m[INFO] [1779737485.149513035]: [Perception] Ball: x=0.01 y=1.31 dist=1.31 m[0m
[03:31:29] [0m[INFO] [1779737485.149578425]: [Perception] Post 1: x=-0.43 y=-0.45 dist=0.62 m[0m
[03:31:29] [0m[INFO] [1779737485.449552252]: [Perception] Ball: x=0.01 y=1.31 dist=1.31 m[0m
[03:31:29] [0m[INFO] [1779737485.449615822]: [Perception] Post 1: x=-0.43 y=-0.45 dist=0.62 m[0m
[03:31:29] [0m[INFO] [1779737485.749752010]: [Perception] Post 1: x=-0.43 y=-0.45 dist=0.62 m[0m
[03:31:29] [0m[INFO] [1779737485.849720941]: [Perception] Ball: x=0.01 y=1.31 dist=1.31 m[0m
[03:31:29] [0m[INFO] [1779737486.099855319]: [Perception] Post 1: x=-0.42 y=-0.45 dist=0.62 m[0m
[03:31:29] [0m[INFO] [1779737486.199601713]: [Perception] Ball: x=0.02 y=1.31 dist=1.31 m[0m
[03:31:29] [0m[INFO] [1779737486.450000591]: [Perception] Post 1: x=-0.43 y=-0.45 dist=0.62 m[0m
[03:31:29] [0m[INFO] [1779737486.649630629]: [Perception] Ball: x=0.02 y=1.31 dist=1.31 m[0m
[03:31:29] [0m[INFO] [1779737486.799670474]: [Perception] Post 1: x=-0.43 y=-0.45 dist=0.62 m[0m
[03:31:29] [0m[INFO] [1779737486.949689852]: [Perception] Ball: x=0.01 y=1.31 dist=1.31 m[0m
[03:31:29] [0m[INFO] [1779737487.149948976]: [Perception] Post 1: x=-0.42 y=-0.45 dist=0.62 m[0m
[03:31:29] [0m[INFO] [1779737487.299595717]: [Perception] Ball: x=0.02 y=1.31 dist=1.31 m[0m
[03:31:29] [0m[INFO] [1779737487.499647034]: [Perception] Post 1: x=-0.43 y=-0.44 dist=0.62 m[0m
[03:31:29] [0m[INFO] [1779737487.599636508]: [Perception] Ball: x=0.01 y=1.31 dist=1.31 m[0m
[03:31:29] [0m[INFO] [1779737487.799733123]: [Perception] Post 1: x=-0.43 y=-0.45 dist=0.62 m[0m
[03:31:29] [0m[INFO] [1779737487.899666691]: [Perception] Ball: x=0.02 y=1.31 dist=1.31 m[0m
[03:31:29] [0m[INFO] [1779737488.149660754]: [Perception] Post 1: x=-0.43 y=-0.45 dist=0.62 m[0m
[03:31:29] [0m[INFO] [1779737488.249614848]: [Perception] Ball: x=0.01 y=1.31 dist=1.31 m[0m
[03:31:29] [0m[INFO] [1779737488.449698183]: [Perception] Post 1: x=-0.43 y=-0.44 dist=0.62 m[0m
[03:31:29] [0m[INFO] [1779737488.549640087]: [Perception] Ball: x=0.02 y=1.31 dist=1.31 m[0m
[03:31:29] [0m[INFO] [1779737488.799620001]: [Perception] Post 1: x=-0.43 y=-0.44 dist=0.62 m[0m
[03:31:29] [0m[INFO] [1779737488.899626817]: [Perception] Ball: x=0.02 y=1.31 dist=1.31 m[0m
[03:31:37] [0m[INFO] [1779737489.149698365]: [Perception] Post 1: x=-0.43 y=-0.44 dist=0.62 m[0m
[03:31:37] [0m[INFO] [1779737489.300124842]: [Perception] Ball: x=0.02 y=1.31 dist=1.31 m[0m
[03:31:37] [0m[INFO] [1779737489.450459024]: [Perception] Post 1: x=-0.43 y=-0.44 dist=0.62 m[0m
[03:31:37] [0m[INFO] [1779737489.649675406]: [Perception] Ball: x=0.02 y=1.31 dist=1.31 m[0m
[03:31:37] [0m[INFO] [1779737489.799682221]: [Perception] Post 1: x=-0.43 y=-0.44 dist=0.62 m[0m
[03:31:37] [0m[INFO] [1779737489.949655244]: [Perception] Ball: x=0.02 y=1.31 dist=1.31 m[0m
[03:31:37] [0m[INFO] [1779737490.099821831]: [Perception] Post 1: x=-0.43 y=-0.44 dist=0.62 m[0m
[03:31:37] [0m[INFO] [1779737490.299745095]: [Perception] Ball: x=0.01 y=1.31 dist=1.31 m[0m
[03:31:37] [0m[INFO] [1779737490.449789259]: [Perception] Post 1: x=-0.43 y=-0.44 dist=0.62 m[0m
[03:31:37] [0m[INFO] [1779737490.699679052]: [Perception] Ball: x=0.01 y=1.31 dist=1.31 m[0m
[03:31:37] [0m[INFO] [1779737490.799700055]: [Perception] Post 1: x=-0.43 y=-0.44 dist=0.62 m[0m
[03:31:37] [0m[INFO] [1779737491.000060504]: [Perception] Ball: x=0.02 y=1.31 dist=1.31 m[0m
[03:31:37] [0m[INFO] [1779737491.099769257]: [Perception] Post 1: x=-0.43 y=-0.45 dist=0.62 m[0m
[03:31:37] [0m[INFO] [1779737491.350012826]: [Perception] Ball: x=0.01 y=1.31 dist=1.31 m[0m
[03:31:37] [0m[INFO] [1779737491.399955786]: [Perception] Post 1: x=-0.43 y=-0.45 dist=0.62 m[0m
[03:31:37] [0m[INFO] [1779737491.700546254]: [Perception] Ball: x=0.02 y=1.31 dist=1.31 m[0m
[03:31:37] [0m[INFO] [1779737491.700701127]: [Perception] Post 1: x=-0.42 y=-0.45 dist=0.62 m[0m
[03:31:37] [0m[INFO] [1779737492.049773978]: [Perception] Ball: x=0.02 y=1.31 dist=1.31 m[0m
[03:31:37] [0m[INFO] [1779737492.049903925]: [Perception] Post 1: x=-0.43 y=-0.45 dist=0.62 m[0m
[03:31:37] [0m[INFO] [1779737492.399562792]: [Perception] Ball: x=0.01 y=1.31 dist=1.31 m[0m
[03:31:37] [0m[INFO] [1779737492.399660221]: [Perception] Post 1: x=-0.43 y=-0.45 dist=0.62 m[0m
[03:31:37] [0m[INFO] [1779737492.699589603]: [Perception] Ball: x=0.02 y=1.31 dist=1.31 m[0m
[03:31:37] [0m[INFO] [1779737492.699698333]: [Perception] Post 1: x=-0.43 y=-0.44 dist=0.62 m[0m
[03:31:37] [0m[INFO] [1779737492.999684985]: [Perception] Ball: x=0.01 y=1.31 dist=1.31 m[0m
[03:31:37] [0m[INFO] [1779737492.999775238]: [Perception] Post 1: x=-0.43 y=-0.45 dist=0.62 m[0m
[03:31:37] [0m[INFO] [1779737493.299780854]: [Perception] Ball: x=0.02 y=1.31 dist=1.31 m[0m
[03:31:37] [0m[INFO] [1779737493.299926653]: [Perception] Post 1: x=-0.43 y=-0.44 dist=0.62 m[0m
[03:31:37] [0m[INFO] [1779737493.649764296]: [Perception] Post 1: x=-0.43 y=-0.45 dist=0.62 m[0m
[03:31:37] [0m[INFO] [1779737493.750200828]: [Perception] Ball: x=0.02 y=1.31 dist=1.31 m[0m
[03:31:37] [0m[INFO] [1779737493.999814424]: [Perception] Post 1: x=-0.43 y=-0.45 dist=0.62 m[0m
[03:31:37] [0m[INFO] [1779737494.100067609]: [Perception] Ball: x=0.02 y=1.31 dist=1.31 m[0m
[03:31:37] [0m[INFO] [1779737494.299911319]: [Perception] Post 1: x=-0.43 y=-0.44 dist=0.62 m[0m
[03:31:37] [0m[INFO] [1779737494.449704888]: [Perception] Ball: x=0.02 y=1.31 dist=1.31 m[0m
[03:31:37] [0m[INFO] [1779737494.649979554]: [Perception] Post 1: x=-0.42 y=-0.45 dist=0.62 m[0m
[03:31:37] [0m[INFO] [1779737494.749723891]: [Perception] Ball: x=0.02 y=1.31 dist=1.31 m[0m
[03:31:37] [0m[INFO] [1779737494.999917977]: [Perception] Post 1: x=-0.43 y=-0.45 dist=0.62 m[0m
[03:31:37] [0m[INFO] [1779737495.099559418]: [Perception] Ball: x=0.01 y=1.31 dist=1.31 m[0m
[03:31:37] [0m[INFO] [1779737495.350490328]: [Perception] Post 1: x=-0.43 y=-0.45 dist=0.62 m[0m
[03:31:37] [0m[INFO] [1779737495.399677328]: [Perception] Ball: x=0.02 y=1.31 dist=1.31 m[0m
[03:31:37] [0m[INFO] [1779737495.699717471]: [Perception] Ball: x=0.01 y=1.31 dist=1.31 m[0m
[03:31:37] [0m[INFO] [1779737495.699818368]: [Perception] Post 1: x=-0.43 y=-0.45 dist=0.62 m[0m
[03:31:37] [0m[INFO] [1779737496.049709029]: [Perception] Ball: x=0.01 y=1.31 dist=1.31 m[0m
[03:31:37] [0m[INFO] [1779737496.049814788]: [Perception] Post 1: x=-0.42 y=-0.45 dist=0.62 m[0m
[03:31:37] [0m[INFO] [1779737496.399658105]: [Perception] Ball: x=0.02 y=1.31 dist=1.31 m[0m
[03:31:37] [0m[INFO] [1779737496.399746761]: [Perception] Post 1: x=-0.43 y=-0.45 dist=0.62 m[0m
[03:31:37] [0m[INFO] [1779737496.699710278]: [Perception] Ball: x=0.02 y=1.31 dist=1.31 m[0m
[03:31:37] [0m[INFO] [1779737496.699817841]: [Perception] Post 1: x=-0.43 y=-0.45 dist=0.62 m[0m
[03:31:37] [0m[INFO] [1779737496.999734122]: [Perception] Ball: x=0.01 y=1.31 dist=1.31 m[0m
[03:31:45] [0m[INFO] [1779737496.999840598]: [Perception] Post 1: x=-0.43 y=-0.45 dist=0.62 m[0m
[03:31:45] [0m[INFO] [1779737497.299869575]: [Perception] Ball: x=0.01 y=1.31 dist=1.31 m[0m
[03:31:45] [0m[INFO] [1779737497.300008928]: [Perception] Post 1: x=-0.42 y=-0.45 dist=0.62 m[0m
[03:31:45] [0m[INFO] [1779737497.649540891]: [Perception] Ball: x=0.02 y=1.31 dist=1.31 m[0m
[03:31:45] [0m[INFO] [1779737497.649630644]: [Perception] Post 1: x=-0.42 y=-0.45 dist=0.62 m[0m
[03:31:45] [0m[INFO] [1779737497.950594925]: [Perception] Ball: x=0.01 y=1.31 dist=1.31 m[0m
[03:31:45] [0m[INFO] [1779737497.950764116]: [Perception] Post 1: x=-0.43 y=-0.45 dist=0.62 m[0m
[03:31:45] [0m[INFO] [1779737498.299813116]: [Perception] Ball: x=0.02 y=1.31 dist=1.31 m[0m
[03:31:45] [0m[INFO] [1779737498.299932955]: [Perception] Post 1: x=-0.42 y=-0.45 dist=0.62 m[0m
[03:31:45] [0m[INFO] [1779737498.650117223]: [Perception] Ball: x=0.02 y=1.31 dist=1.31 m[0m
[03:31:45] [0m[INFO] [1779737498.650282472]: [Perception] Post 1: x=-0.43 y=-0.45 dist=0.62 m[0m
[03:31:45] [0m[INFO] [1779737499.000638240]: [Perception] Ball: x=0.02 y=1.31 dist=1.31 m[0m
[03:31:45] [0m[INFO] [1779737499.000865495]: [Perception] Post 1: x=-0.43 y=-0.44 dist=0.62 m[0m
[03:31:45] [0m[INFO] [1779737499.350557417]: [Perception] Ball: x=0.02 y=1.31 dist=1.31 m[0m
[03:31:45] [0m[INFO] [1779737499.350781467]: [Perception] Post 1: x=-0.43 y=-0.44 dist=0.62 m[0m
[03:31:45] [0m[INFO] [1779737499.699868111]: [Perception] Post 1: x=-0.43 y=-0.45 dist=0.62 m[0m
[03:31:45] [0m[INFO] [1779737499.850908314]: [Perception] Ball: x=0.01 y=1.31 dist=1.31 m[0m
[03:31:45] [0m[INFO] [1779737500.000834281]: [Perception] Post 1: x=-0.42 y=-0.45 dist=0.62 m[0m
[03:31:45] [0m[INFO] [1779737500.200008591]: [Perception] Ball: x=0.02 y=1.31 dist=1.31 m[0m
[03:31:45] [0m[INFO] [1779737500.349956211]: [Perception] Post 1: x=-0.43 y=-0.45 dist=0.62 m[0m
[03:31:45] [0m[INFO] [1779737500.500096709]: [Perception] Ball: x=0.02 y=1.31 dist=1.31 m[0m
[03:31:45] [0m[INFO] [1779737500.699895561]: [Perception] Post 1: x=-0.42 y=-0.45 dist=0.62 m[0m
[03:31:45] [0m[INFO] [1779737500.800286803]: [Perception] Ball: x=0.01 y=1.31 dist=1.31 m[0m
[03:31:45] [0m[INFO] [1779737501.000154372]: [Perception] Post 1: x=-0.43 y=-0.45 dist=0.62 m[0m
[03:31:45] [0m[INFO] [1779737501.149925907]: [Perception] Ball: x=0.02 y=1.31 dist=1.31 m[0m
[03:31:45] [0m[INFO] [1779737501.350117912]: [Perception] Post 1: x=-0.43 y=-0.44 dist=0.62 m[0m
[03:31:45] [0m[INFO] [1779737501.499836865]: [Perception] Ball: x=0.02 y=1.31 dist=1.31 m[0m
[03:31:45] [0m[INFO] [1779737501.700330369]: [Perception] Post 1: x=-0.43 y=-0.44 dist=0.62 m[0m
[03:31:45] [0m[INFO] [1779737501.800292972]: [Perception] Ball: x=0.02 y=1.31 dist=1.31 m[0m
[03:31:45] [0m[INFO] [1779737502.050678901]: [Perception] Post 1: x=-0.43 y=-0.44 dist=0.62 m[0m
[03:31:45] [0m[INFO] [1779737502.250159204]: [Perception] Ball: x=0.02 y=1.31 dist=1.31 m[0m
[03:31:45] [0m[INFO] [1779737502.399756295]: [Perception] Post 1: x=-0.43 y=-0.45 dist=0.62 m[0m
[03:31:45] [0m[INFO] [1779737502.600391806]: [Perception] Ball: x=0.01 y=1.31 dist=1.31 m[0m
[03:31:45] [0m[INFO] [1779737502.701080116]: [Perception] Post 1: x=-0.43 y=-0.45 dist=0.62 m[0m
[03:31:45] [0m[INFO] [1779737502.900866890]: [Perception] Ball: x=0.02 y=1.31 dist=1.31 m[0m
[03:31:45] [0m[INFO] [1779737503.049930904]: [Perception] Post 1: x=-0.43 y=-0.45 dist=0.62 m[0m
[03:31:45] [0m[INFO] [1779737503.250293599]: [Perception] Ball: x=0.02 y=1.31 dist=1.31 m[0m
[03:31:45] [0m[INFO] [1779737503.350397891]: [Perception] Post 1: x=-0.43 y=-0.45 dist=0.62 m[0m
[03:31:45] [0m[INFO] [1779737503.550441222]: [Perception] Ball: x=0.02 y=1.31 dist=1.31 m[0m
[03:31:45] [0m[INFO] [1779737503.699845271]: [Perception] Post 1: x=-0.43 y=-0.44 dist=0.62 m[0m
[03:31:45] [0m[INFO] [1779737503.900006694]: [Perception] Ball: x=0.02 y=1.31 dist=1.31 m[0m
[03:31:45] [0m[INFO] [1779737503.999971610]: [Perception] Post 1: x=-0.43 y=-0.45 dist=0.62 m[0m
[03:31:45] [0m[INFO] [1779737504.200136167]: [Perception] Ball: x=0.01 y=1.31 dist=1.31 m[0m
[03:31:45] [0m[INFO] [1779737504.350084385]: [Perception] Post 1: x=-0.42 y=-0.45 dist=0.62 m[0m
[03:31:45] [0m[INFO] [1779737504.500297287]: [Perception] Ball: x=0.01 y=1.31 dist=1.31 m[0m
[03:31:45] [0m[INFO] [1779737504.650300906]: [Perception] Post 1: x=-0.43 y=-0.45 dist=0.62 m[0m
[03:31:45] [0m[INFO] [1779737504.800976169]: [Perception] Ball: x=0.01 y=1.31 dist=1.31 m[0m
[03:31:53] [0m[INFO] [1779737505.001063893]: [Perception] Post 1: x=-0.43 y=-0.45 dist=0.62 m[0m
[03:31:53] [0m[INFO] [1779737505.100999674]: [Perception] Ball: x=0.02 y=1.31 dist=1.31 m[0m
[03:31:53] [0m[INFO] [1779737505.350930853]: [Perception] Post 1: x=-0.43 y=-0.45 dist=0.62 m[0m
[03:31:53] [0m[INFO] [1779737505.450897110]: [Perception] Ball: x=0.01 y=1.31 dist=1.31 m[0m
[03:31:53] [0m[INFO] [1779737505.700151183]: [Perception] Post 1: x=-0.43 y=-0.44 dist=0.62 m[0m
[03:31:53] [0m[INFO] [1779737505.750928959]: [Perception] Ball: x=0.01 y=1.31 dist=1.31 m[0m
[03:31:53] [0m[INFO] [1779737506.051102037]: [Perception] Post 1: x=-0.43 y=-0.45 dist=0.62 m[0m
[03:31:53] [0m[INFO] [1779737506.200030448]: [Perception] Ball: x=0.01 y=1.31 dist=1.31 m[0m
[03:31:53] [0m[INFO] [1779737506.400619521]: [Perception] Post 1: x=-0.43 y=-0.45 dist=0.62 m[0m
[03:31:53] [0m[INFO] [1779737506.500613939]: [Perception] Ball: x=0.02 y=1.31 dist=1.31 m[0m
[03:31:53] [0m[INFO] [1779737506.750642019]: [Perception] Post 1: x=-0.43 y=-0.45 dist=0.62 m[0m
[03:31:53] [0m[INFO] [1779737506.949862491]: [Perception] Ball: x=0.01 y=1.31 dist=1.31 m[0m
[03:31:53] [0m[INFO] [1779737507.100646621]: [Perception] Post 1: x=-0.42 y=-0.45 dist=0.62 m[0m
[03:31:53] [0m[INFO] [1779737507.250515654]: [Perception] Ball: x=0.02 y=1.31 dist=1.31 m[0m
[03:31:53] [0m[INFO] [1779737507.449646419]: [Perception] Post 1: x=-0.43 y=-0.45 dist=0.62 m[0m
[03:31:53] [0m[INFO] [1779737507.600337573]: [Perception] Ball: x=0.01 y=1.31 dist=1.31 m[0m
[03:31:53] [0m[INFO] [1779737507.750425329]: [Perception] Post 1: x=-0.43 y=-0.45 dist=0.62 m[0m
[03:31:53] [0m[INFO] [1779737508.000344979]: [Perception] Ball: x=0.01 y=1.31 dist=1.31 m[0m
[03:31:53] [0m[INFO] [1779737508.050509731]: [Perception] Post 1: x=-0.43 y=-0.44 dist=0.62 m[0m
[03:31:53] [0m[INFO] [1779737508.300430476]: [Perception] Ball: x=0.02 y=1.31 dist=1.31 m[0m
[03:31:53] [0m[INFO] [1779737508.350979996]: [Perception] Post 1: x=-0.43 y=-0.45 dist=0.62 m[0m
[03:31:53] [0m[INFO] [1779737508.650775232]: [Perception] Ball: x=0.01 y=1.31 dist=1.31 m[0m
[03:31:53] [0m[INFO] [1779737508.651010803]: [Perception] Post 1: x=-0.43 y=-0.44 dist=0.62 m[0m
[03:31:53] [0m[INFO] [1779737508.950865961]: [Perception] Ball: x=0.02 y=1.31 dist=1.31 m[0m
[03:31:53] [0m[INFO] [1779737508.951058727]: [Perception] Post 1: x=-0.43 y=-0.44 dist=0.62 m[0m
[03:31:53] [0m[INFO] [1779737509.300011989]: [Perception] Ball: x=0.02 y=1.31 dist=1.31 m[0m
[03:31:53] [0m[INFO] [1779737509.300179467]: [Perception] Post 1: x=-0.43 y=-0.44 dist=0.62 m[0m
[03:31:53] [0m[INFO] [1779737509.600229448]: [Perception] Ball: x=0.01 y=1.31 dist=1.31 m[0m
[03:31:53] [0m[INFO] [1779737509.600384690]: [Perception] Post 1: x=-0.43 y=-0.45 dist=0.62 m[0m
[03:31:53] [0m[INFO] [1779737509.950028311]: [Perception] Ball: x=0.01 y=1.31 dist=1.31 m[0m
[03:31:53] [0m[INFO] [1779737509.950199917]: [Perception] Post 1: x=-0.43 y=-0.44 dist=0.62 m[0m
[03:31:53] [0m[INFO] [1779737510.300345251]: [Perception] Post 1: x=-0.43 y=-0.45 dist=0.62 m[0m
[03:31:53] [0m[INFO] [1779737510.400254839]: [Perception] Ball: x=0.02 y=1.31 dist=1.31 m[0m
[03:31:53] [0m[INFO] [1779737510.649921639]: [Perception] Post 1: x=-0.43 y=-0.44 dist=0.62 m[0m
[03:31:53] [0m[INFO] [1779737510.749736460]: [Perception] Ball: x=0.01 y=1.31 dist=1.31 m[0m
[03:31:53] [0m[INFO] [1779737510.950397394]: [Perception] Post 1: x=-0.43 y=-0.45 dist=0.62 m[0m
[03:31:53] [0m[INFO] [1779737511.050960285]: [Perception] Ball: x=0.01 y=1.31 dist=1.31 m[0m
[03:31:53] [0m[INFO] [1779737511.250697921]: [Perception] Post 1: x=-0.43 y=-0.44 dist=0.62 m[0m
[03:31:53] [0m[INFO] [1779737511.351672037]: [Perception] Ball: x=0.01 y=1.31 dist=1.31 m[0m
[03:31:53] [0m[INFO] [1779737511.551862011]: [Perception] Post 1: x=-0.43 y=-0.44 dist=0.62 m[0m
[03:31:53] [0m[INFO] [1779737511.700292030]: [Perception] Ball: x=0.02 y=1.31 dist=1.31 m[0m
[03:31:53] [0m[INFO] [1779737511.900421248]: [Perception] Post 1: x=-0.43 y=-0.44 dist=0.62 m[0m
[03:31:53] [0m[INFO] [1779737512.050226643]: [Perception] Ball: x=0.01 y=1.31 dist=1.31 m[0m
[03:31:53] [0m[INFO] [1779737512.250170510]: [Perception] Post 1: x=-0.43 y=-0.45 dist=0.62 m[0m
[03:31:53] [0m[INFO] [1779737512.600107982]: [Perception] Post 1: x=-0.43 y=-0.45 dist=0.62 m[0m
[03:31:53] [0m[INFO] [1779737512.649985081]: [Perception] Ball: x=0.02 y=1.31 dist=1.31 m[0m
[03:31:53] [0m[INFO] [1779737512.949841389]: [Perception] Post 1: x=-0.42 y=-0.45 dist=0.62 m[0m
[03:31:53] [0m[INFO] [1779737513.000018056]: [Perception] Ball: x=0.02 y=1.31 dist=1.31 m[0m
[03:32:01] [0m[INFO] [1779737513.250131493]: [Perception] Post 1: x=-0.43 y=-0.45 dist=0.62 m[0m
[03:32:01] [0m[INFO] [1779737513.300324818]: [Perception] Ball: x=0.02 y=1.31 dist=1.31 m[0m
[03:32:01] [0m[INFO] [1779737513.550393751]: [Perception] Post 1: x=-0.43 y=-0.45 dist=0.62 m[0m
[03:32:01] [0m[INFO] [1779737513.650001788]: [Perception] Ball: x=0.02 y=1.31 dist=1.31 m[0m
[03:32:01] [0m[INFO] [1779737513.900055429]: [Perception] Post 1: x=-0.43 y=-0.45 dist=0.62 m[0m
[03:32:01] [0m[INFO] [1779737513.950220731]: [Perception] Ball: x=0.01 y=1.31 dist=1.31 m[0m
[03:32:01] [0m[INFO] [1779737514.200268068]: [Perception] Post 1: x=-0.43 y=-0.44 dist=0.62 m[0m
[03:32:01] [0m[INFO] [1779737514.300035091]: [Perception] Ball: x=0.01 y=1.31 dist=1.31 m[0m
[03:32:01] [0m[INFO] [1779737514.501291766]: [Perception] Post 1: x=-0.43 y=-0.44 dist=0.62 m[0m
[03:32:01] [0m[INFO] [1779737514.600060255]: [Perception] Ball: x=0.02 y=1.31 dist=1.31 m[0m
[03:32:01] [0m[INFO] [1779737514.850252502]: [Perception] Post 1: x=-0.43 y=-0.45 dist=0.62 m[0m
[03:32:01] [0m[INFO] [1779737514.950245136]: [Perception] Ball: x=0.01 y=1.31 dist=1.31 m[0m
[03:32:01] [0m[INFO] [1779737515.200343717]: [Perception] Post 1: x=-0.43 y=-0.45 dist=0.62 m[0m
[03:32:01] [0m[INFO] [1779737515.300212659]: [Perception] Ball: x=0.02 y=1.31 dist=1.31 m[0m
[03:32:01] [0m[INFO] [1779737515.550583108]: [Perception] Post 1: x=-0.43 y=-0.44 dist=0.62 m[0m
[03:32:01] [0m[INFO] [1779737515.600415988]: [Perception] Ball: x=0.02 y=1.31 dist=1.31 m[0m
[03:32:01] [0m[INFO] [1779737515.899710799]: [Perception] Post 1: x=-0.43 y=-0.45 dist=0.62 m[0m
[03:32:01] [0m[INFO] [1779737515.950214689]: [Perception] Ball: x=0.02 y=1.31 dist=1.31 m[0m
[03:32:01] [0m[INFO] [1779737516.200644908]: [Perception] Post 1: x=-0.43 y=-0.44 dist=0.62 m[0m
[03:32:01] [0m[INFO] [1779737516.300209289]: [Perception] Ball: x=0.01 y=1.31 dist=1.31 m[0m
[03:32:01] [0m[INFO] [1779737516.550193829]: [Perception] Post 1: x=-0.43 y=-0.44 dist=0.62 m[0m
[03:32:01] [0m[INFO] [1779737516.600590190]: [Perception] Ball: x=0.02 y=1.31 dist=1.31 m[0m
[03:32:01] [0m[INFO] [1779737516.900419090]: [Perception] Post 1: x=-0.42 y=-0.45 dist=0.62 m[0m
[03:32:01] [0m[INFO] [1779737516.950184634]: [Perception] Ball: x=0.02 y=1.31 dist=1.31 m[0m
[03:32:01] [0m[INFO] [1779737517.201158518]: [Perception] Post 1: x=-0.42 y=-0.45 dist=0.62 m[0m
[03:32:01] [0m[INFO] [1779737517.250556971]: [Perception] Ball: x=0.01 y=1.31 dist=1.31 m[0m
[03:32:01] [0m[INFO] [1779737517.550298068]: [Perception] Post 1: x=-0.43 y=-0.44 dist=0.62 m[0m
[03:32:01] [0m[INFO] [1779737517.650256843]: [Perception] Ball: x=0.02 y=1.31 dist=1.31 m[0m
[03:32:01] [0m[INFO] [1779737517.850842081]: [Perception] Post 1: x=-0.43 y=-0.45 dist=0.62 m[0m
[03:32:01] [0m[INFO] [1779737518.150466602]: [Perception] Ball: x=0.02 y=1.31 dist=1.31 m[0m
[03:32:01] [0m[INFO] [1779737518.199935905]: [Perception] Post 1: x=-0.43 y=-0.45 dist=0.62 m[0m
[03:32:01] [0m[INFO] [1779737518.500210587]: [Perception] Ball: x=0.01 y=1.31 dist=1.31 m[0m
[03:32:01] [0m[INFO] [1779737518.500377275]: [Perception] Post 1: x=-0.43 y=-0.45 dist=0.62 m[0m
[03:32:01] [0m[INFO] [1779737518.800266053]: [Perception] Ball: x=0.01 y=1.31 dist=1.31 m[0m
[03:32:01] [0m[INFO] [1779737518.800428459]: [Perception] Post 1: x=-0.43 y=-0.44 dist=0.62 m[0m
[03:32:01] [0m[INFO] [1779737519.150015507]: [Perception] Ball: x=0.02 y=1.31 dist=1.31 m[0m
[03:32:01] [0m[INFO] [1779737519.150133691]: [Perception] Post 1: x=-0.43 y=-0.44 dist=0.62 m[0m
[03:32:01] [0m[INFO] [1779737519.500445907]: [Perception] Ball: x=0.01 y=1.31 dist=1.31 m[0m
[03:32:01] [0m[INFO] [1779737519.500685430]: [Perception] Post 1: x=-0.43 y=-0.45 dist=0.62 m[0m
[03:32:01] [0m[INFO] [1779737519.800497149]: [Perception] Ball: x=0.01 y=1.31 dist=1.31 m[0m
[03:32:01] [0m[INFO] [1779737519.800687097]: [Perception] Post 1: x=-0.43 y=-0.44 dist=0.62 m[0m
[03:32:01] [0m[INFO] [1779737520.100731762]: [Perception] Ball: x=0.02 y=1.31 dist=1.31 m[0m
[03:32:01] [0m[INFO] [1779737520.101087112]: [Perception] Post 1: x=-0.42 y=-0.45 dist=0.62 m[0m
[03:32:01] [0m[INFO] [1779737520.401233461]: [Perception] Post 1: x=-0.43 y=-0.44 dist=0.62 m[0m
[03:32:01] [0m[INFO] [1779737520.450589173]: [Perception] Ball: x=0.01 y=1.31 dist=1.31 m[0m
[03:32:01] [0m[INFO] [1779737520.751221918]: [Perception] Ball: x=0.01 y=1.31 dist=1.31 m[0m
[03:32:01] [0m[INFO] [1779737520.751485414]: [Perception] Post 1: x=-0.43 y=-0.44 dist=0.62 m[0m
[03:32:01] [0m[INFO] [1779737521.100410246]: [Perception] Post 1: x=-0.43 y=-0.44 dist=0.62 m[0m
[03:32:08] [0m[INFO] [1779737521.199738631]: [Perception] Ball: x=0.02 y=1.31 dist=1.31 m[0m
[03:32:08] [0m[INFO] [1779737521.449782659]: [Perception] Post 1: x=-0.43 y=-0.45 dist=0.62 m[0m
[03:32:08] [0m[INFO] [1779737521.499787500]: [Perception] Ball: x=0.02 y=1.31 dist=1.31 m[0m
[03:32:08] [0m[INFO] [1779737521.750259417]: [Perception] Post 1: x=-0.43 y=-0.45 dist=0.62 m[0m
[03:32:08] [0m[INFO] [1779737521.800039593]: [Perception] Ball: x=0.01 y=1.31 dist=1.31 m[0m
[03:32:08] [0m[INFO] [1779737522.099982311]: [Perception] Post 1: x=-0.42 y=-0.45 dist=0.62 m[0m
[03:32:08] [0m[INFO] [1779737522.150044379]: [Perception] Ball: x=0.01 y=1.31 dist=1.31 m[0m
[03:32:08] [0m[INFO] [1779737522.449539253]: [Perception] Post 1: x=-0.43 y=-0.45 dist=0.62 m[0m
[03:32:08] [0m[INFO] [1779737522.500109344]: [Perception] Ball: x=0.02 y=1.31 dist=1.31 m[0m
[03:32:08] [0m[INFO] [1779737522.749699488]: [Perception] Post 1: x=-0.43 y=-0.44 dist=0.62 m[0m
[03:32:08] [0m[INFO] [1779737522.849621009]: [Perception] Ball: x=0.02 y=1.31 dist=1.31 m[0m
[03:32:08] [0m[INFO] [1779737523.050327813]: [Perception] Post 1: x=-0.42 y=-0.45 dist=0.62 m[0m
[03:32:08] [0m[INFO] [1779737523.149979703]: [Perception] Ball: x=0.02 y=1.31 dist=1.31 m[0m
[03:32:08] [0m[INFO] [1779737523.350924274]: [Perception] Post 1: x=-0.43 y=-0.44 dist=0.62 m[0m
[03:32:08] [0m[INFO] [1779737523.499958272]: [Perception] Ball: x=0.02 y=1.31 dist=1.31 m[0m
[03:32:08] [0m[INFO] [1779737523.699922482]: [Perception] Post 1: x=-0.43 y=-0.44 dist=0.62 m[0m
[03:32:08] [0m[INFO] [1779737523.800024434]: [Perception] Ball: x=0.02 y=1.31 dist=1.31 m[0m
[03:32:08] [0m[INFO] [1779737524.000955487]: [Perception] Post 1: x=-0.43 y=-0.44 dist=0.62 m[0m
[03:32:08] [0m[INFO] [1779737524.100100397]: [Perception] Ball: x=0.01 y=1.31 dist=1.31 m[0m
[03:32:08] [0m[INFO] [1779737524.349840872]: [Perception] Post 1: x=-0.43 y=-0.45 dist=0.62 m[0m
[03:32:08] [0m[INFO] [1779737524.450591299]: [Perception] Ball: x=0.02 y=1.31 dist=1.31 m[0m
[03:32:08] [0m[INFO] [1779737524.650171256]: [Perception] Post 1: x=-0.43 y=-0.45 dist=0.62 m[0m
[03:32:08] [0m[INFO] [1779737524.750623995]: [Perception] Ball: x=0.01 y=1.31 dist=1.31 m[0m
[03:32:08] [0m[INFO] [1779737524.950631099]: [Perception] Post 1: x=-0.43 y=-0.45 dist=0.62 m[0m
[03:32:08] [0m[INFO] [1779737525.100084545]: [Perception] Ball: x=0.02 y=1.31 dist=1.31 m[0m
[03:32:08] [0m[INFO] [1779737525.250671443]: [Perception] Post 1: x=-0.43 y=-0.45 dist=0.62 m[0m
[03:32:08] [0m[INFO] [1779737525.400451657]: [Perception] Ball: x=0.01 y=1.31 dist=1.31 m[0m
[03:32:08] [0m[INFO] [1779737525.599967289]: [Perception] Post 1: x=-0.43 y=-0.45 dist=0.62 m[0m
[03:32:08] [0m[INFO] [1779737525.800035981]: [Perception] Ball: x=0.01 y=1.31 dist=1.31 m[0m
[03:32:08] [0m[INFO] [1779737525.949624060]: [Perception] Post 1: x=-0.43 y=-0.45 dist=0.62 m[0m
[03:32:08] [0m[INFO] [1779737526.249748277]: [Perception] Ball: x=0.02 y=1.31 dist=1.31 m[0m
[03:32:08] [0m[INFO] [1779737526.249839088]: [Perception] Post 1: x=-0.43 y=-0.45 dist=0.62 m[0m
[03:32:08] [0m[INFO] [1779737526.550064062]: [Perception] Post 1: x=-0.43 y=-0.44 dist=0.62 m[0m
[03:32:08] [0m[INFO] [1779737526.649766052]: [Perception] Ball: x=0.02 y=1.31 dist=1.31 m[0m
[03:32:08] [0m[INFO] [1779737526.850280717]: [Perception] Post 1: x=-0.43 y=-0.45 dist=0.62 m[0m
[03:32:08] [0m[INFO] [1779737526.949901685]: [Perception] Ball: x=0.02 y=1.31 dist=1.31 m[0m
[03:32:08] [0m[INFO] [1779737527.199850018]: [Perception] Post 1: x=-0.43 y=-0.45 dist=0.62 m[0m
[03:32:08] [0m[INFO] [1779737527.300267134]: [Perception] Ball: x=0.01 y=1.31 dist=1.31 m[0m
[03:32:08] [0m[INFO] [1779737527.550463346]: [Perception] Post 1: x=-0.43 y=-0.45 dist=0.62 m[0m
[03:32:08] [0m[INFO] [1779737527.650158569]: [Perception] Ball: x=0.02 y=1.31 dist=1.31 m[0m
[03:32:08] [0m[INFO] [1779737527.899789306]: [Perception] Post 1: x=-0.43 y=-0.45 dist=0.62 m[0m
[03:32:08] [0m[INFO] [1779737527.999985646]: [Perception] Ball: x=0.01 y=1.31 dist=1.31 m[0m
[03:32:08] [0m[INFO] [1779737528.199849646]: [Perception] Post 1: x=-0.43 y=-0.44 dist=0.62 m[0m
[03:32:08] [0m[INFO] [1779737528.349682411]: [Perception] Ball: x=0.01 y=1.31 dist=1.31 m[0m
[03:32:08] [0m[INFO] [1779737528.550356967]: [Perception] Post 1: x=-0.43 y=-0.44 dist=0.62 m[0m
[03:32:08] [0m[INFO] [1779737528.649712865]: [Perception] Ball: x=0.01 y=1.31 dist=1.31 m[0m
[03:32:08] [0m[INFO] [1779737528.899824869]: [Perception] Post 1: x=-0.43 y=-0.44 dist=0.62 m[0m
[03:32:17] [0m[INFO] [1779737528.950123406]: [Perception] Ball: x=0.01 y=1.31 dist=1.31 m[0m
[03:32:17] [0m[INFO] [1779737529.249917385]: [Perception] Post 1: x=-0.43 y=-0.44 dist=0.62 m[0m
[03:32:17] [0m[INFO] [1779737529.449734575]: [Perception] Ball: x=0.01 y=1.31 dist=1.31 m[0m
[03:32:17] [0m[INFO] [1779737529.600406089]: [Perception] Post 1: x=-0.43 y=-0.44 dist=0.62 m[0m
[03:32:17] [0m[INFO] [1779737529.750079686]: [Perception] Ball: x=0.02 y=1.31 dist=1.31 m[0m
[03:32:17] [0m[INFO] [1779737529.950604994]: [Perception] Post 1: x=-0.43 y=-0.45 dist=0.62 m[0m
[03:32:17] [0m[INFO] [1779737530.050676494]: [Perception] Ball: x=0.02 y=1.31 dist=1.31 m[0m
[03:32:17] [0m[INFO] [1779737530.299759603]: [Perception] Post 1: x=-0.42 y=-0.45 dist=0.62 m[0m
[03:32:17] [0m[INFO] [1779737530.399931544]: [Perception] Ball: x=0.02 y=1.31 dist=1.31 m[0m
[03:32:17] [0m[INFO] [1779737530.600251322]: [Perception] Post 1: x=-0.42 y=-0.45 dist=0.62 m[0m
[03:32:17] [0m[INFO] [1779737530.700115817]: [Perception] Ball: x=0.01 y=1.31 dist=1.31 m[0m
[03:32:17] [0m[INFO] [1779737530.900580396]: [Perception] Post 1: x=-0.43 y=-0.45 dist=0.62 m[0m
[03:32:17] [0m[INFO] [1779737531.000663399]: [Perception] Ball: x=0.02 y=1.31 dist=1.31 m[0m
[03:32:17] [0m[INFO] [1779737531.250739793]: [Perception] Post 1: x=-0.43 y=-0.45 dist=0.62 m[0m
[03:32:17] [0m[INFO] [1779737531.350137012]: [Perception] Ball: x=0.01 y=1.31 dist=1.31 m[0m
[03:32:17] [0m[INFO] [1779737531.550980257]: [Perception] Post 1: x=-0.43 y=-0.44 dist=0.62 m[0m
[03:32:17] [0m[INFO] [1779737531.699931416]: [Perception] Ball: x=0.02 y=1.31 dist=1.31 m[0m
[03:32:17] [0m[INFO] [1779737531.899965167]: [Perception] Post 1: x=-0.43 y=-0.44 dist=0.62 m[0m
[03:32:17] [0m[INFO] [1779737532.000292250]: [Perception] Ball: x=0.01 y=1.31 dist=1.31 m[0m
[03:32:17] [0m[INFO] [1779737532.200654580]: [Perception] Post 1: x=-0.43 y=-0.45 dist=0.62 m[0m
[03:32:17] [0m[INFO] [1779737532.300489114]: [Perception] Ball: x=0.01 y=1.31 dist=1.31 m[0m
[03:32:17] [0m[INFO] [1779737532.550434762]: [Perception] Post 1: x=-0.43 y=-0.45 dist=0.62 m[0m
[03:32:17] [0m[INFO] [1779737532.649772133]: [Perception] Ball: x=0.02 y=1.31 dist=1.31 m[0m
[03:32:17] [0m[INFO] [1779737532.850683433]: [Perception] Post 1: x=-0.43 y=-0.45 dist=0.62 m[0m
[03:32:17] [0m[INFO] [1779737532.950149891]: [Perception] Ball: x=0.01 y=1.31 dist=1.31 m[0m
[03:32:17] [0m[INFO] [1779737533.199964468]: [Perception] Post 1: x=-0.43 y=-0.44 dist=0.62 m[0m
[03:32:17] [0m[INFO] [1779737533.250218686]: [Perception] Ball: x=0.01 y=1.31 dist=1.31 m[0m
[03:32:17] [0m[INFO] [1779737533.500371043]: [Perception] Post 1: x=-0.43 y=-0.45 dist=0.62 m[0m
[03:32:17] [0m[INFO] [1779737533.650486267]: [Perception] Ball: x=0.02 y=1.31 dist=1.31 m[0m
[03:32:17] [0m[INFO] [1779737533.850178689]: [Perception] Post 1: x=-0.43 y=-0.45 dist=0.62 m[0m
[03:32:17] [0m[INFO] [1779737534.150570521]: [Perception] Ball: x=0.02 y=1.31 dist=1.31 m[0m
[03:32:17] [0m[INFO] [1779737534.150762785]: [Perception] Post 1: x=-0.42 y=-0.45 dist=0.62 m[0m
[03:32:17] [0m[INFO] [1779737534.500494932]: [Perception] Ball: x=0.01 y=1.31 dist=1.31 m[0m
[03:32:17] [0m[INFO] [1779737534.500695064]: [Perception] Post 1: x=-0.43 y=-0.45 dist=0.62 m[0m
[03:32:17] [0m[INFO] [1779737534.850418174]: [Perception] Ball: x=0.02 y=1.31 dist=1.31 m[0m
[03:32:17] [0m[INFO] [1779737534.850578813]: [Perception] Post 1: x=-0.43 y=-0.45 dist=0.62 m[0m
[03:32:17] [0m[INFO] [1779737535.199861468]: [Perception] Ball: x=0.01 y=1.31 dist=1.31 m[0m
[03:32:17] [0m[INFO] [1779737535.200009410]: [Perception] Post 1: x=-0.43 y=-0.44 dist=0.62 m[0m
[03:32:17] [0m[INFO] [1779737535.500826107]: [Perception] Post 1: x=-0.43 y=-0.44 dist=0.62 m[0m
[03:32:17] [0m[INFO] [1779737535.550737872]: [Perception] Ball: x=0.01 y=1.31 dist=1.31 m[0m
[03:32:17] [0m[INFO] [1779737535.850781946]: [Perception] Ball: x=0.01 y=1.31 dist=1.31 m[0m
[03:32:17] [0m[INFO] [1779737535.850991830]: [Perception] Post 1: x=-0.43 y=-0.44 dist=0.62 m[0m
[03:32:17] [0m[INFO] [1779737536.200072549]: [Perception] Ball: x=0.02 y=1.31 dist=1.31 m[0m
[03:32:17] [0m[INFO] [1779737536.200202974]: [Perception] Post 1: x=-0.43 y=-0.45 dist=0.62 m[0m
[03:32:17] [0m[INFO] [1779737536.549885693]: [Perception] Ball: x=0.01 y=1.31 dist=1.31 m[0m
[03:32:17] [0m[INFO] [1779737536.550031523]: [Perception] Post 1: x=-0.42 y=-0.45 dist=0.62 m[0m
[03:32:17] [0m[INFO] [1779737536.899832462]: [Perception] Ball: x=0.01 y=1.31 dist=1.31 m[0m
[03:32:17] [0m[INFO] [1779737536.899954618]: [Perception] Post 1: x=-0.43 y=-0.44 dist=0.62 m[0m
[03:32:26] [0m[INFO] [1779737537.250548441]: [Perception] Post 1: x=-0.43 y=-0.44 dist=0.62 m[0m
[03:32:26] [0m[INFO] [1779737537.300931218]: [Perception] Ball: x=0.01 y=1.31 dist=1.31 m[0m
[03:32:26] [0m[INFO] [1779737537.551048210]: [Perception] Post 1: x=-0.43 y=-0.44 dist=0.62 m[0m
[03:32:26] [0m[INFO] [1779737537.650428632]: [Perception] Ball: x=0.02 y=1.31 dist=1.31 m[0m
[03:32:26] [0m[INFO] [1779737537.899631058]: [Perception] Post 1: x=-0.43 y=-0.45 dist=0.62 m[0m
[03:32:26] [0m[INFO] [1779737538.200571810]: [Perception] Ball: x=0.01 y=1.31 dist=1.31 m[0m
[03:32:26] [0m[INFO] [1779737538.200948024]: [Perception] Post 1: x=-0.43 y=-0.44 dist=0.62 m[0m
[03:32:26] [0m[INFO] [1779737538.500818060]: [Perception] Ball: x=0.02 y=1.31 dist=1.31 m[0m
[03:32:26] [0m[INFO] [1779737538.501006132]: [Perception] Post 1: x=-0.43 y=-0.45 dist=0.62 m[0m
[03:32:26] [0m[INFO] [1779737538.800933227]: [Perception] Ball: x=0.02 y=1.31 dist=1.31 m[0m
[03:32:26] [0m[INFO] [1779737538.801126620]: [Perception] Post 1: x=-0.43 y=-0.44 dist=0.62 m[0m
[03:32:26] [0m[INFO] [1779737539.101169445]: [Perception] Ball: x=0.01 y=1.31 dist=1.31 m[0m
[03:32:26] [0m[INFO] [1779737539.101356892]: [Perception] Post 1: x=-0.43 y=-0.44 dist=0.62 m[0m
[03:32:26] [0m[INFO] [1779737539.449736152]: [Perception] Post 1: x=-0.43 y=-0.45 dist=0.62 m[0m
[03:32:26] [0m[INFO] [1779737539.499681937]: [Perception] Ball: x=0.02 y=1.31 dist=1.31 m[0m
[03:32:26] [0m[INFO] [1779737539.749932681]: [Perception] Post 1: x=-0.43 y=-0.45 dist=0.62 m[0m
[03:32:26] [0m[INFO] [1779737539.849623947]: [Perception] Ball: x=0.02 y=1.31 dist=1.31 m[0m
[03:32:26] [0m[INFO] [1779737540.050024632]: [Perception] Post 1: x=-0.43 y=-0.44 dist=0.62 m[0m
[03:32:26] [0m[INFO] [1779737540.149790804]: [Perception] Ball: x=0.02 y=1.31 dist=1.31 m[0m
[03:32:26] [0m[INFO] [1779737540.399632591]: [Perception] Post 1: x=-0.43 y=-0.44 dist=0.62 m[0m
[03:32:26] [0m[INFO] [1779737540.499810512]: [Perception] Ball: x=0.02 y=1.31 dist=1.31 m[0m
[03:32:26] [0m[INFO] [1779737540.699933452]: [Perception] Post 1: x=-0.43 y=-0.45 dist=0.62 m[0m
[03:32:26] [0m[INFO] [1779737540.800237828]: [Perception] Ball: x=0.01 y=1.31 dist=1.31 m[0m
[03:32:26] [0m[INFO] [1779737541.049667486]: [Perception] Post 1: x=-0.41 y=-0.45 dist=0.61 m[0m
[03:32:26] [0m[INFO] [1779737541.250498245]: [Perception] Ball: x=0.04 y=1.31 dist=1.31 m[0m
[03:32:26] [0m[INFO] [1779737541.350016202]: [Perception] Post 1: x=-0.39 y=-0.45 dist=0.60 m[0m
[03:32:26] [0m[INFO] [1779737541.599979469]: [Perception] Ball: x=0.06 y=1.31 dist=1.31 m[0m
[03:32:26] [0m[INFO] [1779737541.699824398]: [Perception] Post 1: x=-0.36 y=-0.45 dist=0.57 m[0m
[03:32:26] [0m[INFO] [1779737541.949977235]: [Perception] Ball: x=0.09 y=1.31 dist=1.31 m[0m
[03:32:26] [0m[INFO] [1779737542.050622928]: [Perception] Post 1: x=-0.35 y=-0.44 dist=0.56 m[0m
[03:32:26] [0m[INFO] [1779737542.299631296]: [Perception] Ball: x=0.10 y=1.31 dist=1.31 m[0m
[03:32:26] [0m[INFO] [1779737542.400007375]: [Perception] Post 1: x=-0.35 y=-0.44 dist=0.57 m[0m
[03:32:26] [0m[INFO] [1779737542.650219727]: [Perception] Ball: x=0.10 y=1.31 dist=1.31 m[0m
[03:32:26] [0m[INFO] [1779737542.749982578]: [Perception] Post 1: x=-0.35 y=-0.44 dist=0.57 m[0m
[03:32:26] [0m[INFO] [1779737542.950344935]: [Perception] Ball: x=0.09 y=1.30 dist=1.31 m[0m
[03:32:26] [0m[INFO] [1779737543.050132749]: [Perception] Post 1: x=-0.36 y=-0.44 dist=0.57 m[0m
[03:32:26] [0m[INFO] [1779737543.399789559]: [Perception] Ball: x=0.06 y=1.31 dist=1.31 m[0m
[03:32:26] [0m[INFO] [1779737543.399931394]: [Perception] Post 1: x=-0.39 y=-0.44 dist=0.59 m[0m
[03:32:26] [0m[INFO] [1779737543.749786895]: [Perception] Ball: x=0.02 y=1.31 dist=1.31 m[0m
[03:32:26] [0m[INFO] [1779737543.749981419]: [Perception] Post 1: x=-0.43 y=-0.45 dist=0.62 m[0m
[03:32:26] [0m[INFO] [1779737544.099660297]: [Perception] Post 1: x=-0.49 y=-0.45 dist=0.66 m[0m
[03:32:26] [0m[INFO] [1779737544.399757314]: [Perception] Post 1: x=-0.53 y=-0.45 dist=0.70 m[0m
[03:32:26] [0m[INFO] [1779737544.749676925]: [Perception] Post 1: x=-0.56 y=-0.44 dist=0.71 m[0m
[03:32:26] [0m[INFO] [1779737545.049709211]: [Perception] Post 1: x=-0.56 y=-0.44 dist=0.72 m[0m
[03:32:26] [0m[INFO] [1779737545.399690039]: [Perception] Post 1: x=-0.56 y=-0.45 dist=0.71 m[0m
[03:32:26] [0m[INFO] [1779737545.699861641]: [Perception] Post 1: x=-0.56 y=-0.44 dist=0.71 m[0m
[03:32:26] [0m[INFO] [1779737546.000005357]: [Perception] Post 1: x=-0.56 y=-0.44 dist=0.71 m[0m
[03:32:37] [0m[INFO] [1779737546.300050386]: [Perception] Post 1: x=-0.56 y=-0.45 dist=0.71 m[0m
[03:32:37] [0m[INFO] [1779737546.600099619]: [Perception] Post 1: x=-0.56 y=-0.45 dist=0.71 m[0m
[03:32:37] [0m[INFO] [1779737546.950335665]: [Perception] Post 1: x=-0.56 y=-0.45 dist=0.71 m[0m
[03:32:37] [0m[INFO] [1779737547.300000441]: [Perception] Post 1: x=-0.56 y=-0.44 dist=0.71 m[0m
[03:32:37] [0m[INFO] [1779737547.600230316]: [Perception] Post 1: x=-0.56 y=-0.45 dist=0.71 m[0m
[03:32:37] [0m[INFO] [1779737547.901190730]: [Perception] Post 1: x=-0.56 y=-0.45 dist=0.71 m[0m
[03:32:37] [0m[INFO] [1779737548.249920988]: [Perception] Post 1: x=-0.56 y=-0.45 dist=0.71 m[0m
[03:32:37] [0m[INFO] [1779737548.399603456]: [Perception] Ball: x=-0.10 y=1.31 dist=1.32 m[0m
[03:32:37] [0m[INFO] [1779737548.599702536]: [Perception] Post 1: x=-0.56 y=-0.45 dist=0.71 m[0m
[03:32:37] [0m[INFO] [1779737548.900061797]: [Perception] Post 1: x=-0.56 y=-0.45 dist=0.71 m[0m
[03:32:37] [0m[INFO] [1779737549.249785072]: [Perception] Post 1: x=-0.56 y=-0.45 dist=0.71 m[0m
[03:32:37] [0m[INFO] [1779737549.549933862]: [Perception] Post 1: x=-0.56 y=-0.44 dist=0.72 m[0m
[03:32:37] [0m[INFO] [1779737549.899807564]: [Perception] Post 1: x=-0.56 y=-0.44 dist=0.72 m[0m
[03:32:37] [0m[INFO] [1779737550.249924087]: [Perception] Post 1: x=-0.56 y=-0.45 dist=0.71 m[0m
[03:32:37] [0m[INFO] [1779737550.550036538]: [Perception] Post 1: x=-0.56 y=-0.44 dist=0.71 m[0m
[03:32:37] [0m[INFO] [1779737550.850301922]: [Perception] Post 1: x=-0.56 y=-0.44 dist=0.72 m[0m
[03:32:37] [0m[INFO] [1779737551.200026813]: [Perception] Post 1: x=-0.49 y=-0.45 dist=0.67 m[0m
[03:32:37] [0m[INFO] [1779737551.499968590]: [Perception] Post 1: x=-0.46 y=-0.45 dist=0.64 m[0m
[03:32:37] [0m[INFO] [1779737551.700123455]: [Perception] Ball: x=-0.01 y=1.31 dist=1.31 m[0m
[03:32:37] [0m[INFO] [1779737551.800465937]: [Perception] Post 1: x=-0.44 y=-0.44 dist=0.62 m[0m
[03:32:37] [0m[INFO] [1779737552.050183185]: [Perception] Ball: x=0.00 y=1.31 dist=1.31 m[0m
[03:32:37] [0m[INFO] [1779737552.150283812]: [Perception] Post 1: x=-0.44 y=-0.44 dist=0.62 m[0m
[03:32:37] [0m[INFO] [1779737552.399765941]: [Perception] Ball: x=0.01 y=1.31 dist=1.31 m[0m
[03:32:37] [0m[INFO] [1779737552.499761058]: [Perception] Post 1: x=-0.44 y=-0.44 dist=0.62 m[0m
[03:32:37] [0m[INFO] [1779737552.800132509]: [Perception] Post 1: x=-0.44 y=-0.44 dist=0.62 m[0m
[03:32:37] [0m[INFO] [1779737553.150245261]: [Perception] Post 1: x=-0.44 y=-0.44 dist=0.62 m[0m
[03:32:37] [0m[INFO] [1779737553.200251732]: [Perception] Ball: x=0.01 y=1.31 dist=1.31 m[0m
[03:32:37] [0m[INFO] [1779737553.450286791]: [Perception] Post 1: x=-0.44 y=-0.45 dist=0.62 m[0m
[03:32:37] [0m[INFO] [1779737553.599995882]: [Perception] Ball: x=0.01 y=1.31 dist=1.31 m[0m
[03:32:37] [0m[INFO] [1779737553.751043271]: [Perception] Post 1: x=-0.44 y=-0.44 dist=0.62 m[0m
[03:32:37] [0m[INFO] [1779737554.099829401]: [Perception] Post 1: x=-0.44 y=-0.44 dist=0.62 m[0m
[03:32:37] [0m[INFO] [1779737554.200192861]: [Perception] Ball: x=0.01 y=1.31 dist=1.31 m[0m
[03:32:37] [0m[INFO] [1779737554.400516754]: [Perception] Post 1: x=-0.44 y=-0.44 dist=0.62 m[0m
[03:32:37] [0m[INFO] [1779737554.599836154]: [Perception] Ball: x=0.00 y=1.31 dist=1.31 m[0m
[03:32:37] [0m[INFO] [1779737554.750153943]: [Perception] Post 1: x=-0.44 y=-0.44 dist=0.62 m[0m
[03:32:37] [0m[INFO] [1779737554.899940713]: [Perception] Ball: x=0.01 y=1.31 dist=1.31 m[0m
[03:32:37] [0m[INFO] [1779737555.100229419]: [Perception] Post 1: x=-0.44 y=-0.44 dist=0.62 m[0m
[03:32:37] [0m[INFO] [1779737555.200018629]: [Perception] Ball: x=0.00 y=1.31 dist=1.31 m[0m
[03:32:37] [0m[INFO] [1779737555.450242215]: [Perception] Post 1: x=-0.44 y=-0.45 dist=0.62 m[0m
[03:32:37] [0m[INFO] [1779737555.549637080]: [Perception] Ball: x=0.00 y=1.31 dist=1.31 m[0m
[03:32:37] [0m[INFO] [1779737555.750266895]: [Perception] Post 1: x=-0.44 y=-0.44 dist=0.62 m[0m
[03:32:37] [0m[INFO] [1779737555.849902439]: [Perception] Ball: x=0.01 y=1.31 dist=1.31 m[0m
[03:32:37] [0m[INFO] [1779737556.099960770]: [Perception] Post 1: x=-0.44 y=-0.45 dist=0.62 m[0m
[03:32:37] [0m[INFO] [1779737556.249748713]: [Perception] Ball: x=0.01 y=1.31 dist=1.31 m[0m
[03:32:37] [0m[INFO] [1779737556.450279842]: [Perception] Post 1: x=-0.44 y=-0.44 dist=0.62 m[0m
[03:32:37] [0m[INFO] [1779737556.550142982]: [Perception] Ball: x=0.00 y=1.31 dist=1.31 m[0m
[03:32:37] [0m[INFO] [1779737556.750586194]: [Perception] Post 1: x=-0.44 y=-0.45 dist=0.62 m[0m
[03:32:46] [0m[INFO] [1779737557.050270848]: [Perception] Ball: x=0.00 y=1.31 dist=1.31 m[0m
[03:32:46] [0m[INFO] [1779737557.100245595]: [Perception] Post 1: x=-0.44 y=-0.44 dist=0.62 m[0m
[03:32:46] [0m[INFO] [1779737557.399959464]: [Perception] Ball: x=0.01 y=1.31 dist=1.31 m[0m
[03:32:46] [0m[INFO] [1779737557.449973482]: [Perception] Post 1: x=-0.44 y=-0.44 dist=0.62 m[0m
[03:32:46] [0m[INFO] [1779737557.700309415]: [Perception] Ball: x=0.00 y=1.31 dist=1.31 m[0m
[03:32:46] [0m[INFO] [1779737557.800125361]: [Perception] Post 1: x=-0.44 y=-0.44 dist=0.62 m[0m
[03:32:46] [0m[INFO] [1779737558.050032470]: [Perception] Ball: x=0.00 y=1.31 dist=1.31 m[0m
[03:32:46] [0m[INFO] [1779737558.149817447]: [Perception] Post 1: x=-0.44 y=-0.44 dist=0.63 m[0m
[03:32:46] [0m[INFO] [1779737558.500023959]: [Perception] Post 1: x=-0.44 y=-0.44 dist=0.62 m[0m
[03:32:46] [0m[INFO] [1779737558.549670232]: [Perception] Ball: x=0.01 y=1.31 dist=1.31 m[0m
[03:32:46] [0m[INFO] [1779737558.800301621]: [Perception] Post 1: x=-0.44 y=-0.44 dist=0.62 m[0m
[03:32:46] [0m[INFO] [1779737559.050941493]: [Perception] Ball: x=0.00 y=1.31 dist=1.31 m[0m
[03:32:46] [0m[INFO] [1779737559.150925005]: [Perception] Post 1: x=-0.44 y=-0.44 dist=0.62 m[0m
[03:32:46] [0m[INFO] [1779737559.351188138]: [Perception] Ball: x=0.01 y=1.31 dist=1.31 m[0m
[03:32:46] [0m[INFO] [1779737559.500127935]: [Perception] Post 1: x=-0.44 y=-0.44 dist=0.62 m[0m
[03:32:46] [0m[INFO] [1779737559.700762026]: [Perception] Ball: x=0.00 y=1.31 dist=1.31 m[0m
[03:32:46] [0m[INFO] [1779737559.849981715]: [Perception] Post 1: x=-0.44 y=-0.44 dist=0.62 m[0m
[03:32:46] [0m[INFO] [1779737560.199690730]: [Perception] Post 1: x=-0.44 y=-0.44 dist=0.62 m[0m
[03:32:46] [0m[INFO] [1779737560.349885860]: [Perception] Ball: x=0.00 y=1.31 dist=1.31 m[0m
[03:32:46] [0m[INFO] [1779737560.499767099]: [Perception] Post 1: x=-0.44 y=-0.44 dist=0.62 m[0m
[03:32:46] [0m[INFO] [1779737560.800262431]: [Perception] Post 1: x=-0.44 y=-0.44 dist=0.62 m[0m
[03:32:46] [0m[INFO] [1779737561.099924795]: [Perception] Ball: x=0.01 y=1.31 dist=1.31 m[0m
[03:32:46] [0m[INFO] [1779737561.149736249]: [Perception] Post 1: x=-0.44 y=-0.44 dist=0.62 m[0m
[03:32:46] [0m[INFO] [1779737561.400310719]: [Perception] Ball: x=0.00 y=1.31 dist=1.31 m[0m
[03:32:46] [0m[INFO] [1779737561.450278203]: [Perception] Post 1: x=-0.44 y=-0.45 dist=0.62 m[0m
[03:32:46] [0m[INFO] [1779737561.749712905]: [Perception] Ball: x=0.01 y=1.31 dist=1.31 m[0m
[03:32:46] [0m[INFO] [1779737561.799935871]: [Perception] Post 1: x=-0.44 y=-0.44 dist=0.62 m[0m
[03:32:46] [0m[INFO] [1779737562.149832430]: [Perception] Post 1: x=-0.44 y=-0.44 dist=0.62 m[0m
[03:32:46] [0m[INFO] [1779737562.450522183]: [Perception] Post 1: x=-0.44 y=-0.44 dist=0.62 m[0m
[03:32:46] [0m[INFO] [1779737562.749801764]: [Perception] Ball: x=0.00 y=1.31 dist=1.31 m[0m
[03:32:46] [0m[INFO] [1779737562.799983662]: [Perception] Post 1: x=-0.44 y=-0.44 dist=0.62 m[0m
[03:32:46] [0m[INFO] [1779737563.100032150]: [Perception] Post 1: x=-0.44 y=-0.45 dist=0.62 m[0m
[03:32:46] [0m[INFO] [1779737563.150091271]: [Perception] Ball: x=0.01 y=1.31 dist=1.31 m[0m
[03:32:46] [0m[INFO] [1779737563.449807340]: [Perception] Post 1: x=-0.44 y=-0.44 dist=0.63 m[0m
[03:32:46] [0m[INFO] [1779737563.499790365]: [Perception] Ball: x=0.00 y=1.31 dist=1.31 m[0m
[03:32:46] [0m[INFO] [1779737563.749978286]: [Perception] Post 1: x=-0.44 y=-0.44 dist=0.62 m[0m
[03:32:46] [0m[INFO] [1779737564.100452919]: [Perception] Post 1: x=-0.44 y=-0.44 dist=0.62 m[0m
[03:32:46] [0m[INFO] [1779737564.399891785]: [Perception] Ball: x=0.01 y=1.31 dist=1.31 m[0m
[03:32:46] [0m[INFO] [1779737564.450188996]: [Perception] Post 1: x=-0.44 y=-0.44 dist=0.62 m[0m
[03:32:46] [0m[INFO] [1779737564.749899752]: [Perception] Ball: x=0.01 y=1.31 dist=1.31 m[0m
[03:32:46] [0m[INFO] [1779737564.800392623]: [Perception] Post 1: x=-0.44 y=-0.44 dist=0.62 m[0m
[03:32:46] [0m[INFO] [1779737565.099929493]: [Perception] Ball: x=0.01 y=1.31 dist=1.31 m[0m
[03:32:46] [0m[INFO] [1779737565.149849875]: [Perception] Post 1: x=-0.44 y=-0.45 dist=0.62 m[0m
[03:32:46] [0m[INFO] [1779737565.449972909]: [Perception] Post 1: x=-0.44 y=-0.44 dist=0.62 m[0m
[03:32:46] [0m[INFO] [1779737565.549823112]: [Perception] Ball: x=0.01 y=1.31 dist=1.31 m[0m
[03:32:46] [0m[INFO] [1779737565.750109970]: [Perception] Post 1: x=-0.44 y=-0.45 dist=0.62 m[0m
[03:32:46] [0m[INFO] [1779737566.050519805]: [Perception] Ball: x=0.01 y=1.31 dist=1.31 m[0m
[03:32:46] [0m[INFO] [1779737566.050665807]: [Perception] Post 1: x=-0.44 y=-0.44 dist=0.62 m[0m
[03:32:55] [0m[INFO] [1779737566.399806938]: [Perception] Post 1: x=-0.44 y=-0.44 dist=0.62 m[0m
[03:32:55] [0m[INFO] [1779737566.449852684]: [Perception] Ball: x=0.01 y=1.31 dist=1.31 m[0m
[03:32:55] [0m[INFO] [1779737566.699866163]: [Perception] Post 1: x=-0.44 y=-0.44 dist=0.62 m[0m
[03:32:55] [0m[INFO] [1779737566.750323175]: [Perception] Ball: x=0.01 y=1.31 dist=1.31 m[0m
[03:32:55] [0m[INFO] [1779737566.999961252]: [Perception] Post 1: x=-0.44 y=-0.44 dist=0.63 m[0m
[03:32:55] [0m[INFO] [1779737567.100338543]: [Perception] Ball: x=0.00 y=1.31 dist=1.31 m[0m
[03:32:55] [0m[INFO] [1779737567.299970695]: [Perception] Post 1: x=-0.44 y=-0.45 dist=0.62 m[0m
[03:32:55] [0m[INFO] [1779737567.449668068]: [Perception] Ball: x=0.01 y=1.31 dist=1.31 m[0m
[03:32:55] [0m[INFO] [1779737567.650409756]: [Perception] Post 1: x=-0.44 y=-0.45 dist=0.62 m[0m
[03:32:55] [0m[INFO] [1779737567.849710360]: [Perception] Ball: x=0.00 y=1.31 dist=1.31 m[0m
[03:32:55] [0m[INFO] [1779737568.000449790]: [Perception] Post 1: x=-0.44 y=-0.44 dist=0.62 m[0m
[03:32:55] [0m[INFO] [1779737568.150245252]: [Perception] Ball: x=0.01 y=1.31 dist=1.31 m[0m
[03:32:55] [0m[INFO] [1779737568.300561416]: [Perception] Post 1: x=-0.44 y=-0.44 dist=0.63 m[0m
[03:32:55] [0m[INFO] [1779737568.450303690]: [Perception] Ball: x=0.00 y=1.31 dist=1.31 m[0m
[03:32:55] [0m[INFO] [1779737568.650073084]: [Perception] Post 1: x=-0.44 y=-0.45 dist=0.62 m[0m
[03:32:55] [0m[INFO] [1779737568.800342487]: [Perception] Ball: x=0.01 y=1.31 dist=1.31 m[0m
[03:32:55] [0m[INFO] [1779737568.950360805]: [Perception] Post 1: x=-0.44 y=-0.44 dist=0.62 m[0m
[03:32:55] [0m[INFO] [1779737569.199800489]: [Perception] Ball: x=0.01 y=1.31 dist=1.31 m[0m
[03:32:55] [0m[INFO] [1779737569.299911218]: [Perception] Post 1: x=-0.44 y=-0.45 dist=0.62 m[0m
[03:32:55] [0m[INFO] [1779737569.500056841]: [Perception] Ball: x=0.01 y=1.31 dist=1.31 m[0m
[03:32:55] [0m[INFO] [1779737569.600018290]: [Perception] Post 1: x=-0.44 y=-0.44 dist=0.63 m[0m
[03:32:55] [0m[INFO] [1779737569.849966377]: [Perception] Ball: x=0.01 y=1.31 dist=1.31 m[0m
[03:32:55] [0m[INFO] [1779737569.949920649]: [Perception] Post 1: x=-0.44 y=-0.44 dist=0.62 m[0m
[03:32:55] [0m[INFO] [1779737570.250040346]: [Perception] Ball: x=0.01 y=1.31 dist=1.31 m[0m
[03:32:55] [0m[INFO] [1779737570.250157650]: [Perception] Post 1: x=-0.44 y=-0.44 dist=0.62 m[0m
[03:32:55] [0m[INFO] [1779737570.599867597]: [Perception] Ball: x=0.01 y=1.31 dist=1.31 m[0m
[03:32:55] [0m[INFO] [1779737570.599952314]: [Perception] Post 1: x=-0.44 y=-0.44 dist=0.63 m[0m
[03:32:55] [0m[INFO] [1779737570.949986193]: [Perception] Post 1: x=-0.44 y=-0.44 dist=0.63 m[0m
[03:32:55] [0m[INFO] [1779737570.999977727]: [Perception] Ball: x=0.01 y=1.31 dist=1.31 m[0m
[03:32:55] [0m[INFO] [1779737571.300015766]: [Perception] Post 1: x=-0.44 y=-0.44 dist=0.62 m[0m
[03:32:55] [0m[INFO] [1779737571.350963317]: [Perception] Ball: x=0.01 y=1.31 dist=1.31 m[0m
[03:32:55] [0m[INFO] [1779737571.649929368]: [Perception] Post 1: x=-0.44 y=-0.45 dist=0.62 m[0m
[03:32:55] [0m[INFO] [1779737571.799692642]: [Perception] Ball: x=0.01 y=1.31 dist=1.31 m[0m
[03:32:55] [0m[INFO] [1779737571.999964684]: [Perception] Post 1: x=-0.44 y=-0.44 dist=0.62 m[0m
[03:32:55] [0m[INFO] [1779737572.099916082]: [Perception] Ball: x=0.00 y=1.31 dist=1.31 m[0m
[03:32:55] [0m[INFO] [1779737572.349638500]: [Perception] Post 1: x=-0.44 y=-0.44 dist=0.62 m[0m
[03:32:55] [0m[INFO] [1779737572.550466992]: [Perception] Ball: x=0.01 y=1.31 dist=1.31 m[0m
[03:32:55] [0m[INFO] [1779737572.650198988]: [Perception] Post 1: x=-0.44 y=-0.44 dist=0.62 m[0m
[03:32:55] [0m[INFO] [1779737573.000228882]: [Perception] Post 1: x=-0.44 y=-0.44 dist=0.62 m[0m
[03:32:55] [0m[INFO] [1779737573.349716714]: [Perception] Post 1: x=-0.44 y=-0.45 dist=0.62 m[0m
[03:32:55] [0m[INFO] [1779737573.649891764]: [Perception] Ball: x=0.00 y=1.31 dist=1.31 m[0m
[03:32:55] [0m[INFO] [1779737573.650058379]: [Perception] Post 1: x=-0.44 y=-0.44 dist=0.62 m[0m
[03:32:55] [0m[INFO] [1779737573.950349709]: [Perception] Post 1: x=-0.44 y=-0.44 dist=0.62 m[0m
[03:32:55] [0m[INFO] [1779737574.199796903]: [Perception] Ball: x=0.01 y=1.31 dist=1.31 m[0m
[03:32:55] [0m[INFO] [1779737574.300468239]: [Perception] Post 1: x=-0.44 y=-0.44 dist=0.62 m[0m
[03:32:55] [0m[INFO] [1779737574.649835082]: [Perception] Post 1: x=-0.44 y=-0.44 dist=0.62 m[0m
[03:32:55] [0m[INFO] [1779737575.000482045]: [Perception] Post 1: x=-0.44 y=-0.44 dist=0.62 m[0m
[03:33:03] [0m[INFO] [1779737575.349784983]: [Perception] Post 1: x=-0.44 y=-0.44 dist=0.62 m[0m
[03:33:03] [0m[INFO] [1779737575.449967306]: [Perception] Ball: x=0.01 y=1.31 dist=1.31 m[0m
[03:33:03] [0m[INFO] [1779737575.650094215]: [Perception] Post 1: x=-0.44 y=-0.44 dist=0.63 m[0m
[03:33:03] [0m[INFO] [1779737575.849819258]: [Perception] Ball: x=0.01 y=1.31 dist=1.31 m[0m
[03:33:03] [0m[INFO] [1779737575.951388844]: [Perception] Post 1: x=-0.44 y=-0.44 dist=0.62 m[0m
[03:33:03] [0m[INFO] [1779737576.249785986]: [Perception] Ball: x=0.01 y=1.31 dist=1.31 m[0m
[03:33:03] [0m[INFO] [1779737576.299736136]: [Perception] Post 1: x=-0.44 y=-0.45 dist=0.62 m[0m
[03:33:03] [0m[INFO] [1779737576.599795508]: [Perception] Post 1: x=-0.44 y=-0.45 dist=0.62 m[0m
[03:33:03] [0m[INFO] [1779737576.900189040]: [Perception] Post 1: x=-0.44 y=-0.45 dist=0.62 m[0m
[03:33:03] [0m[INFO] [1779737577.000723780]: [Perception] Ball: x=0.01 y=1.31 dist=1.31 m[0m
[03:33:03] [0m[INFO] [1779737577.250972300]: [Perception] Post 1: x=-0.44 y=-0.45 dist=0.62 m[0m
[03:33:03] [0m[INFO] [1779737577.350983121]: [Perception] Ball: x=0.01 y=1.31 dist=1.31 m[0m
[03:33:03] [0m[INFO] [1779737577.600006694]: [Perception] Post 1: x=-0.44 y=-0.44 dist=0.62 m[0m
[03:33:03] [0m[INFO] [1779737577.700022859]: [Perception] Ball: x=0.01 y=1.31 dist=1.31 m[0m
[03:33:03] [0m[INFO] [1779737577.900017427]: [Perception] Post 1: x=-0.44 y=-0.44 dist=0.62 m[0m
[03:33:03] [0m[INFO] [1779737578.049987091]: [Perception] Ball: x=0.01 y=1.31 dist=1.31 m[0m
[03:33:03] [0m[INFO] [1779737578.250141455]: [Perception] Post 1: x=-0.44 y=-0.44 dist=0.62 m[0m
[03:33:03] [0m[INFO] [1779737578.500395119]: [Perception] Ball: x=0.01 y=1.31 dist=1.31 m[0m
[03:33:03] [0m[INFO] [1779737578.599922762]: [Perception] Post 1: x=-0.44 y=-0.44 dist=0.62 m[0m
[03:33:03] [0m[INFO] [1779737578.850138410]: [Perception] Ball: x=0.00 y=1.31 dist=1.31 m[0m
[03:33:03] [0m[INFO] [1779737578.900305039]: [Perception] Post 1: x=-0.44 y=-0.44 dist=0.62 m[0m
[03:33:03] [0m[INFO] [1779737579.199908216]: [Perception] Ball: x=0.01 y=1.31 dist=1.31 m[0m
[03:33:03] [0m[INFO] [1779737579.249840531]: [Perception] Post 1: x=-0.44 y=-0.45 dist=0.62 m[0m
[03:33:03] [0m[INFO] [1779737579.549764447]: [Perception] Ball: x=0.00 y=1.31 dist=1.31 m[0m
[03:33:03] [0m[INFO] [1779737579.549901683]: [Perception] Post 1: x=-0.44 y=-0.45 dist=0.62 m[0m
[03:33:03] [0m[INFO] [1779737579.849950228]: [Perception] Post 1: x=-0.44 y=-0.44 dist=0.62 m[0m
[03:33:03] [0m[INFO] [1779737580.150136572]: [Perception] Ball: x=0.01 y=1.31 dist=1.31 m[0m
[03:33:03] [0m[INFO] [1779737580.150294554]: [Perception] Post 1: x=-0.44 y=-0.45 dist=0.62 m[0m
[03:33:03] [0m[INFO] [1779737580.450678362]: [Perception] Ball: x=0.01 y=1.31 dist=1.31 m[0m
[03:33:03] [0m[INFO] [1779737580.450852469]: [Perception] Post 1: x=-0.44 y=-0.45 dist=0.62 m[0m
[03:33:03] [0m[INFO] [1779737580.799999412]: [Perception] Ball: x=0.01 y=1.31 dist=1.31 m[0m
[03:33:03] [0m[INFO] [1779737580.800128411]: [Perception] Post 1: x=-0.44 y=-0.44 dist=0.62 m[0m
[03:33:03] [0m[INFO] [1779737581.149724842]: [Perception] Ball: x=0.01 y=1.31 dist=1.31 m[0m
[03:33:03] [0m[INFO] [1779737581.149898265]: [Perception] Post 1: x=-0.44 y=-0.44 dist=0.62 m[0m
[03:33:03] [0m[INFO] [1779737581.499494565]: [Perception] Ball: x=0.01 y=1.31 dist=1.31 m[0m
[03:33:03] [0m[INFO] [1779737581.499601556]: [Perception] Post 1: x=-0.44 y=-0.44 dist=0.63 m[0m
[03:33:03] [0m[INFO] [1779737581.799684098]: [Perception] Ball: x=0.01 y=1.31 dist=1.31 m[0m
[03:33:03] [0m[INFO] [1779737581.799835305]: [Perception] Post 1: x=-0.44 y=-0.44 dist=0.62 m[0m
[03:33:03] [0m[INFO] [1779737582.149834589]: [Perception] Ball: x=0.01 y=1.31 dist=1.31 m[0m
[03:33:03] [0m[INFO] [1779737582.149965231]: [Perception] Post 1: x=-0.44 y=-0.44 dist=0.62 m[0m
[03:33:03] [0m[INFO] [1779737582.499799445]: [Perception] Post 1: x=-0.44 y=-0.44 dist=0.63 m[0m
[03:33:03] [0m[INFO] [1779737582.599749217]: [Perception] Ball: x=0.01 y=1.31 dist=1.31 m[0m
[03:33:03] [0m[INFO] [1779737582.850369262]: [Perception] Post 1: x=-0.44 y=-0.45 dist=0.62 m[0m
[03:33:03] [0m[INFO] [1779737582.899812790]: [Perception] Ball: x=0.01 y=1.31 dist=1.31 m[0m
[03:33:03] [0m[INFO] [1779737583.199938302]: [Perception] Post 1: x=-0.44 y=-0.44 dist=0.62 m[0m
[03:33:03] [0m[INFO] [1779737583.349556089]: [Perception] Ball: x=0.01 y=1.31 dist=1.31 m[0m
[03:33:03] [0m[INFO] [1779737583.549620816]: [Perception] Post 1: x=-0.44 y=-0.44 dist=0.62 m[0m
[03:33:03] [0m[INFO] [1779737583.749722444]: [Perception] Ball: x=0.01 y=1.31 dist=1.31 m[0m
