[03:31:16]  [ 7.51211394e-05 -7.06697297e-03  4.86052008e+00]
[03:31:16] [YOLO] 訂閱 /camera/color/image_raw
[03:31:18] [YOLO] ✗ 未偵測到球  (miss:11)
[03:31:21] [YOLO] ✓ 球 全域座標: X=-0.031m  Y=1.756m  conf=0.92  (累計偵測:3)
[03:31:21] [YOLO] ✓ 球 全域座標: X=-0.031m  Y=1.758m  conf=0.92  (累計偵測:8)
[03:31:21] [YOLO] ✓ 球 全域座標: X=-0.031m  Y=1.759m  conf=0.92  (累計偵測:13)
[03:31:21] [YOLO] ✓ 球 全域座標: X=-0.031m  Y=1.756m  conf=0.92  (累計偵測:18)
[03:31:21] [YOLO] ✓ 球 全域座標: X=-0.031m  Y=1.760m  conf=0.92  (累計偵測:23)
[03:31:21] [YOLO] ✓ 球 全域座標: X=-0.031m  Y=1.754m  conf=0.92  (累計偵測:28)
[03:31:22] [YOLO] ✓ 球 全域座標: X=-0.031m  Y=1.759m  conf=0.91  (累計偵測:33)
[03:31:22] [YOLO] ✓ 球 全域座標: X=-0.032m  Y=1.759m  conf=0.93  (累計偵測:38)
[03:31:22] [YOLO] ✓ 球 全域座標: X=-0.031m  Y=1.757m  conf=0.92  (累計偵測:43)
[03:31:22] [YOLO] ✓ 球 全域座標: X=-0.032m  Y=1.761m  conf=0.91  (累計偵測:48)
[03:31:22] [YOLO] ✓ 球 全域座標: X=-0.032m  Y=1.757m  conf=0.93  (累計偵測:53)
[03:31:22] [YOLO] ✓ 球 全域座標: X=-0.031m  Y=1.759m  conf=0.92  (累計偵測:58)
[03:31:23] [YOLO] ✓ 球 全域座標: X=-0.031m  Y=1.758m  conf=0.92  (累計偵測:63)
[03:31:23] [YOLO] ✓ 球 全域座標: X=-0.031m  Y=1.760m  conf=0.92  (累計偵測:68)
[03:31:23] [YOLO] ✓ 球 全域座標: X=-0.031m  Y=1.760m  conf=0.92  (累計偵測:73)
[03:31:23] [YOLO] ✓ 球 全域座標: X=-0.031m  Y=1.759m  conf=0.92  (累計偵測:78)
[03:31:23] [YOLO] ✓ 球 全域座標: X=-0.031m  Y=1.755m  conf=0.93  (累計偵測:83)
[03:31:23] [YOLO] ✓ 球 全域座標: X=-0.030m  Y=1.758m  conf=0.92  (累計偵測:88)
[03:31:24] [YOLO] ✓ 球 全域座標: X=-0.031m  Y=1.756m  conf=0.91  (累計偵測:93)
[03:31:24] [YOLO] ✓ 球 全域座標: X=-0.031m  Y=1.755m  conf=0.92  (累計偵測:98)
[03:31:24] [YOLO] ✓ 球 全域座標: X=-0.032m  Y=1.759m  conf=0.93  (累計偵測:103)
[03:31:24] [YOLO] ✓ 球 全域座標: X=-0.031m  Y=1.760m  conf=0.92  (累計偵測:108)
[03:31:24] [YOLO] ✓ 球 全域座標: X=-0.032m  Y=1.761m  conf=0.92  (累計偵測:113)
[03:31:24] [YOLO] ✓ 球 全域座標: X=-0.032m  Y=1.757m  conf=0.91  (累計偵測:118)
[03:31:25] [YOLO] ✓ 球 全域座標: X=-0.031m  Y=1.760m  conf=0.92  (累計偵測:123)
[03:31:25] [YOLO] ✓ 球 全域座標: X=-0.031m  Y=1.755m  conf=0.92  (累計偵測:128)
[03:31:25] [YOLO] ✓ 球 全域座標: X=-0.031m  Y=1.759m  conf=0.91  (累計偵測:133)
[03:31:25] [YOLO] ✓ 球 全域座標: X=-0.031m  Y=1.758m  conf=0.92  (累計偵測:138)
[03:31:25] [YOLO] ✓ 球 全域座標: X=-0.031m  Y=1.757m  conf=0.92  (累計偵測:143)
[03:31:25] [YOLO] ✓ 球 全域座標: X=-0.031m  Y=1.757m  conf=0.91  (累計偵測:148)
[03:31:26] [YOLO] ✓ 球 全域座標: X=-0.031m  Y=1.758m  conf=0.92  (累計偵測:153)
[03:31:26] [YOLO] ✓ 球 全域座標: X=-0.032m  Y=1.756m  conf=0.92  (累計偵測:158)
[03:31:26] [YOLO] ✓ 球 全域座標: X=-0.030m  Y=1.756m  conf=0.91  (累計偵測:163)
[03:31:26] [YOLO] ✓ 球 全域座標: X=-0.031m  Y=1.758m  conf=0.92  (累計偵測:168)
[03:31:26] [YOLO] ✓ 球 全域座標: X=-0.031m  Y=1.756m  conf=0.92  (累計偵測:173)
[03:31:26] [YOLO] ✓ 球 全域座標: X=-0.031m  Y=1.759m  conf=0.92  (累計偵測:178)
[03:31:27] [YOLO] ✓ 球 全域座標: X=-0.031m  Y=1.759m  conf=0.92  (累計偵測:183)
[03:31:27] [YOLO] ✓ 球 全域座標: X=-0.032m  Y=1.761m  conf=0.92  (累計偵測:188)
[03:31:27] [YOLO] ✓ 球 全域座標: X=-0.031m  Y=1.756m  conf=0.91  (累計偵測:193)
[03:31:27] [YOLO] ✓ 球 全域座標: X=-0.031m  Y=1.759m  conf=0.92  (累計偵測:198)
[03:31:27] [YOLO] ✓ 球 全域座標: X=-0.031m  Y=1.759m  conf=0.92  (累計偵測:203)
[03:31:27] [YOLO] ✓ 球 全域座標: X=-0.031m  Y=1.760m  conf=0.92  (累計偵測:208)
[03:31:28] [YOLO] ✓ 球 全域座標: X=-0.031m  Y=1.758m  conf=0.92  (累計偵測:213)
[03:31:28] [YOLO] ✓ 球 全域座標: X=-0.032m  Y=1.758m  conf=0.92  (累計偵測:218)
[03:31:28] [YOLO] ✓ 球 全域座標: X=-0.031m  Y=1.758m  conf=0.92  (累計偵測:223)
[03:31:28] [YOLO] ✓ 球 全域座標: X=-0.031m  Y=1.758m  conf=0.92  (累計偵測:228)
[03:31:28] [YOLO] ✓ 球 全域座標: X=-0.031m  Y=1.758m  conf=0.92  (累計偵測:233)
[03:31:28] [YOLO] ✓ 球 全域座標: X=-0.030m  Y=1.757m  conf=0.92  (累計偵測:238)
[03:31:29] [YOLO] ✓ 球 全域座標: X=-0.031m  Y=1.760m  conf=0.92  (累計偵測:243)
[03:31:29] [YOLO] ✓ 球 全域座標: X=-0.031m  Y=1.756m  conf=0.92  (累計偵測:248)
[03:31:29] [YOLO] ✓ 球 全域座標: X=-0.031m  Y=1.755m  conf=0.92  (累計偵測:253)
[03:31:29] [YOLO] ✓ 球 全域座標: X=-0.031m  Y=1.761m  conf=0.92  (累計偵測:258)
[03:31:29] [YOLO] ✓ 球 全域座標: X=-0.031m  Y=1.756m  conf=0.93  (累計偵測:263)
[03:31:29] [YOLO] ✓ 球 全域座標: X=-0.031m  Y=1.757m  conf=0.92  (累計偵測:268)
[03:31:30] [YOLO] ✓ 球 全域座標: X=-0.031m  Y=1.759m  conf=0.91  (累計偵測:273)
[03:31:30] [YOLO] ✓ 球 全域座標: X=-0.031m  Y=1.758m  conf=0.92  (累計偵測:278)
[03:31:30] [YOLO] ✓ 球 全域座標: X=-0.031m  Y=1.757m  conf=0.92  (累計偵測:283)
[03:31:30] [YOLO] ✓ 球 全域座標: X=-0.030m  Y=1.755m  conf=0.92  (累計偵測:288)
[03:31:30] [YOLO] ✓ 球 全域座標: X=-0.032m  Y=1.759m  conf=0.92  (累計偵測:293)
[03:31:30] [YOLO] ✓ 球 全域座標: X=-0.031m  Y=1.759m  conf=0.92  (累計偵測:298)
[03:31:31] [YOLO] ✓ 球 全域座標: X=-0.032m  Y=1.761m  conf=0.92  (累計偵測:303)
[03:31:31] [YOLO] ✓ 球 全域座標: X=-0.031m  Y=1.757m  conf=0.91  (累計偵測:308)
[03:31:31] [YOLO] ✓ 球 全域座標: X=-0.030m  Y=1.755m  conf=0.92  (累計偵測:313)
[03:31:31] [YOLO] ✓ 球 全域座標: X=-0.031m  Y=1.759m  conf=0.92  (累計偵測:318)
[03:31:31] [YOLO] ✓ 球 全域座標: X=-0.031m  Y=1.756m  conf=0.92  (累計偵測:323)
[03:31:31] [YOLO] ✓ 球 全域座標: X=-0.031m  Y=1.760m  conf=0.92  (累計偵測:328)
[03:31:32] [YOLO] ✓ 球 全域座標: X=-0.032m  Y=1.759m  conf=0.91  (累計偵測:333)
[03:31:32] [YOLO] ✓ 球 全域座標: X=-0.031m  Y=1.755m  conf=0.92  (累計偵測:338)
[03:31:32] [YOLO] ✓ 球 全域座標: X=-0.032m  Y=1.758m  conf=0.92  (累計偵測:343)
[03:31:32] [YOLO] ✓ 球 全域座標: X=-0.031m  Y=1.757m  conf=0.92  (累計偵測:348)
[03:31:32] [YOLO] ✓ 球 全域座標: X=-0.032m  Y=1.760m  conf=0.92  (累計偵測:353)
[03:31:32] [YOLO] ✓ 球 全域座標: X=-0.032m  Y=1.759m  conf=0.92  (累計偵測:358)
[03:31:33] [YOLO] ✓ 球 全域座標: X=-0.032m  Y=1.759m  conf=0.92  (累計偵測:363)
[03:31:33] [YOLO] ✓ 球 全域座標: X=-0.031m  Y=1.755m  conf=0.92  (累計偵測:368)
[03:31:33] [YOLO] ✓ 球 全域座標: X=-0.032m  Y=1.758m  conf=0.92  (累計偵測:373)
[03:31:33] [YOLO] ✓ 球 全域座標: X=-0.031m  Y=1.756m  conf=0.92  (累計偵測:378)
[03:31:33] [YOLO] ✓ 球 全域座標: X=-0.032m  Y=1.758m  conf=0.92  (累計偵測:383)
[03:31:33] [YOLO] ✓ 球 全域座標: X=-0.031m  Y=1.758m  conf=0.92  (累計偵測:388)
[03:31:34] [YOLO] ✓ 球 全域座標: X=-0.031m  Y=1.762m  conf=0.91  (累計偵測:393)
[03:31:34] [YOLO] ✓ 球 全域座標: X=-0.031m  Y=1.758m  conf=0.91  (累計偵測:398)
[03:31:34] [YOLO] ✓ 球 全域座標: X=-0.031m  Y=1.755m  conf=0.92  (累計偵測:403)
[03:31:34] [YOLO] ✓ 球 全域座標: X=-0.031m  Y=1.759m  conf=0.92  (累計偵測:408)
[03:31:34] [YOLO] ✓ 球 全域座標: X=-0.032m  Y=1.758m  conf=0.92  (累計偵測:413)
[03:31:34] [YOLO] ✓ 球 全域座標: X=-0.031m  Y=1.756m  conf=0.93  (累計偵測:418)
[03:31:35] [YOLO] ✓ 球 全域座標: X=-0.032m  Y=1.761m  conf=0.92  (累計偵測:423)
[03:31:35] [YOLO] ✓ 球 全域座標: X=-0.031m  Y=1.759m  conf=0.92  (累計偵測:428)
[03:31:35] [YOLO] ✓ 球 全域座標: X=-0.031m  Y=1.760m  conf=0.90  (累計偵測:433)
[03:31:35] [YOLO] ✓ 球 全域座標: X=-0.031m  Y=1.759m  conf=0.92  (累計偵測:438)
[03:31:35] [YOLO] ✓ 球 全域座標: X=-0.031m  Y=1.761m  conf=0.91  (累計偵測:443)
[03:31:35] [YOLO] ✓ 球 全域座標: X=-0.031m  Y=1.761m  conf=0.91  (累計偵測:448)
[03:31:36] [YOLO] ✓ 球 全域座標: X=-0.031m  Y=1.759m  conf=0.92  (累計偵測:453)
[03:31:36] [YOLO] ✓ 球 全域座標: X=-0.031m  Y=1.758m  conf=0.92  (累計偵測:458)
[03:31:36] [YOLO] ✓ 球 全域座標: X=-0.031m  Y=1.756m  conf=0.92  (累計偵測:463)
[03:31:36] [YOLO] ✓ 球 全域座標: X=-0.031m  Y=1.759m  conf=0.91  (累計偵測:468)
[03:31:36] [YOLO] ✓ 球 全域座標: X=-0.031m  Y=1.754m  conf=0.92  (累計偵測:473)
[03:31:36] [YOLO] ✓ 球 全域座標: X=-0.031m  Y=1.757m  conf=0.91  (累計偵測:478)
[03:31:37] [YOLO] ✓ 球 全域座標: X=-0.031m  Y=1.757m  conf=0.92  (累計偵測:483)
[03:31:37] [YOLO] ✓ 球 全域座標: X=-0.031m  Y=1.760m  conf=0.93  (累計偵測:488)
[03:31:37] [YOLO] ✓ 球 全域座標: X=-0.031m  Y=1.758m  conf=0.92  (累計偵測:493)
[03:31:37] [YOLO] ✓ 球 全域座標: X=-0.031m  Y=1.759m  conf=0.91  (累計偵測:498)
[03:31:37] [YOLO] ✓ 球 全域座標: X=-0.031m  Y=1.757m  conf=0.91  (累計偵測:503)
[03:31:37] [YOLO] ✓ 球 全域座標: X=-0.031m  Y=1.758m  conf=0.92  (累計偵測:508)
[03:31:38] [YOLO] ✓ 球 全域座標: X=-0.031m  Y=1.761m  conf=0.92  (累計偵測:513)
[03:31:38] [YOLO] ✓ 球 全域座標: X=-0.031m  Y=1.758m  conf=0.92  (累計偵測:518)
[03:31:38] [YOLO] ✓ 球 全域座標: X=-0.031m  Y=1.756m  conf=0.91  (累計偵測:523)
[03:31:38] [YOLO] ✓ 球 全域座標: X=-0.032m  Y=1.759m  conf=0.93  (累計偵測:528)
[03:31:38] [YOLO] ✓ 球 全域座標: X=-0.031m  Y=1.758m  conf=0.92  (累計偵測:533)
[03:31:38] [YOLO] ✓ 球 全域座標: X=-0.032m  Y=1.759m  conf=0.92  (累計偵測:538)
[03:31:39] [YOLO] ✓ 球 全域座標: X=-0.031m  Y=1.758m  conf=0.92  (累計偵測:543)
[03:31:39] [YOLO] ✓ 球 全域座標: X=-0.031m  Y=1.758m  conf=0.92  (累計偵測:548)
[03:31:39] [YOLO] ✓ 球 全域座標: X=-0.031m  Y=1.758m  conf=0.92  (累計偵測:553)
[03:31:39] [YOLO] ✓ 球 全域座標: X=-0.031m  Y=1.757m  conf=0.92  (累計偵測:558)
[03:31:39] [YOLO] ✓ 球 全域座標: X=-0.031m  Y=1.757m  conf=0.92  (累計偵測:563)
[03:31:40] [YOLO] ✓ 球 全域座標: X=-0.032m  Y=1.759m  conf=0.92  (累計偵測:568)
[03:31:40] [YOLO] ✓ 球 全域座標: X=-0.031m  Y=1.760m  conf=0.92  (累計偵測:573)
[03:31:40] [YOLO] ✓ 球 全域座標: X=-0.031m  Y=1.757m  conf=0.91  (累計偵測:578)
[03:31:40] [YOLO] ✓ 球 全域座標: X=-0.032m  Y=1.760m  conf=0.92  (累計偵測:583)
[03:31:40] [YOLO] ✓ 球 全域座標: X=-0.031m  Y=1.759m  conf=0.92  (累計偵測:588)
[03:31:40] [YOLO] ✓ 球 全域座標: X=-0.031m  Y=1.760m  conf=0.91  (累計偵測:593)
[03:31:41] [YOLO] ✓ 球 全域座標: X=-0.031m  Y=1.756m  conf=0.92  (累計偵測:598)
[03:31:41] [YOLO] ✓ 球 全域座標: X=-0.031m  Y=1.760m  conf=0.92  (累計偵測:603)
[03:31:41] [YOLO] ✓ 球 全域座標: X=-0.031m  Y=1.755m  conf=0.92  (累計偵測:608)
[03:31:41] [YOLO] ✓ 球 全域座標: X=-0.031m  Y=1.757m  conf=0.92  (累計偵測:613)
[03:31:41] [YOLO] ✓ 球 全域座標: X=-0.031m  Y=1.756m  conf=0.92  (累計偵測:618)
[03:31:41] [YOLO] ✓ 球 全域座標: X=-0.031m  Y=1.759m  conf=0.92  (累計偵測:623)
[03:31:42] [YOLO] ✓ 球 全域座標: X=-0.031m  Y=1.758m  conf=0.92  (累計偵測:628)
[03:31:42] [YOLO] ✓ 球 全域座標: X=-0.031m  Y=1.760m  conf=0.92  (累計偵測:633)
[03:31:42] [YOLO] ✓ 球 全域座標: X=-0.031m  Y=1.760m  conf=0.92  (累計偵測:638)
[03:31:42] [YOLO] ✓ 球 全域座標: X=-0.031m  Y=1.757m  conf=0.91  (累計偵測:643)
[03:31:43] [YOLO] ✓ 球 全域座標: X=-0.031m  Y=1.757m  conf=0.91  (累計偵測:648)
[03:31:43] [YOLO] ✓ 球 全域座標: X=-0.031m  Y=1.757m  conf=0.91  (累計偵測:653)
[03:31:43] [YOLO] ✓ 球 全域座標: X=-0.032m  Y=1.758m  conf=0.92  (累計偵測:658)
[03:31:43] [YOLO] ✓ 球 全域座標: X=-0.031m  Y=1.756m  conf=0.92  (累計偵測:663)
[03:31:43] [YOLO] ✓ 球 全域座標: X=-0.031m  Y=1.758m  conf=0.93  (累計偵測:668)
[03:31:44] [YOLO] ✓ 球 全域座標: X=-0.032m  Y=1.759m  conf=0.92  (累計偵測:673)
[03:31:44] [YOLO] ✓ 球 全域座標: X=-0.031m  Y=1.757m  conf=0.92  (累計偵測:678)
[03:31:44] [YOLO] ✓ 球 全域座標: X=-0.031m  Y=1.756m  conf=0.91  (累計偵測:683)
[03:31:44] [YOLO] ✓ 球 全域座標: X=-0.030m  Y=1.757m  conf=0.92  (累計偵測:688)
[03:31:44] [YOLO] ✓ 球 全域座標: X=-0.031m  Y=1.761m  conf=0.91  (累計偵測:693)
[03:31:45] [YOLO] ✓ 球 全域座標: X=-0.032m  Y=1.759m  conf=0.93  (累計偵測:698)
[03:31:45] [YOLO] ✓ 球 全域座標: X=-0.032m  Y=1.756m  conf=0.93  (累計偵測:703)
[03:31:45] [YOLO] ✓ 球 全域座標: X=-0.032m  Y=1.754m  conf=0.92  (累計偵測:708)
[03:31:45] [YOLO] ✓ 球 全域座標: X=-0.031m  Y=1.757m  conf=0.93  (累計偵測:713)
[03:31:46] [YOLO] ✓ 球 全域座標: X=-0.031m  Y=1.756m  conf=0.92  (累計偵測:718)
[03:31:46] [YOLO] ✓ 球 全域座標: X=-0.031m  Y=1.758m  conf=0.92  (累計偵測:723)
[03:31:46] [YOLO] ✓ 球 全域座標: X=-0.031m  Y=1.761m  conf=0.92  (累計偵測:728)
[03:31:46] [YOLO] ✓ 球 全域座標: X=-0.032m  Y=1.759m  conf=0.91  (累計偵測:733)
[03:31:46] [YOLO] ✓ 球 全域座標: X=-0.031m  Y=1.757m  conf=0.92  (累計偵測:738)
[03:31:47] [YOLO] ✓ 球 全域座標: X=-0.032m  Y=1.760m  conf=0.92  (累計偵測:743)
[03:31:47] [YOLO] ✓ 球 全域座標: X=-0.031m  Y=1.760m  conf=0.91  (累計偵測:748)
[03:31:47] [YOLO] ✓ 球 全域座標: X=-0.031m  Y=1.755m  conf=0.92  (累計偵測:753)
[03:31:47] [YOLO] ✓ 球 全域座標: X=-0.031m  Y=1.759m  conf=0.91  (累計偵測:758)
[03:31:47] [YOLO] ✓ 球 全域座標: X=-0.032m  Y=1.758m  conf=0.93  (累計偵測:763)
[03:31:48] [YOLO] ✓ 球 全域座標: X=-0.032m  Y=1.762m  conf=0.92  (累計偵測:768)
[03:31:48] [YOLO] ✓ 球 全域座標: X=-0.032m  Y=1.758m  conf=0.91  (累計偵測:773)
[03:31:48] [YOLO] ✓ 球 全域座標: X=-0.031m  Y=1.756m  conf=0.91  (累計偵測:778)
[03:31:48] [YOLO] ✓ 球 全域座標: X=-0.031m  Y=1.761m  conf=0.92  (累計偵測:783)
[03:31:49] [YOLO] ✓ 球 全域座標: X=-0.030m  Y=1.756m  conf=0.92  (累計偵測:788)
[03:31:49] [YOLO] ✓ 球 全域座標: X=-0.030m  Y=1.755m  conf=0.92  (累計偵測:793)
[03:31:49] [YOLO] ✓ 球 全域座標: X=-0.031m  Y=1.756m  conf=0.91  (累計偵測:798)
[03:31:49] [YOLO] ✓ 球 全域座標: X=-0.031m  Y=1.757m  conf=0.91  (累計偵測:803)
[03:31:49] [YOLO] ✓ 球 全域座標: X=-0.031m  Y=1.759m  conf=0.92  (累計偵測:808)
[03:31:50] [YOLO] ✓ 球 全域座標: X=-0.031m  Y=1.758m  conf=0.93  (累計偵測:813)
[03:31:50] [YOLO] ✓ 球 全域座標: X=-0.031m  Y=1.759m  conf=0.92  (累計偵測:818)
[03:31:50] [YOLO] ✓ 球 全域座標: X=-0.031m  Y=1.759m  conf=0.92  (累計偵測:823)
[03:31:50] [YOLO] ✓ 球 全域座標: X=-0.031m  Y=1.756m  conf=0.92  (累計偵測:828)
[03:31:50] [YOLO] ✓ 球 全域座標: X=-0.030m  Y=1.755m  conf=0.93  (累計偵測:833)
[03:31:50] [YOLO] ✓ 球 全域座標: X=-0.031m  Y=1.755m  conf=0.92  (累計偵測:838)
[03:31:51] [YOLO] ✓ 球 全域座標: X=-0.031m  Y=1.754m  conf=0.92  (累計偵測:843)
[03:31:51] [YOLO] ✓ 球 全域座標: X=-0.031m  Y=1.759m  conf=0.91  (累計偵測:848)
[03:31:51] [YOLO] ✓ 球 全域座標: X=-0.031m  Y=1.758m  conf=0.92  (累計偵測:853)
[03:31:51] [YOLO] ✓ 球 全域座標: X=-0.032m  Y=1.758m  conf=0.92  (累計偵測:858)
[03:31:52] [YOLO] ✓ 球 全域座標: X=-0.031m  Y=1.757m  conf=0.92  (累計偵測:863)
[03:31:52] [YOLO] ✓ 球 全域座標: X=-0.031m  Y=1.760m  conf=0.92  (累計偵測:868)
[03:31:52] [YOLO] ✓ 球 全域座標: X=-0.031m  Y=1.759m  conf=0.91  (累計偵測:873)
[03:31:52] [YOLO] ✓ 球 全域座標: X=-0.032m  Y=1.762m  conf=0.92  (累計偵測:878)
[03:31:52] [YOLO] ✓ 球 全域座標: X=-0.032m  Y=1.758m  conf=0.92  (累計偵測:883)
[03:31:53] [YOLO] ✓ 球 全域座標: X=-0.031m  Y=1.757m  conf=0.92  (累計偵測:888)
[03:31:53] [YOLO] ✓ 球 全域座標: X=-0.030m  Y=1.757m  conf=0.93  (累計偵測:893)
[03:31:53] [YOLO] ✓ 球 全域座標: X=-0.032m  Y=1.758m  conf=0.92  (累計偵測:898)
[03:31:53] [YOLO] ✓ 球 全域座標: X=-0.031m  Y=1.759m  conf=0.92  (累計偵測:903)
[03:31:53] [YOLO] ✓ 球 全域座標: X=-0.031m  Y=1.760m  conf=0.92  (累計偵測:908)
[03:31:54] [YOLO] ✓ 球 全域座標: X=-0.031m  Y=1.758m  conf=0.92  (累計偵測:913)
[03:31:54] [YOLO] ✓ 球 全域座標: X=-0.031m  Y=1.757m  conf=0.92  (累計偵測:918)
[03:31:54] [YOLO] ✓ 球 全域座標: X=-0.031m  Y=1.756m  conf=0.93  (累計偵測:923)
[03:31:54] [YOLO] ✓ 球 全域座標: X=-0.032m  Y=1.760m  conf=0.92  (累計偵測:928)
[03:31:55] [YOLO] ✓ 球 全域座標: X=-0.031m  Y=1.760m  conf=0.92  (累計偵測:933)
[03:31:55] [YOLO] ✓ 球 全域座標: X=-0.031m  Y=1.757m  conf=0.92  (累計偵測:938)
[03:31:55] [YOLO] ✓ 球 全域座標: X=-0.031m  Y=1.761m  conf=0.92  (累計偵測:943)
[03:31:55] [YOLO] ✓ 球 全域座標: X=-0.031m  Y=1.755m  conf=0.92  (累計偵測:948)
[03:31:56] [YOLO] ✓ 球 全域座標: X=-0.032m  Y=1.759m  conf=0.92  (累計偵測:953)
[03:31:56] [YOLO] ✓ 球 全域座標: X=-0.032m  Y=1.759m  conf=0.92  (累計偵測:958)
[03:31:56] [YOLO] ✓ 球 全域座標: X=-0.031m  Y=1.760m  conf=0.92  (累計偵測:963)
[03:31:56] [YOLO] ✓ 球 全域座標: X=-0.030m  Y=1.756m  conf=0.92  (累計偵測:968)
[03:31:56] [YOLO] ✓ 球 全域座標: X=-0.031m  Y=1.759m  conf=0.92  (累計偵測:973)
[03:31:57] [YOLO] ✓ 球 全域座標: X=-0.031m  Y=1.760m  conf=0.92  (累計偵測:978)
[03:31:57] [YOLO] ✓ 球 全域座標: X=-0.031m  Y=1.757m  conf=0.92  (累計偵測:983)
[03:31:57] [YOLO] ✓ 球 全域座標: X=-0.031m  Y=1.760m  conf=0.92  (累計偵測:988)
[03:31:57] [YOLO] ✓ 球 全域座標: X=-0.031m  Y=1.763m  conf=0.92  (累計偵測:993)
[03:31:58] [YOLO] ✓ 球 全域座標: X=-0.031m  Y=1.759m  conf=0.91  (累計偵測:998)
[03:31:58] [YOLO] ✓ 球 全域座標: X=-0.031m  Y=1.756m  conf=0.92  (累計偵測:1003)
[03:31:58] [YOLO] ✓ 球 全域座標: X=-0.031m  Y=1.755m  conf=0.92  (累計偵測:1008)
[03:31:58] [YOLO] ✓ 球 全域座標: X=-0.032m  Y=1.758m  conf=0.93  (累計偵測:1013)
[03:31:59] [YOLO] ✓ 球 全域座標: X=-0.031m  Y=1.760m  conf=0.92  (累計偵測:1018)
[03:31:59] [YOLO] ✓ 球 全域座標: X=-0.031m  Y=1.759m  conf=0.91  (累計偵測:1023)
[03:31:59] [YOLO] ✓ 球 全域座標: X=-0.031m  Y=1.755m  conf=0.92  (累計偵測:1028)
[03:31:59] [YOLO] ✓ 球 全域座標: X=-0.031m  Y=1.757m  conf=0.92  (累計偵測:1033)
[03:31:59] [YOLO] ✓ 球 全域座標: X=-0.031m  Y=1.760m  conf=0.92  (累計偵測:1038)
[03:32:00] [YOLO] ✓ 球 全域座標: X=-0.031m  Y=1.757m  conf=0.92  (累計偵測:1043)
[03:32:00] [YOLO] ✓ 球 全域座標: X=-0.031m  Y=1.762m  conf=0.91  (累計偵測:1048)
[03:32:00] [YOLO] ✓ 球 全域座標: X=-0.031m  Y=1.757m  conf=0.92  (累計偵測:1053)
[03:32:00] [YOLO] ✓ 球 全域座標: X=-0.031m  Y=1.758m  conf=0.92  (累計偵測:1058)
[03:32:01] [YOLO] ✓ 球 全域座標: X=-0.031m  Y=1.758m  conf=0.92  (累計偵測:1063)
[03:32:01] [YOLO] ✓ 球 全域座標: X=-0.031m  Y=1.761m  conf=0.92  (累計偵測:1068)
[03:32:01] [YOLO] ✓ 球 全域座標: X=-0.031m  Y=1.760m  conf=0.92  (累計偵測:1073)
[03:32:01] [YOLO] ✓ 球 全域座標: X=-0.031m  Y=1.757m  conf=0.92  (累計偵測:1078)
[03:32:01] [YOLO] ✓ 球 全域座標: X=-0.031m  Y=1.757m  conf=0.92  (累計偵測:1083)
[03:32:02] [YOLO] ✓ 球 全域座標: X=-0.031m  Y=1.755m  conf=0.91  (累計偵測:1088)
[03:32:02] [YOLO] ✓ 球 全域座標: X=-0.032m  Y=1.760m  conf=0.93  (累計偵測:1093)
[03:32:02] [YOLO] ✓ 球 全域座標: X=-0.031m  Y=1.760m  conf=0.92  (累計偵測:1098)
[03:32:02] [YOLO] ✓ 球 全域座標: X=-0.031m  Y=1.759m  conf=0.91  (累計偵測:1103)
[03:32:02] [YOLO] ✓ 球 全域座標: X=-0.031m  Y=1.758m  conf=0.92  (累計偵測:1108)
[03:32:03] [YOLO] ✓ 球 全域座標: X=-0.031m  Y=1.758m  conf=0.92  (累計偵測:1113)
[03:32:03] [YOLO] ✓ 球 全域座標: X=-0.031m  Y=1.755m  conf=0.92  (累計偵測:1118)
[03:32:03] [YOLO] ✓ 球 全域座標: X=-0.031m  Y=1.759m  conf=0.93  (累計偵測:1123)
[03:32:03] [YOLO] ✓ 球 全域座標: X=-0.031m  Y=1.758m  conf=0.92  (累計偵測:1128)
[03:32:03] [YOLO] ✓ 球 全域座標: X=-0.030m  Y=1.756m  conf=0.92  (累計偵測:1133)
[03:32:04] [YOLO] ✓ 球 全域座標: X=-0.030m  Y=1.755m  conf=0.92  (累計偵測:1138)
[03:32:04] [YOLO] ✓ 球 全域座標: X=-0.032m  Y=1.758m  conf=0.92  (累計偵測:1143)
[03:32:04] [YOLO] ✓ 球 全域座標: X=-0.030m  Y=1.758m  conf=0.93  (累計偵測:1148)
[03:32:04] [YOLO] ✓ 球 全域座標: X=-0.031m  Y=1.758m  conf=0.91  (累計偵測:1153)
[03:32:05] [YOLO] ✓ 球 全域座標: X=-0.030m  Y=1.757m  conf=0.92  (累計偵測:1158)
[03:32:05] [YOLO] ✓ 球 全域座標: X=-0.031m  Y=1.759m  conf=0.92  (累計偵測:1163)
[03:32:05] [YOLO] ✓ 球 全域座標: X=-0.031m  Y=1.760m  conf=0.92  (累計偵測:1168)
[03:32:05] [YOLO] ✓ 球 全域座標: X=-0.031m  Y=1.756m  conf=0.92  (累計偵測:1173)
[03:32:05] [YOLO] ✓ 球 全域座標: X=-0.031m  Y=1.760m  conf=0.92  (累計偵測:1178)
[03:32:05] [YOLO] ✓ 球 全域座標: X=-0.031m  Y=1.758m  conf=0.92  (累計偵測:1183)
[03:32:06] [YOLO] ✓ 球 全域座標: X=-0.032m  Y=1.761m  conf=0.92  (累計偵測:1188)
[03:32:06] [YOLO] ✓ 球 全域座標: X=-0.031m  Y=1.758m  conf=0.93  (累計偵測:1193)
[03:32:06] [YOLO] ✓ 球 全域座標: X=-0.031m  Y=1.758m  conf=0.92  (累計偵測:1198)
[03:32:06] [YOLO] ✓ 球 全域座標: X=-0.031m  Y=1.759m  conf=0.91  (累計偵測:1203)
[03:32:06] [YOLO] ✓ 球 全域座標: X=-0.031m  Y=1.758m  conf=0.92  (累計偵測:1208)
[03:32:06] [YOLO] ✓ 球 全域座標: X=-0.031m  Y=1.758m  conf=0.92  (累計偵測:1213)
[03:32:07] [YOLO] ✓ 球 全域座標: X=-0.031m  Y=1.756m  conf=0.91  (累計偵測:1218)
[03:32:07] [YOLO] ✓ 球 全域座標: X=-0.031m  Y=1.758m  conf=0.92  (累計偵測:1223)
[03:32:07] [YOLO] ✓ 球 全域座標: X=-0.031m  Y=1.757m  conf=0.92  (累計偵測:1228)
[03:32:07] [YOLO] ✓ 球 全域座標: X=-0.031m  Y=1.755m  conf=0.91  (累計偵測:1233)
[03:32:07] [YOLO] ✓ 球 全域座標: X=-0.031m  Y=1.760m  conf=0.92  (累計偵測:1238)
[03:32:08] [YOLO] ✓ 球 全域座標: X=-0.031m  Y=1.756m  conf=0.92  (累計偵測:1243)
[03:32:08] [YOLO] ✓ 球 全域座標: X=-0.031m  Y=1.760m  conf=0.92  (累計偵測:1248)
[03:32:08] [YOLO] ✓ 球 全域座標: X=-0.031m  Y=1.759m  conf=0.92  (累計偵測:1253)
[03:32:08] [YOLO] ✓ 球 全域座標: X=-0.032m  Y=1.758m  conf=0.92  (累計偵測:1258)
[03:32:08] [YOLO] ✓ 球 全域座標: X=-0.031m  Y=1.756m  conf=0.92  (累計偵測:1263)
[03:32:08] [YOLO] ✓ 球 全域座標: X=-0.031m  Y=1.760m  conf=0.92  (累計偵測:1268)
[03:32:09] [YOLO] ✓ 球 全域座標: X=-0.031m  Y=1.758m  conf=0.93  (累計偵測:1273)
[03:32:09] [YOLO] ✓ 球 全域座標: X=-0.031m  Y=1.758m  conf=0.92  (累計偵測:1278)
[03:32:09] [YOLO] ✓ 球 全域座標: X=-0.032m  Y=1.759m  conf=0.91  (累計偵測:1283)
[03:32:09] [YOLO] ✓ 球 全域座標: X=-0.032m  Y=1.759m  conf=0.92  (累計偵測:1288)
[03:32:09] [YOLO] ✓ 球 全域座標: X=-0.031m  Y=1.756m  conf=0.92  (累計偵測:1293)
[03:32:09] [YOLO] ✓ 球 全域座標: X=-0.031m  Y=1.755m  conf=0.91  (累計偵測:1298)
[03:32:10] [YOLO] ✓ 球 全域座標: X=-0.031m  Y=1.758m  conf=0.92  (累計偵測:1303)
[03:32:10] [YOLO] ✓ 球 全域座標: X=-0.030m  Y=1.759m  conf=0.92  (累計偵測:1308)
[03:32:10] [YOLO] ✓ 球 全域座標: X=-0.031m  Y=1.757m  conf=0.91  (累計偵測:1313)
[03:32:10] [YOLO] ✓ 球 全域座標: X=-0.030m  Y=1.757m  conf=0.93  (累計偵測:1318)
[03:32:11] [YOLO] ✓ 球 全域座標: X=-0.031m  Y=1.761m  conf=0.92  (累計偵測:1323)
[03:32:11] [YOLO] ✓ 球 全域座標: X=-0.031m  Y=1.758m  conf=0.92  (累計偵測:1328)
[03:32:11] [YOLO] ✓ 球 全域座標: X=-0.031m  Y=1.759m  conf=0.92  (累計偵測:1333)
[03:32:11] [YOLO] ✓ 球 全域座標: X=-0.032m  Y=1.758m  conf=0.92  (累計偵測:1338)
[03:32:11] [YOLO] ✓ 球 全域座標: X=-0.031m  Y=1.759m  conf=0.92  (累計偵測:1343)
[03:32:12] [YOLO] ✓ 球 全域座標: X=-0.032m  Y=1.760m  conf=0.92  (累計偵測:1348)
[03:32:12] [YOLO] ✓ 球 全域座標: X=-0.031m  Y=1.757m  conf=0.92  (累計偵測:1353)
[03:32:12] [YOLO] ✓ 球 全域座標: X=-0.031m  Y=1.756m  conf=0.92  (累計偵測:1358)
[03:32:12] [YOLO] ✓ 球 全域座標: X=-0.031m  Y=1.758m  conf=0.92  (累計偵測:1363)
[03:32:13] [YOLO] ✓ 球 全域座標: X=-0.032m  Y=1.759m  conf=0.92  (累計偵測:1368)
[03:32:13] [YOLO] ✓ 球 全域座標: X=-0.032m  Y=1.757m  conf=0.91  (累計偵測:1373)
[03:32:13] [YOLO] ✓ 球 全域座標: X=-0.031m  Y=1.758m  conf=0.92  (累計偵測:1378)
[03:32:13] [YOLO] ✓ 球 全域座標: X=-0.031m  Y=1.760m  conf=0.92  (累計偵測:1383)
[03:32:13] [YOLO] ✓ 球 全域座標: X=-0.031m  Y=1.758m  conf=0.92  (累計偵測:1388)
[03:32:13] [YOLO] ✓ 球 全域座標: X=-0.032m  Y=1.758m  conf=0.92  (累計偵測:1393)
[03:32:14] [YOLO] ✓ 球 全域座標: X=-0.031m  Y=1.756m  conf=0.92  (累計偵測:1398)
[03:32:14] [YOLO] ✓ 球 全域座標: X=-0.031m  Y=1.755m  conf=0.92  (累計偵測:1403)
[03:32:14] [YOLO] ✓ 球 全域座標: X=-0.032m  Y=1.759m  conf=0.93  (累計偵測:1408)
[03:32:14] [YOLO] ✓ 球 全域座標: X=-0.032m  Y=1.759m  conf=0.92  (累計偵測:1413)
[03:32:14] [YOLO] ✓ 球 全域座標: X=-0.031m  Y=1.758m  conf=0.93  (累計偵測:1418)
[03:32:15] [YOLO] ✓ 球 全域座標: X=-0.031m  Y=1.757m  conf=0.92  (累計偵測:1423)
[03:32:15] [YOLO] ✓ 球 全域座標: X=-0.031m  Y=1.758m  conf=0.92  (累計偵測:1428)
[03:32:15] [YOLO] ✓ 球 全域座標: X=-0.031m  Y=1.757m  conf=0.92  (累計偵測:1433)
[03:32:15] [YOLO] ✓ 球 全域座標: X=-0.031m  Y=1.755m  conf=0.93  (累計偵測:1438)
[03:32:15] [YOLO] ✓ 球 全域座標: X=-0.031m  Y=1.758m  conf=0.91  (累計偵測:1443)
[03:32:16] [YOLO] ✓ 球 全域座標: X=-0.031m  Y=1.759m  conf=0.92  (累計偵測:1448)
[03:32:16] [YOLO] ✓ 球 全域座標: X=-0.031m  Y=1.759m  conf=0.92  (累計偵測:1453)
[03:32:16] [YOLO] ✓ 球 全域座標: X=-0.031m  Y=1.759m  conf=0.93  (累計偵測:1458)
[03:32:16] [YOLO] ✓ 球 全域座標: X=-0.031m  Y=1.759m  conf=0.92  (累計偵測:1463)
[03:32:16] [YOLO] ✓ 球 全域座標: X=-0.031m  Y=1.755m  conf=0.92  (累計偵測:1468)
[03:32:17] [YOLO] ✓ 球 全域座標: X=-0.031m  Y=1.760m  conf=0.92  (累計偵測:1473)
[03:32:17] [YOLO] ✓ 球 全域座標: X=-0.031m  Y=1.759m  conf=0.93  (累計偵測:1478)
[03:32:17] [YOLO] ✓ 球 全域座標: X=-0.031m  Y=1.754m  conf=0.92  (累計偵測:1483)
[03:32:17] [YOLO] ✓ 球 全域座標: X=-0.031m  Y=1.758m  conf=0.92  (累計偵測:1488)
[03:32:18] [YOLO] ✓ 球 全域座標: X=-0.031m  Y=1.760m  conf=0.92  (累計偵測:1493)
[03:32:18] [YOLO] ✓ 球 全域座標: X=-0.031m  Y=1.761m  conf=0.91  (累計偵測:1498)
[03:32:18] [YOLO] ✓ 球 全域座標: X=-0.031m  Y=1.760m  conf=0.91  (累計偵測:1503)
[03:32:18] [YOLO] ✓ 球 全域座標: X=-0.031m  Y=1.760m  conf=0.93  (累計偵測:1508)
[03:32:19] [YOLO] ✓ 球 全域座標: X=-0.031m  Y=1.757m  conf=0.93  (累計偵測:1513)
[03:32:19] [YOLO] ✓ 球 全域座標: X=-0.031m  Y=1.759m  conf=0.92  (累計偵測:1518)
[03:32:19] [YOLO] ✓ 球 全域座標: X=-0.030m  Y=1.757m  conf=0.92  (累計偵測:1523)
[03:32:19] [YOLO] ✓ 球 全域座標: X=-0.032m  Y=1.761m  conf=0.92  (累計偵測:1528)
[03:32:19] [YOLO] ✓ 球 全域座標: X=-0.031m  Y=1.760m  conf=0.92  (累計偵測:1533)
[03:32:19] [YOLO] ✓ 球 全域座標: X=-0.032m  Y=1.760m  conf=0.92  (累計偵測:1538)
[03:32:20] [YOLO] ✓ 球 全域座標: X=-0.031m  Y=1.759m  conf=0.93  (累計偵測:1543)
[03:32:20] [YOLO] ✓ 球 全域座標: X=-0.031m  Y=1.756m  conf=0.92  (累計偵測:1548)
[03:32:20] [YOLO] ✓ 球 全域座標: X=-0.031m  Y=1.760m  conf=0.92  (累計偵測:1553)
[03:32:20] [YOLO] ✓ 球 全域座標: X=-0.031m  Y=1.758m  conf=0.92  (累計偵測:1558)
[03:32:20] [YOLO] ✓ 球 全域座標: X=-0.031m  Y=1.760m  conf=0.91  (累計偵測:1563)
[03:32:20] [YOLO] ✓ 球 全域座標: X=-0.031m  Y=1.759m  conf=0.92  (累計偵測:1568)
[03:32:21] [YOLO] ✓ 球 全域座標: X=-0.031m  Y=1.759m  conf=0.91  (累計偵測:1573)
[03:32:21] [YOLO] ✓ 球 全域座標: X=-0.031m  Y=1.757m  conf=0.92  (累計偵測:1578)
[03:32:21] [YOLO] ✓ 球 全域座標: X=-0.031m  Y=1.757m  conf=0.92  (累計偵測:1583)
[03:32:21] [YOLO] ✓ 球 全域座標: X=-0.031m  Y=1.757m  conf=0.92  (累計偵測:1588)
[03:32:21] [YOLO] ✓ 球 全域座標: X=-0.031m  Y=1.756m  conf=0.92  (累計偵測:1593)
[03:32:21] [YOLO] ✓ 球 全域座標: X=-0.031m  Y=1.756m  conf=0.91  (累計偵測:1598)
[03:32:22] [YOLO] ✓ 球 全域座標: X=-0.031m  Y=1.756m  conf=0.92  (累計偵測:1603)
[03:32:22] [YOLO] ✓ 球 全域座標: X=-0.031m  Y=1.758m  conf=0.93  (累計偵測:1608)
[03:32:22] [YOLO] ✓ 球 全域座標: X=-0.031m  Y=1.760m  conf=0.92  (累計偵測:1613)
[03:32:22] [YOLO] ✓ 球 全域座標: X=-0.031m  Y=1.757m  conf=0.92  (累計偵測:1618)
[03:32:22] [YOLO] ✓ 球 全域座標: X=-0.032m  Y=1.759m  conf=0.91  (累計偵測:1623)
[03:32:22] [YOLO] ✓ 球 全域座標: X=-0.031m  Y=1.754m  conf=0.91  (累計偵測:1628)
[03:32:23] [YOLO] ✓ 球 全域座標: X=-0.032m  Y=1.758m  conf=0.92  (累計偵測:1633)
[03:32:23] [YOLO] ✓ 球 全域座標: X=-0.032m  Y=1.758m  conf=0.91  (累計偵測:1638)
[03:32:23] [YOLO] ✓ 球 全域座標: X=-0.032m  Y=1.760m  conf=0.91  (累計偵測:1643)
[03:32:23] [YOLO] ✓ 球 全域座標: X=-0.031m  Y=1.757m  conf=0.91  (累計偵測:1648)
[03:32:23] [YOLO] ✓ 球 全域座標: X=-0.032m  Y=1.763m  conf=0.91  (累計偵測:1653)
[03:32:24] [YOLO] ✓ 球 全域座標: X=-0.031m  Y=1.757m  conf=0.92  (累計偵測:1658)
[03:32:24] [YOLO] ✓ 球 全域座標: X=-0.031m  Y=1.761m  conf=0.92  (累計偵測:1663)
[03:32:24] [YOLO] ✓ 球 全域座標: X=-0.032m  Y=1.760m  conf=0.91  (累計偵測:1668)
[03:32:24] [YOLO] ✓ 球 全域座標: X=-0.031m  Y=1.755m  conf=0.91  (累計偵測:1673)
[03:32:24] [YOLO] ✓ 球 全域座標: X=-0.031m  Y=1.757m  conf=0.92  (累計偵測:1678)
[03:32:24] [YOLO] ✓ 球 全域座標: X=-0.032m  Y=1.758m  conf=0.91  (累計偵測:1683)
[03:32:25] [YOLO] ✓ 球 全域座標: X=-0.031m  Y=1.757m  conf=0.92  (累計偵測:1688)
[03:32:25] [YOLO] ✓ 球 全域座標: X=-0.032m  Y=1.759m  conf=0.92  (累計偵測:1693)
[03:32:25] [YOLO] ✓ 球 全域座標: X=-0.031m  Y=1.756m  conf=0.93  (累計偵測:1698)
[03:32:25] [YOLO] ✓ 球 全域座標: X=-0.031m  Y=1.756m  conf=0.92  (累計偵測:1703)
[03:32:25] [YOLO] ✓ 球 全域座標: X=-0.031m  Y=1.756m  conf=0.92  (累計偵測:1708)
[03:32:25] [YOLO] ✓ 球 全域座標: X=-0.032m  Y=1.758m  conf=0.92  (累計偵測:1713)
[03:32:26] [YOLO] ✓ 球 全域座標: X=-0.032m  Y=1.758m  conf=0.92  (累計偵測:1718)
[03:32:26] [YOLO] ✓ 球 全域座標: X=-0.031m  Y=1.755m  conf=0.92  (累計偵測:1723)
[03:32:26] [YOLO] ✓ 球 全域座標: X=-0.031m  Y=1.757m  conf=0.91  (累計偵測:1728)
[03:32:26] [YOLO] ✓ 球 全域座標: X=-0.031m  Y=1.754m  conf=0.92  (累計偵測:1733)
[03:32:26] [YOLO] ✓ 球 全域座標: X=-0.032m  Y=1.759m  conf=0.92  (累計偵測:1738)
[03:32:26] [YOLO] ✓ 球 全域座標: X=-0.031m  Y=1.757m  conf=0.92  (累計偵測:1743)
[03:32:27] [YOLO] ✓ 球 全域座標: X=-0.032m  Y=1.758m  conf=0.92  (累計偵測:1748)
[03:32:27] [YOLO] ✓ 球 全域座標: X=-0.031m  Y=1.755m  conf=0.92  (累計偵測:1753)
[03:32:27] [YOLO] ✓ 球 全域座標: X=-0.031m  Y=1.760m  conf=0.91  (累計偵測:1758)
[03:32:28] [YOLO] ✓ 球 全域座標: X=-0.031m  Y=1.757m  conf=0.92  (累計偵測:1763)
[03:32:28] [YOLO] ✓ 球 全域座標: X=-0.031m  Y=1.757m  conf=0.92  (累計偵測:1768)
[03:32:28] [YOLO] ✓ 球 全域座標: X=-0.031m  Y=1.760m  conf=0.92  (累計偵測:1773)
[03:32:28] [YOLO] ✓ 球 全域座標: X=-0.031m  Y=1.759m  conf=0.91  (累計偵測:1778)
[03:32:28] [YOLO] ✓ 球 全域座標: X=-0.031m  Y=1.757m  conf=0.92  (累計偵測:1783)
[03:32:29] [YOLO] ✓ 球 全域座標: X=-0.031m  Y=1.758m  conf=0.92  (累計偵測:1788)
[03:32:29] [YOLO] ✓ 球 全域座標: X=-0.031m  Y=1.758m  conf=0.93  (累計偵測:1793)
[03:32:29] [YOLO] ✓ 球 全域座標: X=-0.031m  Y=1.754m  conf=0.91  (累計偵測:1798)
[03:32:29] [YOLO] ✓ 球 全域座標: X=-0.031m  Y=1.756m  conf=0.92  (累計偵測:1803)
[03:32:29] [YOLO] ✓ 球 全域座標: X=-0.031m  Y=1.761m  conf=0.92  (累計偵測:1808)
[03:32:29] [YOLO] ✓ 球 全域座標: X=-0.032m  Y=1.760m  conf=0.92  (累計偵測:1813)
[03:32:30] [YOLO] ✓ 球 全域座標: X=-0.031m  Y=1.759m  conf=0.92  (累計偵測:1818)
[03:32:30] [YOLO] ✓ 球 全域座標: X=-0.031m  Y=1.759m  conf=0.92  (累計偵測:1823)
[03:32:30] [YOLO] ✓ 球 全域座標: X=-0.032m  Y=1.759m  conf=0.92  (累計偵測:1828)
[03:32:30] [YOLO] ✓ 球 全域座標: X=-0.032m  Y=1.758m  conf=0.91  (累計偵測:1833)
[03:32:30] [YOLO] ✓ 球 全域座標: X=-0.031m  Y=1.760m  conf=0.92  (累計偵測:1838)
[03:32:31] [YOLO] ✓ 球 全域座標: X=-0.031m  Y=1.759m  conf=0.91  (累計偵測:1843)
[03:32:31] [YOLO] ✓ 球 全域座標: X=-0.031m  Y=1.758m  conf=0.92  (累計偵測:1848)
[03:32:31] [YOLO] ✓ 球 全域座標: X=-0.032m  Y=1.760m  conf=0.91  (累計偵測:1853)
[03:32:31] [YOLO] ✓ 球 全域座標: X=-0.031m  Y=1.758m  conf=0.92  (累計偵測:1858)
[03:32:31] [YOLO] ✓ 球 全域座標: X=-0.031m  Y=1.759m  conf=0.91  (累計偵測:1863)
[03:32:32] [YOLO] ✓ 球 全域座標: X=-0.030m  Y=1.757m  conf=0.92  (累計偵測:1868)
[03:32:32] [YOLO] ✓ 球 全域座標: X=-0.031m  Y=1.755m  conf=0.92  (累計偵測:1873)
[03:32:32] [YOLO] ✓ 球 全域座標: X=-0.031m  Y=1.760m  conf=0.92  (累計偵測:1878)
[03:32:32] [YOLO] ✓ 球 全域座標: X=-0.031m  Y=1.757m  conf=0.92  (累計偵測:1883)
[03:32:32] [YOLO] ✓ 球 全域座標: X=-0.031m  Y=1.755m  conf=0.92  (累計偵測:1888)
[03:32:33] [YOLO] ✓ 球 全域座標: X=-0.031m  Y=1.759m  conf=0.91  (累計偵測:1893)
[03:32:33] [YOLO] ✓ 球 全域座標: X=-0.032m  Y=1.762m  conf=0.92  (累計偵測:1898)
[03:32:33] [YOLO] ✓ 球 全域座標: X=-0.031m  Y=1.762m  conf=0.92  (累計偵測:1903)
[03:32:33] [YOLO] ✓ 球 全域座標: X=-0.031m  Y=1.759m  conf=0.92  (累計偵測:1908)
[03:32:33] [YOLO] ✓ 球 全域座標: X=-0.031m  Y=1.761m  conf=0.92  (累計偵測:1913)
[03:32:34] [YOLO] ✓ 球 全域座標: X=-0.031m  Y=1.760m  conf=0.92  (累計偵測:1918)
[03:32:34] [YOLO] ✓ 球 全域座標: X=-0.031m  Y=1.757m  conf=0.93  (累計偵測:1923)
[03:32:34] [YOLO] ✓ 球 全域座標: X=-0.031m  Y=1.755m  conf=0.93  (累計偵測:1928)
[03:32:34] [YOLO] ✓ 球 全域座標: X=-0.031m  Y=1.756m  conf=0.92  (累計偵測:1933)
[03:32:34] [YOLO] ✓ 球 全域座標: X=-0.031m  Y=1.759m  conf=0.91  (累計偵測:1938)
[03:32:34] [YOLO] ✓ 球 全域座標: X=-0.031m  Y=1.759m  conf=0.92  (累計偵測:1943)
[03:32:35] [YOLO] ✓ 球 全域座標: X=-0.031m  Y=1.759m  conf=0.92  (累計偵測:1948)
[03:32:35] [YOLO] ✓ 球 全域座標: X=-0.031m  Y=1.757m  conf=0.92  (累計偵測:1953)
[03:32:35] [YOLO] ✓ 球 全域座標: X=-0.031m  Y=1.758m  conf=0.93  (累計偵測:1958)
[03:32:35] [YOLO] ✓ 球 全域座標: X=-0.031m  Y=1.757m  conf=0.92  (累計偵測:1963)
[03:32:35] [YOLO] ✓ 球 全域座標: X=-0.031m  Y=1.757m  conf=0.92  (累計偵測:1968)
[03:32:35] [YOLO] ✓ 球 全域座標: X=-0.031m  Y=1.757m  conf=0.92  (累計偵測:1973)
[03:32:36] [YOLO] ✓ 球 全域座標: X=-0.031m  Y=1.756m  conf=0.92  (累計偵測:1978)
[03:32:36] [YOLO] ✓ 球 全域座標: X=-0.031m  Y=1.755m  conf=0.93  (累計偵測:1983)
[03:32:36] [YOLO] ✓ 球 全域座標: X=-0.031m  Y=1.761m  conf=0.92  (累計偵測:1988)
[03:32:36] [YOLO] ✓ 球 全域座標: X=-0.031m  Y=1.760m  conf=0.92  (累計偵測:1993)
[03:32:36] [YOLO] ✓ 球 全域座標: X=-0.031m  Y=1.758m  conf=0.93  (累計偵測:1998)
[03:32:37] [YOLO] ✓ 球 全域座標: X=-0.031m  Y=1.757m  conf=0.92  (累計偵測:2003)
[03:32:37] [YOLO] ✓ 球 全域座標: X=-0.031m  Y=1.760m  conf=0.92  (累計偵測:2008)
[03:32:37] [YOLO] ✓ 球 全域座標: X=-0.031m  Y=1.759m  conf=0.92  (累計偵測:2013)
[03:32:37] [YOLO] ✓ 球 全域座標: X=-0.032m  Y=1.761m  conf=0.93  (累計偵測:2018)
[03:32:37] [YOLO] ✓ 球 全域座標: X=-0.031m  Y=1.757m  conf=0.91  (累計偵測:2023)
[03:32:37] [YOLO] ✓ 球 全域座標: X=-0.031m  Y=1.760m  conf=0.92  (累計偵測:2028)
[03:32:38] [YOLO] ✓ 球 全域座標: X=-0.031m  Y=1.761m  conf=0.92  (累計偵測:2033)
[03:32:38] [YOLO] ✓ 球 全域座標: X=-0.031m  Y=1.758m  conf=0.92  (累計偵測:2038)
[03:32:38] [YOLO] ✓ 球 全域座標: X=-0.031m  Y=1.756m  conf=0.92  (累計偵測:2043)
[03:32:38] [YOLO] ✓ 球 全域座標: X=-0.031m  Y=1.757m  conf=0.92  (累計偵測:2048)
[03:32:38] [YOLO] ✓ 球 全域座標: X=-0.031m  Y=1.755m  conf=0.93  (累計偵測:2053)
[03:32:39] [YOLO] ✓ 球 全域座標: X=-0.032m  Y=1.759m  conf=0.92  (累計偵測:2058)
[03:32:39] [YOLO] ✓ 球 全域座標: X=-0.032m  Y=1.760m  conf=0.93  (累計偵測:2063)
[03:32:39] [YOLO] ✓ 球 全域座標: X=-0.031m  Y=1.758m  conf=0.92  (累計偵測:2068)
[03:32:39] [YOLO] ✓ 球 全域座標: X=-0.031m  Y=1.756m  conf=0.93  (累計偵測:2073)
[03:32:39] [YOLO] ✓ 球 全域座標: X=-0.031m  Y=1.757m  conf=0.92  (累計偵測:2078)
[03:32:40] [YOLO] ✓ 球 全域座標: X=-0.030m  Y=1.754m  conf=0.93  (累計偵測:2083)
[03:32:40] [YOLO] ✓ 球 全域座標: X=-0.031m  Y=1.754m  conf=0.92  (累計偵測:2088)
[03:32:40] [YOLO] ✓ 球 全域座標: X=-0.031m  Y=1.760m  conf=0.92  (累計偵測:2093)
[03:32:40] [YOLO] ✓ 球 全域座標: X=-0.032m  Y=1.760m  conf=0.91  (累計偵測:2098)
[03:32:40] [YOLO] ✓ 球 全域座標: X=-0.031m  Y=1.758m  conf=0.91  (累計偵測:2103)
[03:32:40] [YOLO] ✓ 球 全域座標: X=-0.031m  Y=1.757m  conf=0.92  (累計偵測:2108)
[03:32:41] [YOLO] ✓ 球 全域座標: X=-0.031m  Y=1.761m  conf=0.92  (累計偵測:2113)
[03:32:41] [YOLO] ✓ 球 全域座標: X=-0.031m  Y=1.757m  conf=0.92  (累計偵測:2118)
[03:32:41] [YOLO] ✓ 球 全域座標: X=-0.031m  Y=1.757m  conf=0.92  (累計偵測:2123)
[03:32:41] [YOLO] ✓ 球 全域座標: X=-0.031m  Y=1.759m  conf=0.92  (累計偵測:2128)
[03:32:41] [YOLO] ✓ 球 全域座標: X=-0.031m  Y=1.760m  conf=0.92  (累計偵測:2133)
[03:32:41] [YOLO] ✓ 球 全域座標: X=-0.032m  Y=1.760m  conf=0.92  (累計偵測:2138)
[03:32:42] [YOLO] ✓ 球 全域座標: X=-0.031m  Y=1.761m  conf=0.92  (累計偵測:2143)
[03:32:42] [YOLO] ✓ 球 全域座標: X=-0.031m  Y=1.759m  conf=0.92  (累計偵測:2148)
[03:32:42] [YOLO] ✓ 球 全域座標: X=-0.031m  Y=1.761m  conf=0.92  (累計偵測:2153)
[03:32:42] [YOLO] ✓ 球 全域座標: X=-0.031m  Y=1.760m  conf=0.92  (累計偵測:2158)
[03:32:42] [YOLO] ✓ 球 全域座標: X=-0.031m  Y=1.758m  conf=0.91  (累計偵測:2163)
[03:32:43] [YOLO] ✓ 球 全域座標: X=-0.030m  Y=1.754m  conf=0.92  (累計偵測:2168)
[03:32:43] [YOLO] ✓ 球 全域座標: X=-0.031m  Y=1.759m  conf=0.93  (累計偵測:2173)
[03:32:43] [YOLO] ✓ 球 全域座標: X=-0.031m  Y=1.756m  conf=0.92  (累計偵測:2178)
[03:32:43] [YOLO] ✓ 球 全域座標: X=-0.032m  Y=1.760m  conf=0.92  (累計偵測:2183)
[03:32:43] [YOLO] ✓ 球 全域座標: X=-0.032m  Y=1.759m  conf=0.92  (累計偵測:2188)
[03:32:44] [YOLO] ✓ 球 全域座標: X=-0.031m  Y=1.759m  conf=0.92  (累計偵測:2193)
[03:32:44] [YOLO] ✓ 球 全域座標: X=-0.030m  Y=1.756m  conf=0.92  (累計偵測:2198)
[03:32:44] [YOLO] ✓ 球 全域座標: X=-0.031m  Y=1.758m  conf=0.92  (累計偵測:2203)
[03:32:44] [YOLO] ✓ 球 全域座標: X=-0.031m  Y=1.758m  conf=0.92  (累計偵測:2208)
[03:32:44] [YOLO] ✓ 球 全域座標: X=-0.031m  Y=1.760m  conf=0.92  (累計偵測:2213)
[03:32:45] [YOLO] ✓ 球 全域座標: X=-0.031m  Y=1.757m  conf=0.92  (累計偵測:2218)
[03:32:45] [YOLO] ✓ 球 全域座標: X=-0.031m  Y=1.756m  conf=0.92  (累計偵測:2223)
[03:32:45] [YOLO] ✓ 球 全域座標: X=-0.032m  Y=1.759m  conf=0.92  (累計偵測:2228)
[03:32:45] [YOLO] ✓ 球 全域座標: X=-0.031m  Y=1.757m  conf=0.91  (累計偵測:2233)
[03:32:45] [YOLO] ✓ 球 全域座標: X=-0.031m  Y=1.759m  conf=0.92  (累計偵測:2238)
[03:32:45] [YOLO] ✓ 球 全域座標: X=-0.032m  Y=1.761m  conf=0.93  (累計偵測:2243)
[03:32:46] [YOLO] ✓ 球 全域座標: X=-0.031m  Y=1.758m  conf=0.92  (累計偵測:2248)
[03:32:46] [YOLO] ✓ 球 全域座標: X=-0.031m  Y=1.764m  conf=0.91  (累計偵測:2253)
[03:32:46] [YOLO] ✓ 球 全域座標: X=-0.031m  Y=1.762m  conf=0.91  (累計偵測:2258)
[03:32:46] [YOLO] ✓ 球 全域座標: X=-0.032m  Y=1.760m  conf=0.92  (累計偵測:2263)
[03:32:46] [YOLO] ✓ 球 全域座標: X=-0.031m  Y=1.759m  conf=0.93  (累計偵測:2268)
[03:32:46] [YOLO] ✓ 球 全域座標: X=-0.031m  Y=1.765m  conf=0.92  (累計偵測:2273)
[03:32:47] [YOLO] ✓ 球 全域座標: X=-0.031m  Y=1.762m  conf=0.91  (累計偵測:2278)
[03:32:47] [YOLO] ✓ 球 全域座標: X=-0.032m  Y=1.760m  conf=0.92  (累計偵測:2283)
[03:32:47] [YOLO] ✓ 球 全域座標: X=-0.031m  Y=1.758m  conf=0.91  (累計偵測:2288)
[03:32:47] [YOLO] ✓ 球 全域座標: X=-0.031m  Y=1.760m  conf=0.91  (累計偵測:2293)
[03:32:47] [YOLO] ✓ 球 全域座標: X=-0.031m  Y=1.756m  conf=0.92  (累計偵測:2298)
[03:32:48] [YOLO] ✓ 球 全域座標: X=-0.032m  Y=1.763m  conf=0.90  (累計偵測:2303)
[03:32:48] [YOLO] ✓ 球 全域座標: X=-0.032m  Y=1.759m  conf=0.92  (累計偵測:2308)
[03:32:48] [YOLO] ✓ 球 全域座標: X=-0.031m  Y=1.757m  conf=0.92  (累計偵測:2313)
[03:32:48] [YOLO] ✓ 球 全域座標: X=-0.031m  Y=1.760m  conf=0.92  (累計偵測:2318)
[03:32:48] [YOLO] ✓ 球 全域座標: X=-0.031m  Y=1.756m  conf=0.91  (累計偵測:2323)
[03:32:49] [YOLO] ✓ 球 全域座標: X=-0.030m  Y=1.758m  conf=0.92  (累計偵測:2328)
[03:32:49] [YOLO] ✓ 球 全域座標: X=-0.032m  Y=1.760m  conf=0.92  (累計偵測:2333)
[03:32:49] [YOLO] ✓ 球 全域座標: X=-0.032m  Y=1.760m  conf=0.91  (累計偵測:2338)
[03:32:49] [YOLO] ✓ 球 全域座標: X=-0.032m  Y=1.763m  conf=0.92  (累計偵測:2343)
[03:32:49] [YOLO] ✓ 球 全域座標: X=-0.031m  Y=1.762m  conf=0.91  (累計偵測:2348)
[03:32:49] [YOLO] ✓ 球 全域座標: X=-0.031m  Y=1.760m  conf=0.91  (累計偵測:2353)
[03:32:50] [YOLO] ✓ 球 全域座標: X=-0.031m  Y=1.755m  conf=0.92  (累計偵測:2358)
[03:32:50] [YOLO] ✓ 球 全域座標: X=-0.031m  Y=1.762m  conf=0.91  (累計偵測:2363)
[03:32:50] [YOLO] ✓ 球 全域座標: X=-0.031m  Y=1.760m  conf=0.92  (累計偵測:2368)
[03:32:50] [YOLO] ✓ 球 全域座標: X=-0.031m  Y=1.762m  conf=0.91  (累計偵測:2373)
[03:32:50] [YOLO] ✓ 球 全域座標: X=-0.032m  Y=1.761m  conf=0.91  (累計偵測:2378)
[03:32:51] [YOLO] ✓ 球 全域座標: X=-0.031m  Y=1.760m  conf=0.91  (累計偵測:2383)
[03:32:51] [YOLO] ✓ 球 全域座標: X=-0.031m  Y=1.756m  conf=0.92  (累計偵測:2388)
[03:32:51] [YOLO] ✓ 球 全域座標: X=-0.030m  Y=1.756m  conf=0.91  (累計偵測:2393)
[03:32:51] [YOLO] ✓ 球 全域座標: X=-0.031m  Y=1.760m  conf=0.92  (累計偵測:2398)
[03:32:51] [YOLO] ✓ 球 全域座標: X=-0.032m  Y=1.763m  conf=0.92  (累計偵測:2403)
[03:32:52] [YOLO] ✓ 球 全域座標: X=-0.031m  Y=1.758m  conf=0.92  (累計偵測:2408)
[03:32:52] [YOLO] ✓ 球 全域座標: X=-0.031m  Y=1.761m  conf=0.91  (累計偵測:2413)
[03:32:52] [YOLO] ✓ 球 全域座標: X=-0.032m  Y=1.759m  conf=0.92  (累計偵測:2418)
[03:32:52] [YOLO] ✓ 球 全域座標: X=-0.032m  Y=1.762m  conf=0.92  (累計偵測:2423)
[03:32:52] [YOLO] ✓ 球 全域座標: X=-0.031m  Y=1.762m  conf=0.92  (累計偵測:2428)
[03:32:52] [YOLO] ✓ 球 全域座標: X=-0.032m  Y=1.761m  conf=0.91  (累計偵測:2433)
[03:32:53] [YOLO] ✓ 球 全域座標: X=-0.031m  Y=1.760m  conf=0.92  (累計偵測:2438)
[03:32:53] [YOLO] ✓ 球 全域座標: X=-0.031m  Y=1.759m  conf=0.90  (累計偵測:2443)
[03:32:53] [YOLO] ✓ 球 全域座標: X=-0.032m  Y=1.760m  conf=0.92  (累計偵測:2448)
[03:32:53] [YOLO] ✓ 球 全域座標: X=-0.031m  Y=1.760m  conf=0.92  (累計偵測:2453)
[03:32:53] [YOLO] ✓ 球 全域座標: X=-0.031m  Y=1.760m  conf=0.92  (累計偵測:2458)
[03:32:54] [YOLO] ✓ 球 全域座標: X=-0.031m  Y=1.761m  conf=0.91  (累計偵測:2463)
[03:32:54] [YOLO] ✓ 球 全域座標: X=-0.031m  Y=1.758m  conf=0.92  (累計偵測:2468)
[03:32:54] [YOLO] ✓ 球 全域座標: X=-0.032m  Y=1.760m  conf=0.91  (累計偵測:2473)
[03:32:54] [YOLO] ✓ 球 全域座標: X=-0.030m  Y=1.755m  conf=0.92  (累計偵測:2478)
[03:32:54] [YOLO] ✓ 球 全域座標: X=-0.032m  Y=1.761m  conf=0.91  (累計偵測:2483)
[03:32:54] [YOLO] ✓ 球 全域座標: X=-0.031m  Y=1.760m  conf=0.92  (累計偵測:2488)
[03:32:55] [YOLO] ✓ 球 全域座標: X=-0.031m  Y=1.761m  conf=0.93  (累計偵測:2493)
[03:32:55] [YOLO] ✓ 球 全域座標: X=-0.031m  Y=1.759m  conf=0.92  (累計偵測:2498)
[03:32:55] [YOLO] ✓ 球 全域座標: X=-0.031m  Y=1.756m  conf=0.92  (累計偵測:2503)
[03:32:55] [YOLO] ✓ 球 全域座標: X=-0.030m  Y=1.756m  conf=0.93  (累計偵測:2508)
[03:32:55] [YOLO] ✓ 球 全域座標: X=-0.031m  Y=1.761m  conf=0.92  (累計偵測:2513)
[03:32:55] [YOLO] ✓ 球 全域座標: X=-0.031m  Y=1.757m  conf=0.92  (累計偵測:2518)
[03:32:56] [YOLO] ✓ 球 全域座標: X=-0.031m  Y=1.761m  conf=0.92  (累計偵測:2523)
[03:32:56] [YOLO] ✓ 球 全域座標: X=-0.031m  Y=1.760m  conf=0.91  (累計偵測:2528)
[03:32:56] [YOLO] ✓ 球 全域座標: X=-0.032m  Y=1.758m  conf=0.92  (累計偵測:2533)
[03:32:56] [YOLO] ✓ 球 全域座標: X=-0.031m  Y=1.760m  conf=0.92  (累計偵測:2538)
[03:32:56] [YOLO] ✓ 球 全域座標: X=-0.031m  Y=1.761m  conf=0.92  (累計偵測:2543)
[03:32:57] [YOLO] ✓ 球 全域座標: X=-0.030m  Y=1.758m  conf=0.92  (累計偵測:2548)
[03:32:57] [YOLO] ✓ 球 全域座標: X=-0.032m  Y=1.761m  conf=0.92  (累計偵測:2553)
[03:32:57] [YOLO] ✓ 球 全域座標: X=-0.032m  Y=1.762m  conf=0.92  (累計偵測:2558)
[03:32:57] [YOLO] ✓ 球 全域座標: X=-0.032m  Y=1.762m  conf=0.92  (累計偵測:2563)
[03:32:57] [YOLO] ✓ 球 全域座標: X=-0.031m  Y=1.758m  conf=0.92  (累計偵測:2568)
[03:32:57] [YOLO] ✓ 球 全域座標: X=-0.031m  Y=1.761m  conf=0.92  (累計偵測:2573)
[03:32:58] [YOLO] ✓ 球 全域座標: X=-0.031m  Y=1.758m  conf=0.92  (累計偵測:2578)
[03:32:58] [YOLO] ✓ 球 全域座標: X=-0.031m  Y=1.762m  conf=0.92  (累計偵測:2583)
[03:32:58] [YOLO] ✓ 球 全域座標: X=-0.031m  Y=1.759m  conf=0.92  (累計偵測:2588)
[03:32:58] [YOLO] ✓ 球 全域座標: X=-0.031m  Y=1.758m  conf=0.92  (累計偵測:2593)
[03:32:58] [YOLO] ✓ 球 全域座標: X=-0.031m  Y=1.762m  conf=0.92  (累計偵測:2598)
[03:32:58] [YOLO] ✓ 球 全域座標: X=-0.031m  Y=1.760m  conf=0.92  (累計偵測:2603)
[03:32:59] [YOLO] ✓ 球 全域座標: X=-0.031m  Y=1.757m  conf=0.91  (累計偵測:2608)
[03:32:59] [YOLO] ✓ 球 全域座標: X=-0.031m  Y=1.760m  conf=0.92  (累計偵測:2613)
[03:32:59] [YOLO] ✓ 球 全域座標: X=-0.031m  Y=1.755m  conf=0.92  (累計偵測:2618)
[03:32:59] [YOLO] ✓ 球 全域座標: X=-0.031m  Y=1.761m  conf=0.91  (累計偵測:2623)
[03:32:59] [YOLO] ✓ 球 全域座標: X=-0.031m  Y=1.759m  conf=0.92  (累計偵測:2628)
[03:32:59] [YOLO] ✓ 球 全域座標: X=-0.031m  Y=1.760m  conf=0.92  (累計偵測:2633)
[03:33:00] [YOLO] ✓ 球 全域座標: X=-0.031m  Y=1.760m  conf=0.92  (累計偵測:2638)
[03:33:00] [YOLO] ✓ 球 全域座標: X=-0.032m  Y=1.759m  conf=0.92  (累計偵測:2643)
[03:33:00] [YOLO] ✓ 球 全域座標: X=-0.031m  Y=1.760m  conf=0.92  (累計偵測:2648)
[03:33:00] [YOLO] ✓ 球 全域座標: X=-0.031m  Y=1.758m  conf=0.91  (累計偵測:2653)
[03:33:00] [YOLO] ✓ 球 全域座標: X=-0.032m  Y=1.762m  conf=0.92  (累計偵測:2658)
[03:33:01] [YOLO] ✓ 球 全域座標: X=-0.031m  Y=1.759m  conf=0.92  (累計偵測:2663)
[03:33:01] [YOLO] ✓ 球 全域座標: X=-0.031m  Y=1.759m  conf=0.92  (累計偵測:2668)
[03:33:01] [YOLO] ✓ 球 全域座標: X=-0.032m  Y=1.762m  conf=0.92  (累計偵測:2673)
[03:33:01] [YOLO] ✓ 球 全域座標: X=-0.031m  Y=1.757m  conf=0.92  (累計偵測:2678)
[03:33:01] [YOLO] ✓ 球 全域座標: X=-0.031m  Y=1.759m  conf=0.91  (累計偵測:2683)
[03:33:01] [YOLO] ✓ 球 全域座標: X=-0.031m  Y=1.759m  conf=0.92  (累計偵測:2688)
[03:33:02] [YOLO] ✓ 球 全域座標: X=-0.032m  Y=1.760m  conf=0.92  (累計偵測:2693)
[03:33:02] [YOLO] ✓ 球 全域座標: X=-0.031m  Y=1.757m  conf=0.92  (累計偵測:2698)
[03:33:02] [YOLO] ✓ 球 全域座標: X=-0.031m  Y=1.757m  conf=0.91  (累計偵測:2703)
[03:33:02] [YOLO] ✓ 球 全域座標: X=-0.031m  Y=1.762m  conf=0.92  (累計偵測:2708)
[03:33:02] [YOLO] ✓ 球 全域座標: X=-0.032m  Y=1.760m  conf=0.92  (累計偵測:2713)
[03:33:02] [YOLO] ✓ 球 全域座標: X=-0.031m  Y=1.759m  conf=0.92  (累計偵測:2718)
[03:33:03] [YOLO] ✓ 球 全域座標: X=-0.031m  Y=1.759m  conf=0.92  (累計偵測:2723)
[03:33:03] [YOLO] ✓ 球 全域座標: X=-0.031m  Y=1.761m  conf=0.92  (累計偵測:2728)
[03:33:03] [YOLO] ✓ 球 全域座標: X=-0.032m  Y=1.762m  conf=0.91  (累計偵測:2733)
[03:33:03] [YOLO] ✓ 球 全域座標: X=-0.031m  Y=1.760m  conf=0.92  (累計偵測:2738)
[03:33:03] [YOLO] ✓ 球 全域座標: X=-0.031m  Y=1.760m  conf=0.92  (累計偵測:2743)
[03:33:03] [YOLO] ✓ 球 全域座標: X=-0.031m  Y=1.760m  conf=0.91  (累計偵測:2748)
[03:33:04] [YOLO] ✓ 球 全域座標: X=-0.032m  Y=1.762m  conf=0.92  (累計偵測:2753)
[03:33:04] [YOLO] ✓ 球 全域座標: X=-0.031m  Y=1.760m  conf=0.92  (累計偵測:2758)
[03:33:04] [YOLO] ✓ 球 全域座標: X=-0.032m  Y=1.763m  conf=0.92  (累計偵測:2763)
[03:33:04] [YOLO] ✓ 球 全域座標: X=-0.031m  Y=1.762m  conf=0.92  (累計偵測:2768)
[03:33:04] [YOLO] ✓ 球 全域座標: X=-0.031m  Y=1.759m  conf=0.92  (累計偵測:2773)
[03:33:05] [YOLO] ✓ 球 全域座標: X=-0.030m  Y=1.756m  conf=0.92  (累計偵測:2778)
[03:33:05] [YOLO] ✓ 球 全域座標: X=-0.031m  Y=1.754m  conf=0.92  (累計偵測:2783)
[03:33:05] [YOLO] ✓ 球 全域座標: X=-0.031m  Y=1.759m  conf=0.91  (累計偵測:2788)
[03:33:05] [YOLO] ✓ 球 全域座標: X=-0.031m  Y=1.758m  conf=0.93  (累計偵測:2793)
