[03:18:17] [33m[WARN] [1779736697.287321877]: [EKF] Waiting for odom...[0m
[03:18:17] [33m[WARN] [1779736697.535364892]: [EKF] ???????????????????????????...[0m
[03:18:18] [33m[WARN] [1779736698.586214906]: [EKF] ???????????????????????????...[0m
[03:18:19] [33m[WARN] [1779736699.635355601]: [EKF] ???????????????????????????...[0m
[03:18:20] [33m[WARN] [1779736700.685302524]: [EKF] ???????????????????????????...[0m
[03:18:21] [33m[WARN] [1779736701.685368940]: [EKF] ???????????????????????????...[0m
[03:18:22] [33m[WARN] [1779736702.735392864]: [EKF] ???????????????????????????...[0m
[03:18:23] [33m[WARN] [1779736703.735427886]: [EKF] ???????????????????????????...[0m
[03:18:27] [33m[WARN] [1779736707.585466350]: [EKF] ???????????????????????????...[0m
[03:18:28] [33m[WARN] [1779736708.585503317]: [EKF] ???????????????????????????...[0m
[03:18:30] [33m[WARN] [1779736710.535354202]: [EKF] ???????????????????????????...[0m
[03:18:31] [0m[INFO] [1779736697.285222628]: === [EKF Localization] Started 20 Hz ===[0m
[03:18:31] [0m[INFO] [1779736697.287287651]: [EKF Localization] ???????????????????????????????????????????????????...[0m
[03:18:31] [0m[INFO] [1779736704.035329950]: [EKF] ????????????...???????????? 1 ???[0m
[03:18:31] [0m[INFO] [1779736706.035350721]: [EKF] ????????????...???????????? 1 ???[0m
[03:18:31] [0m[INFO] [1779736709.035428832]: [EKF] ????????????...???????????? 0 ???[0m
[03:18:31] [EKF] 幾何初始化成功 (A→L,B→R): X=0.114126 Y=0.521925 θ=-0.122745
[03:18:40] [0m[INFO] [1779736711.435598288]: [EKF] ??????????????????????????? EKF_PRIMARY[0m
[03:18:40] [0m[INFO] [1779736711.486665213]: [EKF] [EKF] Pose X=0.02 Y=0.54 Theta=0.07 var_x=0.0328 posts=2[0m
[03:18:40] [0m[INFO] [1779736711.536221000]: [EKF] Ball world X=1.21 Y=1.05[0m
[03:18:40] [0m[INFO] [1779736711.836269132]: [EKF] [EKF] Pose X=0.06 Y=0.54 Theta=0.09 var_x=0.0060 posts=2[0m
[03:18:40] [0m[INFO] [1779736711.836357386]: [EKF] Ball world X=1.21 Y=1.04[0m
[03:18:40] [0m[INFO] [1779736712.136264914]: [EKF] [EKF] Pose X=0.12 Y=0.55 Theta=0.06 var_x=0.0038 posts=2[0m
[03:18:40] [0m[INFO] [1779736712.136352900]: [EKF] Ball world X=1.21 Y=1.06[0m
[03:18:40] [0m[INFO] [1779736712.486263681]: [EKF] [EKF] Pose X=0.18 Y=0.55 Theta=0.00 var_x=0.0030 posts=2[0m
[03:18:40] [0m[INFO] [1779736712.486345308]: [EKF] Ball world X=1.19 Y=1.07[0m
[03:18:40] [0m[INFO] [1779736712.836193295]: [EKF] [EKF] Pose X=0.24 Y=0.55 Theta=-0.01 var_x=0.0027 posts=2[0m
[03:18:40] [0m[INFO] [1779736712.836271325]: [EKF] Ball world X=1.19 Y=1.07[0m
[03:18:40] [0m[INFO] [1779736713.186487317]: [EKF] [EKF] Pose X=0.31 Y=0.55 Theta=-0.01 var_x=0.0024 posts=2[0m
[03:18:40] [0m[INFO] [1779736713.186630210]: [EKF] Ball world X=1.19 Y=1.06[0m
[03:18:40] [0m[INFO] [1779736713.536010390]: [EKF] [EKF] Pose X=0.38 Y=0.54 Theta=-0.00 var_x=0.0023 posts=1[0m
[03:18:40] [0m[INFO] [1779736713.536108318]: [EKF] Ball world X=1.20 Y=1.07[0m
[03:18:40] [0m[INFO] [1779736713.836278327]: [EKF] [EKF] Pose X=0.42 Y=0.54 Theta=-0.01 var_x=0.0021 posts=2[0m
[03:18:40] [0m[INFO] [1779736713.836394823]: [EKF] Ball world X=1.17 Y=1.06[0m
[03:18:40] [0m[INFO] [1779736714.186148141]: [EKF] [EKF] Pose X=0.37 Y=0.54 Theta=-0.02 var_x=0.0020 posts=2[0m
[03:18:40] [0m[INFO] [1779736714.186218529]: [EKF] Ball world X=1.14 Y=1.05[0m
[03:18:40] [0m[INFO] [1779736714.535862078]: [EKF] [EKF] Pose X=0.32 Y=0.54 Theta=-0.01 var_x=0.0019 posts=2[0m
[03:18:40] [0m[INFO] [1779736714.535939650]: [EKF] Ball world X=1.15 Y=1.05[0m
[03:18:40] [0m[INFO] [1779736714.835991020]: [EKF] [EKF] Pose X=0.27 Y=0.54 Theta=-0.01 var_x=0.0019 posts=2[0m
[03:18:40] [0m[INFO] [1779736714.836060909]: [EKF] Ball world X=1.14 Y=1.07[0m
[03:18:40] [0m[INFO] [1779736715.136518472]: [EKF] [EKF] Pose X=0.21 Y=0.54 Theta=-0.01 var_x=0.0019 posts=2[0m
[03:18:40] [0m[INFO] [1779736715.136643233]: [EKF] Ball world X=1.16 Y=1.06[0m
[03:18:40] [0m[INFO] [1779736715.436577202]: [EKF] [EKF] Pose X=0.16 Y=0.55 Theta=-0.01 var_x=0.0019 posts=2[0m
[03:18:40] [0m[INFO] [1779736715.536176645]: [EKF] Ball world X=1.16 Y=1.07[0m
[03:18:40] [0m[INFO] [1779736715.786369499]: [EKF] [EKF] Pose X=0.10 Y=0.55 Theta=-0.00 var_x=0.0018 posts=2[0m
[03:18:40] [0m[INFO] [1779736715.986620676]: [EKF] Ball world X=1.17 Y=1.08[0m
[03:18:40] [0m[INFO] [1779736716.136836790]: [EKF] [EKF] Pose X=0.03 Y=0.55 Theta=0.00 var_x=0.0018 posts=2[0m
[03:18:40] [0m[INFO] [1779736716.335934917]: [EKF] Ball world X=1.15 Y=1.08[0m
[03:18:40] [0m[INFO] [1779736716.485805459]: [EKF] [EKF] Pose X=-0.03 Y=0.55 Theta=0.00 var_x=0.0018 posts=2[0m
[03:18:40] [0m[INFO] [1779736716.786182069]: [EKF] [EKF] Pose X=-0.09 Y=0.55 Theta=0.00 var_x=0.0019 posts=2[0m
[03:18:40] [0m[INFO] [1779736716.786256832]: [EKF] Ball world X=1.17 Y=1.08[0m
[03:18:40] [0m[INFO] [1779736717.135845933]: [EKF] [EKF] Pose X=-0.15 Y=0.55 Theta=-0.00 var_x=0.0019 posts=2[0m
[03:18:40] [0m[INFO] [1779736717.436312422]: [EKF] [EKF] Pose X=-0.21 Y=0.55 Theta=-0.01 var_x=0.0019 posts=2[0m
[03:18:40] [0m[INFO] [1779736717.785904614]: [EKF] [EKF] Pose X=-0.27 Y=0.55 Theta=0.01 var_x=0.0019 posts=2[0m
[03:18:40] [0m[INFO] [1779736718.086377600]: [EKF] [EKF] Pose X=-0.33 Y=0.54 Theta=0.02 var_x=0.0019 posts=2[0m
[03:18:40] [0m[INFO] [1779736718.436018886]: [EKF] [EKF] Pose X=-0.39 Y=0.54 Theta=0.02 var_x=0.0018 posts=2[0m
[03:18:40] [0m[INFO] [1779736718.786069638]: [EKF] [EKF] Pose X=-0.42 Y=0.54 Theta=0.02 var_x=0.0019 posts=2[0m
[03:18:40] [0m[INFO] [1779736719.086555614]: [EKF] [EKF] Pose X=-0.38 Y=0.54 Theta=0.00 var_x=0.0019 posts=2[0m
[03:18:40] [0m[INFO] [1779736719.386972100]: [EKF] [EKF] Pose X=-0.33 Y=0.54 Theta=-0.01 var_x=0.0019 posts=2[0m
[03:18:40] [0m[INFO] [1779736719.736277828]: [EKF] [EKF] Pose X=-0.27 Y=0.54 Theta=-0.02 var_x=0.0018 posts=2[0m
[03:18:40] [0m[INFO] [1779736720.086231406]: [EKF] [EKF] Pose X=-0.21 Y=0.54 Theta=-0.01 var_x=0.0018 posts=2[0m
[03:18:40] [0m[INFO] [1779736720.086320650]: [EKF] Ball world X=1.18 Y=1.10[0m
[03:18:49] [0m[INFO] [1779736720.435845300]: [EKF] [EKF] Pose X=-0.15 Y=0.54 Theta=-0.01 var_x=0.0018 posts=2[0m
[03:18:49] [0m[INFO] [1779736720.435920616]: [EKF] Ball world X=1.18 Y=1.11[0m
[03:18:49] [0m[INFO] [1779736720.736720431]: [EKF] [EKF] Pose X=-0.10 Y=0.54 Theta=-0.02 var_x=0.0018 posts=2[0m
[03:18:49] [0m[INFO] [1779736720.836584399]: [EKF] Ball world X=1.17 Y=1.08[0m
[03:18:49] [0m[INFO] [1779736721.086261143]: [EKF] [EKF] Pose X=-0.03 Y=0.54 Theta=-0.03 var_x=0.0018 posts=2[0m
[03:18:49] [0m[INFO] [1779736721.186348804]: [EKF] Ball world X=1.19 Y=1.08[0m
[03:18:49] [0m[INFO] [1779736721.386465421]: [EKF] [EKF] Pose X=0.02 Y=0.54 Theta=-0.03 var_x=0.0018 posts=2[0m
[03:18:49] [0m[INFO] [1779736721.536273017]: [EKF] Ball world X=1.19 Y=1.08[0m
[03:18:49] [0m[INFO] [1779736721.735823586]: [EKF] [EKF] Pose X=0.09 Y=0.53 Theta=-0.03 var_x=0.0018 posts=2[0m
[03:18:49] [0m[INFO] [1779736721.836636257]: [EKF] Ball world X=1.20 Y=1.07[0m
[03:18:49] [0m[INFO] [1779736722.035988763]: [EKF] [EKF] Pose X=0.15 Y=0.53 Theta=-0.04 var_x=0.0018 posts=2[0m
[03:18:49] [0m[INFO] [1779736722.186114319]: [EKF] Ball world X=1.19 Y=1.07[0m
[03:18:49] [0m[INFO] [1779736722.336056538]: [EKF] [EKF] Pose X=0.20 Y=0.53 Theta=-0.04 var_x=0.0018 posts=2[0m
[03:18:49] [0m[INFO] [1779736722.536003015]: [EKF] Ball world X=1.19 Y=1.07[0m
[03:18:49] [0m[INFO] [1779736722.686002299]: [EKF] [EKF] Pose X=0.27 Y=0.53 Theta=-0.02 var_x=0.0018 posts=2[0m
[03:18:49] [0m[INFO] [1779736722.886209500]: [EKF] Ball world X=1.20 Y=1.04[0m
[03:18:49] [0m[INFO] [1779736722.985988819]: [EKF] [EKF] Pose X=0.33 Y=0.52 Theta=-0.03 var_x=0.0018 posts=2[0m
[03:18:49] [0m[INFO] [1779736723.235456499]: [EKF] Ball world X=1.23 Y=1.03[0m
[03:18:49] [0m[INFO] [1779736723.286143886]: [EKF] [EKF] Pose X=0.38 Y=0.52 Theta=-0.05 var_x=0.0020 posts=2[0m
[03:18:49] [0m[INFO] [1779736723.535988851]: [EKF] Ball world X=1.19 Y=1.05[0m
[03:18:49] [0m[INFO] [1779736723.586315623]: [EKF] [EKF] Pose X=0.41 Y=0.52 Theta=-0.03 var_x=0.0019 posts=2[0m
[03:18:49] [0m[INFO] [1779736723.886233784]: [EKF] Ball world X=1.15 Y=1.05[0m
[03:18:49] [0m[INFO] [1779736723.937542108]: [EKF] [EKF] Pose X=0.36 Y=0.52 Theta=-0.01 var_x=0.0019 posts=2[0m
[03:18:49] [0m[INFO] [1779736724.236276879]: [EKF] Ball world X=1.14 Y=1.07[0m
[03:18:49] [0m[INFO] [1779736724.285917075]: [EKF] [EKF] Pose X=0.31 Y=0.52 Theta=0.01 var_x=0.0019 posts=2[0m
[03:18:49] [0m[INFO] [1779736724.536600759]: [EKF] Ball world X=1.16 Y=1.07[0m
[03:18:49] [0m[INFO] [1779736724.585997692]: [EKF] [EKF] Pose X=0.25 Y=0.52 Theta=0.01 var_x=0.0018 posts=2[0m
[03:18:49] [0m[INFO] [1779736724.886021528]: [EKF] [EKF] Pose X=0.20 Y=0.52 Theta=0.01 var_x=0.0018 posts=2[0m
[03:18:49] [0m[INFO] [1779736724.886096045]: [EKF] Ball world X=1.14 Y=1.07[0m
[03:18:49] [0m[INFO] [1779736725.236450527]: [EKF] [EKF] Pose X=0.14 Y=0.52 Theta=0.00 var_x=0.0018 posts=2[0m
[03:18:49] [0m[INFO] [1779736725.336032489]: [EKF] Ball world X=1.17 Y=1.06[0m
[03:18:49] [0m[INFO] [1779736725.586275658]: [EKF] [EKF] Pose X=0.08 Y=0.52 Theta=0.00 var_x=0.0018 posts=2[0m
[03:18:49] [0m[INFO] [1779736725.636618275]: [EKF] Ball world X=1.16 Y=1.06[0m
[03:18:49] [0m[INFO] [1779736725.935957233]: [EKF] [EKF] Pose X=0.01 Y=0.52 Theta=0.01 var_x=0.0018 posts=2[0m
[03:18:49] [0m[INFO] [1779736726.236440157]: [EKF] [EKF] Pose X=-0.04 Y=0.52 Theta=0.02 var_x=0.0018 posts=2[0m
[03:18:49] [0m[INFO] [1779736726.336023997]: [EKF] Ball world X=1.17 Y=1.08[0m
[03:18:49] [0m[INFO] [1779736726.586635264]: [EKF] [EKF] Pose X=-0.10 Y=0.52 Theta=0.02 var_x=0.0018 posts=2[0m
[03:18:49] [0m[INFO] [1779736726.886899942]: [EKF] [EKF] Pose X=-0.15 Y=0.52 Theta=0.03 var_x=0.0018 posts=2[0m
[03:18:49] [0m[INFO] [1779736726.936388672]: [EKF] Ball world X=1.18 Y=1.11[0m
[03:18:49] [0m[INFO] [1779736727.187257765]: [EKF] [EKF] Pose X=-0.20 Y=0.51 Theta=0.04 var_x=0.0018 posts=2[0m
[03:18:49] [0m[INFO] [1779736727.536065333]: [EKF] [EKF] Pose X=-0.27 Y=0.51 Theta=0.04 var_x=0.0018 posts=2[0m
[03:18:49] [0m[INFO] [1779736727.886269192]: [EKF] [EKF] Pose X=-0.33 Y=0.51 Theta=0.02 var_x=0.0018 posts=2[0m
[03:18:49] [0m[INFO] [1779736728.236234265]: [EKF] [EKF] Pose X=-0.39 Y=0.51 Theta=0.02 var_x=0.0018 posts=2[0m
[03:18:49] [0m[INFO] [1779736728.586030522]: [EKF] [EKF] Pose X=-0.42 Y=0.50 Theta=0.01 var_x=0.0018 posts=2[0m
[03:18:49] [0m[INFO] [1779736728.886099157]: [EKF] [EKF] Pose X=-0.38 Y=0.51 Theta=0.00 var_x=0.0018 posts=2[0m
[03:18:58] [0m[INFO] [1779736729.186311185]: [EKF] [EKF] Pose X=-0.33 Y=0.51 Theta=-0.01 var_x=0.0018 posts=2[0m
[03:18:58] [0m[INFO] [1779736729.486374119]: [EKF] [EKF] Pose X=-0.28 Y=0.51 Theta=-0.02 var_x=0.0017 posts=2[0m
[03:18:58] [0m[INFO] [1779736729.836465745]: [EKF] [EKF] Pose X=-0.22 Y=0.51 Theta=-0.03 var_x=0.0017 posts=2[0m
[03:18:58] [0m[INFO] [1779736730.186268639]: [EKF] [EKF] Pose X=-0.15 Y=0.51 Theta=-0.03 var_x=0.0017 posts=2[0m
[03:18:58] [0m[INFO] [1779736730.236439348]: [EKF] Ball world X=1.21 Y=1.08[0m
[03:18:58] [0m[INFO] [1779736730.487011272]: [EKF] [EKF] Pose X=-0.10 Y=0.51 Theta=-0.03 var_x=0.0017 posts=2[0m
[03:18:58] [0m[INFO] [1779736730.586246994]: [EKF] Ball world X=1.22 Y=1.08[0m
[03:18:58] [0m[INFO] [1779736730.836419500]: [EKF] [EKF] Pose X=-0.04 Y=0.50 Theta=-0.02 var_x=0.0017 posts=2[0m
[03:18:58] [0m[INFO] [1779736730.886703362]: [EKF] Ball world X=1.20 Y=1.08[0m
[03:18:58] [0m[INFO] [1779736731.137348290]: [EKF] [EKF] Pose X=0.02 Y=0.50 Theta=-0.02 var_x=0.0018 posts=2[0m
[03:18:58] [0m[INFO] [1779736731.187361071]: [EKF] Ball world X=1.21 Y=1.08[0m
[03:18:58] [0m[INFO] [1779736731.486709656]: [EKF] [EKF] Pose X=0.08 Y=0.50 Theta=-0.03 var_x=0.0018 posts=2[0m
[03:18:58] [0m[INFO] [1779736731.536422403]: [EKF] Ball world X=1.21 Y=1.07[0m
[03:18:58] [0m[INFO] [1779736731.787095063]: [EKF] [EKF] Pose X=0.14 Y=0.50 Theta=-0.04 var_x=0.0018 posts=2[0m
[03:18:58] [0m[INFO] [1779736731.837604253]: [EKF] Ball world X=1.23 Y=1.06[0m
[03:18:58] [0m[INFO] [1779736732.136402142]: [EKF] [EKF] Pose X=0.21 Y=0.49 Theta=-0.03 var_x=0.0017 posts=2[0m
[03:18:58] [0m[INFO] [1779736732.287055330]: [EKF] Ball world X=1.23 Y=1.04[0m
[03:18:58] [0m[INFO] [1779736732.436498913]: [EKF] [EKF] Pose X=0.26 Y=0.49 Theta=-0.04 var_x=0.0017 posts=2[0m
[03:18:58] [0m[INFO] [1779736732.636119882]: [EKF] Ball world X=1.23 Y=1.06[0m
[03:18:58] [0m[INFO] [1779736732.786001246]: [EKF] [EKF] Pose X=0.33 Y=0.49 Theta=-0.04 var_x=0.0017 posts=2[0m
[03:18:58] [0m[INFO] [1779736732.936217390]: [EKF] Ball world X=1.23 Y=1.04[0m
[03:18:58] [0m[INFO] [1779736733.087132759]: [EKF] [EKF] Pose X=0.38 Y=0.48 Theta=-0.05 var_x=0.0017 posts=2[0m
[03:18:58] [0m[INFO] [1779736733.236317134]: [EKF] Ball world X=1.23 Y=1.05[0m
[03:18:58] [0m[INFO] [1779736733.436302071]: [EKF] [EKF] Pose X=0.41 Y=0.48 Theta=-0.03 var_x=0.0017 posts=2[0m
[03:18:58] [0m[INFO] [1779736733.536464845]: [EKF] Ball world X=1.18 Y=1.04[0m
[03:18:58] [0m[INFO] [1779736733.737056503]: [EKF] [EKF] Pose X=0.37 Y=0.48 Theta=-0.00 var_x=0.0017 posts=2[0m
[03:18:58] [0m[INFO] [1779736733.836530305]: [EKF] Ball world X=1.18 Y=1.05[0m
[03:18:58] [0m[INFO] [1779736734.037284776]: [EKF] [EKF] Pose X=0.32 Y=0.48 Theta=0.00 var_x=0.0017 posts=2[0m
[03:18:58] [0m[INFO] [1779736734.138534624]: [EKF] Ball world X=1.19 Y=1.05[0m
[03:18:58] [0m[INFO] [1779736734.387199006]: [EKF] [EKF] Pose X=0.26 Y=0.48 Theta=0.01 var_x=0.0017 posts=2[0m
[03:18:58] [0m[INFO] [1779736734.487422460]: [EKF] Ball world X=1.19 Y=1.07[0m
[03:18:58] [0m[INFO] [1779736734.737317722]: [EKF] [EKF] Pose X=0.19 Y=0.48 Theta=0.01 var_x=0.0017 posts=2[0m
[03:18:58] [0m[INFO] [1779736734.887220845]: [EKF] Ball world X=1.18 Y=1.07[0m
[03:18:58] [0m[INFO] [1779736735.086645007]: [EKF] [EKF] Pose X=0.13 Y=0.48 Theta=0.02 var_x=0.0017 posts=2[0m
[03:18:58] [0m[INFO] [1779736735.386541783]: [EKF] Ball world X=1.19 Y=1.07[0m
[03:18:58] [0m[INFO] [1779736735.436786082]: [EKF] [EKF] Pose X=0.07 Y=0.48 Theta=0.03 var_x=0.0017 posts=2[0m
[03:18:58] [0m[INFO] [1779736735.736499614]: [EKF] Ball world X=1.17 Y=1.08[0m
[03:18:58] [0m[INFO] [1779736735.786474179]: [EKF] [EKF] Pose X=0.01 Y=0.48 Theta=0.02 var_x=0.0017 posts=2[0m
[03:18:58] [0m[INFO] [1779736736.086354718]: [EKF] Ball world X=1.18 Y=1.08[0m
[03:18:58] [0m[INFO] [1779736736.136380550]: [EKF] [EKF] Pose X=-0.06 Y=0.48 Theta=0.03 var_x=0.0017 posts=2[0m
[03:18:58] [0m[INFO] [1779736736.437246920]: [EKF] [EKF] Pose X=-0.11 Y=0.48 Theta=0.03 var_x=0.0017 posts=2[0m
[03:18:58] [0m[INFO] [1779736736.786191030]: [EKF] [EKF] Pose X=-0.18 Y=0.48 Theta=0.03 var_x=0.0017 posts=2[0m
[03:18:58] [0m[INFO] [1779736737.087589444]: [EKF] [EKF] Pose X=-0.24 Y=0.48 Theta=0.04 var_x=0.0017 posts=2[0m
[03:18:58] [0m[INFO] [1779736737.436869603]: [EKF] [EKF] Pose X=-0.30 Y=0.47 Theta=0.03 var_x=0.0017 posts=2[0m
[03:18:58] [0m[INFO] [1779736737.737289427]: [EKF] [EKF] Pose X=-0.36 Y=0.47 Theta=0.02 var_x=0.0017 posts=2[0m
[03:18:58] [0m[INFO] [1779736738.087009863]: [EKF] [EKF] Pose X=-0.41 Y=0.47 Theta=0.02 var_x=0.0018 posts=1[0m
[03:19:07] [0m[INFO] [1779736738.436566722]: [EKF] [EKF] Pose X=-0.41 Y=0.47 Theta=0.01 var_x=0.0018 posts=2[0m
[03:19:07] [0m[INFO] [1779736738.736919375]: [EKF] [EKF] Pose X=-0.36 Y=0.47 Theta=0.00 var_x=0.0017 posts=2[0m
[03:19:07] [0m[INFO] [1779736739.037261465]: [EKF] [EKF] Pose X=-0.31 Y=0.47 Theta=-0.00 var_x=0.0017 posts=2[0m
[03:19:07] [0m[INFO] [1779736739.337444129]: [EKF] [EKF] Pose X=-0.26 Y=0.47 Theta=-0.01 var_x=0.0017 posts=2[0m
[03:19:07] [0m[INFO] [1779736739.638160439]: [EKF] [EKF] Pose X=-0.20 Y=0.47 Theta=-0.01 var_x=0.0017 posts=2[0m
[03:19:07] [0m[INFO] [1779736739.937267003]: [EKF] Ball world X=1.20 Y=1.09[0m
[03:19:07] [0m[INFO] [1779736739.986818828]: [EKF] [EKF] Pose X=-0.14 Y=0.47 Theta=-0.01 var_x=0.0017 posts=2[0m
[03:19:07] [0m[INFO] [1779736740.286998377]: [EKF] [EKF] Pose X=-0.09 Y=0.47 Theta=-0.01 var_x=0.0017 posts=2[0m
[03:19:07] [0m[INFO] [1779736740.287163002]: [EKF] Ball world X=1.22 Y=1.09[0m
[03:19:07] [0m[INFO] [1779736740.637721789]: [EKF] [EKF] Pose X=-0.02 Y=0.47 Theta=-0.01 var_x=0.0017 posts=2[0m
[03:19:07] [0m[INFO] [1779736740.637979602]: [EKF] Ball world X=1.21 Y=1.09[0m
[03:19:07] [0m[INFO] [1779736740.987285375]: [EKF] [EKF] Pose X=0.04 Y=0.47 Theta=-0.02 var_x=0.0017 posts=2[0m
[03:19:07] [0m[INFO] [1779736740.987426901]: [EKF] Ball world X=1.21 Y=1.07[0m
[03:19:07] [0m[INFO] [1779736741.336721544]: [EKF] [EKF] Pose X=0.11 Y=0.47 Theta=-0.03 var_x=0.0017 posts=2[0m
[03:19:07] [0m[INFO] [1779736741.336849333]: [EKF] Ball world X=1.23 Y=1.06[0m
[03:19:07] [0m[INFO] [1779736741.686168076]: [EKF] [EKF] Pose X=0.17 Y=0.46 Theta=-0.02 var_x=0.0017 posts=2[0m
[03:19:07] [0m[INFO] [1779736741.686248818]: [EKF] Ball world X=1.23 Y=1.06[0m
[03:19:07] [0m[INFO] [1779736741.986362351]: [EKF] [EKF] Pose X=0.23 Y=0.46 Theta=-0.03 var_x=0.0017 posts=2[0m
[03:19:07] [0m[INFO] [1779736741.986453570]: [EKF] Ball world X=1.22 Y=1.05[0m
[03:19:07] [0m[INFO] [1779736742.287259302]: [EKF] [EKF] Pose X=0.28 Y=0.46 Theta=-0.04 var_x=0.0017 posts=2[0m
[03:19:07] [0m[INFO] [1779736742.287411625]: [EKF] Ball world X=1.23 Y=1.05[0m
[03:19:07] [0m[INFO] [1779736742.589682167]: [EKF] [EKF] Pose X=0.34 Y=0.45 Theta=-0.03 var_x=0.0017 posts=2[0m
[03:19:07] [0m[INFO] [1779736742.589828209]: [EKF] Ball world X=1.24 Y=1.05[0m
[03:19:07] [0m[INFO] [1779736742.936324009]: [EKF] [EKF] Pose X=0.40 Y=0.45 Theta=-0.03 var_x=0.0017 posts=2[0m
[03:19:07] [0m[INFO] [1779736742.936419159]: [EKF] Ball world X=1.24 Y=1.04[0m
[03:19:07] [0m[INFO] [1779736743.236743233]: [EKF] [EKF] Pose X=0.42 Y=0.45 Theta=-0.02 var_x=0.0017 posts=2[0m
[03:19:07] [0m[INFO] [1779736743.236892948]: [EKF] Ball world X=1.20 Y=1.05[0m
[03:19:07] [0m[INFO] [1779736743.536901804]: [EKF] [EKF] Pose X=0.37 Y=0.45 Theta=-0.04 var_x=0.0017 posts=2[0m
[03:19:07] [0m[INFO] [1779736743.537046661]: [EKF] Ball world X=1.19 Y=1.04[0m
[03:19:07] [0m[INFO] [1779736743.886288891]: [EKF] [EKF] Pose X=0.31 Y=0.45 Theta=-0.03 var_x=0.0017 posts=2[0m
[03:19:07] [0m[INFO] [1779736743.886387991]: [EKF] Ball world X=1.19 Y=1.06[0m
[03:19:07] [0m[INFO] [1779736744.186617561]: [EKF] [EKF] Pose X=0.26 Y=0.46 Theta=-0.01 var_x=0.0017 posts=2[0m
[03:19:07] [0m[INFO] [1779736744.186726832]: [EKF] Ball world X=1.19 Y=1.06[0m
[03:19:07] [0m[INFO] [1779736744.536159612]: [EKF] [EKF] Pose X=0.20 Y=0.46 Theta=-0.02 var_x=0.0017 posts=2[0m
[03:19:07] [0m[INFO] [1779736744.536261632]: [EKF] Ball world X=1.20 Y=1.05[0m
[03:19:07] [0m[INFO] [1779736744.837043532]: [EKF] [EKF] Pose X=0.14 Y=0.46 Theta=-0.01 var_x=0.0017 posts=2[0m
[03:19:07] [0m[INFO] [1779736744.837187124]: [EKF] Ball world X=1.19 Y=1.06[0m
[03:19:07] [0m[INFO] [1779736745.186599213]: [EKF] [EKF] Pose X=0.08 Y=0.46 Theta=-0.00 var_x=0.0017 posts=2[0m
[03:19:07] [0m[INFO] [1779736745.186715517]: [EKF] Ball world X=1.19 Y=1.08[0m
[03:19:07] [0m[INFO] [1779736745.486851657]: [EKF] [EKF] Pose X=0.03 Y=0.46 Theta=-0.00 var_x=0.0017 posts=2[0m
[03:19:07] [0m[INFO] [1779736745.836400770]: [EKF] [EKF] Pose X=-0.04 Y=0.46 Theta=0.00 var_x=0.0017 posts=2[0m
[03:19:07] [0m[INFO] [1779736746.136970407]: [EKF] [EKF] Pose X=-0.09 Y=0.46 Theta=0.00 var_x=0.0017 posts=2[0m
[03:19:07] [0m[INFO] [1779736746.186954703]: [EKF] Ball world X=1.20 Y=1.09[0m
[03:19:07] [0m[INFO] [1779736746.437305266]: [EKF] [EKF] Pose X=-0.15 Y=0.46 Theta=-0.00 var_x=0.0017 posts=2[0m
[03:19:07] [0m[INFO] [1779736746.487524448]: [EKF] Ball world X=1.19 Y=1.09[0m
[03:19:07] [0m[INFO] [1779736746.737367246]: [EKF] [EKF] Pose X=-0.20 Y=0.46 Theta=0.01 var_x=0.0017 posts=2[0m
[03:19:15] [0m[INFO] [1779736747.087403267]: [EKF] [EKF] Pose X=-0.27 Y=0.46 Theta=0.02 var_x=0.0017 posts=2[0m
[03:19:15] [0m[INFO] [1779736747.436403097]: [EKF] [EKF] Pose X=-0.33 Y=0.46 Theta=0.02 var_x=0.0017 posts=2[0m
[03:19:15] [0m[INFO] [1779736747.736827516]: [EKF] [EKF] Pose X=-0.39 Y=0.46 Theta=0.02 var_x=0.0017 posts=2[0m
[03:19:15] [0m[INFO] [1779736748.085983015]: [EKF] [EKF] Pose X=-0.42 Y=0.45 Theta=0.02 var_x=0.0017 posts=2[0m
[03:19:15] [0m[INFO] [1779736748.388667540]: [EKF] [EKF] Pose X=-0.38 Y=0.46 Theta=0.02 var_x=0.0017 posts=2[0m
[03:19:15] [0m[INFO] [1779736748.736631310]: [EKF] [EKF] Pose X=-0.33 Y=0.46 Theta=0.01 var_x=0.0017 posts=2[0m
[03:19:15] [0m[INFO] [1779736749.036968357]: [EKF] [EKF] Pose X=-0.28 Y=0.46 Theta=0.01 var_x=0.0017 posts=2[0m
[03:19:15] [0m[INFO] [1779736749.387399144]: [EKF] [EKF] Pose X=-0.22 Y=0.46 Theta=0.02 var_x=0.0017 posts=2[0m
[03:19:15] [0m[INFO] [1779736749.687540005]: [EKF] [EKF] Pose X=-0.16 Y=0.46 Theta=0.01 var_x=0.0017 posts=2[0m
[03:19:15] [0m[INFO] [1779736749.886608583]: [EKF] Ball world X=1.21 Y=1.09[0m
[03:19:15] [0m[INFO] [1779736750.036611623]: [EKF] [EKF] Pose X=-0.10 Y=0.46 Theta=0.01 var_x=0.0017 posts=2[0m
[03:19:15] [0m[INFO] [1779736750.236620843]: [EKF] Ball world X=1.22 Y=1.09[0m
[03:19:15] [0m[INFO] [1779736750.386614237]: [EKF] [EKF] Pose X=-0.03 Y=0.46 Theta=0.02 var_x=0.0017 posts=2[0m
[03:19:15] [0m[INFO] [1779736750.587351232]: [EKF] Ball world X=1.21 Y=1.09[0m
[03:19:15] [0m[INFO] [1779736750.736282938]: [EKF] [EKF] Pose X=0.03 Y=0.46 Theta=0.01 var_x=0.0017 posts=2[0m
[03:19:15] [0m[INFO] [1779736750.936201883]: [EKF] Ball world X=1.21 Y=1.08[0m
[03:19:15] [0m[INFO] [1779736751.036350056]: [EKF] [EKF] Pose X=0.09 Y=0.46 Theta=0.00 var_x=0.0017 posts=2[0m
[03:19:15] [0m[INFO] [1779736751.236602094]: [EKF] Ball world X=1.22 Y=1.07[0m
[03:19:15] [0m[INFO] [1779736751.336511640]: [EKF] [EKF] Pose X=0.14 Y=0.46 Theta=-0.00 var_x=0.0017 posts=2[0m
[03:19:15] [0m[INFO] [1779736751.586700061]: [EKF] Ball world X=1.23 Y=1.06[0m
[03:19:15] [0m[INFO] [1779736751.637088250]: [EKF] [EKF] Pose X=0.20 Y=0.46 Theta=-0.01 var_x=0.0017 posts=2[0m
[03:19:15] [0m[INFO] [1779736751.937140921]: [EKF] [EKF] Pose X=0.25 Y=0.46 Theta=-0.01 var_x=0.0017 posts=2[0m
[03:19:15] [0m[INFO] [1779736751.937306324]: [EKF] Ball world X=1.22 Y=1.06[0m
[03:19:15] [0m[INFO] [1779736752.237543513]: [EKF] [EKF] Pose X=0.31 Y=0.46 Theta=0.00 var_x=0.0017 posts=2[0m
[03:19:15] [0m[INFO] [1779736752.237674465]: [EKF] Ball world X=1.22 Y=1.06[0m
[03:19:15] [0m[INFO] [1779736752.587138389]: [EKF] [EKF] Pose X=0.37 Y=0.46 Theta=-0.01 var_x=0.0018 posts=2[0m
[03:19:15] [0m[INFO] [1779736752.587287344]: [EKF] Ball world X=1.22 Y=1.05[0m
[03:19:15] [0m[INFO] [1779736752.936924362]: [EKF] [EKF] Pose X=0.42 Y=0.45 Theta=-0.03 var_x=0.0017 posts=2[0m
[03:19:15] [0m[INFO] [1779736752.987347341]: [EKF] Ball world X=1.17 Y=0.66[0m
[03:19:15] [0m[INFO] [1779736753.287160093]: [EKF] [EKF] Pose X=0.38 Y=0.45 Theta=-0.02 var_x=0.0017 posts=2[0m
[03:19:15] [0m[INFO] [1779736753.336443285]: [EKF] Ball world X=1.12 Y=0.54[0m
[03:19:15] [0m[INFO] [1779736753.636342364]: [EKF] [EKF] Pose X=0.32 Y=0.45 Theta=-0.02 var_x=0.0017 posts=2[0m
[03:19:15] [0m[INFO] [1779736753.636447738]: [EKF] Ball world X=0.98 Y=0.67[0m
[03:19:15] [0m[INFO] [1779736753.936775646]: [EKF] [EKF] Pose X=0.30 Y=0.45 Theta=-0.02 var_x=0.0017 posts=2[0m
[03:19:15] [0m[INFO] [1779736753.986635882]: [EKF] Ball world X=0.77 Y=0.85[0m
[03:19:15] [0m[INFO] [1779736754.286259038]: [EKF] [EKF] Pose X=0.33 Y=0.45 Theta=-0.03 var_x=0.0017 posts=2[0m
[03:19:15] [0m[INFO] [1779736754.336970446]: [EKF] Ball world X=0.66 Y=0.95[0m
[03:19:15] [0m[INFO] [1779736754.586843336]: [EKF] [EKF] Pose X=0.38 Y=0.45 Theta=-0.04 var_x=0.0017 posts=2[0m
[03:19:15] [0m[INFO] [1779736754.736256891]: [EKF] Ball world X=0.34 Y=1.19[0m
[03:19:15] [0m[INFO] [1779736754.887138465]: [EKF] [EKF] Pose X=0.42 Y=0.45 Theta=-0.01 var_x=0.0016 posts=2[0m
[03:19:15] [0m[INFO] [1779736755.036697712]: [EKF] Ball world X=0.18 Y=1.32[0m
[03:19:15] [0m[INFO] [1779736755.236268987]: [EKF] [EKF] Pose X=0.38 Y=0.45 Theta=-0.01 var_x=0.0016 posts=2[0m
[03:19:15] [0m[INFO] [1779736755.386918680]: [EKF] Ball world X=-0.06 Y=1.50[0m
[03:19:15] [0m[INFO] [1779736755.537460691]: [EKF] [EKF] Pose X=0.33 Y=0.45 Theta=-0.03 var_x=0.0016 posts=2[0m
[03:19:15] [0m[INFO] [1779736755.687520170]: [EKF] Ball world X=-0.21 Y=1.61[0m
[03:19:28] [0m[INFO] [1779736755.887397433]: [EKF] [EKF] Pose X=0.26 Y=0.45 Theta=-0.05 var_x=0.0017 posts=2[0m
[03:19:28] [0m[INFO] [1779736756.236323833]: [EKF] [EKF] Pose X=0.19 Y=0.46 Theta=-0.04 var_x=0.0017 posts=2[0m
[03:19:28] [0m[INFO] [1779736756.586161366]: [EKF] [EKF] Pose X=0.14 Y=0.46 Theta=-0.02 var_x=0.0017 posts=2[0m
[03:19:28] [0m[INFO] [1779736756.886195691]: [EKF] [EKF] Pose X=0.09 Y=0.46 Theta=-0.01 var_x=0.0017 posts=2[0m
[03:19:28] [0m[INFO] [1779736757.186561038]: [EKF] [EKF] Pose X=0.04 Y=0.46 Theta=-0.00 var_x=0.0017 posts=2[0m
[03:19:28] [0m[INFO] [1779736757.536712694]: [EKF] [EKF] Pose X=-0.03 Y=0.46 Theta=-0.00 var_x=0.0017 posts=2[0m
[03:19:28] [0m[INFO] [1779736757.837272834]: [EKF] [EKF] Pose X=-0.08 Y=0.46 Theta=0.01 var_x=0.0017 posts=2[0m
[03:19:28] [0m[INFO] [1779736758.186675543]: [EKF] [EKF] Pose X=-0.15 Y=0.46 Theta=0.02 var_x=0.0017 posts=2[0m
[03:19:28] [0m[INFO] [1779736758.487782368]: [EKF] [EKF] Pose X=-0.20 Y=0.46 Theta=0.02 var_x=0.0017 posts=2[0m
[03:19:28] [0m[INFO] [1779736758.837333190]: [EKF] [EKF] Pose X=-0.27 Y=0.46 Theta=0.02 var_x=0.0017 posts=2[0m
[03:19:28] [0m[INFO] [1779736759.187190760]: [EKF] [EKF] Pose X=-0.34 Y=0.45 Theta=0.04 var_x=0.0017 posts=2[0m
[03:19:28] [0m[INFO] [1779736759.536799061]: [EKF] [EKF] Pose X=-0.40 Y=0.45 Theta=0.04 var_x=0.0017 posts=2[0m
[03:19:28] [0m[INFO] [1779736759.885972734]: [EKF] [EKF] Pose X=-0.42 Y=0.45 Theta=0.04 var_x=0.0017 posts=1[0m
[03:19:28] [0m[INFO] [1779736760.186449381]: [EKF] [EKF] Pose X=-0.38 Y=0.45 Theta=0.04 var_x=0.0017 posts=2[0m
[03:19:28] [0m[INFO] [1779736760.487155210]: [EKF] [EKF] Pose X=-0.33 Y=0.45 Theta=0.02 var_x=0.0017 posts=2[0m
[03:19:28] [0m[INFO] [1779736760.836517577]: [EKF] [EKF] Pose X=-0.27 Y=0.45 Theta=0.02 var_x=0.0017 posts=2[0m
[03:19:28] [0m[INFO] [1779736761.136542783]: [EKF] [EKF] Pose X=-0.22 Y=0.46 Theta=0.02 var_x=0.0017 posts=2[0m
[03:19:28] [0m[INFO] [1779736761.437340805]: [EKF] [EKF] Pose X=-0.17 Y=0.46 Theta=0.01 var_x=0.0017 posts=2[0m
[03:19:28] [0m[INFO] [1779736761.787271749]: [EKF] [EKF] Pose X=-0.10 Y=0.46 Theta=0.01 var_x=0.0017 posts=2[0m
[03:19:28] [0m[INFO] [1779736762.087582931]: [EKF] [EKF] Pose X=-0.05 Y=0.46 Theta=0.01 var_x=0.0017 posts=2[0m
[03:19:28] [0m[INFO] [1779736762.436604308]: [EKF] [EKF] Pose X=0.02 Y=0.46 Theta=0.00 var_x=0.0017 posts=2[0m
[03:19:28] [0m[INFO] [1779736762.786405915]: [EKF] [EKF] Pose X=0.08 Y=0.46 Theta=-0.01 var_x=0.0017 posts=2[0m
[03:19:28] [0m[INFO] [1779736763.087021945]: [EKF] [EKF] Pose X=0.14 Y=0.46 Theta=-0.00 var_x=0.0017 posts=2[0m
[03:19:28] [0m[INFO] [1779736763.437011652]: [EKF] [EKF] Pose X=0.20 Y=0.46 Theta=-0.01 var_x=0.0017 posts=2[0m
[03:19:28] [0m[INFO] [1779736763.786306385]: [EKF] [EKF] Pose X=0.27 Y=0.45 Theta=-0.01 var_x=0.0017 posts=2[0m
[03:19:28] [0m[INFO] [1779736764.086457366]: [EKF] [EKF] Pose X=0.32 Y=0.45 Theta=-0.01 var_x=0.0017 posts=2[0m
[03:19:28] [0m[INFO] [1779736764.386730440]: [EKF] [EKF] Pose X=0.38 Y=0.45 Theta=-0.02 var_x=0.0017 posts=2[0m
[03:19:28] [0m[INFO] [1779736764.687386115]: [EKF] [EKF] Pose X=0.41 Y=0.45 Theta=-0.01 var_x=0.0017 posts=2[0m
[03:19:28] [0m[INFO] [1779736765.036799074]: [EKF] [EKF] Pose X=0.37 Y=0.45 Theta=-0.04 var_x=0.0017 posts=2[0m
[03:19:28] [0m[INFO] [1779736765.386175590]: [EKF] [EKF] Pose X=0.31 Y=0.45 Theta=-0.05 var_x=0.0017 posts=2[0m
[03:19:28] [0m[INFO] [1779736765.686905375]: [EKF] [EKF] Pose X=0.25 Y=0.46 Theta=-0.02 var_x=0.0017 posts=2[0m
[03:19:28] [0m[INFO] [1779736766.036096001]: [EKF] [EKF] Pose X=0.19 Y=0.46 Theta=-0.01 var_x=0.0017 posts=2[0m
[03:19:28] [0m[INFO] [1779736766.336150199]: [EKF] [EKF] Pose X=0.14 Y=0.46 Theta=-0.02 var_x=0.0017 posts=2[0m
[03:19:28] [0m[INFO] [1779736766.636507269]: [EKF] [EKF] Pose X=0.09 Y=0.46 Theta=-0.01 var_x=0.0017 posts=2[0m
[03:19:28] [0m[INFO] [1779736766.937208580]: [EKF] [EKF] Pose X=0.03 Y=0.46 Theta=-0.00 var_x=0.0017 posts=2[0m
[03:19:28] [0m[INFO] [1779736767.287623974]: [EKF] [EKF] Pose X=-0.03 Y=0.46 Theta=-0.01 var_x=0.0017 posts=2[0m
[03:19:28] [0m[INFO] [1779736767.638309511]: [EKF] [EKF] Pose X=-0.09 Y=0.46 Theta=0.01 var_x=0.0017 posts=2[0m
[03:19:28] [0m[INFO] [1779736767.986584145]: [EKF] [EKF] Pose X=-0.16 Y=0.46 Theta=0.01 var_x=0.0017 posts=2[0m
[03:19:28] [0m[INFO] [1779736768.286948102]: [EKF] [EKF] Pose X=-0.21 Y=0.46 Theta=0.01 var_x=0.0017 posts=2[0m
[03:19:28] [0m[INFO] [1779736768.637051780]: [EKF] [EKF] Pose X=-0.28 Y=0.46 Theta=0.02 var_x=0.0017 posts=2[0m
[03:19:42] [0m[INFO] [1779736768.986712348]: [EKF] [EKF] Pose X=-0.34 Y=0.46 Theta=0.02 var_x=0.0017 posts=2[0m
[03:19:42] [0m[INFO] [1779736769.336701095]: [EKF] [EKF] Pose X=-0.41 Y=0.45 Theta=0.02 var_x=0.0017 posts=2[0m
[03:19:42] [0m[INFO] [1779736769.686767073]: [EKF] [EKF] Pose X=-0.41 Y=0.45 Theta=0.02 var_x=0.0017 posts=2[0m
[03:19:42] [0m[INFO] [1779736770.036818680]: [EKF] [EKF] Pose X=-0.36 Y=0.46 Theta=0.02 var_x=0.0017 posts=2[0m
[03:19:42] [0m[INFO] [1779736770.337542754]: [EKF] [EKF] Pose X=-0.31 Y=0.46 Theta=0.02 var_x=0.0017 posts=2[0m
[03:19:42] [0m[INFO] [1779736770.687109132]: [EKF] [EKF] Pose X=-0.25 Y=0.46 Theta=0.00 var_x=0.0017 posts=2[0m
[03:19:42] [0m[INFO] [1779736770.987119692]: [EKF] [EKF] Pose X=-0.20 Y=0.46 Theta=0.00 var_x=0.0017 posts=2[0m
[03:19:42] [0m[INFO] [1779736771.336479405]: [EKF] [EKF] Pose X=-0.14 Y=0.46 Theta=0.01 var_x=0.0017 posts=2[0m
[03:19:42] [0m[INFO] [1779736771.686178615]: [EKF] [EKF] Pose X=-0.07 Y=0.46 Theta=0.00 var_x=0.0017 posts=2[0m
[03:19:42] [0m[INFO] [1779736771.986417517]: [EKF] [EKF] Pose X=-0.02 Y=0.46 Theta=0.01 var_x=0.0017 posts=2[0m
[03:19:42] [0m[INFO] [1779736772.286945884]: [EKF] [EKF] Pose X=0.04 Y=0.46 Theta=-0.00 var_x=0.0017 posts=2[0m
[03:19:42] [0m[INFO] [1779736772.637213726]: [EKF] [EKF] Pose X=0.10 Y=0.46 Theta=-0.01 var_x=0.0017 posts=2[0m
[03:19:42] [0m[INFO] [1779736772.986450665]: [EKF] [EKF] Pose X=0.17 Y=0.46 Theta=-0.00 var_x=0.0017 posts=2[0m
[03:19:42] [0m[INFO] [1779736773.287125849]: [EKF] [EKF] Pose X=0.23 Y=0.46 Theta=-0.02 var_x=0.0017 posts=2[0m
[03:19:42] [0m[INFO] [1779736773.589007216]: [EKF] [EKF] Pose X=0.28 Y=0.45 Theta=-0.02 var_x=0.0017 posts=2[0m
[03:19:42] [0m[INFO] [1779736773.937020353]: [EKF] [EKF] Pose X=0.35 Y=0.45 Theta=-0.02 var_x=0.0017 posts=2[0m
[03:19:42] [0m[INFO] [1779736774.237244351]: [EKF] [EKF] Pose X=0.40 Y=0.45 Theta=-0.02 var_x=0.0017 posts=2[0m
[03:19:42] [0m[INFO] [1779736774.586385646]: [EKF] [EKF] Pose X=0.41 Y=0.45 Theta=0.02 var_x=0.0017 posts=2[0m
[03:19:42] [0m[INFO] [1779736774.887158560]: [EKF] [EKF] Pose X=0.36 Y=0.45 Theta=-0.01 var_x=0.0017 posts=2[0m
[03:19:42] [0m[INFO] [1779736775.236745035]: [EKF] [EKF] Pose X=0.30 Y=0.45 Theta=-0.06 var_x=0.0017 posts=2[0m
[03:19:42] [0m[INFO] [1779736775.586415186]: [EKF] [EKF] Pose X=0.24 Y=0.45 Theta=-0.06 var_x=0.0017 posts=2[0m
[03:19:42] [0m[INFO] [1779736775.887139341]: [EKF] [EKF] Pose X=0.19 Y=0.46 Theta=-0.03 var_x=0.0017 posts=2[0m
[03:19:42] [0m[INFO] [1779736776.187129761]: [EKF] [EKF] Pose X=0.14 Y=0.46 Theta=-0.01 var_x=0.0017 posts=2[0m
[03:19:42] [0m[INFO] [1779736776.487296753]: [EKF] [EKF] Pose X=0.08 Y=0.46 Theta=-0.00 var_x=0.0017 posts=2[0m
[03:19:42] [0m[INFO] [1779736776.837121922]: [EKF] [EKF] Pose X=0.02 Y=0.46 Theta=0.00 var_x=0.0017 posts=2[0m
[03:19:42] [0m[INFO] [1779736777.186101301]: [EKF] [EKF] Pose X=-0.05 Y=0.46 Theta=0.01 var_x=0.0017 posts=2[0m
[03:19:42] [0m[INFO] [1779736777.536402607]: [EKF] [EKF] Pose X=-0.11 Y=0.46 Theta=0.01 var_x=0.0017 posts=2[0m
[03:19:42] [0m[INFO] [1779736777.886455188]: [EKF] [EKF] Pose X=-0.18 Y=0.46 Theta=0.01 var_x=0.0017 posts=2[0m
[03:19:42] [0m[INFO] [1779736778.186669725]: [EKF] [EKF] Pose X=-0.23 Y=0.46 Theta=0.01 var_x=0.0017 posts=2[0m
[03:19:42] [0m[INFO] [1779736778.486782000]: [EKF] [EKF] Pose X=-0.29 Y=0.46 Theta=0.02 var_x=0.0017 posts=2[0m
[03:19:42] [0m[INFO] [1779736778.836428118]: [EKF] [EKF] Pose X=-0.35 Y=0.45 Theta=0.03 var_x=0.0017 posts=2[0m
[03:19:42] [0m[INFO] [1779736779.137374081]: [EKF] [EKF] Pose X=-0.40 Y=0.45 Theta=0.04 var_x=0.0018 posts=2[0m
[03:19:42] [0m[INFO] [1779736779.486902520]: [EKF] [EKF] Pose X=-0.43 Y=0.45 Theta=0.02 var_x=0.0017 posts=2[0m
[03:19:42] [0m[INFO] [1779736779.787231540]: [EKF] [EKF] Pose X=-0.38 Y=0.45 Theta=0.01 var_x=0.0017 posts=2[0m
[03:19:42] [0m[INFO] [1779736780.136966425]: [EKF] [EKF] Pose X=-0.33 Y=0.45 Theta=0.01 var_x=0.0017 posts=2[0m
[03:19:42] [0m[INFO] [1779736780.437212339]: [EKF] [EKF] Pose X=-0.28 Y=0.45 Theta=0.00 var_x=0.0017 posts=2[0m
[03:19:42] [0m[INFO] [1779736780.786571615]: [EKF] [EKF] Pose X=-0.21 Y=0.45 Theta=-0.00 var_x=0.0017 posts=2[0m
[03:19:42] [0m[INFO] [1779736781.136250382]: [EKF] [EKF] Pose X=-0.15 Y=0.45 Theta=-0.01 var_x=0.0017 posts=2[0m
[03:19:42] [0m[INFO] [1779736781.436296524]: [EKF] [EKF] Pose X=-0.10 Y=0.45 Theta=-0.00 var_x=0.0017 posts=2[0m
[03:19:42] [0m[INFO] [1779736781.737639591]: [EKF] [EKF] Pose X=-0.04 Y=0.45 Theta=-0.01 var_x=0.0017 posts=2[0m
[03:19:55] [0m[INFO] [1779736782.086821657]: [EKF] [EKF] Pose X=0.02 Y=0.45 Theta=-0.02 var_x=0.0017 posts=2[0m
[03:19:55] [0m[INFO] [1779736782.437280038]: [EKF] [EKF] Pose X=0.09 Y=0.45 Theta=-0.02 var_x=0.0017 posts=2[0m
[03:19:55] [0m[INFO] [1779736782.786785746]: [EKF] [EKF] Pose X=0.15 Y=0.45 Theta=-0.02 var_x=0.0017 posts=2[0m
[03:19:55] [0m[INFO] [1779736783.086803744]: [EKF] [EKF] Pose X=0.21 Y=0.45 Theta=-0.03 var_x=0.0017 posts=2[0m
[03:19:55] [0m[INFO] [1779736783.436521257]: [EKF] [EKF] Pose X=0.28 Y=0.45 Theta=0.02 var_x=0.0017 posts=2[0m
[03:19:55] [0m[INFO] [1779736783.736526356]: [EKF] [EKF] Pose X=0.33 Y=0.45 Theta=0.06 var_x=0.0017 posts=2[0m
[03:19:55] [0m[INFO] [1779736784.086607495]: [EKF] [EKF] Pose X=0.40 Y=0.45 Theta=0.07 var_x=0.0017 posts=2[0m
[03:19:55] [0m[INFO] [1779736784.386583704]: [EKF] [EKF] Pose X=0.42 Y=0.45 Theta=0.05 var_x=0.0017 posts=2[0m
[03:19:55] [0m[INFO] [1779736784.736454246]: [EKF] [EKF] Pose X=0.37 Y=0.45 Theta=0.02 var_x=0.0017 posts=2[0m
[03:19:55] [0m[INFO] [1779736785.087635442]: [EKF] [EKF] Pose X=0.31 Y=0.45 Theta=0.03 var_x=0.0017 posts=2[0m
[03:19:55] [0m[INFO] [1779736785.437074337]: [EKF] [EKF] Pose X=0.25 Y=0.45 Theta=0.03 var_x=0.0017 posts=2[0m
[03:19:55] [0m[INFO] [1779736785.786857961]: [EKF] [EKF] Pose X=0.19 Y=0.45 Theta=-0.03 var_x=0.0017 posts=2[0m
[03:19:55] [0m[INFO] [1779736786.086983802]: [EKF] [EKF] Pose X=0.14 Y=0.45 Theta=-0.06 var_x=0.0017 posts=2[0m
[03:19:55] [0m[INFO] [1779736786.436722223]: [EKF] [EKF] Pose X=0.07 Y=0.45 Theta=-0.01 var_x=0.0017 posts=2[0m
[03:19:55] [0m[INFO] [1779736786.786246513]: [EKF] [EKF] Pose X=0.01 Y=0.46 Theta=-0.02 var_x=0.0017 posts=2[0m
[03:19:55] [0m[INFO] [1779736787.086764708]: [EKF] [EKF] Pose X=-0.04 Y=0.46 Theta=-0.00 var_x=0.0017 posts=2[0m
[03:19:55] [0m[INFO] [1779736787.436192528]: [EKF] [EKF] Pose X=-0.11 Y=0.46 Theta=0.01 var_x=0.0017 posts=2[0m
[03:19:55] [0m[INFO] [1779736787.736366207]: [EKF] [EKF] Pose X=-0.16 Y=0.46 Theta=0.00 var_x=0.0017 posts=2[0m
[03:19:55] [0m[INFO] [1779736788.036395730]: [EKF] [EKF] Pose X=-0.22 Y=0.46 Theta=0.00 var_x=0.0017 posts=2[0m
[03:19:55] [0m[INFO] [1779736788.336620551]: [EKF] [EKF] Pose X=-0.28 Y=0.46 Theta=0.01 var_x=0.0017 posts=2[0m
[03:19:55] [0m[INFO] [1779736788.638064148]: [EKF] [EKF] Pose X=-0.33 Y=0.45 Theta=0.02 var_x=0.0017 posts=2[0m
[03:19:55] [0m[INFO] [1779736788.986456827]: [EKF] [EKF] Pose X=-0.40 Y=0.45 Theta=0.02 var_x=0.0017 posts=2[0m
[03:19:55] [0m[INFO] [1779736789.286699007]: [EKF] [EKF] Pose X=-0.43 Y=0.45 Theta=0.02 var_x=0.0017 posts=2[0m
[03:19:55] [0m[INFO] [1779736789.636659836]: [EKF] [EKF] Pose X=-0.39 Y=0.45 Theta=0.00 var_x=0.0017 posts=2[0m
[03:19:55] [0m[INFO] [1779736789.986313970]: [EKF] [EKF] Pose X=-0.34 Y=0.45 Theta=0.00 var_x=0.0017 posts=2[0m
[03:19:55] [0m[INFO] [1779736790.336369161]: [EKF] [EKF] Pose X=-0.28 Y=0.45 Theta=-0.01 var_x=0.0017 posts=2[0m
[03:19:55] [0m[INFO] [1779736790.686852906]: [EKF] [EKF] Pose X=-0.22 Y=0.45 Theta=-0.01 var_x=0.0017 posts=2[0m
[03:19:55] [0m[INFO] [1779736791.036562639]: [EKF] [EKF] Pose X=-0.15 Y=0.45 Theta=-0.00 var_x=0.0017 posts=2[0m
[03:19:55] [0m[INFO] [1779736791.386427897]: [EKF] [EKF] Pose X=-0.09 Y=0.45 Theta=-0.02 var_x=0.0017 posts=2[0m
[03:19:55] [0m[INFO] [1779736791.686626703]: [EKF] [EKF] Pose X=-0.03 Y=0.45 Theta=-0.01 var_x=0.0017 posts=2[0m
[03:19:55] [0m[INFO] [1779736792.037049816]: [EKF] [EKF] Pose X=0.03 Y=0.45 Theta=-0.01 var_x=0.0017 posts=2[0m
[03:19:55] [0m[INFO] [1779736792.386906525]: [EKF] [EKF] Pose X=0.10 Y=0.45 Theta=-0.01 var_x=0.0017 posts=2[0m
[03:19:55] [0m[INFO] [1779736792.736706224]: [EKF] [EKF] Pose X=0.16 Y=0.45 Theta=-0.01 var_x=0.0017 posts=2[0m
[03:19:55] [0m[INFO] [1779736793.086647039]: [EKF] [EKF] Pose X=0.23 Y=0.45 Theta=-0.01 var_x=0.0017 posts=2[0m
[03:19:55] [0m[INFO] [1779736793.386703351]: [EKF] [EKF] Pose X=0.28 Y=0.45 Theta=0.01 var_x=0.0017 posts=2[0m
[03:19:55] [0m[INFO] [1779736793.687006711]: [EKF] [EKF] Pose X=0.33 Y=0.45 Theta=0.05 var_x=0.0017 posts=2[0m
[03:19:55] [0m[INFO] [1779736793.987218078]: [EKF] [EKF] Pose X=0.39 Y=0.45 Theta=0.08 var_x=0.0017 posts=2[0m
[03:19:55] [0m[INFO] [1779736794.287371553]: [EKF] [EKF] Pose X=0.42 Y=0.45 Theta=0.06 var_x=0.0017 posts=2[0m
[03:19:55] [0m[INFO] [1779736794.636828116]: [EKF] [EKF] Pose X=0.37 Y=0.45 Theta=0.03 var_x=0.0017 posts=2[0m
[03:19:55] [0m[INFO] [1779736794.936916743]: [EKF] [EKF] Pose X=0.32 Y=0.45 Theta=-0.02 var_x=0.0017 posts=2[0m
[03:20:07] [0m[INFO] [1779736795.286656407]: [EKF] [EKF] Pose X=0.26 Y=0.45 Theta=-0.07 var_x=0.0017 posts=2[0m
[03:20:07] [0m[INFO] [1779736795.636576683]: [EKF] [EKF] Pose X=0.20 Y=0.46 Theta=-0.03 var_x=0.0017 posts=2[0m
[03:20:07] [0m[INFO] [1779736795.987394344]: [EKF] [EKF] Pose X=0.14 Y=0.46 Theta=-0.01 var_x=0.0017 posts=2[0m
[03:20:07] [0m[INFO] [1779736796.336793988]: [EKF] [EKF] Pose X=0.07 Y=0.46 Theta=-0.01 var_x=0.0017 posts=2[0m
[03:20:07] [0m[INFO] [1779736796.686359305]: [EKF] [EKF] Pose X=0.01 Y=0.46 Theta=0.01 var_x=0.0017 posts=2[0m
[03:20:07] [0m[INFO] [1779736796.987529938]: [EKF] [EKF] Pose X=-0.04 Y=0.46 Theta=0.01 var_x=0.0017 posts=2[0m
[03:20:07] [0m[INFO] [1779736797.337229256]: [EKF] [EKF] Pose X=-0.11 Y=0.46 Theta=0.01 var_x=0.0017 posts=2[0m
[03:20:07] [0m[INFO] [1779736797.686231896]: [EKF] [EKF] Pose X=-0.17 Y=0.46 Theta=0.02 var_x=0.0017 posts=2[0m
[03:20:07] [0m[INFO] [1779736797.987414661]: [EKF] [EKF] Pose X=-0.23 Y=0.46 Theta=0.01 var_x=0.0017 posts=2[0m
[03:20:07] [0m[INFO] [1779736798.336613256]: [EKF] [EKF] Pose X=-0.29 Y=0.46 Theta=0.02 var_x=0.0017 posts=2[0m
[03:20:07] [0m[INFO] [1779736798.686251340]: [EKF] [EKF] Pose X=-0.36 Y=0.46 Theta=0.02 var_x=0.0017 posts=2[0m
[03:20:07] [0m[INFO] [1779736798.986451491]: [EKF] [EKF] Pose X=-0.41 Y=0.46 Theta=0.02 var_x=0.0017 posts=2[0m
[03:20:07] [0m[INFO] [1779736799.336953225]: [EKF] [EKF] Pose X=-0.42 Y=0.46 Theta=0.01 var_x=0.0017 posts=2[0m
[03:20:07] [0m[INFO] [1779736799.686399104]: [EKF] [EKF] Pose X=-0.37 Y=0.46 Theta=0.02 var_x=0.0017 posts=2[0m
[03:20:07] [0m[INFO] [1779736799.986589974]: [EKF] [EKF] Pose X=-0.32 Y=0.46 Theta=0.01 var_x=0.0017 posts=2[0m
[03:20:07] [0m[INFO] [1779736800.287366884]: [EKF] [EKF] Pose X=-0.27 Y=0.46 Theta=0.01 var_x=0.0017 posts=2[0m
[03:20:07] [0m[INFO] [1779736800.636926797]: [EKF] [EKF] Pose X=-0.21 Y=0.46 Theta=0.01 var_x=0.0017 posts=2[0m
[03:20:07] [0m[INFO] [1779736800.987238737]: [EKF] [EKF] Pose X=-0.15 Y=0.46 Theta=0.01 var_x=0.0017 posts=2[0m
[03:20:07] [0m[INFO] [1779736801.337325369]: [EKF] [EKF] Pose X=-0.08 Y=0.46 Theta=0.01 var_x=0.0017 posts=2[0m
[03:20:07] [0m[INFO] [1779736801.686632608]: [EKF] [EKF] Pose X=-0.02 Y=0.46 Theta=0.00 var_x=0.0017 posts=2[0m
[03:20:07] [0m[INFO] [1779736802.036860291]: [EKF] [EKF] Pose X=0.05 Y=0.46 Theta=-0.00 var_x=0.0017 posts=2[0m
[03:20:07] [0m[INFO] [1779736802.236266204]: [EKF] Ball world X=0.18 Y=1.58[0m
[03:20:07] [0m[INFO] [1779736802.387904551]: [EKF] [EKF] Pose X=0.11 Y=0.46 Theta=-0.00 var_x=0.0017 posts=2[0m
[03:20:07] [0m[INFO] [1779736802.536361452]: [EKF] Ball world X=0.19 Y=1.41[0m
[03:20:07] [0m[INFO] [1779736802.736282294]: [EKF] [EKF] Pose X=0.16 Y=0.46 Theta=-0.01 var_x=0.0017 posts=2[0m
[03:20:07] [0m[INFO] [1779736802.986283932]: [EKF] Ball world X=0.16 Y=1.11[0m
[03:20:07] [0m[INFO] [1779736803.037044886]: [EKF] [EKF] Pose X=0.17 Y=0.46 Theta=-0.02 var_x=0.0017 posts=2[0m
[03:20:07] [0m[INFO] [1779736803.337408132]: [EKF] [EKF] Pose X=0.18 Y=0.46 Theta=-0.01 var_x=0.0017 posts=2[0m
[03:20:07] [0m[INFO] [1779736803.686512512]: [EKF] [EKF] Pose X=0.16 Y=0.46 Theta=-0.02 var_x=0.0018 posts=2[0m
[03:20:07] [0m[INFO] [1779736803.987094075]: [EKF] [EKF] Pose X=0.16 Y=0.46 Theta=-0.01 var_x=0.0020 posts=2[0m
[03:20:07] [0m[INFO] [1779736804.336088521]: [EKF] [EKF] Pose X=0.21 Y=0.46 Theta=0.01 var_x=0.0019 posts=2[0m
[03:20:07] [0m[INFO] [1779736804.636169644]: [EKF] [EKF] Pose X=0.27 Y=0.46 Theta=0.01 var_x=0.0021 posts=2[0m
[03:20:07] [0m[INFO] [1779736804.936312313]: [EKF] [EKF] Pose X=0.33 Y=0.46 Theta=0.01 var_x=0.0022 posts=2[0m
[03:20:07] [0m[INFO] [1779736805.236728241]: [EKF] [EKF] Pose X=0.38 Y=0.46 Theta=0.01 var_x=0.0023 posts=2[0m
[03:20:07] [0m[INFO] [1779736805.536847617]: [EKF] [EKF] Pose X=0.42 Y=0.46 Theta=0.01 var_x=0.0024 posts=2[0m
[03:20:07] [0m[INFO] [1779736805.886068111]: [EKF] [EKF] Pose X=0.38 Y=0.46 Theta=0.02 var_x=0.0025 posts=2[0m
[03:20:07] [0m[INFO] [1779736806.186775509]: [EKF] [EKF] Pose X=0.32 Y=0.46 Theta=0.03 var_x=0.0028 posts=2[0m
[03:20:07] [0m[INFO] [1779736806.535895260]: [EKF] [EKF] Pose X=0.26 Y=0.46 Theta=0.03 var_x=0.0028 posts=2[0m
[03:20:07] [0m[INFO] [1779736806.836706011]: [EKF] [EKF] Pose X=0.21 Y=0.46 Theta=0.03 var_x=0.0026 posts=2[0m
[03:20:07] [0m[INFO] [1779736807.136825196]: [EKF] [EKF] Pose X=0.15 Y=0.46 Theta=0.02 var_x=0.0022 posts=2[0m
[03:20:07] [0m[INFO] [1779736807.336967679]: [EKF] Ball world X=-0.01 Y=1.09[0m
[03:20:18] [0m[INFO] [1779736807.487198162]: [EKF] [EKF] Pose X=0.08 Y=0.45 Theta=0.02 var_x=0.0019 posts=2[0m
[03:20:18] [0m[INFO] [1779736807.637552838]: [EKF] Ball world X=-0.12 Y=1.43[0m
[03:20:18] [0m[INFO] [1779736807.836432887]: [EKF] [EKF] Pose X=0.01 Y=0.45 Theta=0.03 var_x=0.0018 posts=2[0m
[03:20:18] [0m[INFO] [1779736808.137358171]: [EKF] [EKF] Pose X=-0.05 Y=0.45 Theta=0.02 var_x=0.0018 posts=2[0m
[03:20:18] [0m[INFO] [1779736808.487587185]: [EKF] [EKF] Pose X=-0.09 Y=0.45 Theta=-0.01 var_x=0.0017 posts=2[0m
[03:20:18] [0m[INFO] [1779736808.836362942]: [EKF] [EKF] Pose X=-0.16 Y=0.45 Theta=-0.00 var_x=0.0017 posts=2[0m
[03:20:18] [0m[INFO] [1779736809.136819906]: [EKF] [EKF] Pose X=-0.22 Y=0.45 Theta=-0.03 var_x=0.0017 posts=2[0m
[03:20:18] [0m[INFO] [1779736809.437033343]: [EKF] [EKF] Pose X=-0.27 Y=0.45 Theta=-0.06 var_x=0.0017 posts=2[0m
[03:20:18] [0m[INFO] [1779736809.737394688]: [EKF] [EKF] Pose X=-0.33 Y=0.45 Theta=-0.03 var_x=0.0017 posts=2[0m
[03:20:18] [0m[INFO] [1779736810.086486548]: [EKF] [EKF] Pose X=-0.39 Y=0.45 Theta=-0.01 var_x=0.0017 posts=2[0m
[03:20:18] [0m[INFO] [1779736810.386557437]: [EKF] [EKF] Pose X=-0.42 Y=0.45 Theta=-0.01 var_x=0.0017 posts=2[0m
[03:20:18] [0m[INFO] [1779736810.686734106]: [EKF] [EKF] Pose X=-0.40 Y=0.45 Theta=-0.02 var_x=0.0017 posts=2[0m
[03:20:18] [0m[INFO] [1779736810.987227166]: [EKF] [EKF] Pose X=-0.35 Y=0.45 Theta=-0.02 var_x=0.0017 posts=2[0m
[03:20:18] [0m[INFO] [1779736811.337277029]: [EKF] [EKF] Pose X=-0.29 Y=0.45 Theta=-0.02 var_x=0.0016 posts=2[0m
[03:20:18] [0m[INFO] [1779736811.686316046]: [EKF] [EKF] Pose X=-0.23 Y=0.45 Theta=-0.03 var_x=0.0016 posts=2[0m
[03:20:18] [0m[INFO] [1779736811.986930150]: [EKF] [EKF] Pose X=-0.18 Y=0.45 Theta=-0.03 var_x=0.0016 posts=2[0m
[03:20:18] [0m[INFO] [1779736812.287549274]: [EKF] [EKF] Pose X=-0.12 Y=0.45 Theta=-0.02 var_x=0.0016 posts=2[0m
[03:20:18] [0m[INFO] [1779736812.636606430]: [EKF] [EKF] Pose X=-0.06 Y=0.45 Theta=0.03 var_x=0.0016 posts=2[0m
[03:20:18] [0m[INFO] [1779736812.937332920]: [EKF] [EKF] Pose X=-0.00 Y=0.45 Theta=0.06 var_x=0.0017 posts=2[0m
[03:20:18] [0m[INFO] [1779736813.286715964]: [EKF] [EKF] Pose X=0.06 Y=0.46 Theta=0.01 var_x=0.0017 posts=2[0m
[03:20:18] [0m[INFO] [1779736813.586699120]: [EKF] [EKF] Pose X=0.12 Y=0.46 Theta=0.01 var_x=0.0017 posts=2[0m
[03:20:18] [0m[INFO] [1779736813.936392867]: [EKF] [EKF] Pose X=0.18 Y=0.46 Theta=0.02 var_x=0.0017 posts=2[0m
[03:20:18] [0m[INFO] [1779736814.237368391]: [EKF] [EKF] Pose X=0.24 Y=0.46 Theta=0.01 var_x=0.0017 posts=2[0m
[03:20:18] [0m[INFO] [1779736814.436749497]: [EKF] Ball world X=-0.20 Y=1.36[0m
[03:20:18] [0m[INFO] [1779736814.587259234]: [EKF] [EKF] Pose X=0.31 Y=0.46 Theta=0.00 var_x=0.0017 posts=2[0m
[03:20:18] [0m[INFO] [1779736814.787019005]: [EKF] Ball world X=-0.14 Y=1.18[0m
[03:20:18] [0m[INFO] [1779736814.887312569]: [EKF] [EKF] Pose X=0.29 Y=0.46 Theta=-0.00 var_x=0.0017 posts=2[0m
[03:20:18] [0m[INFO] [1779736815.087317325]: [EKF] Ball world X=-0.06 Y=0.92[0m
[03:20:18] [0m[INFO] [1779736815.236835659]: [EKF] [EKF] Pose X=0.22 Y=0.46 Theta=0.01 var_x=0.0017 posts=2[0m
[03:20:18] [0m[INFO] [1779736815.537021022]: [EKF] [EKF] Pose X=0.16 Y=0.46 Theta=0.02 var_x=0.0018 posts=2[0m
[03:20:18] [0m[INFO] [1779736815.837140352]: [EKF] [EKF] Pose X=0.10 Y=0.45 Theta=0.03 var_x=0.0018 posts=2[0m
[03:20:18] [0m[INFO] [1779736816.137558254]: [EKF] [EKF] Pose X=0.10 Y=0.45 Theta=0.03 var_x=0.0017 posts=2[0m
[03:20:18] [0m[INFO] [1779736816.486042153]: [EKF] [EKF] Pose X=0.15 Y=0.45 Theta=0.03 var_x=0.0019 posts=2[0m
[03:20:18] [0m[INFO] [1779736816.786324378]: [EKF] [EKF] Pose X=0.21 Y=0.45 Theta=0.02 var_x=0.0021 posts=2[0m
[03:20:18] [0m[INFO] [1779736817.086589820]: [EKF] [EKF] Pose X=0.26 Y=0.45 Theta=0.00 var_x=0.0021 posts=2[0m
[03:20:18] [0m[INFO] [1779736817.436049249]: [EKF] [EKF] Pose X=0.32 Y=0.45 Theta=-0.01 var_x=0.0019 posts=2[0m
[03:20:18] [0m[INFO] [1779736817.736405156]: [EKF] [EKF] Pose X=0.37 Y=0.45 Theta=0.04 var_x=0.0018 posts=2[0m
[03:20:18] [0m[INFO] [1779736818.036643425]: [EKF] [EKF] Pose X=0.41 Y=0.45 Theta=0.06 var_x=0.0017 posts=2[0m
[03:20:18] [0m[INFO] [1779736818.286929857]: [EKF] Ball world X=0.01 Y=0.91[0m
[03:20:18] [0m[INFO] [1779736818.387275201]: [EKF] [EKF] Pose X=0.39 Y=0.45 Theta=0.01 var_x=0.0018 posts=2[0m
[03:20:18] [0m[INFO] [1779736818.587392757]: [EKF] Ball world X=-0.23 Y=1.19[0m
[03:20:30] [0m[INFO] [1779736818.687602731]: [EKF] [EKF] Pose X=0.33 Y=0.45 Theta=-0.03 var_x=0.0017 posts=2[0m
[03:20:30] [0m[INFO] [1779736818.887479096]: [EKF] Ball world X=-0.43 Y=1.44[0m
[03:20:30] [0m[INFO] [1779736819.037470987]: [EKF] [EKF] Pose X=0.27 Y=0.45 Theta=-0.04 var_x=0.0017 posts=2[0m
[03:20:30] [0m[INFO] [1779736819.386363418]: [EKF] [EKF] Pose X=0.20 Y=0.46 Theta=-0.01 var_x=0.0017 posts=2[0m
[03:20:30] [0m[INFO] [1779736819.686839888]: [EKF] [EKF] Pose X=0.14 Y=0.46 Theta=0.01 var_x=0.0017 posts=2[0m
[03:20:30] [0m[INFO] [1779736820.036491259]: [EKF] [EKF] Pose X=0.12 Y=0.46 Theta=0.02 var_x=0.0017 posts=2[0m
[03:20:30] [0m[INFO] [1779736820.337237982]: [EKF] [EKF] Pose X=0.06 Y=0.46 Theta=0.03 var_x=0.0017 posts=2[0m
[03:20:30] [0m[INFO] [1779736820.638048686]: [EKF] [EKF] Pose X=0.01 Y=0.46 Theta=0.03 var_x=0.0017 posts=2[0m
[03:20:30] [0m[INFO] [1779736820.986601735]: [EKF] [EKF] Pose X=-0.06 Y=0.46 Theta=0.04 var_x=0.0017 posts=2[0m
[03:20:30] [0m[INFO] [1779736821.287438912]: [EKF] [EKF] Pose X=-0.11 Y=0.46 Theta=0.03 var_x=0.0017 posts=2[0m
[03:20:30] [0m[INFO] [1779736821.636379316]: [EKF] [EKF] Pose X=-0.18 Y=0.45 Theta=0.01 var_x=0.0017 posts=2[0m
[03:20:30] [0m[INFO] [1779736821.936817374]: [EKF] [EKF] Pose X=-0.24 Y=0.45 Theta=0.02 var_x=0.0017 posts=2[0m
[03:20:30] [0m[INFO] [1779736822.286384357]: [EKF] [EKF] Pose X=-0.30 Y=0.45 Theta=0.04 var_x=0.0017 posts=2[0m
[03:20:30] [0m[INFO] [1779736822.586609433]: [EKF] [EKF] Pose X=-0.36 Y=0.45 Theta=0.02 var_x=0.0017 posts=2[0m
[03:20:30] [0m[INFO] [1779736822.886651371]: [EKF] [EKF] Pose X=-0.41 Y=0.45 Theta=-0.02 var_x=0.0017 posts=2[0m
[03:20:30] [0m[INFO] [1779736823.186797468]: [EKF] [EKF] Pose X=-0.43 Y=0.45 Theta=-0.04 var_x=0.0017 posts=2[0m
[03:20:30] [0m[INFO] [1779736823.536792042]: [EKF] [EKF] Pose X=-0.38 Y=0.44 Theta=0.02 var_x=0.0016 posts=2[0m
[03:20:30] [0m[INFO] [1779736823.536931744]: [EKF] Ball world X=-0.37 Y=1.58[0m
[03:20:30] [0m[INFO] [1779736823.886338817]: [EKF] [EKF] Pose X=-0.35 Y=0.45 Theta=0.05 var_x=0.0016 posts=2[0m
[03:20:30] [0m[INFO] [1779736823.886423700]: [EKF] Ball world X=-0.24 Y=1.23[0m
[03:20:30] [0m[INFO] [1779736824.236179643]: [EKF] [EKF] Pose X=-0.30 Y=0.45 Theta=0.06 var_x=0.0017 posts=2[0m
[03:20:30] [0m[INFO] [1779736824.585913538]: [EKF] [EKF] Pose X=-0.23 Y=0.46 Theta=0.06 var_x=0.0019 posts=0[0m
[03:20:30] [0m[INFO] [1779736824.886947331]: [EKF] [EKF] Pose X=-0.22 Y=0.46 Theta=0.06 var_x=0.0020 posts=2[0m
[03:20:30] [0m[INFO] [1779736825.187124847]: [EKF] [EKF] Pose X=-0.17 Y=0.46 Theta=0.02 var_x=0.0018 posts=2[0m
[03:20:30] [0m[INFO] [1779736825.487166958]: [EKF] [EKF] Pose X=-0.12 Y=0.46 Theta=0.01 var_x=0.0018 posts=2[0m
[03:20:30] [0m[INFO] [1779736825.836204260]: [EKF] [EKF] Pose X=-0.06 Y=0.46 Theta=0.00 var_x=0.0017 posts=2[0m
[03:20:30] [0m[INFO] [1779736826.136692628]: [EKF] [EKF] Pose X=-0.00 Y=0.46 Theta=-0.00 var_x=0.0017 posts=2[0m
[03:20:30] [0m[INFO] [1779736826.436930140]: [EKF] [EKF] Pose X=0.05 Y=0.46 Theta=-0.01 var_x=0.0017 posts=2[0m
[03:20:30] [0m[INFO] [1779736826.786381531]: [EKF] [EKF] Pose X=0.12 Y=0.46 Theta=-0.01 var_x=0.0017 posts=2[0m
[03:20:30] [0m[INFO] [1779736827.086987826]: [EKF] [EKF] Pose X=0.17 Y=0.46 Theta=-0.01 var_x=0.0017 posts=2[0m
[03:20:30] [0m[INFO] [1779736827.387633330]: [EKF] [EKF] Pose X=0.23 Y=0.46 Theta=-0.01 var_x=0.0017 posts=2[0m
[03:20:30] [0m[INFO] [1779736827.737323868]: [EKF] [EKF] Pose X=0.29 Y=0.45 Theta=-0.03 var_x=0.0017 posts=2[0m
[03:20:30] [0m[INFO] [1779736828.086635069]: [EKF] [EKF] Pose X=0.36 Y=0.45 Theta=-0.04 var_x=0.0018 posts=2[0m
[03:20:30] [0m[INFO] [1779736828.386374468]: [EKF] Ball world X=0.81 Y=0.83[0m
[03:20:30] [0m[INFO] [1779736828.436829621]: [EKF] [EKF] Pose X=0.41 Y=0.45 Theta=-0.00 var_x=0.0020 posts=2[0m
[03:20:30] [0m[INFO] [1779736828.786508313]: [EKF] [EKF] Pose X=0.44 Y=0.45 Theta=0.06 var_x=0.0020 posts=2[0m
[03:20:30] [0m[INFO] [1779736829.135519351]: [EKF] [EKF] Pose X=0.46 Y=0.45 Theta=0.12 var_x=0.0021 posts=0[0m
[03:20:30] [0m[INFO] [1779736829.435795298]: [EKF] [EKF] Pose X=0.45 Y=0.45 Theta=0.04 var_x=0.0026 posts=0[0m
[03:20:30] [0m[INFO] [1779736829.736535031]: [EKF] [EKF] Pose X=0.40 Y=0.44 Theta=0.01 var_x=0.0022 posts=2[0m
[03:20:30] [0m[INFO] [1779736830.037343625]: [EKF] [EKF] Pose X=0.35 Y=0.44 Theta=-0.04 var_x=0.0019 posts=2[0m
[03:20:30] [0m[INFO] [1779736830.386589843]: [EKF] [EKF] Pose X=0.29 Y=0.45 Theta=-0.07 var_x=0.0018 posts=2[0m
[03:20:30] [0m[INFO] [1779736830.686835197]: [EKF] [EKF] Pose X=0.24 Y=0.45 Theta=-0.07 var_x=0.0017 posts=2[0m
[03:20:42] [0m[INFO] [1779736830.987477590]: [EKF] [EKF] Pose X=0.19 Y=0.46 Theta=-0.03 var_x=0.0017 posts=2[0m
[03:20:42] [0m[INFO] [1779736831.336437916]: [EKF] [EKF] Pose X=0.12 Y=0.46 Theta=-0.01 var_x=0.0018 posts=2[0m
[03:20:42] [0m[INFO] [1779736831.336533655]: [EKF] Ball world X=0.42 Y=0.94[0m
[03:20:42] [0m[INFO] [1779736831.636592435]: [EKF] [EKF] Pose X=0.09 Y=0.46 Theta=-0.00 var_x=0.0017 posts=2[0m
[03:20:42] [0m[INFO] [1779736831.636722346]: [EKF] Ball world X=0.38 Y=1.16[0m
[03:20:42] [0m[INFO] [1779736831.986176098]: [EKF] [EKF] Pose X=0.12 Y=0.46 Theta=-0.01 var_x=0.0017 posts=2[0m
[03:20:42] [0m[INFO] [1779736831.986260417]: [EKF] Ball world X=0.37 Y=1.48[0m
[03:20:42] [0m[INFO] [1779736832.286382265]: [EKF] [EKF] Pose X=0.17 Y=0.46 Theta=-0.02 var_x=0.0017 posts=2[0m
[03:20:42] [0m[INFO] [1779736832.286503081]: [EKF] Ball world X=0.33 Y=1.69[0m
[03:20:42] [0m[INFO] [1779736832.636199199]: [EKF] [EKF] Pose X=0.24 Y=0.46 Theta=-0.02 var_x=0.0017 posts=2[0m
[03:20:42] [0m[INFO] [1779736832.936604269]: [EKF] [EKF] Pose X=0.29 Y=0.46 Theta=-0.03 var_x=0.0017 posts=2[0m
[03:20:42] [0m[INFO] [1779736833.286366302]: [EKF] [EKF] Pose X=0.26 Y=0.46 Theta=-0.02 var_x=0.0017 posts=2[0m
[03:20:42] [0m[INFO] [1779736833.586596434]: [EKF] [EKF] Pose X=0.21 Y=0.46 Theta=-0.01 var_x=0.0017 posts=2[0m
[03:20:42] [0m[INFO] [1779736833.887827194]: [EKF] [EKF] Pose X=0.16 Y=0.46 Theta=-0.00 var_x=0.0017 posts=2[0m
[03:20:42] [0m[INFO] [1779736834.236709818]: [EKF] [EKF] Pose X=0.10 Y=0.46 Theta=0.01 var_x=0.0017 posts=2[0m
[03:20:42] [0m[INFO] [1779736834.587415146]: [EKF] [EKF] Pose X=0.04 Y=0.46 Theta=0.01 var_x=0.0017 posts=2[0m
[03:20:42] [0m[INFO] [1779736834.936462621]: [EKF] [EKF] Pose X=-0.03 Y=0.46 Theta=0.02 var_x=0.0017 posts=2[0m
[03:20:42] [0m[INFO] [1779736835.236688779]: [EKF] [EKF] Pose X=-0.08 Y=0.46 Theta=0.02 var_x=0.0017 posts=2[0m
[03:20:42] [0m[INFO] [1779736835.586027394]: [EKF] [EKF] Pose X=-0.15 Y=0.46 Theta=0.03 var_x=0.0017 posts=2[0m
[03:20:42] [0m[INFO] [1779736835.886429395]: [EKF] [EKF] Pose X=-0.20 Y=0.46 Theta=0.03 var_x=0.0017 posts=2[0m
[03:20:42] [0m[INFO] [1779736836.187518897]: [EKF] [EKF] Pose X=-0.26 Y=0.46 Theta=0.03 var_x=0.0017 posts=2[0m
[03:20:42] [0m[INFO] [1779736836.536222839]: [EKF] [EKF] Pose X=-0.33 Y=0.46 Theta=0.04 var_x=0.0017 posts=2[0m
[03:20:42] [0m[INFO] [1779736836.837078514]: [EKF] [EKF] Pose X=-0.38 Y=0.45 Theta=0.03 var_x=0.0017 posts=2[0m
[03:20:42] [0m[INFO] [1779736837.186427526]: [EKF] [EKF] Pose X=-0.42 Y=0.45 Theta=0.01 var_x=0.0017 posts=2[0m
[03:20:42] [0m[INFO] [1779736837.536103920]: [EKF] [EKF] Pose X=-0.39 Y=0.45 Theta=0.00 var_x=0.0017 posts=2[0m
[03:20:42] [0m[INFO] [1779736837.836606226]: [EKF] [EKF] Pose X=-0.34 Y=0.45 Theta=-0.01 var_x=0.0017 posts=2[0m
[03:20:42] [0m[INFO] [1779736838.086475740]: [EKF] Ball world X=-0.01 Y=1.79[0m
[03:20:42] [0m[INFO] [1779736838.186642380]: [EKF] [EKF] Pose X=-0.28 Y=0.45 Theta=-0.01 var_x=0.0016 posts=2[0m
[03:20:42] [0m[INFO] [1779736838.386941356]: [EKF] Ball world X=0.03 Y=1.49[0m
[03:20:42] [0m[INFO] [1779736838.536252940]: [EKF] [EKF] Pose X=-0.22 Y=0.45 Theta=-0.01 var_x=0.0016 posts=2[0m
[03:20:42] [0m[INFO] [1779736838.736658375]: [EKF] Ball world X=0.08 Y=1.07[0m
[03:20:42] [0m[INFO] [1779736838.836354537]: [EKF] [EKF] Pose X=-0.15 Y=0.45 Theta=-0.01 var_x=0.0016 posts=2[0m
[03:20:42] [0m[INFO] [1779736839.136694196]: [EKF] [EKF] Pose X=-0.09 Y=0.45 Theta=-0.02 var_x=0.0018 posts=2[0m
[03:20:42] [0m[INFO] [1779736839.485650850]: [EKF] [EKF] Pose X=-0.02 Y=0.45 Theta=-0.01 var_x=0.0018 posts=0[0m
[03:20:42] [0m[INFO] [1779736839.835777091]: [EKF] [EKF] Pose X=-0.00 Y=0.45 Theta=-0.01 var_x=0.0024 posts=0[0m
[03:20:42] [0m[INFO] [1779736840.136957283]: [EKF] [EKF] Pose X=0.05 Y=0.45 Theta=-0.03 var_x=0.0020 posts=2[0m
[03:20:42] [0m[INFO] [1779736840.437021917]: [EKF] [EKF] Pose X=0.11 Y=0.45 Theta=0.01 var_x=0.0019 posts=2[0m
[03:20:42] [0m[INFO] [1779736840.786914234]: [EKF] [EKF] Pose X=0.17 Y=0.45 Theta=0.06 var_x=0.0018 posts=2[0m
[03:20:42] [0m[INFO] [1779736841.136400525]: [EKF] [EKF] Pose X=0.24 Y=0.45 Theta=0.06 var_x=0.0017 posts=2[0m
[03:20:42] [0m[INFO] [1779736841.437138847]: [EKF] [EKF] Pose X=0.29 Y=0.45 Theta=0.03 var_x=0.0017 posts=2[0m
[03:20:42] [0m[INFO] [1779736841.786168150]: [EKF] [EKF] Pose X=0.36 Y=0.45 Theta=0.00 var_x=0.0017 posts=2[0m
[03:20:42] [0m[INFO] [1779736842.089729353]: [EKF] [EKF] Pose X=0.41 Y=0.45 Theta=-0.01 var_x=0.0017 posts=2[0m
[03:20:55] [0m[INFO] [1779736842.436322767]: [EKF] [EKF] Pose X=0.40 Y=0.45 Theta=-0.01 var_x=0.0017 posts=2[0m
[03:20:55] [0m[INFO] [1779736842.736403007]: [EKF] [EKF] Pose X=0.36 Y=0.45 Theta=0.00 var_x=0.0017 posts=2[0m
[03:20:55] [0m[INFO] [1779736843.036664074]: [EKF] [EKF] Pose X=0.30 Y=0.45 Theta=0.00 var_x=0.0017 posts=2[0m
[03:20:55] [0m[INFO] [1779736843.386558577]: [EKF] [EKF] Pose X=0.24 Y=0.45 Theta=0.00 var_x=0.0017 posts=2[0m
[03:20:55] [0m[INFO] [1779736843.686638268]: [EKF] [EKF] Pose X=0.19 Y=0.45 Theta=0.01 var_x=0.0017 posts=2[0m
[03:20:55] [0m[INFO] [1779736843.986834169]: [EKF] [EKF] Pose X=0.14 Y=0.45 Theta=0.02 var_x=0.0017 posts=2[0m
[03:20:55] [0m[INFO] [1779736844.336369128]: [EKF] [EKF] Pose X=0.07 Y=0.45 Theta=0.02 var_x=0.0017 posts=2[0m
[03:20:55] [0m[INFO] [1779736844.637061481]: [EKF] [EKF] Pose X=0.02 Y=0.45 Theta=0.01 var_x=0.0017 posts=2[0m
[03:20:55] [0m[INFO] [1779736844.986543351]: [EKF] [EKF] Pose X=-0.04 Y=0.45 Theta=0.01 var_x=0.0017 posts=2[0m
[03:20:55] [0m[INFO] [1779736845.286740608]: [EKF] [EKF] Pose X=-0.10 Y=0.45 Theta=0.02 var_x=0.0017 posts=2[0m
[03:20:55] [0m[INFO] [1779736845.636468988]: [EKF] [EKF] Pose X=-0.16 Y=0.45 Theta=0.02 var_x=0.0017 posts=2[0m
[03:20:55] [0m[INFO] [1779736845.990780480]: [EKF] [EKF] Pose X=-0.23 Y=0.45 Theta=0.03 var_x=0.0017 posts=2[0m
[03:20:55] [0m[INFO] [1779736846.336441191]: [EKF] [EKF] Pose X=-0.30 Y=0.45 Theta=0.02 var_x=0.0017 posts=2[0m
[03:20:55] [0m[INFO] [1779736846.686515958]: [EKF] [EKF] Pose X=-0.36 Y=0.45 Theta=-0.03 var_x=0.0017 posts=2[0m
[03:20:55] [0m[INFO] [1779736847.037361623]: [EKF] [EKF] Pose X=-0.42 Y=0.45 Theta=-0.07 var_x=0.0017 posts=2[0m
[03:20:55] [0m[INFO] [1779736847.387364658]: [EKF] [EKF] Pose X=-0.42 Y=0.44 Theta=-0.04 var_x=0.0017 posts=2[0m
[03:20:55] [0m[INFO] [1779736847.736835633]: [EKF] [EKF] Pose X=-0.36 Y=0.44 Theta=0.01 var_x=0.0016 posts=2[0m
[03:20:55] [0m[INFO] [1779736848.037765902]: [EKF] [EKF] Pose X=-0.31 Y=0.45 Theta=0.07 var_x=0.0016 posts=2[0m
[03:20:55] [0m[INFO] [1779736848.386440861]: [EKF] [EKF] Pose X=-0.25 Y=0.45 Theta=0.08 var_x=0.0017 posts=2[0m
[03:20:55] [0m[INFO] [1779736848.686487873]: [EKF] [EKF] Pose X=-0.19 Y=0.46 Theta=0.05 var_x=0.0017 posts=2[0m
[03:20:55] [0m[INFO] [1779736848.986820896]: [EKF] [EKF] Pose X=-0.14 Y=0.46 Theta=0.01 var_x=0.0017 posts=2[0m
[03:20:55] [0m[INFO] [1779736849.336288047]: [EKF] [EKF] Pose X=-0.08 Y=0.46 Theta=0.00 var_x=0.0017 posts=2[0m
[03:20:55] [0m[INFO] [1779736849.636573983]: [EKF] [EKF] Pose X=-0.03 Y=0.46 Theta=-0.01 var_x=0.0017 posts=2[0m
[03:20:55] [0m[INFO] [1779736849.986093843]: [EKF] [EKF] Pose X=0.04 Y=0.46 Theta=-0.02 var_x=0.0017 posts=2[0m
[03:20:55] [0m[INFO] [1779736850.286547691]: [EKF] [EKF] Pose X=0.10 Y=0.46 Theta=-0.03 var_x=0.0017 posts=2[0m
[03:20:55] [0m[INFO] [1779736850.636569132]: [EKF] [EKF] Pose X=0.16 Y=0.46 Theta=-0.04 var_x=0.0017 posts=2[0m
[03:20:55] [0m[INFO] [1779736850.986534931]: [EKF] [EKF] Pose X=0.23 Y=0.45 Theta=-0.04 var_x=0.0017 posts=2[0m
[03:20:55] [0m[INFO] [1779736851.287064767]: [EKF] [EKF] Pose X=0.29 Y=0.45 Theta=-0.04 var_x=0.0017 posts=2[0m
[03:20:55] [0m[INFO] [1779736851.637004319]: [EKF] [EKF] Pose X=0.35 Y=0.45 Theta=0.01 var_x=0.0017 posts=2[0m
[03:20:55] [0m[INFO] [1779736851.987515226]: [EKF] [EKF] Pose X=0.41 Y=0.45 Theta=0.05 var_x=0.0018 posts=2[0m
[03:20:55] [0m[INFO] [1779736852.336338438]: [EKF] [EKF] Pose X=0.41 Y=0.45 Theta=0.03 var_x=0.0017 posts=2[0m
[03:20:55] [0m[INFO] [1779736852.636486106]: [EKF] [EKF] Pose X=0.36 Y=0.45 Theta=-0.03 var_x=0.0017 posts=2[0m
[03:20:55] [0m[INFO] [1779736852.986436674]: [EKF] [EKF] Pose X=0.30 Y=0.45 Theta=-0.06 var_x=0.0017 posts=2[0m
[03:20:55] [0m[INFO] [1779736853.286696807]: [EKF] [EKF] Pose X=0.25 Y=0.46 Theta=-0.03 var_x=0.0017 posts=2[0m
[03:20:55] [0m[INFO] [1779736853.636260529]: [EKF] [EKF] Pose X=0.19 Y=0.46 Theta=-0.01 var_x=0.0017 posts=2[0m
[03:20:55] [0m[INFO] [1779736853.936412989]: [EKF] [EKF] Pose X=0.13 Y=0.46 Theta=-0.00 var_x=0.0017 posts=2[0m
[03:20:55] [0m[INFO] [1779736854.236451507]: [EKF] [EKF] Pose X=0.08 Y=0.46 Theta=-0.00 var_x=0.0017 posts=2[0m
[03:20:55] [0m[INFO] [1779736854.537366824]: [EKF] [EKF] Pose X=0.03 Y=0.46 Theta=-0.01 var_x=0.0017 posts=2[0m
[03:20:55] [0m[INFO] [1779736854.837558618]: [EKF] [EKF] Pose X=-0.03 Y=0.46 Theta=0.00 var_x=0.0017 posts=2[0m
[03:21:08] [0m[INFO] [1779736855.186446301]: [EKF] [EKF] Pose X=-0.09 Y=0.46 Theta=0.02 var_x=0.0017 posts=2[0m
[03:21:08] [0m[INFO] [1779736855.486768949]: [EKF] [EKF] Pose X=-0.15 Y=0.46 Theta=0.03 var_x=0.0017 posts=2[0m
[03:21:08] [0m[INFO] [1779736855.836239286]: [EKF] [EKF] Pose X=-0.22 Y=0.46 Theta=0.02 var_x=0.0017 posts=2[0m
[03:21:08] [0m[INFO] [1779736856.187659797]: [EKF] [EKF] Pose X=-0.28 Y=0.46 Theta=0.03 var_x=0.0017 posts=2[0m
[03:21:08] [0m[INFO] [1779736856.537234612]: [EKF] [EKF] Pose X=-0.35 Y=0.45 Theta=0.04 var_x=0.0017 posts=2[0m
[03:21:08] [0m[INFO] [1779736856.886322960]: [EKF] [EKF] Pose X=-0.41 Y=0.45 Theta=0.03 var_x=0.0017 posts=2[0m
[03:21:08] [0m[INFO] [1779736857.186905557]: [EKF] [EKF] Pose X=-0.43 Y=0.45 Theta=0.01 var_x=0.0017 posts=2[0m
[03:21:08] [0m[INFO] [1779736857.487362600]: [EKF] [EKF] Pose X=-0.39 Y=0.45 Theta=0.04 var_x=0.0017 posts=2[0m
[03:21:08] [0m[INFO] [1779736857.835951997]: [EKF] [EKF] Pose X=-0.33 Y=0.45 Theta=0.05 var_x=0.0018 posts=1[0m
[03:21:08] [0m[INFO] [1779736858.136286123]: [EKF] [EKF] Pose X=-0.27 Y=0.45 Theta=0.05 var_x=0.0018 posts=2[0m
[03:21:08] [0m[INFO] [1779736858.436763414]: [EKF] [EKF] Pose X=-0.22 Y=0.46 Theta=0.02 var_x=0.0017 posts=2[0m
[03:21:08] [0m[INFO] [1779736858.786396137]: [EKF] [EKF] Pose X=-0.16 Y=0.46 Theta=0.01 var_x=0.0017 posts=2[0m
[03:21:08] [0m[INFO] [1779736859.136518854]: [EKF] [EKF] Pose X=-0.10 Y=0.46 Theta=0.01 var_x=0.0017 posts=2[0m
[03:21:08] [0m[INFO] [1779736859.436578828]: [EKF] [EKF] Pose X=-0.04 Y=0.46 Theta=0.00 var_x=0.0017 posts=2[0m
[03:21:08] [0m[INFO] [1779736859.786004282]: [EKF] [EKF] Pose X=0.02 Y=0.46 Theta=0.01 var_x=0.0017 posts=2[0m
[03:21:08] [0m[INFO] [1779736860.088829916]: [EKF] [EKF] Pose X=0.08 Y=0.46 Theta=0.01 var_x=0.0017 posts=2[0m
[03:21:08] [0m[INFO] [1779736860.438866798]: [EKF] [EKF] Pose X=0.14 Y=0.46 Theta=0.01 var_x=0.0017 posts=2[0m
[03:21:08] [0m[INFO] [1779736860.787102475]: [EKF] [EKF] Pose X=0.20 Y=0.46 Theta=-0.00 var_x=0.0017 posts=2[0m
[03:21:08] [0m[INFO] [1779736861.136456235]: [EKF] [EKF] Pose X=0.27 Y=0.46 Theta=-0.00 var_x=0.0017 posts=2[0m
[03:21:08] [0m[INFO] [1779736861.436706753]: [EKF] [EKF] Pose X=0.33 Y=0.46 Theta=-0.01 var_x=0.0017 posts=2[0m
[03:21:08] [0m[INFO] [1779736861.786484943]: [EKF] [EKF] Pose X=0.39 Y=0.45 Theta=-0.03 var_x=0.0017 posts=2[0m
[03:21:08] [0m[INFO] [1779736862.136272799]: [EKF] [EKF] Pose X=0.42 Y=0.45 Theta=-0.03 var_x=0.0017 posts=2[0m
[03:21:08] [0m[INFO] [1779736862.436706674]: [EKF] [EKF] Pose X=0.37 Y=0.45 Theta=-0.02 var_x=0.0017 posts=2[0m
[03:21:08] [0m[INFO] [1779736862.786163037]: [EKF] [EKF] Pose X=0.31 Y=0.45 Theta=-0.02 var_x=0.0017 posts=2[0m
[03:21:08] [0m[INFO] [1779736863.086341807]: [EKF] [EKF] Pose X=0.26 Y=0.46 Theta=-0.01 var_x=0.0017 posts=2[0m
[03:21:08] [0m[INFO] [1779736863.387526377]: [EKF] [EKF] Pose X=0.21 Y=0.46 Theta=-0.00 var_x=0.0017 posts=2[0m
[03:21:08] [0m[INFO] [1779736863.736855214]: [EKF] [EKF] Pose X=0.15 Y=0.46 Theta=-0.00 var_x=0.0017 posts=2[0m
[03:21:08] [0m[INFO] [1779736864.086373919]: [EKF] [EKF] Pose X=0.09 Y=0.46 Theta=0.00 var_x=0.0017 posts=2[0m
[03:21:08] [0m[INFO] [1779736864.436243601]: [EKF] [EKF] Pose X=0.02 Y=0.46 Theta=0.01 var_x=0.0017 posts=2[0m
[03:21:08] [0m[INFO] [1779736864.736992517]: [EKF] [EKF] Pose X=-0.03 Y=0.46 Theta=0.01 var_x=0.0017 posts=2[0m
[03:21:08] [0m[INFO] [1779736865.086565799]: [EKF] [EKF] Pose X=-0.10 Y=0.46 Theta=0.01 var_x=0.0017 posts=2[0m
[03:21:08] [0m[INFO] [1779736865.386565739]: [EKF] [EKF] Pose X=-0.16 Y=0.46 Theta=0.01 var_x=0.0017 posts=2[0m
[03:21:08] [0m[INFO] [1779736865.686736456]: [EKF] [EKF] Pose X=-0.21 Y=0.46 Theta=0.01 var_x=0.0017 posts=2[0m
[03:21:08] [0m[INFO] [1779736866.036808475]: [EKF] [EKF] Pose X=-0.28 Y=0.46 Theta=0.01 var_x=0.0017 posts=2[0m
[03:21:08] [0m[INFO] [1779736866.337364608]: [EKF] [EKF] Pose X=-0.33 Y=0.46 Theta=0.02 var_x=0.0017 posts=2[0m
[03:21:08] [0m[INFO] [1779736866.637575824]: [EKF] [EKF] Pose X=-0.39 Y=0.45 Theta=0.03 var_x=0.0017 posts=2[0m
[03:21:08] [0m[INFO] [1779736866.986308228]: [EKF] [EKF] Pose X=-0.42 Y=0.45 Theta=0.02 var_x=0.0017 posts=2[0m
[03:21:08] [0m[INFO] [1779736867.286619277]: [EKF] [EKF] Pose X=-0.38 Y=0.45 Theta=0.01 var_x=0.0017 posts=2[0m
[03:21:08] [0m[INFO] [1779736867.586823380]: [EKF] [EKF] Pose X=-0.34 Y=0.45 Theta=0.00 var_x=0.0017 posts=2[0m
[03:21:08] [0m[INFO] [1779736867.886975477]: [EKF] [EKF] Pose X=-0.29 Y=0.46 Theta=-0.00 var_x=0.0017 posts=2[0m
[03:21:21] [0m[INFO] [1779736868.236498408]: [EKF] [EKF] Pose X=-0.22 Y=0.46 Theta=-0.01 var_x=0.0017 posts=2[0m
[03:21:21] [0m[INFO] [1779736868.536818110]: [EKF] [EKF] Pose X=-0.17 Y=0.46 Theta=-0.01 var_x=0.0017 posts=2[0m
[03:21:21] [0m[INFO] [1779736868.886956548]: [EKF] [EKF] Pose X=-0.11 Y=0.46 Theta=-0.01 var_x=0.0017 posts=2[0m
[03:21:21] [0m[INFO] [1779736869.187432153]: [EKF] [EKF] Pose X=-0.05 Y=0.46 Theta=-0.01 var_x=0.0017 posts=2[0m
[03:21:21] [0m[INFO] [1779736869.536737161]: [EKF] [EKF] Pose X=0.01 Y=0.45 Theta=-0.02 var_x=0.0017 posts=2[0m
[03:21:21] [0m[INFO] [1779736869.837174481]: [EKF] [EKF] Pose X=0.07 Y=0.45 Theta=-0.03 var_x=0.0017 posts=2[0m
[03:21:21] [0m[INFO] [1779736870.186051774]: [EKF] [EKF] Pose X=0.13 Y=0.45 Theta=-0.03 var_x=0.0017 posts=2[0m
[03:21:21] [0m[INFO] [1779736870.487631924]: [EKF] [EKF] Pose X=0.19 Y=0.45 Theta=-0.03 var_x=0.0017 posts=2[0m
[03:21:21] [0m[INFO] [1779736870.836409249]: [EKF] [EKF] Pose X=0.25 Y=0.45 Theta=-0.00 var_x=0.0017 posts=2[0m
[03:21:21] [0m[INFO] [1779736871.186847720]: [EKF] [EKF] Pose X=0.32 Y=0.45 Theta=0.05 var_x=0.0017 posts=2[0m
[03:21:21] [0m[INFO] [1779736871.486901311]: [EKF] [EKF] Pose X=0.37 Y=0.45 Theta=0.06 var_x=0.0017 posts=2[0m
[03:21:21] [0m[INFO] [1779736871.836381332]: [EKF] [EKF] Pose X=0.42 Y=0.45 Theta=0.05 var_x=0.0017 posts=2[0m
[03:21:21] [0m[INFO] [1779736872.136909599]: [EKF] [EKF] Pose X=0.39 Y=0.45 Theta=0.04 var_x=0.0017 posts=2[0m
[03:21:21] [0m[INFO] [1779736872.486899609]: [EKF] [EKF] Pose X=0.33 Y=0.45 Theta=-0.02 var_x=0.0017 posts=2[0m
[03:21:21] [0m[INFO] [1779736872.786983791]: [EKF] [EKF] Pose X=0.28 Y=0.45 Theta=-0.06 var_x=0.0017 posts=2[0m
[03:21:21] [0m[INFO] [1779736873.136219426]: [EKF] [EKF] Pose X=0.22 Y=0.45 Theta=-0.06 var_x=0.0017 posts=2[0m
[03:21:21] [0m[INFO] [1779736873.486279458]: [EKF] [EKF] Pose X=0.16 Y=0.46 Theta=-0.01 var_x=0.0017 posts=2[0m
[03:21:21] [0m[INFO] [1779736873.786289003]: [EKF] [EKF] Pose X=0.10 Y=0.46 Theta=-0.00 var_x=0.0017 posts=2[0m
[03:21:21] [0m[INFO] [1779736874.087377220]: [EKF] [EKF] Pose X=0.05 Y=0.46 Theta=-0.00 var_x=0.0017 posts=2[0m
[03:21:21] [0m[INFO] [1779736874.436989634]: [EKF] [EKF] Pose X=-0.01 Y=0.46 Theta=-0.01 var_x=0.0017 posts=2[0m
[03:21:21] [0m[INFO] [1779736874.786749575]: [EKF] [EKF] Pose X=-0.08 Y=0.46 Theta=0.00 var_x=0.0017 posts=2[0m
[03:21:21] [0m[INFO] [1779736875.087273691]: [EKF] [EKF] Pose X=-0.14 Y=0.46 Theta=0.01 var_x=0.0017 posts=2[0m
[03:21:21] [0m[INFO] [1779736875.436640506]: [EKF] [EKF] Pose X=-0.20 Y=0.46 Theta=0.01 var_x=0.0018 posts=1[0m
[03:21:21] [0m[INFO] [1779736875.785888802]: [EKF] [EKF] Pose X=-0.26 Y=0.46 Theta=0.02 var_x=0.0017 posts=2[0m
[03:21:21] [0m[INFO] [1779736876.086166527]: [EKF] [EKF] Pose X=-0.32 Y=0.46 Theta=0.02 var_x=0.0017 posts=2[0m
[03:21:21] [0m[INFO] [1779736876.386254055]: [EKF] [EKF] Pose X=-0.38 Y=0.46 Theta=0.02 var_x=0.0017 posts=2[0m
[03:21:21] [0m[INFO] [1779736876.736359158]: [EKF] [EKF] Pose X=-0.42 Y=0.46 Theta=0.01 var_x=0.0017 posts=2[0m
[03:21:21] [0m[INFO] [1779736877.086417031]: [EKF] [EKF] Pose X=-0.40 Y=0.46 Theta=0.01 var_x=0.0017 posts=2[0m
[03:21:21] [0m[INFO] [1779736877.386587480]: [EKF] [EKF] Pose X=-0.35 Y=0.46 Theta=0.00 var_x=0.0017 posts=2[0m
[03:21:21] [0m[INFO] [1779736877.736201729]: [EKF] [EKF] Pose X=-0.29 Y=0.46 Theta=0.00 var_x=0.0017 posts=2[0m
[03:21:21] [0m[INFO] [1779736878.086444731]: [EKF] [EKF] Pose X=-0.23 Y=0.46 Theta=0.00 var_x=0.0017 posts=2[0m
[03:21:21] [0m[INFO] [1779736878.436466123]: [EKF] [EKF] Pose X=-0.17 Y=0.46 Theta=0.01 var_x=0.0017 posts=2[0m
[03:21:21] [0m[INFO] [1779736878.786539851]: [EKF] [EKF] Pose X=-0.11 Y=0.46 Theta=0.00 var_x=0.0017 posts=2[0m
[03:21:21] [0m[INFO] [1779736879.136633958]: [EKF] [EKF] Pose X=-0.04 Y=0.46 Theta=-0.01 var_x=0.0017 posts=2[0m
[03:21:21] [0m[INFO] [1779736879.485904513]: [EKF] [EKF] Pose X=0.02 Y=0.46 Theta=-0.00 var_x=0.0017 posts=2[0m
[03:21:21] [0m[INFO] [1779736879.786030893]: [EKF] [EKF] Pose X=0.08 Y=0.46 Theta=-0.01 var_x=0.0017 posts=2[0m
[03:21:21] [0m[INFO] [1779736880.136975398]: [EKF] [EKF] Pose X=0.15 Y=0.46 Theta=-0.02 var_x=0.0017 posts=2[0m
[03:21:21] [0m[INFO] [1779736880.487248114]: [EKF] [EKF] Pose X=0.21 Y=0.46 Theta=-0.02 var_x=0.0017 posts=2[0m
[03:21:21] [0m[INFO] [1779736880.836000020]: [EKF] [EKF] Pose X=0.27 Y=0.45 Theta=-0.04 var_x=0.0017 posts=2[0m
[03:21:21] [0m[INFO] [1779736881.136286793]: [EKF] [EKF] Pose X=0.33 Y=0.45 Theta=-0.04 var_x=0.0017 posts=2[0m
[03:21:33] [0m[INFO] [1779736881.485851795]: [EKF] [EKF] Pose X=0.40 Y=0.45 Theta=-0.01 var_x=0.0017 posts=2[0m
[03:21:33] [0m[INFO] [1779736881.786243645]: [EKF] [EKF] Pose X=0.42 Y=0.45 Theta=0.02 var_x=0.0017 posts=2[0m
[03:21:33] [0m[INFO] [1779736882.086292673]: [EKF] [EKF] Pose X=0.38 Y=0.44 Theta=-0.01 var_x=0.0017 posts=2[0m
[03:21:33] [0m[INFO] [1779736882.436034686]: [EKF] [EKF] Pose X=0.32 Y=0.45 Theta=-0.05 var_x=0.0016 posts=2[0m
[03:21:33] [0m[INFO] [1779736882.786430815]: [EKF] [EKF] Pose X=0.26 Y=0.45 Theta=-0.06 var_x=0.0017 posts=2[0m
[03:21:33] [0m[INFO] [1779736883.136784924]: [EKF] [EKF] Pose X=0.20 Y=0.46 Theta=-0.03 var_x=0.0017 posts=2[0m
[03:21:33] [0m[INFO] [1779736883.486113615]: [EKF] [EKF] Pose X=0.14 Y=0.46 Theta=-0.01 var_x=0.0017 posts=2[0m
[03:21:33] [0m[INFO] [1779736883.786448223]: [EKF] [EKF] Pose X=0.09 Y=0.46 Theta=-0.01 var_x=0.0017 posts=2[0m
[03:21:33] [0m[INFO] [1779736884.086676862]: [EKF] [EKF] Pose X=0.03 Y=0.46 Theta=0.00 var_x=0.0017 posts=2[0m
[03:21:33] [0m[INFO] [1779736884.436203768]: [EKF] [EKF] Pose X=-0.03 Y=0.46 Theta=-0.00 var_x=0.0017 posts=2[0m
[03:21:33] [0m[INFO] [1779736884.787020219]: [EKF] [EKF] Pose X=-0.10 Y=0.46 Theta=-0.00 var_x=0.0017 posts=2[0m
[03:21:33] [0m[INFO] [1779736885.136289796]: [EKF] [EKF] Pose X=-0.16 Y=0.47 Theta=0.01 var_x=0.0017 posts=2[0m
[03:21:33] [0m[INFO] [1779736885.486100395]: [EKF] [EKF] Pose X=-0.23 Y=0.47 Theta=0.01 var_x=0.0017 posts=2[0m
[03:21:33] [0m[INFO] [1779736885.786207706]: [EKF] [EKF] Pose X=-0.29 Y=0.46 Theta=0.02 var_x=0.0017 posts=2[0m
[03:21:33] [0m[INFO] [1779736886.136176203]: [EKF] [EKF] Pose X=-0.35 Y=0.46 Theta=0.01 var_x=0.0017 posts=2[0m
[03:21:33] [0m[INFO] [1779736886.436289921]: [EKF] [EKF] Pose X=-0.40 Y=0.46 Theta=0.02 var_x=0.0017 posts=2[0m
[03:21:33] [0m[INFO] [1779736886.786297859]: [EKF] [EKF] Pose X=-0.42 Y=0.46 Theta=0.01 var_x=0.0017 posts=2[0m
[03:21:33] [0m[INFO] [1779736887.086373032]: [EKF] [EKF] Pose X=-0.38 Y=0.46 Theta=0.00 var_x=0.0017 posts=2[0m
[03:21:33] [0m[INFO] [1779736887.436150856]: [EKF] [EKF] Pose X=-0.32 Y=0.46 Theta=0.01 var_x=0.0020 posts=2[0m
[03:21:33] [0m[INFO] [1779736887.636312936]: [EKF] Ball world X=-1.18 Y=0.67[0m
[03:21:33] [0m[INFO] [1779736887.736628274]: [EKF] [EKF] Pose X=-0.26 Y=0.46 Theta=-0.01 var_x=0.0020 posts=2[0m
[03:21:33] [0m[INFO] [1779736888.085893680]: [EKF] [EKF] Pose X=-0.21 Y=0.46 Theta=-0.01 var_x=0.0018 posts=2[0m
[03:21:33] [0m[INFO] [1779736888.386070020]: [EKF] [EKF] Pose X=-0.15 Y=0.46 Theta=-0.01 var_x=0.0018 posts=2[0m
[03:21:33] [0m[INFO] [1779736888.736066280]: [EKF] [EKF] Pose X=-0.09 Y=0.46 Theta=-0.02 var_x=0.0017 posts=2[0m
[03:21:33] [0m[INFO] [1779736889.036965117]: [EKF] [EKF] Pose X=-0.04 Y=0.46 Theta=-0.01 var_x=0.0017 posts=2[0m
[03:21:33] [0m[INFO] [1779736889.385922598]: [EKF] [EKF] Pose X=0.03 Y=0.46 Theta=-0.02 var_x=0.0017 posts=2[0m
[03:21:33] [0m[INFO] [1779736889.686185903]: [EKF] [EKF] Pose X=0.08 Y=0.46 Theta=-0.02 var_x=0.0017 posts=2[0m
[03:21:33] [0m[INFO] [1779736890.035952822]: [EKF] [EKF] Pose X=0.15 Y=0.46 Theta=-0.02 var_x=0.0017 posts=2[0m
[03:21:33] [0m[INFO] [1779736890.336616959]: [EKF] [EKF] Pose X=0.20 Y=0.46 Theta=-0.03 var_x=0.0017 posts=2[0m
[03:21:33] [0m[INFO] [1779736890.336724475]: [EKF] Ball world X=-0.23 Y=1.76[0m
[03:21:33] [0m[INFO] [1779736890.686177606]: [EKF] [EKF] Pose X=0.24 Y=0.45 Theta=-0.04 var_x=0.0017 posts=2[0m
[03:21:33] [0m[INFO] [1779736891.035995590]: [EKF] [EKF] Pose X=0.18 Y=0.46 Theta=-0.02 var_x=0.0017 posts=2[0m
[03:21:33] [0m[INFO] [1779736891.336049466]: [EKF] [EKF] Pose X=0.13 Y=0.46 Theta=0.01 var_x=0.0017 posts=2[0m
[03:21:33] [0m[INFO] [1779736891.686007303]: [EKF] [EKF] Pose X=0.16 Y=0.46 Theta=0.01 var_x=0.0017 posts=2[0m
[03:21:33] [0m[INFO] [1779736891.986378835]: [EKF] [EKF] Pose X=0.21 Y=0.46 Theta=0.01 var_x=0.0017 posts=2[0m
[03:21:33] [0m[INFO] [1779736892.336591431]: [EKF] [EKF] Pose X=0.27 Y=0.46 Theta=0.01 var_x=0.0017 posts=2[0m
[03:21:33] [0m[INFO] [1779736892.685970396]: [EKF] [EKF] Pose X=0.33 Y=0.46 Theta=0.01 var_x=0.0017 posts=2[0m
[03:21:33] [0m[INFO] [1779736892.986171690]: [EKF] [EKF] Pose X=0.38 Y=0.46 Theta=0.01 var_x=0.0017 posts=2[0m
[03:21:33] [0m[INFO] [1779736893.335841550]: [EKF] [EKF] Pose X=0.41 Y=0.46 Theta=0.00 var_x=0.0017 posts=2[0m
[03:21:33] [0m[INFO] [1779736893.636538854]: [EKF] [EKF] Pose X=0.36 Y=0.46 Theta=0.02 var_x=0.0017 posts=2[0m
[03:21:43] [0m[INFO] [1779736893.986717946]: [EKF] [EKF] Pose X=0.30 Y=0.46 Theta=0.02 var_x=0.0017 posts=2[0m
[03:21:43] [0m[INFO] [1779736894.337146335]: [EKF] [EKF] Pose X=0.24 Y=0.45 Theta=0.02 var_x=0.0017 posts=2[0m
[03:21:43] [0m[INFO] [1779736894.685913373]: [EKF] [EKF] Pose X=0.18 Y=0.45 Theta=0.02 var_x=0.0017 posts=2[0m
[03:21:43] [0m[INFO] [1779736894.986283591]: [EKF] [EKF] Pose X=0.13 Y=0.45 Theta=0.04 var_x=0.0017 posts=2[0m
[03:21:43] [0m[INFO] [1779736895.336601161]: [EKF] [EKF] Pose X=0.06 Y=0.45 Theta=0.03 var_x=0.0017 posts=2[0m
[03:21:43] [0m[INFO] [1779736895.686399897]: [EKF] [EKF] Pose X=0.00 Y=0.45 Theta=0.03 var_x=0.0017 posts=2[0m
[03:21:43] [0m[INFO] [1779736895.936583279]: [EKF] Ball world X=-0.05 Y=1.76[0m
[03:21:43] [0m[INFO] [1779736895.986773896]: [EKF] [EKF] Pose X=-0.05 Y=0.45 Theta=0.02 var_x=0.0017 posts=2[0m
[03:21:43] [0m[INFO] [1779736896.285893600]: [EKF] Ball world X=-0.05 Y=1.76[0m
[03:21:43] [0m[INFO] [1779736896.336554895]: [EKF] [EKF] Pose X=-0.09 Y=0.45 Theta=0.03 var_x=0.0017 posts=2[0m
[03:21:43] [0m[INFO] [1779736896.586028218]: [EKF] Ball world X=-0.00 Y=1.76[0m
[03:21:43] [0m[INFO] [1779736896.686073385]: [EKF] [EKF] Pose X=-0.06 Y=0.45 Theta=0.02 var_x=0.0017 posts=2[0m
[03:21:43] [0m[INFO] [1779736896.936893377]: [EKF] Ball world X=-0.01 Y=1.76[0m
[03:21:43] [0m[INFO] [1779736897.036086627]: [EKF] [EKF] Pose X=-0.04 Y=0.45 Theta=0.03 var_x=0.0017 posts=2[0m
[03:21:43] [0m[INFO] [1779736897.286008901]: [EKF] Ball world X=-0.01 Y=1.76[0m
[03:21:43] [0m[INFO] [1779736897.386132934]: [EKF] [EKF] Pose X=-0.01 Y=0.45 Theta=0.03 var_x=0.0017 posts=2[0m
[03:21:43] [0m[INFO] [1779736897.736732934]: [EKF] [EKF] Pose X=-0.00 Y=0.45 Theta=0.02 var_x=0.0017 posts=2[0m
[03:21:43] [0m[INFO] [1779736898.036937274]: [EKF] [EKF] Pose X=-0.00 Y=0.45 Theta=0.03 var_x=0.0017 posts=2[0m
[03:21:43] [0m[INFO] [1779736898.386601099]: [EKF] [EKF] Pose X=-0.03 Y=0.45 Theta=0.03 var_x=0.0017 posts=2[0m
[03:21:43] [0m[INFO] [1779736898.486120846]: [EKF] Ball world X=-0.07 Y=1.76[0m
[03:21:43] [0m[INFO] [1779736898.736148640]: [EKF] [EKF] Pose X=-0.08 Y=0.45 Theta=0.04 var_x=0.0017 posts=2[0m
[03:21:43] [0m[INFO] [1779736898.836084240]: [EKF] Ball world X=-0.01 Y=1.76[0m
[03:21:43] [0m[INFO] [1779736899.036184339]: [EKF] [EKF] Pose X=-0.09 Y=0.45 Theta=0.04 var_x=0.0017 posts=2[0m
[03:21:43] [0m[INFO] [1779736899.136241506]: [EKF] Ball world X=-0.02 Y=1.76[0m
[03:21:43] [0m[INFO] [1779736899.336257283]: [EKF] [EKF] Pose X=-0.06 Y=0.45 Theta=0.02 var_x=0.0017 posts=2[0m
[03:21:43] [0m[INFO] [1779736899.436403261]: [EKF] Ball world X=-0.01 Y=1.76[0m
[03:21:43] [0m[INFO] [1779736899.636342859]: [EKF] [EKF] Pose X=-0.04 Y=0.45 Theta=0.02 var_x=0.0017 posts=2[0m
[03:21:43] [0m[INFO] [1779736899.786245704]: [EKF] Ball world X=-0.03 Y=1.76[0m
[03:21:43] [0m[INFO] [1779736899.936748740]: [EKF] [EKF] Pose X=-0.03 Y=0.45 Theta=0.01 var_x=0.0017 posts=2[0m
[03:21:43] [0m[INFO] [1779736900.087528018]: [EKF] Ball world X=-0.04 Y=1.76[0m
[03:21:43] [0m[INFO] [1779736900.286429892]: [EKF] [EKF] Pose X=-0.03 Y=0.45 Theta=0.01 var_x=0.0017 posts=2[0m
[03:21:43] [0m[INFO] [1779736900.436786361]: [EKF] Ball world X=-0.04 Y=1.76[0m
[03:21:43] [0m[INFO] [1779736900.586530851]: [EKF] [EKF] Pose X=-0.03 Y=0.45 Theta=0.01 var_x=0.0017 posts=2[0m
[03:21:43] [0m[INFO] [1779736900.936296678]: [EKF] [EKF] Pose X=-0.03 Y=0.45 Theta=0.01 var_x=0.0017 posts=2[0m
[03:21:43] [0m[INFO] [1779736901.036269643]: [EKF] Ball world X=-0.04 Y=1.76[0m
[03:21:43] [0m[INFO] [1779736901.236653325]: [EKF] [EKF] Pose X=-0.03 Y=0.45 Theta=0.01 var_x=0.0017 posts=2[0m
[03:21:43] [0m[INFO] [1779736901.337484586]: [EKF] Ball world X=-0.05 Y=1.76[0m
[03:21:43] [0m[INFO] [1779736901.536984556]: [EKF] [EKF] Pose X=-0.04 Y=0.45 Theta=0.01 var_x=0.0017 posts=2[0m
[03:21:43] [0m[INFO] [1779736901.687870612]: [EKF] Ball world X=-0.06 Y=1.76[0m
[03:21:43] [0m[INFO] [1779736901.837289084]: [EKF] [EKF] Pose X=-0.04 Y=0.45 Theta=0.02 var_x=0.0017 posts=2[0m
[03:21:43] [0m[INFO] [1779736902.036685644]: [EKF] Ball world X=-0.05 Y=1.76[0m
[03:21:43] [0m[INFO] [1779736902.186635336]: [EKF] [EKF] Pose X=-0.04 Y=0.45 Theta=0.02 var_x=0.0017 posts=2[0m
[03:21:43] [0m[INFO] [1779736902.337458635]: [EKF] Ball world X=-0.05 Y=1.76[0m
[03:21:43] [0m[INFO] [1779736902.536839571]: [EKF] [EKF] Pose X=-0.04 Y=0.45 Theta=0.01 var_x=0.0017 posts=2[0m
[03:21:43] [0m[INFO] [1779736902.686148005]: [EKF] Ball world X=-0.05 Y=1.76[0m
[03:21:43] [0m[INFO] [1779736902.886220768]: [EKF] [EKF] Pose X=-0.04 Y=0.45 Theta=0.01 var_x=0.0017 posts=2[0m
[03:21:50] [0m[INFO] [1779736903.086504060]: [EKF] Ball world X=-0.05 Y=1.76[0m
[03:21:50] [0m[INFO] [1779736903.186410712]: [EKF] [EKF] Pose X=-0.04 Y=0.45 Theta=0.02 var_x=0.0017 posts=2[0m
[03:21:50] [0m[INFO] [1779736903.436909180]: [EKF] Ball world X=-0.05 Y=1.76[0m
[03:21:50] [0m[INFO] [1779736903.535948870]: [EKF] [EKF] Pose X=-0.04 Y=0.45 Theta=0.01 var_x=0.0017 posts=2[0m
[03:21:50] [0m[INFO] [1779736903.785976818]: [EKF] Ball world X=-0.04 Y=1.76[0m
[03:21:50] [0m[INFO] [1779736903.836066860]: [EKF] [EKF] Pose X=-0.04 Y=0.45 Theta=0.01 var_x=0.0017 posts=2[0m
[03:21:50] [0m[INFO] [1779736904.086625461]: [EKF] Ball world X=-0.05 Y=1.76[0m
[03:21:50] [0m[INFO] [1779736904.136427166]: [EKF] [EKF] Pose X=-0.04 Y=0.45 Theta=0.01 var_x=0.0017 posts=2[0m
[03:21:50] [0m[INFO] [1779736904.436119741]: [EKF] Ball world X=-0.05 Y=1.76[0m
[03:21:50] [0m[INFO] [1779736904.486013767]: [EKF] [EKF] Pose X=-0.04 Y=0.45 Theta=0.01 var_x=0.0017 posts=2[0m
[03:21:50] [0m[INFO] [1779736904.786640333]: [EKF] [EKF] Pose X=-0.04 Y=0.45 Theta=0.01 var_x=0.0017 posts=2[0m
[03:21:50] [0m[INFO] [1779736904.786775564]: [EKF] Ball world X=-0.05 Y=1.76[0m
[03:21:50] [0m[INFO] [1779736905.136115816]: [EKF] [EKF] Pose X=-0.04 Y=0.45 Theta=0.02 var_x=0.0017 posts=2[0m
[03:21:50] [0m[INFO] [1779736905.136199770]: [EKF] Ball world X=-0.05 Y=1.76[0m
[03:21:50] [0m[INFO] [1779736905.485797829]: [EKF] [EKF] Pose X=-0.04 Y=0.45 Theta=0.01 var_x=0.0017 posts=2[0m
[03:21:50] [0m[INFO] [1779736905.485859369]: [EKF] Ball world X=-0.05 Y=1.76[0m
[03:21:50] [0m[INFO] [1779736905.785908268]: [EKF] [EKF] Pose X=-0.04 Y=0.45 Theta=0.02 var_x=0.0017 posts=2[0m
[03:21:50] [0m[INFO] [1779736905.886251982]: [EKF] Ball world X=-0.05 Y=1.76[0m
[03:21:50] [0m[INFO] [1779736906.086450681]: [EKF] [EKF] Pose X=-0.04 Y=0.45 Theta=0.02 var_x=0.0017 posts=2[0m
[03:21:50] [0m[INFO] [1779736906.186398395]: [EKF] Ball world X=-0.05 Y=1.76[0m
[03:21:50] [0m[INFO] [1779736906.386733174]: [EKF] [EKF] Pose X=-0.04 Y=0.45 Theta=0.02 var_x=0.0017 posts=2[0m
[03:21:50] [0m[INFO] [1779736906.535933487]: [EKF] Ball world X=-0.05 Y=1.76[0m
[03:21:50] [0m[INFO] [1779736906.736132713]: [EKF] [EKF] Pose X=-0.04 Y=0.45 Theta=0.02 var_x=0.0017 posts=2[0m
[03:21:50] [0m[INFO] [1779736906.836074126]: [EKF] Ball world X=-0.05 Y=1.76[0m
[03:21:50] [0m[INFO] [1779736907.086061515]: [EKF] [EKF] Pose X=-0.04 Y=0.45 Theta=0.01 var_x=0.0017 posts=2[0m
[03:21:50] [0m[INFO] [1779736907.136353149]: [EKF] Ball world X=-0.05 Y=1.76[0m
[03:21:50] [0m[INFO] [1779736907.386090857]: [EKF] [EKF] Pose X=-0.04 Y=0.45 Theta=0.01 var_x=0.0017 posts=2[0m
[03:21:50] [0m[INFO] [1779736907.486070432]: [EKF] Ball world X=-0.05 Y=1.76[0m
[03:21:50] [0m[INFO] [1779736907.736007139]: [EKF] [EKF] Pose X=-0.04 Y=0.45 Theta=0.01 var_x=0.0017 posts=2[0m
[03:21:50] [0m[INFO] [1779736907.786047166]: [EKF] Ball world X=-0.04 Y=1.76[0m
[03:21:50] [0m[INFO] [1779736908.036104793]: [EKF] [EKF] Pose X=-0.04 Y=0.45 Theta=0.01 var_x=0.0017 posts=2[0m
[03:21:50] [0m[INFO] [1779736908.086765453]: [EKF] Ball world X=-0.05 Y=1.76[0m
[03:21:50] [0m[INFO] [1779736908.386120269]: [EKF] [EKF] Pose X=-0.04 Y=0.45 Theta=0.01 var_x=0.0017 posts=2[0m
[03:21:50] [0m[INFO] [1779736908.437073571]: [EKF] Ball world X=-0.05 Y=1.76[0m
[03:21:50] [0m[INFO] [1779736908.686916320]: [EKF] [EKF] Pose X=-0.04 Y=0.45 Theta=0.01 var_x=0.0017 posts=2[0m
[03:21:50] [0m[INFO] [1779736908.786944657]: [EKF] Ball world X=-0.05 Y=1.76[0m
[03:21:50] [0m[INFO] [1779736909.036208548]: [EKF] [EKF] Pose X=-0.04 Y=0.45 Theta=0.01 var_x=0.0017 posts=2[0m
[03:21:50] [0m[INFO] [1779736909.136155855]: [EKF] Ball world X=-0.04 Y=1.76[0m
[03:21:50] [0m[INFO] [1779736909.336395518]: [EKF] [EKF] Pose X=-0.04 Y=0.45 Theta=0.01 var_x=0.0017 posts=2[0m
[03:21:50] [0m[INFO] [1779736909.486440085]: [EKF] Ball world X=-0.05 Y=1.76[0m
[03:21:50] [0m[INFO] [1779736909.686495238]: [EKF] [EKF] Pose X=-0.04 Y=0.45 Theta=0.01 var_x=0.0017 posts=2[0m
[03:21:50] [0m[INFO] [1779736909.836358964]: [EKF] Ball world X=-0.05 Y=1.76[0m
[03:21:50] [0m[INFO] [1779736910.035808011]: [EKF] [EKF] Pose X=-0.04 Y=0.45 Theta=0.01 var_x=0.0017 posts=2[0m
[03:21:50] [0m[INFO] [1779736910.186044527]: [EKF] Ball world X=-0.05 Y=1.76[0m
[03:21:50] [0m[INFO] [1779736910.336043814]: [EKF] [EKF] Pose X=-0.04 Y=0.45 Theta=0.01 var_x=0.0017 posts=2[0m
[03:21:50] [0m[INFO] [1779736910.486551115]: [EKF] Ball world X=-0.05 Y=1.76[0m
[03:21:50] [0m[INFO] [1779736910.686170866]: [EKF] [EKF] Pose X=-0.04 Y=0.45 Theta=0.01 var_x=0.0017 posts=2[0m
