[03:18:21] [INFO] [1779736701.585168]: ==================================================
[03:18:21] [INFO] [1779736701.591577]: [Fusion] 節點啟動
[03:18:21] [INFO] [1779736701.598055]: [Fusion] 防守線 Y = 0.50 m
[03:18:21] [INFO] [1779736701.602445]: [Fusion] 訂閱 /ball_camera_world, /ball_lidar_world, /robot_pose
[03:18:21] [INFO] [1779736701.607400]: [Fusion] 發布 /cmd_vel
[03:18:21] [INFO] [1779736701.611524]: ==================================================
[03:18:21] [INFO] [1779736701.639327]: [Fusion] odom 原點記錄：X=-1.699
[03:18:21] [INFO] [1779736701.670367]: [PATROL-REL] 目標相對X=+0.20 目前相對X=+0.00 誤差=+0.20
[03:18:22] [INFO] [1779736702.270582]: [PATROL-REL] 目標相對X=+0.20 目前相對X=+0.00 誤差=+0.20
[03:18:22] [INFO] [1779736702.870259]: [PATROL-REL] 目標相對X=+0.20 目前相對X=+0.00 誤差=+0.20
[03:18:23] [INFO] [1779736703.370294]: [PATROL-REL] 目標相對X=+0.20 目前相對X=+0.00 誤差=+0.20
[03:18:23] [INFO] [1779736703.970209]: [PATROL-REL] 目標相對X=+0.20 目前相對X=+0.01 誤差=+0.19
[03:18:24] [INFO] [1779736704.570226]: [PATROL-REL] 目標相對X=+0.20 目前相對X=+0.01 誤差=+0.19
[03:18:25] [INFO] [1779736705.170214]: [PATROL-REL] 目標相對X=+0.20 目前相對X=+0.02 誤差=+0.18
[03:18:25] [INFO] [1779736705.670423]: [PATROL-REL] 目標相對X=+0.20 目前相對X=+0.02 誤差=+0.18
[03:18:26] [INFO] [1779736706.270308]: [PATROL-REL] 目標相對X=+0.20 目前相對X=+0.02 誤差=+0.18
[03:18:26] [INFO] [1779736706.870608]: [PATROL-REL] 目標相對X=+0.20 目前相對X=+0.03 誤差=+0.17
[03:18:27] [INFO] [1779736707.470202]: [PATROL-REL] 目標相對X=+0.20 目前相對X=+0.03 誤差=+0.17
[03:18:27] [INFO] [1779736707.970773]: [PATROL-REL] 目標相對X=+0.20 目前相對X=+0.04 誤差=+0.16
[03:18:28] [INFO] [1779736708.570280]: [PATROL-REL] 目標相對X=+0.20 目前相對X=+0.04 誤差=+0.16
[03:18:29] [INFO] [1779736709.170112]: [PATROL-REL] 目標相對X=+0.20 目前相對X=+0.04 誤差=+0.16
[03:18:29] [INFO] [1779736709.670163]: [PATROL-REL] 目標相對X=+0.20 目前相對X=+0.04 誤差=+0.16
[03:18:30] [INFO] [1779736710.170249]: [PATROL-REL] 目標相對X=+0.20 目前相對X=+0.05 誤差=+0.15
[03:18:30] [INFO] [1779736710.770279]: [PATROL-REL] 目標相對X=+0.20 目前相對X=+0.05 誤差=+0.15
[03:18:31] [INFO] [1779736711.270352]: [PATROL-REL] 目標相對X=+0.20 目前相對X=+0.05 誤差=+0.15
[03:18:31] [33m[WARN] [1779736711.536766]: [Fusion] 定位收斂！var_x=0.0196 → 切換至絕對位置控制
[03:18:31] [INFO] [1779736711.538032]: [EKF] 初始化完成，球的初始位置: X=1.207 Y=1.052
[03:18:31] [INFO] [1779736711.570428]: [PATROL-ABS] 目標X=+0.45 機器人X=+0.02 誤差=+0.43
[03:18:32] [INFO] [1779736712.170207]: [PATROL-ABS] 目標X=+0.45 機器人X=+0.12 誤差=+0.33
[03:18:32] [INFO] [1779736712.670272]: [PATROL-ABS] 目標X=+0.45 機器人X=+0.21 誤差=+0.24
[03:18:33] [INFO] [1779736713.170718]: [PATROL-ABS] 目標X=+0.45 機器人X=+0.30 誤差=+0.15
[03:18:33] [INFO] [1779736713.770304]: [PATROL-ABS] 目標X=-0.45 機器人X=+0.41 誤差=-0.86
[03:18:34] [INFO] [1779736714.270555]: [PATROL-ABS] 目標X=-0.45 機器人X=+0.37 誤差=-0.82
[03:18:34] [INFO] [1779736714.870328]: [PATROL-ABS] 目標X=-0.45 機器人X=+0.27 誤差=-0.72
[03:18:35] [INFO] [1779736715.370607]: [PATROL-ABS] 目標X=-0.45 機器人X=+0.18 誤差=-0.63
[03:18:35] [INFO] [1779736715.970267]: [PATROL-ABS] 目標X=-0.45 機器人X=+0.07 誤差=-0.52
[03:18:36] [INFO] [1779736716.570197]: [PATROL-ABS] 目標X=-0.45 機器人X=-0.04 誤差=-0.41
[03:18:37] [INFO] [1779736717.170182]: [PATROL-ABS] 目標X=-0.45 機器人X=-0.15 誤差=-0.30
[03:18:37] [INFO] [1779736717.670394]: [PATROL-ABS] 目標X=-0.45 機器人X=-0.25 誤差=-0.20
[03:18:38] [INFO] [1779736718.270433]: [PATROL-ABS] 目標X=-0.45 機器人X=-0.36 誤差=-0.09
[03:18:38] [INFO] [1779736718.870173]: [PATROL-ABS] 目標X=+0.45 機器人X=-0.42 誤差=+0.87
[03:18:39] [INFO] [1779736719.370342]: [PATROL-ABS] 目標X=+0.45 機器人X=-0.34 誤差=+0.79
[03:18:39] [INFO] [1779736719.970278]: [PATROL-ABS] 目標X=+0.45 機器人X=-0.24 誤差=+0.69
[03:18:40] [INFO] [1779736720.470336]: [PATROL-ABS] 目標X=+0.45 機器人X=-0.15 誤差=+0.60
[03:18:41] [INFO] [1779736721.070253]: [PATROL-ABS] 目標X=+0.45 機器人X=-0.04 誤差=+0.49
[03:18:41] [INFO] [1779736721.570318]: [PATROL-ABS] 目標X=+0.45 機器人X=+0.05 誤差=+0.40
[03:18:42] [INFO] [1779736722.170288]: [PATROL-ABS] 目標X=+0.45 機器人X=+0.16 誤差=+0.29
[03:18:42] [INFO] [1779736722.670598]: [PATROL-ABS] 目標X=+0.45 機器人X=+0.26 誤差=+0.19
[03:18:43] [INFO] [1779736723.270557]: [PATROL-ABS] 目標X=-0.45 機器人X=+0.37 誤差=+0.08
[03:18:43] [INFO] [1779736723.870182]: [PATROL-ABS] 目標X=-0.45 機器人X=+0.38 誤差=-0.83
[03:18:44] [INFO] [1779736724.470202]: [PATROL-ABS] 目標X=-0.45 機器人X=+0.28 誤差=-0.73
[03:18:44] [INFO] [1779736724.970352]: [PATROL-ABS] 目標X=-0.45 機器人X=+0.19 誤差=-0.64
[03:18:45] [INFO] [1779736725.470347]: [PATROL-ABS] 目標X=-0.45 機器人X=+0.11 誤差=-0.56
[03:18:46] [INFO] [1779736726.070313]: [PATROL-ABS] 目標X=-0.45 機器人X=-0.00 誤差=-0.45
[03:18:46] [INFO] [1779736726.570357]: [PATROL-ABS] 目標X=-0.45 機器人X=-0.09 誤差=-0.36
[03:18:47] [INFO] [1779736727.170338]: [PATROL-ABS] 目標X=-0.45 機器人X=-0.20 誤差=-0.25
[03:18:47] [INFO] [1779736727.770349]: [PATROL-ABS] 目標X=-0.45 機器人X=-0.30 誤差=-0.15
[03:18:48] [INFO] [1779736728.270373]: [PATROL-ABS] 目標X=+0.45 機器人X=-0.39 誤差=+0.84
[03:18:48] [INFO] [1779736728.770501]: [PATROL-ABS] 目標X=+0.45 機器人X=-0.41 誤差=+0.86
[03:18:49] [INFO] [1779736729.370624]: [PATROL-ABS] 目標X=+0.45 機器人X=-0.31 誤差=+0.76
[03:18:49] [INFO] [1779736729.870797]: [PATROL-ABS] 目標X=+0.45 機器人X=-0.22 誤差=+0.67
[03:18:50] [INFO] [1779736730.470315]: [PATROL-ABS] 目標X=+0.45 機器人X=-0.11 誤差=+0.56
[03:18:50] [INFO] [1779736730.970430]: [PATROL-ABS] 目標X=+0.45 機器人X=-0.02 誤差=+0.47
[03:18:51] [INFO] [1779736731.471005]: [PATROL-ABS] 目標X=+0.45 機器人X=+0.08 誤差=+0.37
[03:18:52] [INFO] [1779736732.070290]: [PATROL-ABS] 目標X=+0.45 機器人X=+0.19 誤差=+0.26
[03:18:52] [INFO] [1779736732.570542]: [PATROL-ABS] 目標X=+0.45 機器人X=+0.28 誤差=+0.17
[03:18:53] [INFO] [1779736733.170500]: [PATROL-ABS] 目標X=-0.45 機器人X=+0.39 誤差=-0.84
[03:18:53] [INFO] [1779736733.770372]: [PATROL-ABS] 目標X=-0.45 機器人X=+0.37 誤差=-0.82
[03:18:54] [INFO] [1779736734.270959]: [PATROL-ABS] 目標X=-0.45 機器人X=+0.28 誤差=-0.73
[03:18:54] [INFO] [1779736734.870692]: [PATROL-ABS] 目標X=-0.45 機器人X=+0.18 誤差=-0.63
[03:18:55] [INFO] [1779736735.370625]: [PATROL-ABS] 目標X=-0.45 機器人X=+0.09 誤差=-0.54
[03:18:55] [INFO] [1779736735.870953]: [PATROL-ABS] 目標X=-0.45 機器人X=-0.00 誤差=-0.45
[03:18:56] [INFO] [1779736736.470826]: [PATROL-ABS] 目標X=-0.45 機器人X=-0.11 誤差=-0.34
[03:18:57] [INFO] [1779736737.070762]: [PATROL-ABS] 目標X=-0.45 機器人X=-0.23 誤差=-0.22
[03:18:57] [INFO] [1779736737.670798]: [PATROL-ABS] 目標X=-0.45 機器人X=-0.34 誤差=-0.11
[03:18:58] [INFO] [1779736738.170692]: [PATROL-ABS] 目標X=+0.45 機器人X=-0.42 誤差=+0.87
[03:18:58] [INFO] [1779736738.670988]: [PATROL-ABS] 目標X=+0.45 機器人X=-0.38 誤差=+0.83
[03:18:59] [INFO] [1779736739.271226]: [PATROL-ABS] 目標X=+0.45 機器人X=-0.28 誤差=+0.73
[03:18:59] [INFO] [1779736739.870760]: [PATROL-ABS] 目標X=+0.45 機器人X=-0.17 誤差=+0.62
[03:19:00] [INFO] [1779736740.470672]: [PATROL-ABS] 目標X=+0.45 機器人X=-0.06 誤差=+0.51
[03:19:01] [INFO] [1779736741.070699]: [PATROL-ABS] 目標X=+0.45 機器人X=+0.05 誤差=+0.40
[03:19:01] [INFO] [1779736741.670575]: [PATROL-ABS] 目標X=+0.45 機器人X=+0.16 誤差=+0.29
[03:19:02] [INFO] [1779736742.170824]: [PATROL-ABS] 目標X=+0.45 機器人X=+0.25 誤差=+0.20
[03:19:02] [INFO] [1779736742.770270]: [PATROL-ABS] 目標X=+0.45 機器人X=+0.37 誤差=+0.08
[03:19:03] [INFO] [1779736743.270962]: [PATROL-ABS] 目標X=-0.45 機器人X=+0.42 誤差=-0.87
[03:19:03] [INFO] [1779736743.770938]: [PATROL-ABS] 目標X=-0.45 機器人X=+0.34 誤差=-0.79
[03:19:04] [INFO] [1779736744.370561]: [PATROL-ABS] 目標X=-0.45 機器人X=+0.23 誤差=-0.68
[03:19:04] [INFO] [1779736744.870628]: [PATROL-ABS] 目標X=-0.45 機器人X=+0.14 誤差=-0.59
[03:19:05] [INFO] [1779736745.470480]: [PATROL-ABS] 目標X=-0.45 機器人X=+0.03 誤差=-0.48
[03:19:06] [INFO] [1779736746.070763]: [PATROL-ABS] 目標X=-0.45 機器人X=-0.07 誤差=-0.38
[03:19:06] [INFO] [1779736746.670806]: [PATROL-ABS] 目標X=-0.45 機器人X=-0.19 誤差=-0.26
[03:19:07] [INFO] [1779736747.270255]: [PATROL-ABS] 目標X=-0.45 機器人X=-0.30 誤差=-0.15
[03:19:07] [INFO] [1779736747.770457]: [PATROL-ABS] 目標X=+0.45 機器人X=-0.39 誤差=+0.84
[03:19:08] [INFO] [1779736748.270628]: [PATROL-ABS] 目標X=+0.45 機器人X=-0.40 誤差=+0.85
[03:19:08] [INFO] [1779736748.870372]: [PATROL-ABS] 目標X=+0.45 機器人X=-0.31 誤差=+0.76
[03:19:09] [INFO] [1779736749.370764]: [PATROL-ABS] 目標X=+0.45 機器人X=-0.23 誤差=+0.68
[03:19:09] [INFO] [1779736749.970580]: [PATROL-ABS] 目標X=+0.45 機器人X=-0.12 誤差=+0.57
[03:19:10] [INFO] [1779736750.570227]: [PATROL-ABS] 目標X=+0.45 機器人X=-0.01 誤差=+0.46
[03:19:11] [INFO] [1779736751.070390]: [PATROL-ABS] 目標X=+0.45 機器人X=+0.09 誤差=+0.36
[03:19:11] [INFO] [1779736751.670280]: [PATROL-ABS] 目標X=+0.45 機器人X=+0.20 誤差=+0.25
[03:19:12] [INFO] [1779736752.170658]: [PATROL-ABS] 目標X=+0.45 機器人X=+0.29 誤差=+0.16
[03:19:12] [INFO] [1779736752.770449]: [PATROL-ABS] 目標X=-0.45 機器人X=+0.40 誤差=-0.85
[03:19:13] [INFO] [1779736753.270498]: [PATROL-ABS] 目標X=-0.45 機器人X=+0.39 誤差=-0.84
[03:19:13] [INFO] [1779736753.589837]: [TRACK] 球(+1.08, 0.58) v=(-0.10, -0.29) | 機器人X=+0.33 誤差=+0.12 | 速度=-0.18 θ=-0.017
[03:19:13] [INFO] [1779736753.988780]: [TRACK] 球(+0.91, 0.63) v=(-0.20, -0.15) | 機器人X=+0.30 誤差=+0.15 | 速度=+0.13 θ=-0.016
[03:19:14] [INFO] [1779736754.188837]: [TRACK] 球(+0.78, 0.76) v=(-0.28, -0.03) | 機器人X=+0.31 誤差=+0.14 | 速度=+0.22 θ=-0.022
[03:19:14] [INFO] [1779736754.490269]: [TRACK] 球(+0.62, 0.90) v=(-0.34, +0.09) | 機器人X=+0.36 誤差=+0.09 | 速度=+0.17 θ=-0.033
[03:19:14] [INFO] [1779736754.738262]: [TRACK] 球(+0.46, 1.03) v=(-0.40, +0.18) | 機器人X=+0.40 誤差=+0.05 | 速度=+0.10 θ=-0.020
[03:19:14] [INFO] [1779736754.941364]: [TRACK] 球(+0.32, 1.17) v=(-0.45, +0.27) | 機器人X=+0.42 誤差=-0.10 | 速度=-0.14 θ=+0.006
[03:19:15] [INFO] [1779736755.188690]: [TRACK] 球(+0.15, 1.32) v=(-0.50, +0.34) | 機器人X=+0.39 誤差=-0.24 | 速度=-0.22 θ=-0.009
[03:19:15] [INFO] [1779736755.390277]: [TRACK] 球(+0.03, 1.42) v=(-0.52, +0.36) | 機器人X=+0.35 誤差=-0.33 | 速度=-0.22 θ=-0.016
[03:19:15] [INFO] [1779736755.590763]: [TRACK] 球(-0.12, 1.53) v=(-0.55, +0.40) | 機器人X=+0.32 誤差=-0.43 | 速度=-0.22 θ=-0.030
[03:19:15] [INFO] [1779736755.838687]: [TRACK] 球(-0.27, 1.66) v=(-0.57, +0.42) | 機器人X=+0.27 誤差=-0.54 | 速度=-0.22 θ=-0.046
[03:19:16] [0m[33m[WARN] [1779736756.338126]: [Fusion] 球消失超過 0.5 秒，進入 LOST 模式（EKF 繼續預測）
[03:19:16] [INFO] [1779736756.370646]: [PATROL-ABS] 目標X=-0.45 機器人X=+0.17 誤差=-0.62
[03:19:16] [INFO] [1779736756.970470]: [PATROL-ABS] 目標X=-0.45 機器人X=+0.09 誤差=-0.54
[03:19:17] [0m[33m[WARN] [1779736757.338760]: [Fusion] 球消失超過 1.5 秒，重置 EKF
[03:19:17] [INFO] [1779736757.570521]: [PATROL-ABS] 目標X=-0.45 機器人X=-0.03 誤差=-0.42
[03:19:18] [INFO] [1779736758.070544]: [PATROL-ABS] 目標X=-0.45 機器人X=-0.12 誤差=-0.33
[03:19:18] [INFO] [1779736758.570959]: [PATROL-ABS] 目標X=-0.45 機器人X=-0.21 誤差=-0.24
[03:19:19] [INFO] [1779736759.170671]: [PATROL-ABS] 目標X=-0.45 機器人X=-0.33 誤差=-0.12
[03:19:19] [INFO] [1779736759.770604]: [PATROL-ABS] 目標X=+0.45 機器人X=-0.42 誤差=+0.87
[03:19:20] [INFO] [1779736760.270667]: [PATROL-ABS] 目標X=+0.45 機器人X=-0.37 誤差=+0.82
[03:19:20] [INFO] [1779736760.870399]: [PATROL-ABS] 目標X=+0.45 機器人X=-0.27 誤差=+0.72
[03:19:21] [INFO] [1779736761.370618]: [PATROL-ABS] 目標X=+0.45 機器人X=-0.18 誤差=+0.63
[03:19:21] [INFO] [1779736761.870698]: [PATROL-ABS] 目標X=+0.45 機器人X=-0.09 誤差=+0.54
[03:19:22] [INFO] [1779736762.470315]: [PATROL-ABS] 目標X=+0.45 機器人X=+0.02 誤差=+0.43
[03:19:22] [INFO] [1779736762.970513]: [PATROL-ABS] 目標X=+0.45 機器人X=+0.11 誤差=+0.34
[03:19:23] [INFO] [1779736763.470586]: [PATROL-ABS] 目標X=+0.45 機器人X=+0.20 誤差=+0.25
[03:19:24] [INFO] [1779736764.070866]: [PATROL-ABS] 目標X=+0.45 機器人X=+0.31 誤差=+0.14
[03:19:24] [INFO] [1779736764.670703]: [PATROL-ABS] 目標X=-0.45 機器人X=+0.41 誤差=-0.86
[03:19:25] [INFO] [1779736765.170626]: [PATROL-ABS] 目標X=-0.45 機器人X=+0.35 誤差=-0.80
[03:19:25] [INFO] [1779736765.770364]: [PATROL-ABS] 目標X=-0.45 機器人X=+0.25 誤差=-0.70
[03:19:26] [INFO] [1779736766.270672]: [PATROL-ABS] 目標X=-0.45 機器人X=+0.16 誤差=-0.61
[03:19:26] [INFO] [1779736766.870627]: [PATROL-ABS] 目標X=-0.45 機器人X=+0.05 誤差=-0.50
[03:19:27] [INFO] [1779736767.370795]: [PATROL-ABS] 目標X=-0.45 機器人X=-0.04 誤差=-0.41
[03:19:27] [INFO] [1779736767.871034]: [PATROL-ABS] 目標X=-0.45 機器人X=-0.13 誤差=-0.32
[03:19:28] [INFO] [1779736768.470736]: [PATROL-ABS] 目標X=-0.45 機器人X=-0.24 誤差=-0.21
[03:19:29] [INFO] [1779736769.070364]: [PATROL-ABS] 目標X=-0.45 機器人X=-0.35 誤差=-0.10
[03:19:29] [INFO] [1779736769.570436]: [PATROL-ABS] 目標X=+0.45 機器人X=-0.42 誤差=+0.87
[03:19:30] [INFO] [1779736770.070716]: [PATROL-ABS] 目標X=+0.45 機器人X=-0.36 誤差=+0.81
[03:19:30] [INFO] [1779736770.670850]: [PATROL-ABS] 目標X=+0.45 機器人X=-0.26 誤差=+0.71
[03:19:31] [INFO] [1779736771.270530]: [PATROL-ABS] 目標X=+0.45 機器人X=-0.16 誤差=+0.61
[03:19:31] [INFO] [1779736771.870659]: [PATROL-ABS] 目標X=+0.45 機器人X=-0.05 誤差=+0.50
[03:19:32] [INFO] [1779736772.470436]: [PATROL-ABS] 目標X=+0.45 機器人X=+0.07 誤差=+0.38
[03:19:33] [INFO] [1779736773.070754]: [PATROL-ABS] 目標X=+0.45 機器人X=+0.18 誤差=+0.27
[03:19:33] [INFO] [1779736773.670430]: [PATROL-ABS] 目標X=+0.45 機器人X=+0.29 誤差=+0.16
[03:19:34] [INFO] [1779736774.170708]: [PATROL-ABS] 目標X=-0.45 機器人X=+0.38 誤差=+0.07
[03:19:34] [INFO] [1779736774.770467]: [PATROL-ABS] 目標X=-0.45 機器人X=+0.38 誤差=-0.83
[03:19:35] [INFO] [1779736775.370427]: [PATROL-ABS] 目標X=-0.45 機器人X=+0.29 誤差=-0.74
[03:19:35] [INFO] [1779736775.870527]: [PATROL-ABS] 目標X=-0.45 機器人X=+0.20 誤差=-0.65
[03:19:36] [INFO] [1779736776.371143]: [PATROL-ABS] 目標X=-0.45 機器人X=+0.11 誤差=-0.56
[03:19:36] [INFO] [1779736776.970742]: [PATROL-ABS] 目標X=-0.45 機器人X=+0.00 誤差=-0.45
[03:19:37] [INFO] [1779736777.570521]: [PATROL-ABS] 目標X=-0.45 機器人X=-0.11 誤差=-0.34
[03:19:38] [INFO] [1779736778.070632]: [PATROL-ABS] 目標X=-0.45 機器人X=-0.20 誤差=-0.25
[03:19:38] [INFO] [1779736778.670728]: [PATROL-ABS] 目標X=-0.45 機器人X=-0.31 誤差=-0.14
[03:19:39] [INFO] [1779736779.270458]: [PATROL-ABS] 目標X=+0.45 機器人X=-0.42 誤差=+0.87
[03:19:39] [INFO] [1779736779.770563]: [PATROL-ABS] 目標X=+0.45 機器人X=-0.39 誤差=+0.84
[03:19:40] [INFO] [1779736780.370736]: [PATROL-ABS] 目標X=+0.45 機器人X=-0.29 誤差=+0.74
[03:19:40] [INFO] [1779736780.970260]: [PATROL-ABS] 目標X=+0.45 機器人X=-0.19 誤差=+0.64
[03:19:41] [INFO] [1779736781.470992]: [PATROL-ABS] 目標X=+0.45 機器人X=-0.10 誤差=+0.55
[03:19:42] [INFO] [1779736782.070785]: [PATROL-ABS] 目標X=+0.45 機器人X=+0.01 誤差=+0.44
[03:19:42] [INFO] [1779736782.670948]: [PATROL-ABS] 目標X=+0.45 機器人X=+0.13 誤差=+0.32
[03:19:43] [INFO] [1779736783.270461]: [PATROL-ABS] 目標X=+0.45 機器人X=+0.24 誤差=+0.21
[03:19:43] [INFO] [1779736783.770486]: [PATROL-ABS] 目標X=+0.45 機器人X=+0.33 誤差=+0.12
[03:19:44] [INFO] [1779736784.270609]: [PATROL-ABS] 目標X=-0.45 機器人X=+0.42 誤差=-0.87
[03:19:44] [INFO] [1779736784.770950]: [PATROL-ABS] 目標X=-0.45 機器人X=+0.37 誤差=-0.82
[03:19:45] [INFO] [1779736785.271171]: [PATROL-ABS] 目標X=-0.45 機器人X=+0.29 誤差=-0.74
[03:19:45] [INFO] [1779736785.870525]: [PATROL-ABS] 目標X=-0.45 機器人X=+0.18 誤差=-0.63
[03:19:46] [INFO] [1779736786.370809]: [PATROL-ABS] 目標X=-0.45 機器人X=+0.09 誤差=-0.54
[03:19:46] [INFO] [1779736786.970567]: [PATROL-ABS] 目標X=-0.45 機器人X=-0.01 誤差=-0.44
[03:19:47] [INFO] [1779736787.570591]: [PATROL-ABS] 目標X=-0.45 機器人X=-0.13 誤差=-0.32
[03:19:48] [INFO] [1779736788.170713]: [PATROL-ABS] 目標X=-0.45 機器人X=-0.24 誤差=-0.21
[03:19:48] [INFO] [1779736788.770863]: [PATROL-ABS] 目標X=-0.45 機器人X=-0.35 誤差=-0.10
[03:19:49] [INFO] [1779736789.370397]: [PATROL-ABS] 目標X=+0.45 機器人X=-0.43 誤差=+0.88
[03:19:49] [INFO] [1779736789.870603]: [PATROL-ABS] 目標X=+0.45 機器人X=-0.36 誤差=+0.81
[03:19:50] [INFO] [1779736790.470659]: [PATROL-ABS] 目標X=+0.45 機器人X=-0.26 誤差=+0.71
[03:19:50] [INFO] [1779736790.970855]: [PATROL-ABS] 目標X=+0.45 機器人X=-0.17 誤差=+0.62
[03:19:51] [INFO] [1779736791.570832]: [PATROL-ABS] 目標X=+0.45 機器人X=-0.06 誤差=+0.51
[03:19:52] [INFO] [1779736792.170702]: [PATROL-ABS] 目標X=+0.45 機器人X=+0.05 誤差=+0.40
[03:19:52] [INFO] [1779736792.770469]: [PATROL-ABS] 目標X=+0.45 機器人X=+0.16 誤差=+0.29
[03:19:53] [INFO] [1779736793.270813]: [PATROL-ABS] 目標X=+0.45 機器人X=+0.25 誤差=+0.20
[03:19:53] [INFO] [1779736793.870534]: [PATROL-ABS] 目標X=+0.45 機器人X=+0.36 誤差=+0.09
[03:19:54] [INFO] [1779736794.370772]: [PATROL-ABS] 目標X=-0.45 機器人X=+0.42 誤差=-0.87
[03:19:54] [INFO] [1779736794.870715]: [PATROL-ABS] 目標X=-0.45 機器人X=+0.34 誤差=-0.79
[03:19:55] [INFO] [1779736795.470263]: [PATROL-ABS] 目標X=-0.45 機器人X=+0.24 誤差=-0.69
[03:19:55] [INFO] [1779736795.970652]: [PATROL-ABS] 目標X=-0.45 機器人X=+0.15 誤差=-0.60
[03:19:56] [INFO] [1779736796.570702]: [PATROL-ABS] 目標X=-0.45 機器人X=+0.04 誤差=-0.49
[03:19:57] [INFO] [1779736797.170783]: [PATROL-ABS] 目標X=-0.45 機器人X=-0.07 誤差=-0.38
[03:19:57] [INFO] [1779736797.770867]: [PATROL-ABS] 目標X=-0.45 機器人X=-0.18 誤差=-0.27
[03:19:58] [INFO] [1779736798.370396]: [PATROL-ABS] 目標X=-0.45 機器人X=-0.29 誤差=-0.16
[03:19:58] [INFO] [1779736798.870532]: [PATROL-ABS] 目標X=+0.45 機器人X=-0.39 誤差=-0.06
[03:19:59] [INFO] [1779736799.370540]: [PATROL-ABS] 目標X=+0.45 機器人X=-0.42 誤差=+0.87
[03:19:59] [INFO] [1779736799.870762]: [PATROL-ABS] 目標X=+0.45 機器人X=-0.35 誤差=+0.80
[03:20:00] [INFO] [1779736800.470852]: [PATROL-ABS] 目標X=+0.45 機器人X=-0.24 誤差=+0.69
[03:20:01] [INFO] [1779736801.070734]: [PATROL-ABS] 目標X=+0.45 機器人X=-0.14 誤差=+0.59
[03:20:01] [INFO] [1779736801.670467]: [PATROL-ABS] 目標X=+0.45 機器人X=-0.03 誤差=+0.48
[03:20:02] [INFO] [1779736802.170575]: [PATROL-ABS] 目標X=+0.45 機器人X=+0.07 誤差=+0.38
[03:20:02] [INFO] [1779736802.237496]: [EKF] 初始化完成，球的初始位置: X=0.184 Y=1.577
[03:20:02] [INFO] [1779736802.242015]: [TRACK] 球(+0.18, 1.58) v=(+0.00, +0.00) | 機器人X=+0.08 誤差=+0.10 | 速度=+0.20 θ=-0.006
[03:20:02] [INFO] [1779736802.490045]: [TRACK] 球(+0.18, 1.49) v=(-0.00, -0.08) | 機器人X=+0.12 誤差=+0.05 | 速度=+0.11 θ=-0.005
[03:20:02] [INFO] [1779736802.690520]: [TRACK] 球(+0.18, 1.38) v=(+0.00, -0.26) | 機器人X=+0.15 誤差=+0.03 | 速度=+0.08 θ=-0.006
[03:20:02] [INFO] [1779736802.988562]: [TRACK] 球(+0.17, 1.19) v=(-0.02, -0.43) | 機器人X=+0.17 誤差=-0.01 | 速度=+0.00 θ=-0.016
[03:20:03] [INFO] [1779736803.190849]: [TRACK] 球(+0.16, 1.05) v=(-0.03, -0.50) | 機器人X=+0.18 誤差=-0.02 | 速度=-0.06 θ=-0.011
[03:20:03] [0m[33m[WARN] [1779736803.718050]: [Fusion] 球消失超過 0.5 秒，進入 LOST 模式（EKF 繼續預測）
[03:20:03] [INFO] [1779736803.771005]: [PATROL-ABS] 目標X=+0.45 機器人X=+0.16 誤差=+0.29
[03:20:04] [INFO] [1779736804.370702]: [PATROL-ABS] 目標X=+0.45 機器人X=+0.21 誤差=+0.24
[03:20:04] [0m[33m[WARN] [1779736804.737435]: [Fusion] 球消失超過 1.5 秒，重置 EKF
[03:20:04] [INFO] [1779736804.970463]: [PATROL-ABS] 目標X=+0.45 機器人X=+0.33 誤差=+0.12
[03:20:05] [INFO] [1779736805.570441]: [PATROL-ABS] 目標X=-0.45 機器人X=+0.42 誤差=-0.87
[03:20:06] [INFO] [1779736806.070704]: [PATROL-ABS] 目標X=-0.45 機器人X=+0.35 誤差=-0.80
[03:20:06] [INFO] [1779736806.570692]: [PATROL-ABS] 目標X=-0.45 機器人X=+0.26 誤差=-0.71
[03:20:07] [INFO] [1779736807.070795]: [PATROL-ABS] 目標X=-0.45 機器人X=+0.17 誤差=-0.62
[03:20:07] [INFO] [1779736807.338685]: [EKF] 初始化完成，球的初始位置: X=-0.009 Y=1.092
[03:20:07] [INFO] [1779736807.343090]: [TRACK] 球(-0.01, 1.09) v=(+0.00, +0.00) | 機器人X=+0.11 誤差=-0.12 | 速度=-0.22 θ=+0.030
[03:20:07] [INFO] [1779736807.590217]: [TRACK] 球(-0.06, 1.27) v=(-0.05, +0.16) | 機器人X=+0.06 誤差=-0.12 | 速度=-0.22 θ=+0.027
[03:20:08] [0m[33m[WARN] [1779736808.158291]: [Fusion] 球消失超過 0.5 秒，進入 LOST 模式（EKF 繼續預測）
[03:20:08] [INFO] [1779736808.170541]: [PATROL-ABS] 目標X=-0.45 機器人X=-0.05 誤差=-0.40
[03:20:08] [INFO] [1779736808.770549]: [PATROL-ABS] 目標X=-0.45 機器人X=-0.14 誤差=-0.31
[03:20:09] [0m[33m[WARN] [1779736809.188090]: [Fusion] 球消失超過 1.5 秒，重置 EKF
[03:20:09] [INFO] [1779736809.270727]: [PATROL-ABS] 目標X=-0.45 機器人X=-0.23 誤差=-0.22
[03:20:09] [INFO] [1779736809.870714]: [PATROL-ABS] 目標X=-0.45 機器人X=-0.35 誤差=-0.10
[03:20:10] [INFO] [1779736810.370596]: [PATROL-ABS] 目標X=+0.45 機器人X=-0.42 誤差=+0.87
[03:20:10] [INFO] [1779736810.970961]: [PATROL-ABS] 目標X=+0.45 機器人X=-0.36 誤差=+0.81
[03:20:11] [INFO] [1779736811.571070]: [PATROL-ABS] 目標X=+0.45 機器人X=-0.26 誤差=+0.71
[03:20:12] [INFO] [1779736812.070946]: [PATROL-ABS] 目標X=+0.45 機器人X=-0.17 誤差=+0.62
[03:20:12] [INFO] [1779736812.571087]: [PATROL-ABS] 目標X=+0.45 機器人X=-0.08 誤差=+0.53
[03:20:13] [INFO] [1779736813.170546]: [PATROL-ABS] 目標X=+0.45 機器人X=+0.04 誤差=+0.41
[03:20:13] [INFO] [1779736813.670522]: [PATROL-ABS] 目標X=+0.45 機器人X=+0.13 誤差=+0.32
[03:20:14] [INFO] [1779736814.170674]: [PATROL-ABS] 目標X=+0.45 機器人X=+0.22 誤差=+0.23
[03:20:14] [INFO] [1779736814.438208]: [EKF] 初始化完成，球的初始位置: X=-0.205 Y=1.365
[03:20:14] [INFO] [1779736814.445441]: [TRACK] 球(-0.20, 1.36) v=(+0.00, +0.00) | 機器人X=+0.28 誤差=-0.48 | 速度=+0.11 θ=-0.000
[03:20:14] [INFO] [1779736814.689947]: [TRACK] 球(-0.17, 1.30) v=(+0.03, -0.07) | 機器人X=+0.31 誤差=-0.48 | 速度=-0.18 θ=-0.002
[03:20:14] [INFO] [1779736814.890259]: [TRACK] 球(-0.14, 1.16) v=(+0.07, -0.30) | 機器人X=+0.29 誤差=-0.43 | 速度=-0.22 θ=-0.004
[03:20:15] [INFO] [1779736815.091220]: [TRACK] 球(-0.11, 1.01) v=(+0.11, -0.47) | 機器人X=+0.25 誤差=-0.35 | 速度=-0.22 θ=+0.001
[03:20:15] [0m[33m[WARN] [1779736815.789329]: [Fusion] 球消失超過 0.5 秒，進入 LOST 模式（EKF 繼續預測）
[03:20:15] [INFO] [1779736815.870664]: [PATROL-ABS] 目標X=+0.45 機器人X=+0.10 誤差=+0.35
[03:20:16] [INFO] [1779736816.370583]: [PATROL-ABS] 目標X=+0.45 機器人X=+0.12 誤差=+0.33
[03:20:16] [0m[33m[WARN] [1779736816.822794]: [Fusion] 球消失超過 1.5 秒，重置 EKF
[03:20:16] [INFO] [1779736816.970491]: [PATROL-ABS] 目標X=+0.45 機器人X=+0.23 誤差=+0.22
[03:20:17] [INFO] [1779736817.570393]: [PATROL-ABS] 目標X=+0.45 機器人X=+0.34 誤差=+0.11
[03:20:18] [INFO] [1779736818.070565]: [PATROL-ABS] 目標X=-0.45 機器人X=+0.41 誤差=-0.86
[03:20:18] [INFO] [1779736818.288990]: [EKF] 初始化完成，球的初始位置: X=0.012 Y=0.905
[03:20:18] [INFO] [1779736818.296583]: [TRACK] 球(+0.01, 0.91) v=(+0.00, +0.00) | 機器人X=+0.40 誤差=-0.39 | 速度=-0.22 θ=+0.014
[03:20:18] [INFO] [1779736818.541022]: [TRACK] 球(-0.10, 1.04) v=(-0.14, +0.16) | 機器人X=+0.36 誤差=-0.46 | 速度=-0.22 θ=-0.014
[03:20:18] [INFO] [1779736818.743513]: [TRACK] 球(-0.26, 1.22) v=(-0.38, +0.46) | 機器人X=+0.32 誤差=-0.58 | 速度=-0.22 θ=-0.033
[03:20:18] [INFO] [1779736818.990919]: [TRACK] 球(-0.49, 1.52) v=(-0.61, +0.75) | 機器人X=+0.28 誤差=-0.73 | 速度=-0.22 θ=-0.048
[03:20:19] [0m[33m[WARN] [1779736819.587636]: [Fusion] 球消失超過 0.5 秒，進入 LOST 模式（EKF 繼續預測）
[03:20:19] [INFO] [1779736819.670741]: [PATROL-ABS] 目標X=-0.45 機器人X=+0.15 誤差=-0.60
[03:20:20] [INFO] [1779736820.170699]: [PATROL-ABS] 目標X=-0.45 機器人X=+0.10 誤差=-0.55
[03:20:20] [0m[33m[WARN] [1779736820.588587]: [Fusion] 球消失超過 1.5 秒，重置 EKF
[03:20:20] [INFO] [1779736820.670710]: [PATROL-ABS] 目標X=-0.45 機器人X=+0.01 誤差=-0.46
[03:20:21] [INFO] [1779736821.270745]: [PATROL-ABS] 目標X=-0.45 機器人X=-0.10 誤差=-0.35
[03:20:21] [INFO] [1779736821.771027]: [PATROL-ABS] 目標X=-0.45 機器人X=-0.20 誤差=-0.25
[03:20:22] [INFO] [1779736822.370733]: [PATROL-ABS] 目標X=-0.45 機器人X=-0.31 誤差=-0.14
[03:20:22] [INFO] [1779736822.970313]: [PATROL-ABS] 目標X=+0.45 機器人X=-0.42 誤差=+0.87
[03:20:23] [INFO] [1779736823.470463]: [PATROL-ABS] 目標X=+0.45 機器人X=-0.40 誤差=+0.85
[03:20:23] [INFO] [1779736823.538534]: [EKF] 初始化完成，球的初始位置: X=-0.374 Y=1.584
[03:20:23] [INFO] [1779736823.545600]: [TRACK] 球(-0.37, 1.58) v=(+0.00, +0.00) | 機器人X=-0.38 誤差=+0.01 | 速度=+0.12 θ=+0.018
[03:20:23] [INFO] [1779736823.788722]: [TRACK] 球(-0.31, 1.42) v=(+0.08, -0.21) | 機器人X=-0.35 誤差=+0.05 | 速度=+0.08 θ=+0.044
[03:20:23] [INFO] [1779736823.991493]: [TRACK] 球(-0.22, 1.18) v=(+0.21, -0.60) | 機器人X=-0.35 誤差=+0.12 | 速度=+0.22 θ=+0.061
[03:20:24] [0m[33m[WARN] [1779736824.526172]: [Fusion] 球消失超過 0.5 秒，進入 LOST 模式（EKF 繼續預測）
[03:20:24] [INFO] [1779736824.570724]: [PATROL-ABS] 目標X=+0.45 機器人X=-0.24 誤差=+0.69
[03:20:25] [INFO] [1779736825.170623]: [PATROL-ABS] 目標X=+0.45 機器人X=-0.18 誤差=+0.63
[03:20:25] [0m[33m[WARN] [1779736825.537609]: [Fusion] 球消失超過 1.5 秒，重置 EKF
[03:20:25] [INFO] [1779736825.770619]: [PATROL-ABS] 目標X=+0.45 機器人X=-0.07 誤差=+0.52
[03:20:26] [INFO] [1779736826.270509]: [PATROL-ABS] 目標X=+0.45 機器人X=+0.02 誤差=+0.43
[03:20:26] [INFO] [1779736826.870727]: [PATROL-ABS] 目標X=+0.45 機器人X=+0.13 誤差=+0.32
[03:20:27] [INFO] [1779736827.470909]: [PATROL-ABS] 目標X=+0.45 機器人X=+0.24 誤差=+0.21
[03:20:28] [INFO] [1779736828.070294]: [PATROL-ABS] 目標X=+0.45 機器人X=+0.35 誤差=+0.10
[03:20:28] [INFO] [1779736828.387779]: [EKF] 初始化完成，球的初始位置: X=0.811 Y=0.834
[03:20:28] [INFO] [1779736828.392655]: [TRACK] 球(+0.81, 0.83) v=(+0.00, +0.00) | 機器人X=+0.41 誤差=+0.04 | 速度=+0.03 θ=-0.014
[03:20:29] [0m[33m[WARN] [1779736829.037216]: [Fusion] 球消失超過 0.5 秒，進入 LOST 模式（EKF 繼續預測）
[03:20:29] [INFO] [1779736829.070405]: [PATROL-ABS] 目標X=-0.45 機器人X=+0.46 誤差=-0.91
[03:20:29] [INFO] [1779736829.670466]: [PATROL-ABS] 目標X=-0.45 機器人X=+0.42 誤差=-0.87
[03:20:29] [0m[33m[WARN] [1779736829.988806]: [Fusion] 球消失超過 1.5 秒，重置 EKF
[03:20:30] [INFO] [1779736830.170590]: [PATROL-ABS] 目標X=-0.45 機器人X=+0.34 誤差=-0.79
[03:20:30] [INFO] [1779736830.670763]: [PATROL-ABS] 目標X=-0.45 機器人X=+0.25 誤差=-0.70
[03:20:31] [INFO] [1779736831.270408]: [PATROL-ABS] 目標X=-0.45 機器人X=+0.14 誤差=-0.59
[03:20:31] [INFO] [1779736831.337815]: [EKF] 初始化完成，球的初始位置: X=0.417 Y=0.938
[03:20:31] [INFO] [1779736831.341378]: [TRACK] 球(+0.42, 0.94) v=(+0.00, +0.00) | 機器人X=+0.12 誤差=+0.29 | 速度=-0.15 θ=-0.009
[03:20:31] [INFO] [1779736831.589641]: [TRACK] 球(+0.39, 1.06) v=(-0.02, +0.11) | 機器人X=+0.09 誤差=+0.30 | 速度=+0.05 θ=+0.002
[03:20:31] [INFO] [1779736831.839627]: [TRACK] 球(+0.37, 1.27) v=(-0.04, +0.44) | 機器人X=+0.09 誤差=+0.29 | 速度=+0.22 θ=+0.000
[03:20:32] [INFO] [1779736832.040217]: [TRACK] 球(+0.37, 1.44) v=(-0.03, +0.58) | 機器人X=+0.12 誤差=+0.26 | 速度=+0.22 θ=-0.011
[03:20:32] [INFO] [1779736832.289350]: [TRACK] 球(+0.34, 1.66) v=(-0.06, +0.69) | 機器人X=+0.16 誤差=+0.18 | 速度=+0.22 θ=-0.016
[03:20:32] [0m[33m[WARN] [1779736832.826710]: [Fusion] 球消失超過 0.5 秒，進入 LOST 模式（EKF 繼續預測）
[03:20:32] [INFO] [1779736832.870441]: [PATROL-ABS] 目標X=-0.45 機器人X=+0.28 誤差=-0.73
[03:20:33] [INFO] [1779736833.370735]: [PATROL-ABS] 目標X=-0.45 機器人X=+0.25 誤差=-0.70
[03:20:33] [0m[33m[WARN] [1779736833.788868]: [Fusion] 球消失超過 1.5 秒，重置 EKF
[03:20:33] [INFO] [1779736833.970394]: [PATROL-ABS] 目標X=-0.45 機器人X=+0.15 誤差=-0.60
[03:20:34] [INFO] [1779736834.570464]: [PATROL-ABS] 目標X=-0.45 機器人X=+0.05 誤差=-0.50
[03:20:35] [INFO] [1779736835.070684]: [PATROL-ABS] 目標X=-0.45 機器人X=-0.05 誤差=-0.40
[03:20:35] [INFO] [1779736835.670585]: [PATROL-ABS] 目標X=-0.45 機器人X=-0.16 誤差=-0.29
[03:20:36] [INFO] [1779736836.270331]: [PATROL-ABS] 目標X=-0.45 機器人X=-0.27 誤差=-0.18
[03:20:36] [INFO] [1779736836.770813]: [PATROL-ABS] 目標X=-0.45 機器人X=-0.36 誤差=-0.09
[03:20:37] [INFO] [1779736837.370324]: [PATROL-ABS] 目標X=+0.45 機器人X=-0.42 誤差=+0.87
[03:20:37] [INFO] [1779736837.871005]: [PATROL-ABS] 目標X=+0.45 機器人X=-0.34 誤差=+0.79
[03:20:38] [INFO] [1779736838.087619]: [EKF] 初始化完成，球的初始位置: X=-0.014 Y=1.793
[03:20:38] [INFO] [1779736838.092194]: [TRACK] 球(-0.01, 1.79) v=(+0.00, +0.00) | 機器人X=-0.30 誤差=+0.29 | 速度=+0.22 θ=-0.018
[03:20:38] [INFO] [1779736838.338986]: [TRACK] 球(+0.01, 1.65) v=(+0.02, -0.18) | 機器人X=-0.25 誤差=+0.27 | 速度=+0.22 θ=-0.010
[03:20:38] [INFO] [1779736838.539094]: [TRACK] 球(+0.04, 1.45) v=(+0.07, -0.50) | 機器人X=-0.22 誤差=+0.25 | 速度=+0.22 θ=-0.008
[03:20:38] [INFO] [1779736838.739712]: [TRACK] 球(+0.07, 1.19) v=(+0.10, -0.79) | 機器人X=-0.18 誤差=+0.25 | 速度=+0.22 θ=-0.011
[03:20:38] [INFO] [1779736838.940009]: [TRACK] 球(+0.10, 0.94) v=(+0.12, -0.92) | 機器人X=-0.14 誤差=+0.24 | 速度=+0.22 θ=-0.011
[03:20:39] [0m[33m[WARN] [1779736839.487754]: [Fusion] 球消失超過 0.5 秒，進入 LOST 模式（EKF 繼續預測）
[03:20:39] [INFO] [1779736839.570707]: [PATROL-ABS] 目標X=+0.45 機器人X=-0.01 誤差=+0.46
[03:20:40] [INFO] [1779736840.170677]: [PATROL-ABS] 目標X=+0.45 機器人X=+0.05 誤差=+0.40
[03:20:40] [0m[33m[WARN] [1779736840.472044]: [Fusion] 球消失超過 1.5 秒，重置 EKF
[03:20:40] [INFO] [1779736840.770539]: [PATROL-ABS] 目標X=+0.45 機器人X=+0.16 誤差=+0.29
[03:20:41] [INFO] [1779736841.270804]: [PATROL-ABS] 目標X=+0.45 機器人X=+0.26 誤差=+0.19
[03:20:41] [INFO] [1779736841.870356]: [PATROL-ABS] 目標X=+0.45 機器人X=+0.37 誤差=+0.08
[03:20:42] [INFO] [1779736842.370637]: [PATROL-ABS] 目標X=-0.45 機器人X=+0.42 誤差=-0.87
[03:20:42] [INFO] [1779736842.870751]: [PATROL-ABS] 目標X=-0.45 機器人X=+0.34 誤差=-0.79
[03:20:43] [INFO] [1779736843.470697]: [PATROL-ABS] 目標X=-0.45 機器人X=+0.24 誤差=-0.69
[03:20:43] [INFO] [1779736843.971306]: [PATROL-ABS] 目標X=-0.45 機器人X=+0.15 誤差=-0.60
[03:20:44] [INFO] [1779736844.570390]: [PATROL-ABS] 目標X=-0.45 機器人X=+0.04 誤差=-0.49
[03:20:45] [INFO] [1779736845.070638]: [PATROL-ABS] 目標X=-0.45 機器人X=-0.05 誤差=-0.40
[03:20:45] [INFO] [1779736845.670534]: [PATROL-ABS] 目標X=-0.45 機器人X=-0.16 誤差=-0.29
[03:20:46] [INFO] [1779736846.170730]: [PATROL-ABS] 目標X=-0.45 機器人X=-0.26 誤差=-0.19
[03:20:46] [INFO] [1779736846.770653]: [PATROL-ABS] 目標X=-0.45 機器人X=-0.37 誤差=-0.08
[03:20:47] [INFO] [1779736847.271033]: [PATROL-ABS] 目標X=+0.45 機器人X=-0.43 誤差=+0.88
[03:20:47] [INFO] [1779736847.870571]: [PATROL-ABS] 目標X=+0.45 機器人X=-0.34 誤差=+0.79
[03:20:48] [INFO] [1779736848.470439]: [PATROL-ABS] 目標X=+0.45 機器人X=-0.24 誤差=+0.69
[03:20:48] [INFO] [1779736848.971394]: [PATROL-ABS] 目標X=+0.45 機器人X=-0.15 誤差=+0.60
[03:20:49] [INFO] [1779736849.570368]: [PATROL-ABS] 目標X=+0.45 機器人X=-0.04 誤差=+0.49
[03:20:50] [INFO] [1779736850.070904]: [PATROL-ABS] 目標X=+0.45 機器人X=+0.05 誤差=+0.40
[03:20:50] [INFO] [1779736850.670477]: [PATROL-ABS] 目標X=+0.45 機器人X=+0.16 誤差=+0.29
[03:20:51] [INFO] [1779736851.270456]: [PATROL-ABS] 目標X=+0.45 機器人X=+0.28 誤差=+0.17
[03:20:51] [INFO] [1779736851.770913]: [PATROL-ABS] 目標X=+0.45 機器人X=+0.37 誤差=+0.08
[03:20:52] [INFO] [1779736852.370528]: [PATROL-ABS] 目標X=-0.45 機器人X=+0.41 誤差=-0.86
[03:20:52] [INFO] [1779736852.870569]: [PATROL-ABS] 目標X=-0.45 機器人X=+0.33 誤差=-0.78
[03:20:53] [INFO] [1779736853.370578]: [PATROL-ABS] 目標X=-0.45 機器人X=+0.24 誤差=-0.69
[03:20:53] [INFO] [1779736853.870778]: [PATROL-ABS] 目標X=-0.45 機器人X=+0.15 誤差=-0.60
[03:20:54] [INFO] [1779736854.470648]: [PATROL-ABS] 目標X=-0.45 機器人X=+0.04 誤差=-0.49
[03:20:54] [INFO] [1779736854.970693]: [PATROL-ABS] 目標X=-0.45 機器人X=-0.05 誤差=-0.40
[03:20:55] [INFO] [1779736855.570550]: [PATROL-ABS] 目標X=-0.45 機器人X=-0.16 誤差=-0.29
[03:20:56] [INFO] [1779736856.170497]: [PATROL-ABS] 目標X=-0.45 機器人X=-0.27 誤差=-0.18
[03:20:56] [INFO] [1779736856.670572]: [PATROL-ABS] 目標X=-0.45 機器人X=-0.37 誤差=-0.08
[03:20:57] [INFO] [1779736857.270478]: [PATROL-ABS] 目標X=+0.45 機器人X=-0.42 誤差=+0.87
[03:20:57] [INFO] [1779736857.770617]: [PATROL-ABS] 目標X=+0.45 機器人X=-0.35 誤差=+0.80
[03:20:58] [INFO] [1779736858.270728]: [PATROL-ABS] 目標X=+0.45 機器人X=-0.26 誤差=+0.71
[03:20:58] [INFO] [1779736858.870479]: [PATROL-ABS] 目標X=+0.45 機器人X=-0.15 誤差=+0.60
[03:20:59] [INFO] [1779736859.470530]: [PATROL-ABS] 目標X=+0.45 機器人X=-0.04 誤差=+0.49
[03:21:00] [INFO] [1779736860.070680]: [PATROL-ABS] 目標X=+0.45 機器人X=+0.07 誤差=+0.38
[03:21:00] [INFO] [1779736860.670208]: [PATROL-ABS] 目標X=+0.45 機器人X=+0.18 誤差=+0.27
[03:21:01] [INFO] [1779736861.170340]: [PATROL-ABS] 目標X=+0.45 機器人X=+0.27 誤差=+0.18
[03:21:01] [INFO] [1779736861.670574]: [PATROL-ABS] 目標X=+0.45 機器人X=+0.36 誤差=+0.09
[03:21:02] [INFO] [1779736862.270370]: [PATROL-ABS] 目標X=-0.45 機器人X=+0.40 誤差=-0.85
[03:21:02] [INFO] [1779736862.770460]: [PATROL-ABS] 目標X=-0.45 機器人X=+0.32 誤差=-0.77
[03:21:03] [INFO] [1779736863.270481]: [PATROL-ABS] 目標X=-0.45 機器人X=+0.24 誤差=-0.69
[03:21:03] [INFO] [1779736863.770732]: [PATROL-ABS] 目標X=-0.45 機器人X=+0.15 誤差=-0.60
[03:21:04] [INFO] [1779736864.370534]: [PATROL-ABS] 目標X=-0.45 機器人X=+0.04 誤差=-0.49
[03:21:04] [INFO] [1779736864.870704]: [PATROL-ABS] 目標X=-0.45 機器人X=-0.05 誤差=-0.40
[03:21:05] [INFO] [1779736865.470606]: [PATROL-ABS] 目標X=-0.45 機器人X=-0.16 誤差=-0.29
[03:21:06] [INFO] [1779736866.070636]: [PATROL-ABS] 目標X=-0.45 機器人X=-0.28 誤差=-0.17
[03:21:06] [INFO] [1779736866.670769]: [PATROL-ABS] 目標X=+0.45 機器人X=-0.39 誤差=+0.84
[03:21:07] [INFO] [1779736867.270502]: [PATROL-ABS] 目標X=+0.45 機器人X=-0.39 誤差=+0.84
[03:21:07] [INFO] [1779736867.870432]: [PATROL-ABS] 目標X=+0.45 機器人X=-0.29 誤差=+0.74
[03:21:08] [INFO] [1779736868.370687]: [PATROL-ABS] 目標X=+0.45 機器人X=-0.21 誤差=+0.66
[03:21:08] [INFO] [1779736868.970553]: [PATROL-ABS] 目標X=+0.45 機器人X=-0.10 誤差=+0.55
[03:21:09] [INFO] [1779736869.471553]: [PATROL-ABS] 目標X=+0.45 機器人X=-0.01 誤差=+0.46
[03:21:09] [INFO] [1779736869.970984]: [PATROL-ABS] 目標X=+0.45 機器人X=+0.09 誤差=+0.36
[03:21:10] [INFO] [1779736870.570429]: [PATROL-ABS] 目標X=+0.45 機器人X=+0.20 誤差=+0.25
[03:21:11] [INFO] [1779736871.070688]: [PATROL-ABS] 目標X=+0.45 機器人X=+0.29 誤差=+0.16
[03:21:11] [INFO] [1779736871.570717]: [PATROL-ABS] 目標X=-0.45 機器人X=+0.38 誤差=+0.07
[03:21:12] [INFO] [1779736872.170560]: [PATROL-ABS] 目標X=-0.45 機器人X=+0.39 誤差=-0.84
[03:21:12] [INFO] [1779736872.670600]: [PATROL-ABS] 目標X=-0.45 機器人X=+0.31 誤差=-0.76
[03:21:13] [INFO] [1779736873.170586]: [PATROL-ABS] 目標X=-0.45 機器人X=+0.22 誤差=-0.67
[03:21:13] [INFO] [1779736873.670622]: [PATROL-ABS] 目標X=-0.45 機器人X=+0.13 誤差=-0.58
[03:21:14] [INFO] [1779736874.170765]: [PATROL-ABS] 目標X=-0.45 機器人X=+0.04 誤差=-0.49
[03:21:14] [INFO] [1779736874.770611]: [PATROL-ABS] 目標X=-0.45 機器人X=-0.07 誤差=-0.38
[03:21:15] [INFO] [1779736875.270836]: [PATROL-ABS] 目標X=-0.45 機器人X=-0.16 誤差=-0.29
[03:21:15] [INFO] [1779736875.870130]: [PATROL-ABS] 目標X=-0.45 機器人X=-0.27 誤差=-0.18
[03:21:16] [INFO] [1779736876.470192]: [PATROL-ABS] 目標X=+0.45 機器人X=-0.39 誤差=-0.06
[03:21:17] [INFO] [1779736877.070119]: [PATROL-ABS] 目標X=+0.45 機器人X=-0.41 誤差=+0.86
[03:21:17] [INFO] [1779736877.570292]: [PATROL-ABS] 目標X=+0.45 機器人X=-0.33 誤差=+0.78
[03:21:18] [INFO] [1779736878.170384]: [PATROL-ABS] 目標X=+0.45 機器人X=-0.22 誤差=+0.67
[03:21:18] [INFO] [1779736878.770212]: [PATROL-ABS] 目標X=+0.45 機器人X=-0.11 誤差=+0.56
[03:21:19] [INFO] [1779736879.270295]: [PATROL-ABS] 目標X=+0.45 機器人X=-0.02 誤差=+0.47
[03:21:19] [INFO] [1779736879.870635]: [PATROL-ABS] 目標X=+0.45 機器人X=+0.09 誤差=+0.36
[03:21:20] [INFO] [1779736880.470274]: [PATROL-ABS] 目標X=+0.45 機器人X=+0.20 誤差=+0.25
[03:21:21] [INFO] [1779736881.070431]: [PATROL-ABS] 目標X=+0.45 機器人X=+0.31 誤差=+0.14
[03:21:21] [INFO] [1779736881.670273]: [PATROL-ABS] 目標X=-0.45 機器人X=+0.42 誤差=-0.87
[03:21:22] [INFO] [1779736882.270241]: [PATROL-ABS] 目標X=-0.45 機器人X=+0.36 誤差=-0.81
[03:21:22] [INFO] [1779736882.770336]: [PATROL-ABS] 目標X=-0.45 機器人X=+0.27 誤差=-0.72
[03:21:23] [INFO] [1779736883.370425]: [PATROL-ABS] 目標X=-0.45 機器人X=+0.17 誤差=-0.62
[03:21:23] [INFO] [1779736883.970126]: [PATROL-ABS] 目標X=-0.45 機器人X=+0.06 誤差=-0.51
[03:21:24] [INFO] [1779736884.470325]: [PATROL-ABS] 目標X=-0.45 機器人X=-0.03 誤差=-0.42
[03:21:25] [INFO] [1779736885.070343]: [PATROL-ABS] 目標X=-0.45 機器人X=-0.14 誤差=-0.31
[03:21:25] [INFO] [1779736885.570376]: [PATROL-ABS] 目標X=-0.45 機器人X=-0.24 誤差=-0.21
[03:21:26] [INFO] [1779736886.170311]: [PATROL-ABS] 目標X=-0.45 機器人X=-0.35 誤差=-0.10
[03:21:26] [INFO] [1779736886.770379]: [PATROL-ABS] 目標X=+0.45 機器人X=-0.43 誤差=+0.88
[03:21:27] [INFO] [1779736887.370347]: [PATROL-ABS] 目標X=+0.45 機器人X=-0.33 誤差=+0.78
[03:21:27] [INFO] [1779736887.637625]: [EKF] 初始化完成，球的初始位置: X=-1.176 Y=0.673
[03:21:27] [0m[33m[WARN] [1779736887.640573]: [Fusion] 球消失超過 1.5 秒，重置 EKF
[03:21:27] [INFO] [1779736887.687485]: [EKF] 初始化完成，球的初始位置: X=-1.168 Y=0.674
[03:21:27] [0m[33m[WARN] [1779736887.691250]: [Fusion] 球消失超過 1.5 秒，重置 EKF
[03:21:27] [INFO] [1779736887.870267]: [PATROL-ABS] 目標X=+0.45 機器人X=-0.25 誤差=+0.70
[03:21:28] [INFO] [1779736888.470291]: [PATROL-ABS] 目標X=+0.45 機器人X=-0.14 誤差=+0.59
[03:21:29] [INFO] [1779736889.070380]: [PATROL-ABS] 目標X=+0.45 機器人X=-0.04 誤差=+0.49
[03:21:29] [INFO] [1779736889.570413]: [PATROL-ABS] 目標X=+0.45 機器人X=+0.05 誤差=+0.40
[03:21:30] [INFO] [1779736890.170370]: [PATROL-ABS] 目標X=+0.45 機器人X=+0.17 誤差=+0.28
[03:21:30] [INFO] [1779736890.338721]: [EKF] 初始化完成，球的初始位置: X=-0.233 Y=1.758
[03:21:30] [INFO] [1779736890.342607]: [TRACK] 球(-0.23, 1.76) v=(+0.00, +0.00) | 機器人X=+0.20 誤差=-0.43 | 速度=+0.11 θ=-0.026
[03:21:30] [INFO] [1779736890.588076]: [TRACK] 球(-0.21, 1.78) v=(+0.02, +0.02) | 機器人X=+0.23 誤差=-0.44 | 速度=-0.18 θ=-0.033
[03:21:31] [0m[33m[WARN] [1779736891.187504]: [Fusion] 球消失超過 0.5 秒，進入 LOST 模式（EKF 繼續預測）
[03:21:31] [INFO] [1779736891.270449]: [PATROL-ABS] 目標X=+0.45 機器人X=+0.14 誤差=+0.31
[03:21:31] [INFO] [1779736891.870088]: [PATROL-ABS] 目標X=+0.45 機器人X=+0.18 誤差=+0.27
[03:21:32] [0m[33m[WARN] [1779736892.138583]: [Fusion] 球消失超過 1.5 秒，重置 EKF
[03:21:32] [INFO] [1779736892.370213]: [PATROL-ABS] 目標X=+0.45 機器人X=+0.27 誤差=+0.18
[03:21:32] [INFO] [1779736892.870358]: [PATROL-ABS] 目標X=+0.45 機器人X=+0.36 誤差=+0.09
[03:21:33] [INFO] [1779736893.470139]: [PATROL-ABS] 目標X=-0.45 機器人X=+0.40 誤差=-0.85
[03:21:33] [INFO] [1779736893.970204]: [PATROL-ABS] 目標X=-0.45 機器人X=+0.31 誤差=-0.76
[03:21:34] [INFO] [1779736894.470368]: [PATROL-ABS] 目標X=-0.45 機器人X=+0.22 誤差=-0.67
[03:21:35] [INFO] [1779736895.070290]: [PATROL-ABS] 目標X=-0.45 機器人X=+0.12 誤差=-0.57
[03:21:35] [INFO] [1779736895.670255]: [PATROL-ABS] 目標X=-0.45 機器人X=+0.01 誤差=-0.46
[03:21:35] [INFO] [1779736895.938118]: [EKF] 初始化完成，球的初始位置: X=-0.054 Y=1.764
[03:21:35] [INFO] [1779736895.941591]: [TRACK] 球(-0.05, 1.76) v=(+0.00, +0.00) | 機器人X=-0.04 誤差=-0.01 | 速度=-0.14 θ=+0.022
[03:21:36] [INFO] [1779736896.188034]: [TRACK] 球(-0.06, 1.76) v=(+0.01, -0.00) | 機器人X=-0.08 誤差=+0.02 | 速度=+0.05 θ=+0.028
[03:21:36] [INFO] [1779736896.587472]: [TRACK] 球(-0.02, 1.76) v=(+0.06, -0.01) | 機器人X=-0.07 誤差=+0.06 | 速度=+0.11 θ=+0.021
[03:21:36] [INFO] [1779736896.788305]: [TRACK] 球(+0.00, 1.76) v=(+0.08, -0.00) | 機器人X=-0.06 誤差=+0.06 | 速度=+0.12 θ=+0.027
[03:21:37] [INFO] [1779736897.038737]: [TRACK] 球(+0.00, 1.76) v=(+0.05, +0.00) | 機器人X=-0.04 誤差=+0.04 | 速度=+0.08 θ=+0.030
[03:21:37] [INFO] [1779736897.238837]: [TRACK] 球(+0.01, 1.76) v=(+0.05, -0.00) | 機器人X=-0.02 誤差=+0.03 | 速度=+0.08 θ=+0.022
[03:21:37] [0m[33m[WARN] [1779736897.913231]: [Fusion] 球消失超過 0.5 秒，進入 LOST 模式（EKF 繼續預測）
[03:21:37] [INFO] [1779736897.970266]: [PATROL-ABS] 目標X=-0.45 機器人X=-0.00 誤差=-0.45
[03:21:38] [INFO] [1779736898.487644]: [TRACK] 球(-0.03, 1.76) v=(-0.01, +0.00) | 機器人X=-0.04 誤差=+0.01 | 速度=-0.19 θ=+0.033
[03:21:38] [INFO] [1779736898.688045]: [TRACK] 球(-0.06, 1.76) v=(-0.03, +0.00) | 機器人X=-0.07 誤差=+0.01 | 速度=-0.03 θ=+0.044
[03:21:38] [INFO] [1779736898.888235]: [TRACK] 球(-0.05, 1.76) v=(-0.01, -0.00) | 機器人X=-0.09 誤差=+0.04 | 速度=+0.08 θ=+0.029
[03:21:39] [INFO] [1779736899.088623]: [TRACK] 球(-0.04, 1.76) v=(-0.00, -0.00) | 機器人X=-0.08 誤差=+0.04 | 速度=+0.08 θ=+0.035
[03:21:39] [INFO] [1779736899.339094]: [TRACK] 球(-0.02, 1.76) v=(+0.01, -0.00) | 機器人X=-0.07 誤差=+0.05 | 速度=+0.10 θ=+0.020
[03:21:39] [INFO] [1779736899.737679]: [TRACK] 球(-0.02, 1.76) v=(+0.01, -0.00) | 機器人X=-0.04 誤差=+0.02 | 速度=+0.00 θ=+0.016
[03:21:40] [INFO] [1779736900.040617]: [TRACK] 球(-0.03, 1.76) v=(+0.00, +0.00) | 機器人X=-0.03 誤差=-0.00 | 速度=+0.00 θ=+0.009
[03:21:40] [INFO] [1779736900.388793]: [TRACK] 球(-0.03, 1.76) v=(-0.00, +0.00) | 機器人X=-0.03 誤差=-0.01 | 速度=+0.00 θ=+0.012
[03:21:40] [INFO] [1779736900.639021]: [TRACK] 球(-0.04, 1.76) v=(-0.01, +0.00) | 機器人X=-0.03 誤差=-0.01 | 速度=+0.00 θ=+0.012
[03:21:41] [INFO] [1779736901.039223]: [TRACK] 球(-0.04, 1.76) v=(-0.01, +0.00) | 機器人X=-0.03 誤差=-0.02 | 速度=+0.00 θ=+0.013
[03:21:41] [INFO] [1779736901.239352]: [TRACK] 球(-0.05, 1.76) v=(-0.01, +0.00) | 機器人X=-0.03 誤差=-0.02 | 速度=-0.06 θ=+0.013
[03:21:41] [INFO] [1779736901.440431]: [TRACK] 球(-0.05, 1.76) v=(-0.01, +0.00) | 機器人X=-0.03 誤差=-0.02 | 速度=-0.08 θ=+0.013
[03:21:41] [INFO] [1779736901.641205]: [TRACK] 球(-0.06, 1.76) v=(-0.01, +0.00) | 機器人X=-0.04 誤差=-0.01 | 速度=+0.00 θ=+0.019
[03:21:41] [INFO] [1779736901.888272]: [TRACK] 球(-0.06, 1.76) v=(-0.01, +0.00) | 機器人X=-0.04 誤差=-0.01 | 速度=+0.00 θ=+0.016
[03:21:42] [INFO] [1779736902.089325]: [TRACK] 球(-0.05, 1.76) v=(-0.01, +0.00) | 機器人X=-0.04 誤差=-0.01 | 速度=+0.00 θ=+0.016
[03:21:42] [INFO] [1779736902.289951]: [TRACK] 球(-0.05, 1.76) v=(-0.00, -0.00) | 機器人X=-0.04 誤差=-0.01 | 速度=+0.00 θ=+0.015
[03:21:42] [INFO] [1779736902.540066]: [TRACK] 球(-0.05, 1.76) v=(-0.00, -0.00) | 機器人X=-0.04 誤差=-0.01 | 速度=+0.00 θ=+0.014
[03:21:42] [INFO] [1779736902.789742]: [TRACK] 球(-0.05, 1.76) v=(-0.00, -0.00) | 機器人X=-0.04 誤差=-0.00 | 速度=+0.00 θ=+0.015
[03:21:43] [INFO] [1779736903.089145]: [TRACK] 球(-0.05, 1.76) v=(-0.00, -0.00) | 機器人X=-0.04 誤差=-0.00 | 速度=+0.00 θ=+0.016
[03:21:43] [INFO] [1779736903.339932]: [TRACK] 球(-0.05, 1.76) v=(-0.00, -0.00) | 機器人X=-0.04 誤差=-0.01 | 速度=+0.00 θ=+0.015
[03:21:43] [INFO] [1779736903.738170]: [TRACK] 球(-0.05, 1.76) v=(+0.00, +0.00) | 機器人X=-0.04 誤差=-0.00 | 速度=+0.00 θ=+0.014
[03:21:43] [INFO] [1779736903.988894]: [TRACK] 球(-0.05, 1.76) v=(+0.00, +0.00) | 機器人X=-0.04 誤差=-0.00 | 速度=+0.00 θ=+0.014
[03:21:44] [INFO] [1779736904.189047]: [TRACK] 球(-0.05, 1.76) v=(-0.00, +0.00) | 機器人X=-0.04 誤差=-0.00 | 速度=+0.00 θ=+0.015
[03:21:44] [INFO] [1779736904.438108]: [TRACK] 球(-0.05, 1.76) v=(-0.00, +0.00) | 機器人X=-0.04 誤差=-0.01 | 速度=+0.00 θ=+0.015
[03:21:44] [INFO] [1779736904.639383]: [TRACK] 球(-0.05, 1.76) v=(-0.00, -0.00) | 機器人X=-0.04 誤差=-0.00 | 速度=+0.00 θ=+0.014
[03:21:44] [INFO] [1779736904.888621]: [TRACK] 球(-0.05, 1.76) v=(-0.00, -0.00) | 機器人X=-0.04 誤差=-0.00 | 速度=+0.00 θ=+0.015
[03:21:45] [INFO] [1779736905.138093]: [TRACK] 球(-0.05, 1.76) v=(-0.00, -0.00) | 機器人X=-0.04 誤差=-0.01 | 速度=+0.00 θ=+0.015
[03:21:45] [INFO] [1779736905.388826]: [TRACK] 球(-0.05, 1.76) v=(-0.00, +0.00) | 機器人X=-0.04 誤差=-0.01 | 速度=+0.00 θ=+0.015
[03:21:45] [INFO] [1779736905.590225]: [TRACK] 球(-0.05, 1.76) v=(-0.00, +0.00) | 機器人X=-0.04 誤差=-0.01 | 速度=+0.00 θ=+0.015
[03:21:45] [INFO] [1779736905.888326]: [TRACK] 球(-0.05, 1.76) v=(-0.00, +0.00) | 機器人X=-0.04 誤差=-0.00 | 速度=+0.00 θ=+0.015
[03:21:46] [INFO] [1779736906.088951]: [TRACK] 球(-0.05, 1.76) v=(+0.00, -0.00) | 機器人X=-0.04 誤差=-0.00 | 速度=+0.00 θ=+0.015
[03:21:46] [INFO] [1779736906.339609]: [TRACK] 球(-0.05, 1.76) v=(+0.00, -0.00) | 機器人X=-0.04 誤差=-0.00 | 速度=+0.00 θ=+0.016
[03:21:46] [INFO] [1779736906.588062]: [TRACK] 球(-0.05, 1.76) v=(-0.00, +0.00) | 機器人X=-0.04 誤差=-0.00 | 速度=+0.00 θ=+0.016
[03:21:46] [INFO] [1779736906.837789]: [TRACK] 球(-0.05, 1.76) v=(+0.00, -0.00) | 機器人X=-0.04 誤差=-0.00 | 速度=+0.00 θ=+0.015
[03:21:47] [INFO] [1779736907.038342]: [TRACK] 球(-0.05, 1.76) v=(+0.00, -0.00) | 機器人X=-0.04 誤差=-0.00 | 速度=+0.00 θ=+0.015
[03:21:47] [INFO] [1779736907.288117]: [TRACK] 球(-0.05, 1.76) v=(-0.00, +0.00) | 機器人X=-0.04 誤差=-0.00 | 速度=+0.00 θ=+0.015
[03:21:47] [INFO] [1779736907.538378]: [TRACK] 球(-0.05, 1.76) v=(-0.00, -0.00) | 機器人X=-0.04 誤差=-0.00 | 速度=+0.00 θ=+0.014
[03:21:47] [INFO] [1779736907.788609]: [TRACK] 球(-0.05, 1.76) v=(-0.00, -0.00) | 機器人X=-0.04 誤差=-0.00 | 速度=+0.00 θ=+0.014
[03:21:48] [INFO] [1779736908.038893]: [TRACK] 球(-0.05, 1.76) v=(+0.00, -0.00) | 機器人X=-0.04 誤差=-0.00 | 速度=+0.00 θ=+0.013
[03:21:48] [INFO] [1779736908.242062]: [TRACK] 球(-0.05, 1.76) v=(+0.00, -0.00) | 機器人X=-0.04 誤差=-0.00 | 速度=+0.00 θ=+0.014
[03:21:48] [INFO] [1779736908.488224]: [TRACK] 球(-0.05, 1.76) v=(-0.00, -0.00) | 機器人X=-0.04 誤差=-0.00 | 速度=+0.00 θ=+0.014
[03:21:48] [INFO] [1779736908.689947]: [TRACK] 球(-0.05, 1.76) v=(-0.00, +0.00) | 機器人X=-0.04 誤差=-0.00 | 速度=+0.00 θ=+0.014
[03:21:48] [INFO] [1779736908.937728]: [TRACK] 球(-0.05, 1.76) v=(+0.00, +0.00) | 機器人X=-0.04 誤差=-0.00 | 速度=+0.00 θ=+0.014
[03:21:49] [INFO] [1779736909.138204]: [TRACK] 球(-0.05, 1.76) v=(+0.00, +0.00) | 機器人X=-0.04 誤差=-0.00 | 速度=+0.00 θ=+0.014
[03:21:49] [INFO] [1779736909.339050]: [TRACK] 球(-0.05, 1.76) v=(+0.00, +0.00) | 機器人X=-0.04 誤差=-0.00 | 速度=+0.00 θ=+0.013
[03:21:49] [INFO] [1779736909.588207]: [TRACK] 球(-0.05, 1.76) v=(+0.00, -0.00) | 機器人X=-0.04 誤差=-0.00 | 速度=+0.00 θ=+0.014
[03:21:49] [INFO] [1779736909.788249]: [TRACK] 球(-0.05, 1.76) v=(-0.00, +0.00) | 機器人X=-0.04 誤差=-0.00 | 速度=+0.00 θ=+0.015
[03:21:50] [INFO] [1779736910.037660]: [TRACK] 球(-0.05, 1.76) v=(-0.00, +0.00) | 機器人X=-0.04 誤差=-0.00 | 速度=+0.00 θ=+0.014
[03:21:50] [INFO] [1779736910.238401]: [TRACK] 球(-0.05, 1.76) v=(+0.00, +0.00) | 機器人X=-0.04 誤差=-0.00 | 速度=+0.00 θ=+0.014
[03:21:50] [INFO] [1779736910.488727]: [TRACK] 球(-0.05, 1.76) v=(-0.00, -0.00) | 機器人X=-0.04 誤差=-0.00 | 速度=+0.00 θ=+0.015
[03:21:50] [INFO] [1779736910.739729]: [TRACK] 球(-0.05, 1.76) v=(-0.00, -0.00) | 機器人X=-0.04 誤差=-0.01 | 速度=+0.00 θ=+0.014
[03:21:51] [0m[33m[WARN] [1779736911.076981]: [Fusion] 節點關閉，發送停止指令
