[03:18:11] [DEBUG] 成功開啟檔案，開始解析...
[03:18:11] [ERROR] 節點解析失敗，讀到異常內容: # Feature Dimension: 7
[03:18:11] [DEBUG] 找到 SECTION 1，準備讀取 Mu/Sigma...
[03:18:11] [DEBUG] Mu 讀取完畢，大小: 7
[03:18:11] [DEBUG] Sigma 讀取完畢，大小: 7
[03:18:11] 已成功載入隨機森林，總計 40 棵樹。
[03:18:11] [33m[WARN] [1779736691.811700191]: [Perception] Waiting for LiDAR...[0m
[03:18:19] [0m[INFO] [1779736691.810204273]: === [Perception] Started, 20 Hz ===[0m
[03:18:19] [0m[INFO] [1779736692.061448563]: [Perception] Ball: x=0.80 y=0.88 dist=1.19 m[0m
[03:18:19] [0m[INFO] [1779736692.061517983]: [Perception] Post 1: x=-0.54 y=-0.57 dist=0.79 m[0m
[03:18:19] [0m[INFO] [1779736692.361745276]: [Perception] Ball: x=0.80 y=0.88 dist=1.19 m[0m
[03:18:19] [0m[INFO] [1779736692.361856134]: [Perception] Post 1: x=-0.55 y=-0.57 dist=0.79 m[0m
[03:18:19] [0m[INFO] [1779736692.711261243]: [Perception] Ball: x=0.81 y=0.88 dist=1.20 m[0m
[03:18:19] [0m[INFO] [1779736692.711320304]: [Perception] Post 1: x=-0.55 y=-0.57 dist=0.79 m[0m
[03:18:19] [0m[INFO] [1779736693.061660096]: [Perception] Ball: x=0.80 y=0.88 dist=1.19 m[0m
[03:18:19] [0m[INFO] [1779736693.061729437]: [Perception] Post 1: x=-0.55 y=-0.57 dist=0.79 m[0m
[03:18:19] [0m[INFO] [1779736693.411325064]: [Perception] Ball: x=0.80 y=0.88 dist=1.19 m[0m
[03:18:19] [0m[INFO] [1779736693.411397365]: [Perception] Post 1: x=-0.55 y=-0.57 dist=0.79 m[0m
[03:18:19] [0m[INFO] [1779736693.761383861]: [Perception] Ball: x=0.81 y=0.88 dist=1.20 m[0m
[03:18:19] [0m[INFO] [1779736693.761470980]: [Perception] Post 1: x=-0.55 y=-0.57 dist=0.79 m[0m
[03:18:19] [0m[INFO] [1779736694.111207789]: [Perception] Ball: x=0.81 y=0.88 dist=1.19 m[0m
[03:18:19] [0m[INFO] [1779736694.111290808]: [Perception] Post 1: x=-0.55 y=-0.57 dist=0.79 m[0m
[03:18:19] [0m[INFO] [1779736694.461351939]: [Perception] Ball: x=0.80 y=0.88 dist=1.19 m[0m
[03:18:19] [0m[INFO] [1779736694.461422650]: [Perception] Post 1: x=-0.54 y=-0.57 dist=0.79 m[0m
[03:18:19] [0m[INFO] [1779736694.761584851]: [Perception] Ball: x=0.81 y=0.88 dist=1.19 m[0m
[03:18:19] [0m[INFO] [1779736694.761663043]: [Perception] Post 1: x=-0.55 y=-0.57 dist=0.79 m[0m
[03:18:19] [0m[INFO] [1779736695.110986619]: [Perception] Ball: x=0.81 y=0.88 dist=1.20 m[0m
[03:18:19] [0m[INFO] [1779736695.111035786]: [Perception] Post 1: x=-0.54 y=-0.57 dist=0.79 m[0m
[03:18:19] [0m[INFO] [1779736695.411318643]: [Perception] Ball: x=0.80 y=0.88 dist=1.19 m[0m
[03:18:19] [0m[INFO] [1779736695.411411530]: [Perception] Post 1: x=-0.54 y=-0.57 dist=0.79 m[0m
[03:18:19] [0m[INFO] [1779736695.761214434]: [Perception] Ball: x=0.81 y=0.88 dist=1.19 m[0m
[03:18:19] [0m[INFO] [1779736695.761282009]: [Perception] Post 1: x=-0.55 y=-0.57 dist=0.79 m[0m
[03:18:19] [0m[INFO] [1779736696.111149635]: [Perception] Ball: x=0.81 y=0.88 dist=1.19 m[0m
[03:18:19] [0m[INFO] [1779736696.111210803]: [Perception] Post 1: x=-0.54 y=-0.57 dist=0.79 m[0m
[03:18:19] [0m[INFO] [1779736696.461122617]: [Perception] Ball: x=0.81 y=0.88 dist=1.19 m[0m
[03:18:19] [0m[INFO] [1779736696.461186433]: [Perception] Post 1: x=-0.55 y=-0.57 dist=0.79 m[0m
[03:18:19] [0m[INFO] [1779736696.761409041]: [Perception] Ball: x=0.81 y=0.88 dist=1.20 m[0m
[03:18:19] [0m[INFO] [1779736696.761462412]: [Perception] Post 1: x=-0.55 y=-0.57 dist=0.79 m[0m
[03:18:19] [0m[INFO] [1779736697.111316890]: [Perception] Ball: x=0.80 y=0.89 dist=1.20 m[0m
[03:18:19] [0m[INFO] [1779736697.111393431]: [Perception] Post 1: x=-0.55 y=-0.57 dist=0.79 m[0m
[03:18:19] [0m[INFO] [1779736697.411969279]: [Perception] Ball: x=0.81 y=0.88 dist=1.20 m[0m
[03:18:19] [0m[INFO] [1779736697.412062500]: [Perception] Post 1: x=-0.55 y=-0.57 dist=0.79 m[0m
[03:18:19] [0m[INFO] [1779736697.761941526]: [Perception] Ball: x=0.80 y=0.88 dist=1.19 m[0m
[03:18:19] [0m[INFO] [1779736697.762103604]: [Perception] Post 1: x=-0.55 y=-0.57 dist=0.79 m[0m
[03:18:19] [0m[INFO] [1779736698.061918163]: [Perception] Ball: x=0.81 y=0.88 dist=1.20 m[0m
[03:18:19] [0m[INFO] [1779736698.062346618]: [Perception] Post 1: x=-0.55 y=-0.57 dist=0.79 m[0m
[03:18:19] [0m[INFO] [1779736698.411006011]: [Perception] Ball: x=0.80 y=0.88 dist=1.19 m[0m
[03:18:19] [0m[INFO] [1779736698.411120163]: [Perception] Post 1: x=-0.55 y=-0.57 dist=0.79 m[0m
[03:18:19] [0m[INFO] [1779736698.711557178]: [Perception] Ball: x=0.80 y=0.88 dist=1.19 m[0m
[03:18:19] [0m[INFO] [1779736698.711698100]: [Perception] Post 1: x=-0.55 y=-0.57 dist=0.79 m[0m
[03:18:19] [0m[INFO] [1779736699.061623046]: [Perception] Ball: x=0.80 y=0.88 dist=1.19 m[0m
[03:18:19] [0m[INFO] [1779736699.061769257]: [Perception] Post 1: x=-0.54 y=-0.57 dist=0.79 m[0m
[03:18:19] [0m[INFO] [1779736699.410986605]: [Perception] Ball: x=0.80 y=0.88 dist=1.19 m[0m
[03:18:19] [0m[INFO] [1779736699.411047861]: [Perception] Post 1: x=-0.55 y=-0.57 dist=0.79 m[0m
[03:18:27] [0m[INFO] [1779736699.711829563]: [Perception] Post 1: x=-0.55 y[33m[WARN] [1779736707.311378786]: [Perception] Posts filtered out: 2 detected, no pair within 0.15m of goal width[0m
[03:18:27] =-0.57 dist=0.79 m[0m
[03:18:27] [0m[INFO] [1779736699.811295436]: [Perception] Ball: x=0.80 y=0.88 dist=1.19 m[0m
[03:18:27] [0m[INFO] [1779736700.061192134]: [Perception] Post 1: x=-0.55 y=-0.57 dist=0.79 m[0m
[03:18:27] [0m[INFO] [1779736700.161500295]: [Perception] Ball: x=0.80 y=0.88 dist=1.19 m[0m
[03:18:27] [0m[INFO] [1779736700.361587619]: [Perception] Post 1: x=-0.55 y=-0.57 dist=0.79 m[0m
[03:18:27] [0m[INFO] [1779736700.461621654]: [Perception] Ball: x=0.80 y=0.88 dist=1.19 m[0m
[03:18:27] [0m[INFO] [1779736700.711483851]: [Perception] Post 1: x=-0.55 y=-0.57 dist=0.79 m[0m
[03:18:27] [0m[INFO] [1779736700.811461275]: [Perception] Ball: x=0.80 y=0.88 dist=1.19 m[0m
[03:18:27] [0m[INFO] [1779736701.061234555]: [Perception] Post 1: x=-0.55 y=-0.57 dist=0.79 m[0m
[03:18:27] [0m[INFO] [1779736701.161062273]: [Perception] Ball: x=0.81 y=0.88 dist=1.19 m[0m
[03:18:27] [0m[INFO] [1779736701.410916412]: [Perception] Post 1: x=-0.55 y=-0.57 dist=0.79 m[0m
[03:18:27] [0m[INFO] [1779736701.461239400]: [Perception] Ball: x=0.80 y=0.88 dist=1.19 m[0m
[03:18:27] [0m[INFO] [1779736701.710996403]: [Perception] Post 1: x=-0.55 y=-0.57 dist=0.79 m[0m
[03:18:27] [0m[INFO] [1779736701.761799818]: [Perception] Ball: x=0.80 y=0.88 dist=1.19 m[0m
[03:18:27] [0m[INFO] [1779736702.011696808]: [Perception] Post 1: x=-0.55 y=-0.57 dist=0.79 m[0m
[03:18:27] [0m[INFO] [1779736702.111450706]: [Perception] Ball: x=0.80 y=0.89 dist=1.19 m[0m
[03:18:27] [0m[INFO] [1779736702.312206937]: [Perception] Post 1: x=-0.59 y=-0.58 dist=0.82 m[0m
[03:18:27] [0m[INFO] [1779736702.461232360]: [Perception] Ball: x=0.75 y=0.89 dist=1.16 m[0m
[03:18:27] [0m[INFO] [1779736702.661226546]: [Perception] Post 1: x=-0.66 y=-0.57 dist=0.88 m[0m
[03:18:27] [0m[INFO] [1779736702.761455110]: [Perception] Ball: x=0.68 y=0.88 dist=1.12 m[0m
[03:18:27] [0m[INFO] [1779736703.011452711]: [Perception] Post 1: x=-0.73 y=-0.58 dist=0.93 m[0m
[03:18:27] [0m[INFO] [1779736703.111507125]: [Perception] Ball: x=0.61 y=0.88 dist=1.07 m[0m
[03:18:27] [0m[INFO] [1779736703.361857477]: [Perception] Post 1: x=-0.80 y=-0.59 dist=0.99 m[0m
[03:18:27] [0m[INFO] [1779736703.461255832]: [Perception] Ball: x=0.55 y=0.89 dist=1.05 m[0m
[03:18:27] [0m[INFO] [1779736703.711205120]: [Perception] Post 1: x=-0.85 y=-0.59 dist=1.03 m[0m
[03:18:27] [0m[INFO] [1779736703.811570606]: [Perception] Ball: x=0.50 y=0.87 dist=1.00 m[0m
[03:18:27] [0m[INFO] [1779736704.011427809]: [Perception] Post 1: x=0.02 y=-0.30 dist=0.30 m[0m
[03:18:27] [0m[INFO] [1779736704.161407153]: [Perception] Ball: x=0.43 y=0.87 dist=0.97 m[0m
[03:18:27] [0m[INFO] [1779736704.361657044]: [Perception] Post 1: x=-0.02 y=-0.30 dist=0.30 m[0m
[03:18:27] [0m[INFO] [1779736704.511820293]: [Perception] Ball: x=0.35 y=0.88 dist=0.94 m[0m
[03:18:27] [0m[INFO] [1779736704.711085398]: [Perception] Post 1: x=-0.08 y=-0.30 dist=0.31 m[0m
[03:18:27] [0m[INFO] [1779736704.861558206]: [Perception] Ball: x=0.31 y=0.87 dist=0.93 m[0m
[03:18:27] [0m[INFO] [1779736705.011160955]: [Perception] Post 1: x=-0.12 y=-0.30 dist=0.32 m[0m
[03:18:27] [0m[INFO] [1779736705.211167328]: [Perception] Ball: x=0.23 y=0.87 dist=0.91 m[0m
[03:18:27] [0m[INFO] [1779736705.311345743]: [Perception] Post 1: x=-0.19 y=-0.31 dist=0.36 m[0m
[03:18:27] [0m[INFO] [1779736705.511653021]: [Perception] Ball: x=0.18 y=0.88 dist=0.90 m[0m
[03:18:27] [0m[INFO] [1779736705.661194113]: [Perception] Post 1: x=-0.25 y=-0.31 dist=0.40 m[0m
[03:18:27] [0m[INFO] [1779736705.812296309]: [Perception] Ball: x=0.11 y=0.88 dist=0.89 m[0m
[03:18:27] [0m[INFO] [1779736705.961369918]: [Perception] Post 1: x=-0.29 y=-0.31 dist=0.43 m[0m
[03:18:27] [0m[INFO] [1779736706.112642865]: [Perception] Ball: x=0.06 y=0.88 dist=0.89 m[0m
[03:18:27] [0m[INFO] [1779736706.262376686]: [Perception] Post 1: x=-0.33 y=-0.32 dist=0.46 m[0m
[03:18:27] [0m[INFO] [1779736706.461452058]: [Perception] Ball: x=-0.02 y=0.89 dist=0.89 m[0m
[03:18:27] [0m[INFO] [1779736706.611078677]: [Perception] Post 1: x=-0.38 y=-0.32 dist=0.50 m[0m
[03:18:27] [0m[INFO] [1779736706.811077177]: [Perception] Ball: x=-0.11 y=0.89 dist=0.89 m[0m
[03:18:27] [0m[INFO] [1779736706.911415021]: [Perception] Post 1: x=-0.37 y=-0.38 dist=0.54 m[0m
[03:18:27] [0m[INFO] [1779736707.111171287]: [Perception] Ball: x=-0.27 y=0.87 dist=0.91 m[0m
[03:18:27] [0m[INFO] [1779736707.211415511]: [Perception] Post 1: x=-0.41 y=-0.39 dist=0.56 m[0m
[03:18:27] [0m[INFO] [1779736707.411354730]: [Perception] Ball: x=-0.33 y=0.86 dist=0.92 m[0m
[03:18:29] [0m[INFO] [1779736707.5615175[33m[WARN] [1779736709.010943841]: [Perception] Posts filtered out: 3 detected, no pair within 0.15m of goal width[0m
[03:18:29] [33m[WARN] [1779736709.611497286]: [Perception] Posts filtered out: 4 detected, no pair within 0.15m of goal width[0m
[03:18:30] [33m[WARN] [1779736710.161342633]: [Perception] Posts filtered out: 4 detected, no pair within 0.15m of goal width[0m
[03:18:37] 86]: [Perception] Post 1: x=-0.46 y=-0.40 dist=0.61 m[0m
[03:18:37] [0m[INFO] [1779736707.761272054]: [Perception] Ball: x=-0.40 y=0.86 dist=0.95 m[0m
[03:18:37] [0m[INFO] [1779736707.911177542]: [Perception] Post 1: x=-0.50 y=-0.40 dist=0.64 m[0m
[03:18:37] [0m[INFO] [1779736708.061320926]: [Perception] Ball: x=-0.45 y=0.86 dist=0.97 m[0m
[03:18:37] [0m[INFO] [1779736708.211707674]: [Perception] Post 1: x=-0.57 y=-0.41 dist=0.70 m[0m
[03:18:37] [0m[INFO] [1779736708.361678683]: [Perception] Ball: x=-0.53 y=0.86 dist=1.01 m[0m
[03:18:37] [0m[INFO] [1779736708.560885161]: [Perception] Post 1: x=-0.60 y=-0.42 dist=0.73 m[0m
[03:18:37] [0m[INFO] [1779736708.711108377]: [Perception] Ball: x=-0.57 y=0.85 dist=1.02 m[0m
[03:18:37] [0m[INFO] [1779736708.861107866]: [Perception] Post 1: x=-0.45 y=-0.42 dist=0.61 m[0m
[03:18:37] [0m[INFO] [1779736709.511404054]: [Perception] Post 1: x=0.20 y=-0.57 dist=0.60 m[0m
[03:18:37] [0m[INFO] [1779736710.511008091]: [Perception] Post 1: x=0.52 y=-0.46 dist=0.69 m[0m
[03:18:37] [0m[INFO] [1779736710.661096172]: [Perception] Ball: x=1.19 y=0.62 dist=1.34 m[0m
[03:18:37] [0m[INFO] [1779736710.811349982]: [Perception] Post 1: x=0.58 y=-0.50 dist=0.77 m[0m
[03:18:37] [0m[INFO] [1779736711.161934200]: [Perception] Post 1: x=0.49 y=-0.59 dist=0.77 m[0m
[03:18:37] [0m[INFO] [1779736711.510976842]: [Perception] Ball: x=1.22 y=0.40 dist=1.29 m[0m
[03:18:37] [0m[INFO] [1779736711.511053624]: [Perception] Post 1: x=-0.56 y=-0.47 dist=0.74 m[0m
[03:18:37] [0m[INFO] [1779736711.811185834]: [Perception] Ball: x=1.18 y=0.40 dist=1.25 m[0m
[03:18:37] [0m[INFO] [1779736711.811271264]: [Perception] Post 1: x=-0.61 y=-0.48 dist=0.77 m[0m
[03:18:37] [0m[INFO] [1779736712.161568160]: [Perception] Ball: x=1.08 y=0.47 dist=1.18 m[0m
[03:18:37] [0m[INFO] [1779736712.161937029]: [Perception] Post 1: x=-0.65 y=-0.52 dist=0.83 m[0m
[03:18:37] [0m[INFO] [1779736712.511105405]: [Perception] Ball: x=1.01 y=0.52 dist=1.14 m[0m
[03:18:37] [0m[INFO] [1779736712.511183078]: [Perception] Post 1: x=0.32 y=-0.55 dist=0.63 m[0m
[03:18:37] [0m[INFO] [1779736712.811215110]: [Perception] Ball: x=0.94 y=0.53 dist=1.08 m[0m
[03:18:37] [0m[INFO] [1779736712.811385373]: [Perception] Post 1: x=-0.73 y=-0.56 dist=0.92 m[0m
[03:18:37] [0m[INFO] [1779736713.111374182]: [Perception] Ball: x=0.89 y=0.53 dist=1.04 m[0m
[03:18:37] [0m[INFO] [1779736713.111469472]: [Perception] Post 1: x=-0.78 y=-0.56 dist=0.96 m[0m
[03:18:37] [0m[INFO] [1779736713.461178902]: [Perception] Ball: x=0.82 y=0.53 dist=0.98 m[0m
[03:18:37] [0m[INFO] [1779736713.461245526]: [Perception] Post 1: x=-0.85 y=-0.56 dist=1.02 m[0m
[03:18:37] [0m[INFO] [1779736713.762553704]: [Perception] Ball: x=0.78 y=0.53 dist=0.94 m[0m
[03:18:37] [0m[INFO] [1779736713.762674749]: [Perception] Post 1: x=-0.90 y=-0.56 dist=1.06 m[0m
[03:18:37] [0m[INFO] [1779736714.111154265]: [Perception] Ball: x=0.75 y=0.52 dist=0.92 m[0m
[03:18:37] [0m[INFO] [1779736714.111233512]: [Perception] Post 1: x=-0.90 y=-0.57 dist=1.06 m[0m
[03:18:37] [0m[INFO] [1779736714.411165144]: [Perception] Ball: x=0.80 y=0.53 dist=0.96 m[0m
[03:18:37] [0m[INFO] [1779736714.411247214]: [Perception] Post 1: x=-0.85 y=-0.56 dist=1.02 m[0m
[03:18:37] [0m[INFO] [1779736714.711399988]: [Perception] Ball: x=0.87 y=0.53 dist=1.02 m[0m
[03:18:37] [0m[INFO] [1779736714.711490618]: [Perception] Post 1: x=-0.78 y=-0.56 dist=0.96 m[0m
[03:18:37] [0m[INFO] [1779736715.061291679]: [Perception] Ball: x=0.92 y=0.53 dist=1.06 m[0m
[03:18:37] [0m[INFO] [1779736715.061391320]: [Perception] Post 1: x=-0.73 y=-0.56 dist=0.92 m[0m
[03:18:37] [0m[INFO] [1779736715.361498415]: [Perception] Post 1: x=-0.66 y=-0.55 dist=0.86 m[0m
[03:18:37] [0m[INFO] [1779736715.511466852]: [Perception] Ball: x=1.02 y=0.53 dist=1.14 m[0m
[03:18:37] [0m[INFO] [1779736715.711289493]: [Perception] Post 1: x=-0.59 y=-0.55 dist=0.81 m[0m
[03:18:37] [0m[INFO] [1779736715.961299125]: [Perception] Ball: x=1.11 y=0.54 dist=1.23 m[0m
[03:18:37] [0m[INFO] [1779736716.011319044]: [Perception] Post 1: x=-0.55 y=-0.55 dist=0.77 m[0m
[03:18:37] [0m[INFO] [1779736716.311461247]: [Perception] Ball: x=1.16 y=0.54 dist=1.28 m[0m
[03:18:37] [0m[INFO] [1779736716.312185975]: [Perception] Post 1: x=-0.50 y=-0.55 dist=0.74 m[0m
[03:18:37] [0m[INFO] [1779736716.661473116]: [Perception] Post 1: x=-0.43 y=-0.55 dist=0.70 m[0m
[03:18:37] [0m[INFO] [1779736716.761478471]: [Perception] Ball: x=1.25 y=0.53 dist=1.36 m[0m
[03:18:46] [0m[INFO] [1779736717.011104936]: [Perception] Post 1: x=-0.36 y=-0.55 dist=0.66 m[0m
[03:18:46] [0m[INFO] [1779736717.311218670]: [Perception] Post 1: x=-0.31 y=-0.54 dist=0.63 m[0m
[03:18:46] [0m[INFO] [1779736717.611267079]: [Perception] Post 1: x=-0.25 y=-0.54 dist=0.60 m[0m
[03:18:46] [0m[INFO] [1779736717.911590193]: [Perception] Post 1: x=-0.20 y=-0.54 dist=0.58 m[0m
[03:18:46] [0m[INFO] [1779736718.261031793]: [Perception] Post 1: x=-0.14 y=-0.54 dist=0.56 m[0m
[03:18:46] [0m[INFO] [1779736718.561259630]: [Perception] Post 1: x=-0.09 y=-0.54 dist=0.55 m[0m
[03:18:46] [0m[INFO] [1779736718.911431689]: [Perception] Post 1: x=-0.08 y=-0.54 dist=0.54 m[0m
[03:18:46] [0m[INFO] [1779736719.261188987]: [Perception] Post 1: x=-0.11 y=-0.54 dist=0.55 m[0m
[03:18:46] [0m[INFO] [1779736719.561551862]: [Perception] Post 1: x=-0.18 y=-0.54 dist=0.57 m[0m
[03:18:46] [0m[INFO] [1779736719.911189081]: [Perception] Post 1: x=-0.23 y=-0.54 dist=0.59 m[0m
[03:18:46] [0m[INFO] [1779736720.061126504]: [Perception] Ball: x=1.38 y=0.57 dist=1.50 m[0m
[03:18:46] [0m[INFO] [1779736720.261094328]: [Perception] Post 1: x=-0.29 y=-0.54 dist=0.62 m[0m
[03:18:46] [0m[INFO] [1779736720.361850946]: [Perception] Ball: x=1.33 y=0.58 dist=1.45 m[0m
[03:18:46] [0m[INFO] [1779736720.561342784]: [Perception] Post 1: x=-0.36 y=-0.55 dist=0.66 m[0m
[03:18:46] [0m[INFO] [1779736720.811973292]: [Perception] Ball: x=1.24 y=0.57 dist=1.36 m[0m
[03:18:46] [0m[INFO] [1779736720.911411773]: [Perception] Post 1: x=-0.41 y=-0.55 dist=0.68 m[0m
[03:18:46] [0m[INFO] [1779736721.161317524]: [Perception] Ball: x=1.19 y=0.58 dist=1.32 m[0m
[03:18:46] [0m[INFO] [1779736721.261177516]: [Perception] Post 1: x=-0.48 y=-0.55 dist=0.73 m[0m
[03:18:46] [0m[INFO] [1779736721.461363647]: [Perception] Ball: x=1.12 y=0.58 dist=1.26 m[0m
[03:18:46] [0m[INFO] [1779736721.561246469]: [Perception] Post 1: x=-0.53 y=-0.55 dist=0.76 m[0m
[03:18:46] [0m[INFO] [1779736721.811321728]: [Perception] Ball: x=1.07 y=0.57 dist=1.22 m[0m
[03:18:46] [0m[INFO] [1779736721.911405509]: [Perception] Post 1: x=-0.60 y=-0.55 dist=0.81 m[0m
[03:18:46] [0m[INFO] [1779736722.161097875]: [Perception] Ball: x=1.00 y=0.57 dist=1.15 m[0m
[03:18:46] [0m[INFO] [1779736722.211852499]: [Perception] Post 1: x=-0.66 y=-0.55 dist=0.86 m[0m
[03:18:46] [0m[INFO] [1779736722.510915691]: [Perception] Ball: x=0.93 y=0.57 dist=1.09 m[0m
[03:18:46] [0m[INFO] [1779736722.561171765]: [Perception] Post 1: x=-0.71 y=-0.56 dist=0.90 m[0m
[03:18:46] [0m[INFO] [1779736722.811138315]: [Perception] Ball: x=0.90 y=0.55 dist=1.06 m[0m
[03:18:46] [0m[INFO] [1779736722.861457268]: [Perception] Post 1: x=-0.79 y=-0.55 dist=0.96 m[0m
[03:18:46] [0m[INFO] [1779736723.111718863]: [Perception] Ball: x=0.83 y=0.55 dist=1.00 m[0m
[03:18:46] [0m[INFO] [1779736723.261198591]: [Perception] Post 1: x=-0.86 y=-0.55 dist=1.02 m[0m
[03:18:46] [0m[INFO] [1779736723.461413043]: [Perception] Ball: x=0.78 y=0.56 dist=0.95 m[0m
[03:18:46] [0m[INFO] [1779736723.611248693]: [Perception] Post 1: x=-0.92 y=-0.54 dist=1.06 m[0m
[03:18:46] [0m[INFO] [1779736723.811183078]: [Perception] Ball: x=0.76 y=0.53 dist=0.93 m[0m
[03:18:46] [0m[INFO] [1779736723.961402172]: [Perception] Post 1: x=-0.88 y=-0.53 dist=1.03 m[0m
[03:18:46] [0m[INFO] [1779736724.111270021]: [Perception] Ball: x=0.81 y=0.54 dist=0.97 m[0m
[03:18:46] [0m[INFO] [1779736724.261784125]: [Perception] Post 1: x=-0.81 y=-0.52 dist=0.97 m[0m
[03:18:46] [0m[INFO] [1779736724.461189636]: [Perception] Ball: x=0.88 y=0.54 dist=1.03 m[0m
[03:18:46] [0m[INFO] [1779736724.611522004]: [Perception] Post 1: x=-0.77 y=-0.52 dist=0.93 m[0m
[03:18:46] [0m[INFO] [1779736724.811526012]: [Perception] Ball: x=0.94 y=0.55 dist=1.09 m[0m
[03:18:46] [0m[INFO] [1779736724.961237150]: [Perception] Post 1: x=-0.69 y=-0.52 dist=0.87 m[0m
[03:18:46] [0m[INFO] [1779736725.261351619]: [Perception] Post 1: x=-0.65 y=-0.52 dist=0.83 m[0m
[03:18:46] [0m[INFO] [1779736725.311396768]: [Perception] Ball: x=1.04 y=0.54 dist=1.18 m[0m
[03:18:46] [0m[INFO] [1779736725.611134297]: [Perception] Post 1: x=-0.58 y=-0.51 dist=0.78 m[0m
[03:18:46] [0m[INFO] [1779736725.661166382]: [Perception] Ball: x=1.11 y=0.54 dist=1.24 m[0m
[03:18:46] [0m[INFO] [1779736725.911260560]: [Perception] Post 1: x=-0.51 y=-0.51 dist=0.72 m[0m
[03:18:46] [0m[INFO] [1779736726.211674971]: [Perception] Post 1: x=-0.46 y=-0.51 dist=0.69 m[0m
[03:18:46] [0m[INFO] [1779736726.311509767]: [Perception] Ball: x=1.24 y=0.54 dist=1.35 m[0m
[03:18:46] [0m[INFO] [1779736726.561331699]: [Perception] Post 1: x=-0.40 y=-0.51 dist=0.65 m[0m
[03:18:56] [0m[INFO] [1779736726.861824002]: [Perception] Post 1: x=-0.35 y=-0.51 dist=0.62 m[0m
[03:18:56] [0m[INFO] [1779736726.911300595]: [Perception] Ball: x=1.35 y=0.55 dist=1.46 m[0m
[03:18:56] [0m[INFO] [1779736727.211551994]: [Perception] Post 1: x=-0.28 y=-0.51 dist=0.58 m[0m
[03:18:56] [0m[INFO] [1779736727.561772054]: [Perception] Post 1: x=-0.22 y=-0.50 dist=0.55 m[0m
[03:18:56] [0m[INFO] [1779736727.911071458]: [Perception] Post 1: x=-0.17 y=-0.50 dist=0.53 m[0m
[03:18:56] [0m[INFO] [1779736728.211237255]: [Perception] Post 1: x=-0.09 y=-0.51 dist=0.51 m[0m
[03:18:56] [0m[INFO] [1779736728.561109339]: [Perception] Post 1: x=-0.05 y=-0.50 dist=0.51 m[0m
[03:18:56] [0m[INFO] [1779736728.861209842]: [Perception] Post 1: x=-0.07 y=-0.50 dist=0.51 m[0m
[03:18:56] [0m[INFO] [1779736729.161472252]: [Perception] Post 1: x=-0.11 y=-0.50 dist=0.52 m[0m
[03:18:56] [0m[INFO] [1779736729.511248739]: [Perception] Post 1: x=-0.19 y=-0.51 dist=0.54 m[0m
[03:18:56] [0m[INFO] [1779736729.861152315]: [Perception] Post 1: x=-0.25 y=-0.51 dist=0.57 m[0m
[03:18:56] [0m[INFO] [1779736730.161458222]: [Perception] Post 1: x=-0.29 y=-0.51 dist=0.59 m[0m
[03:18:56] [0m[INFO] [1779736730.211185973]: [Perception] Ball: x=1.33 y=0.61 dist=1.47 m[0m
[03:18:56] [0m[INFO] [1779736730.511180781]: [Perception] Post 1: x=-0.36 y=-0.51 dist=0.63 m[0m
[03:18:56] [0m[INFO] [1779736730.561330051]: [Perception] Ball: x=1.29 y=0.61 dist=1.42 m[0m
[03:18:56] [0m[INFO] [1779736730.811271088]: [Perception] Post 1: x=-0.42 y=-0.51 dist=0.66 m[0m
[03:18:56] [0m[INFO] [1779736730.911287705]: [Perception] Ball: x=1.22 y=0.60 dist=1.36 m[0m
[03:18:56] [0m[INFO] [1779736731.112108652]: [Perception] Post 1: x=-0.48 y=-0.52 dist=0.70 m[0m
[03:18:56] [0m[INFO] [1779736731.212370540]: [Perception] Ball: x=1.16 y=0.60 dist=1.31 m[0m
[03:18:56] [0m[INFO] [1779736731.412338448]: [Perception] Post 1: x=-0.53 y=-0.52 dist=0.74 m[0m
[03:18:56] [0m[INFO] [1779736731.562509235]: [Perception] Ball: x=1.10 y=0.60 dist=1.25 m[0m
[03:18:56] [0m[INFO] [1779736731.762307470]: [Perception] Post 1: x=-0.60 y=-0.52 dist=0.79 m[0m
[03:18:56] [0m[INFO] [1779736731.911935340]: [Perception] Ball: x=1.03 y=0.59 dist=1.19 m[0m
[03:18:56] [0m[INFO] [1779736732.111734082]: [Perception] Post 1: x=-0.65 y=-0.51 dist=0.83 m[0m
[03:18:56] [0m[INFO] [1779736732.261976146]: [Perception] Ball: x=0.97 y=0.58 dist=1.13 m[0m
[03:18:56] [0m[INFO] [1779736732.461617778]: [Perception] Post 1: x=-0.72 y=-0.52 dist=0.89 m[0m
[03:18:56] [0m[INFO] [1779736732.611427852]: [Perception] Ball: x=0.91 y=0.60 dist=1.09 m[0m
[03:18:56] [0m[INFO] [1779736732.811824201]: [Perception] Post 1: x=-0.79 y=-0.52 dist=0.94 m[0m
[03:18:56] [0m[INFO] [1779736732.961674644]: [Perception] Ball: x=0.84 y=0.60 dist=1.03 m[0m
[03:18:56] [0m[INFO] [1779736733.112225533]: [Perception] Post 1: x=-0.83 y=-0.53 dist=0.98 m[0m
[03:18:56] [0m[INFO] [1779736733.312256202]: [Perception] Ball: x=0.78 y=0.59 dist=0.98 m[0m
[03:18:56] [0m[INFO] [1779736733.461317605]: [Perception] Post 1: x=-0.89 y=-0.51 dist=1.03 m[0m
[03:18:56] [0m[INFO] [1779736733.661222345]: [Perception] Ball: x=0.78 y=0.58 dist=0.97 m[0m
[03:18:56] [0m[INFO] [1779736733.762586961]: [Perception] Post 1: x=-0.86 y=-0.50 dist=0.99 m[0m
[03:18:56] [0m[INFO] [1779736733.961848264]: [Perception] Ball: x=0.87 y=0.56 dist=1.03 m[0m
[03:18:56] [0m[INFO] [1779736734.111938103]: [Perception] Post 1: x=-0.79 y=-0.49 dist=0.93 m[0m
[03:18:56] [0m[INFO] [1779736734.262255366]: [Perception] Ball: x=0.91 y=0.57 dist=1.07 m[0m
[03:18:56] [0m[INFO] [1779736734.462805885]: [Perception] Post 1: x=-0.72 y=-0.48 dist=0.87 m[0m
[03:18:56] [0m[INFO] [1779736734.612294787]: [Perception] Ball: x=0.98 y=0.57 dist=1.13 m[0m
[03:18:56] [0m[INFO] [1779736734.811498686]: [Perception] Post 1: x=-0.68 y=-0.48 dist=0.83 m[0m
[03:18:56] [0m[INFO] [1779736734.962059385]: [Perception] Ball: x=1.05 y=0.57 dist=1.20 m[0m
[03:18:56] [0m[INFO] [1779736735.111777502]: [Perception] Post 1: x=-0.60 y=-0.48 dist=0.77 m[0m
[03:18:56] [0m[INFO] [1779736735.361700364]: [Perception] Ball: x=1.13 y=0.56 dist=1.26 m[0m
[03:18:56] [0m[INFO] [1779736735.462072264]: [Perception] Post 1: x=-0.54 y=-0.47 dist=0.72 m[0m
[03:18:56] [0m[INFO] [1779736735.711852680]: [Perception] Ball: x=1.17 y=0.57 dist=1.30 m[0m
[03:18:56] [0m[INFO] [1779736735.811669375]: [Perception] Post 1: x=-0.49 y=-0.47 dist=0.68 m[0m
[03:18:56] [0m[INFO] [1779736736.062309423]: [Perception] Ball: x=1.25 y=0.56 dist=1.37 m[0m
[03:19:05] [0m[INFO] [1779736736.112501977]: [Perception] Post 1: x=-0.42 y=-0.47 dist=0.63 m[0m
[03:19:05] [0m[INFO] [1779736736.461610993]: [Perception] Post 1: x=-0.35 y=-0.47 dist=0.58 m[0m
[03:19:05] [0m[INFO] [1779736736.761726445]: [Perception] Post 1: x=-0.30 y=-0.47 dist=0.56 m[0m
[03:19:05] [0m[INFO] [1779736737.062472689]: [Perception] Post 1: x=-0.26 y=-0.47 dist=0.53 m[0m
[03:19:05] [0m[INFO] [1779736737.412282156]: [Perception] Post 1: x=-0.19 y=-0.47 dist=0.50 m[0m
[03:19:05] [0m[INFO] [1779736737.762492823]: [Perception] Post 1: x=-0.11 y=-0.47 dist=0.48 m[0m
[03:19:05] [0m[INFO] [1779736738.062990962]: [Perception] Post 1: x=-0.06 y=-0.47 dist=0.47 m[0m
[03:19:05] [0m[INFO] [1779736738.411550631]: [Perception] Post 1: x=-0.05 y=-0.47 dist=0.47 m[0m
[03:19:05] [0m[INFO] [1779736738.761270302]: [Perception] Post 1: x=-0.11 y=-0.47 dist=0.48 m[0m
[03:19:05] [0m[INFO] [1779736739.062499007]: [Perception] Post 1: x=-0.16 y=-0.47 dist=0.49 m[0m
[03:19:05] [0m[INFO] [1779736739.413360529]: [Perception] Post 1: x=-0.23 y=-0.47 dist=0.52 m[0m
[03:19:05] [0m[INFO] [1779736739.761321176]: [Perception] Post 1: x=-0.27 y=-0.47 dist=0.54 m[0m
[03:19:05] [0m[INFO] [1779736739.913405332]: [Perception] Ball: x=1.35 y=0.63 dist=1.49 m[0m
[03:19:05] [0m[INFO] [1779736740.062318007]: [Perception] Post 1: x=-0.33 y=-0.47 dist=0.58 m[0m
[03:19:05] [0m[INFO] [1779736740.261952738]: [Perception] Ball: x=1.30 y=0.64 dist=1.45 m[0m
[03:19:05] [0m[INFO] [1779736740.362363134]: [Perception] Post 1: x=-0.39 y=-0.47 dist=0.61 m[0m
[03:19:05] [0m[INFO] [1779736740.562141277]: [Perception] Ball: x=1.23 y=0.63 dist=1.38 m[0m
[03:19:05] [0m[INFO] [1779736740.712652148]: [Perception] Post 1: x=-0.45 y=-0.48 dist=0.66 m[0m
[03:19:05] [0m[INFO] [1779736740.961468822]: [Perception] Ball: x=1.15 y=0.63 dist=1.31 m[0m
[03:19:05] [0m[INFO] [1779736741.062067180]: [Perception] Post 1: x=-0.50 y=-0.48 dist=0.69 m[0m
[03:19:05] [0m[INFO] [1779736741.261625444]: [Perception] Ball: x=1.11 y=0.63 dist=1.27 m[0m
[03:19:05] [0m[INFO] [1779736741.411684489]: [Perception] Post 1: x=-0.57 y=-0.48 dist=0.74 m[0m
[03:19:05] [0m[INFO] [1779736741.611553562]: [Perception] Ball: x=1.04 y=0.62 dist=1.21 m[0m
[03:19:05] [0m[INFO] [1779736741.711722735]: [Perception] Post 1: x=-0.64 y=-0.48 dist=0.80 m[0m
[03:19:05] [0m[INFO] [1779736741.961716629]: [Perception] Ball: x=0.97 y=0.62 dist=1.15 m[0m
[03:19:05] [0m[INFO] [1779736742.011819023]: [Perception] Post 1: x=-0.69 y=-0.48 dist=0.84 m[0m
[03:19:05] [0m[INFO] [1779736742.261815307]: [Perception] Ball: x=0.93 y=0.63 dist=1.12 m[0m
[03:19:05] [0m[INFO] [1779736742.362541428]: [Perception] Post 1: x=-0.75 y=-0.49 dist=0.90 m[0m
[03:19:05] [0m[INFO] [1779736742.562492367]: [Perception] Ball: x=0.88 y=0.62 dist=1.08 m[0m
[03:19:05] [0m[INFO] [1779736742.711527139]: [Perception] Post 1: x=-0.84 y=-0.47 dist=0.96 m[0m
[03:19:05] [0m[INFO] [1779736742.911483591]: [Perception] Ball: x=0.82 y=0.61 dist=1.02 m[0m
[03:19:05] [0m[INFO] [1779736743.062442840]: [Perception] Post 1: x=-0.88 y=-0.48 dist=1.00 m[0m
[03:19:05] [0m[INFO] [1779736743.212165482]: [Perception] Ball: x=0.77 y=0.62 dist=0.99 m[0m
[03:19:05] [0m[INFO] [1779736743.362509043]: [Perception] Post 1: x=-0.88 y=-0.48 dist=1.00 m[0m
[03:19:05] [0m[INFO] [1779736743.512709225]: [Perception] Ball: x=0.79 y=0.62 dist=1.01 m[0m
[03:19:05] [0m[INFO] [1779736743.663471133]: [Perception] Post 1: x=-0.81 y=-0.50 dist=0.95 m[0m
[03:19:05] [0m[INFO] [1779736743.862661360]: [Perception] Ball: x=0.86 y=0.64 dist=1.07 m[0m
[03:19:05] [0m[INFO] [1779736744.012634103]: [Perception] Post 1: x=-0.76 y=-0.47 dist=0.89 m[0m
[03:19:05] [0m[INFO] [1779736744.212211609]: [Perception] Ball: x=0.93 y=0.61 dist=1.11 m[0m
[03:19:05] [0m[INFO] [1779736744.361912137]: [Perception] Post 1: x=-0.71 y=-0.47 dist=0.85 m[0m
[03:19:05] [0m[INFO] [1779736744.561797920]: [Perception] Ball: x=1.00 y=0.61 dist=1.17 m[0m
[03:19:05] [0m[INFO] [1779736744.662094467]: [Perception] Post 1: x=-0.64 y=-0.47 dist=0.79 m[0m
[03:19:05] [0m[INFO] [1779736744.911423352]: [Perception] Ball: x=1.07 y=0.61 dist=1.23 m[0m
[03:19:05] [0m[INFO] [1779736745.011748418]: [Perception] Post 1: x=-0.57 y=-0.47 dist=0.74 m[0m
[03:19:05] [0m[INFO] [1779736745.211783344]: [Perception] Ball: x=1.11 y=0.62 dist=1.27 m[0m
[03:19:05] [0m[INFO] [1779736745.311751459]: [Perception] Post 1: x=-0.52 y=-0.47 dist=0.70 m[0m
[03:19:05] [0m[INFO] [1779736745.611765436]: [Perception] Post 1: x=-0.48 y=-0.46 dist=0.66 m[0m
[03:19:12] [0m[INFO] [1779736745.911794070]: [Perception] Post 1: x=-0.41 y=-0.46 dist=0.62 m[33m[WARN] [1779736752.312362716]: [Perception] Posts filtered out: 2 detected, no pair within 0.15m of goal width[0m
[03:19:15] [0m
[03:19:15] [0m[INFO] [1779736746.162266385]: [Perception] Ball: x=1.30 y=0.62 dist=1.44 m[0m
[03:19:15] [0m[INFO] [1779736746.213911253]: [Perception] Post 1: x=-0.36 y=-0.46 dist=0.58 m[0m
[03:19:15] [0m[INFO] [1779736746.511696130]: [Perception] Ball: x=1.35 y=0.62 dist=1.49 m[0m
[03:19:15] [0m[INFO] [1779736746.561749755]: [Perception] Post 1: x=-0.29 y=-0.46 dist=0.54 m[0m
[03:19:15] [0m[INFO] [1779736746.911439862]: [Perception] Post 1: x=-0.25 y=-0.46 dist=0.52 m[0m
[03:19:15] [0m[INFO] [1779736747.211935915]: [Perception] Post 1: x=-0.18 y=-0.45 dist=0.49 m[0m
[03:19:15] [0m[INFO] [1779736747.561756254]: [Perception] Post 1: x=-0.14 y=-0.45 dist=0.47 m[0m
[03:19:15] [0m[INFO] [1779736747.862048376]: [Perception] Post 1: x=-0.07 y=-0.45 dist=0.46 m[0m
[03:19:15] [0m[INFO] [1779736748.211972734]: [Perception] Post 1: x=-0.06 y=-0.45 dist=0.45 m[0m
[03:19:15] [0m[INFO] [1779736748.561742907]: [Perception] Post 1: x=-0.10 y=-0.45 dist=0.46 m[0m
[03:19:15] [0m[INFO] [1779736748.911538649]: [Perception] Post 1: x=-0.17 y=-0.45 dist=0.48 m[0m
[03:19:15] [0m[INFO] [1779736749.212422542]: [Perception] Post 1: x=-0.21 y=-0.45 dist=0.50 m[0m
[03:19:15] [0m[INFO] [1779736749.561937346]: [Perception] Post 1: x=-0.28 y=-0.45 dist=0.53 m[0m
[03:19:15] [0m[INFO] [1779736749.861829788]: [Perception] Ball: x=1.34 y=0.62 dist=1.47 m[0m
[03:19:15] [0m[INFO] [1779736749.861988646]: [Perception] Post 1: x=-0.35 y=-0.46 dist=0.57 m[0m
[03:19:15] [0m[INFO] [1779736750.211718246]: [Perception] Ball: x=1.29 y=0.61 dist=1.43 m[0m
[03:19:15] [0m[INFO] [1779736750.211890881]: [Perception] Post 1: x=-0.39 y=-0.46 dist=0.60 m[0m
[03:19:15] [0m[INFO] [1779736750.561779235]: [Perception] Ball: x=1.21 y=0.61 dist=1.36 m[0m
[03:19:15] [0m[INFO] [1779736750.561936680]: [Perception] Post 1: x=-0.46 y=-0.46 dist=0.65 m[0m
[03:19:15] [0m[INFO] [1779736750.911671503]: [Perception] Ball: x=1.14 y=0.62 dist=1.30 m[0m
[03:19:15] [0m[INFO] [1779736750.911803372]: [Perception] Post 1: x=-0.53 y=-0.46 dist=0.71 m[0m
[03:19:15] [0m[INFO] [1779736751.211711112]: [Perception] Ball: x=1.10 y=0.60 dist=1.26 m[0m
[03:19:15] [0m[INFO] [1779736751.211831466]: [Perception] Post 1: x=-0.58 y=-0.46 dist=0.74 m[0m
[03:19:15] [0m[INFO] [1779736751.561509258]: [Perception] Ball: x=1.03 y=0.61 dist=1.20 m[0m
[03:19:15] [0m[INFO] [1779736751.561619594]: [Perception] Post 1: x=-0.65 y=-0.47 dist=0.80 m[0m
[03:19:15] [0m[INFO] [1779736751.861809746]: [Perception] Ball: x=0.99 y=0.61 dist=1.16 m[0m
[03:19:15] [0m[INFO] [1779736751.861973377]: [Perception] Post 1: x=-0.70 y=-0.47 dist=0.84 m[0m
[03:19:15] [0m[INFO] [1779736752.162301601]: [Perception] Ball: x=0.91 y=0.61 dist=1.09 m[0m
[03:19:15] [0m[INFO] [1779736752.162473423]: [Perception] Post 1: x=-0.77 y=-0.47 dist=0.90 m[0m
[03:19:15] [0m[INFO] [1779736752.462641921]: [Perception] Ball: x=0.86 y=0.61 dist=1.06 m[0m
[03:19:15] [0m[INFO] [1779736752.462901763]: [Perception] Post 1: x=-0.82 y=-0.47 dist=0.94 m[0m
[03:19:15] [0m[INFO] [1779736752.762923680]: [Perception] Ball: x=0.81 y=0.50 dist=0.95 m[0m
[03:19:15] [0m[INFO] [1779736752.763129422]: [Perception] Post 1: x=-0.86 y=-0.48 dist=0.98 m[0m
[03:19:15] [0m[INFO] [1779736753.112233639]: [Perception] Ball: x=0.72 y=0.15 dist=0.74 m[0m
[03:19:15] [0m[INFO] [1779736753.112438600]: [Perception] Post 1: x=-0.89 y=-0.48 dist=1.01 m[0m
[03:19:15] [0m[INFO] [1779736753.461208677]: [Perception] Ball: x=0.71 y=0.18 dist=0.74 m[0m
[03:19:15] [0m[INFO] [1779736753.461282424]: [Perception] Post 1: x=-0.83 y=-0.47 dist=0.95 m[0m
[03:19:15] [0m[INFO] [1779736753.761780599]: [Perception] Ball: x=0.58 y=0.30 dist=0.65 m[0m
[03:19:15] [0m[INFO] [1779736753.761914861]: [Perception] Post 1: x=-0.78 y=-0.47 dist=0.91 m[0m
[03:19:15] [0m[INFO] [1779736754.111928719]: [Perception] Ball: x=0.39 y=0.45 dist=0.60 m[0m
[03:19:15] [0m[INFO] [1779736754.112082493]: [Perception] Post 1: x=-0.75 y=-0.47 dist=0.89 m[0m
[03:19:15] [0m[INFO] [1779736754.461767300]: [Perception] Ball: x=0.10 y=0.63 dist=0.64 m[0m
[03:19:15] [0m[INFO] [1779736754.461907741]: [Perception] Post 1: x=-0.81 y=-0.48 dist=0.94 m[0m
[03:19:15] [0m[INFO] [1779736754.812286231]: [Perception] Ball: x=-0.08 y=0.74 dist=0.75 m[0m
[03:19:15] [0m[INFO] [1779736754.812428291]: [Perception] Post 1: x=-0.86 y=-0.47 dist=0.98 m[0m
[03:19:15] [0m[INFO] [1779736755.112557399]: [Perception] Ball: x=-0.29 y=0.94 dist=0.98 m[0m
[03:19:15] [0m[INFO] [1779736755.112725720]: [Perception] Post 1: x=-0.90 y=-0.44 dist=1.00 m[0m
[03:19:29] [0m[INFO] [1779736755.412684674]: [Perception] Ball: x=-0.43 y=1.05 dist=1.13 m[0m
[03:19:29] [0m[INFO] [1779736755.412930645]: [Perception] Post 1: x=-0.83 y=-0.47 dist=0.95 m[0m
[03:19:29] [0m[INFO] [1779736755.761509697]: [Perception] Ball: x=-0.60 y=1.20 dist=1.34 m[0m
[03:19:29] [0m[INFO] [1779736755.761638074]: [Perception] Post 1: x=-0.73 y=-0.49 dist=0.88 m[0m
[03:19:29] [0m[INFO] [1779736756.111525395]: [Perception] Post 1: x=-0.65 y=-0.49 dist=0.82 m[0m
[03:19:29] [0m[INFO] [1779736756.461535934]: [Perception] Post 1: x=-0.61 y=-0.48 dist=0.78 m[0m
[03:19:29] [0m[INFO] [1779736756.763239338]: [Perception] Post 1: x=-0.58 y=-0.46 dist=0.74 m[0m
[03:19:29] [0m[INFO] [1779736757.111504224]: [Perception] Post 1: x=-0.53 y=-0.46 dist=0.70 m[0m
[03:19:29] [0m[INFO] [1779736757.411766751]: [Perception] Post 1: x=-0.46 y=-0.46 dist=0.65 m[0m
[03:19:29] [0m[INFO] [1779736757.712698743]: [Perception] Post 1: x=-0.41 y=-0.46 dist=0.62 m[0m
[03:19:29] [0m[INFO] [1779736758.061474416]: [Perception] Post 1: x=-0.34 y=-0.45 dist=0.57 m[0m
[03:19:29] [0m[INFO] [1779736758.361736308]: [Perception] Post 1: x=-0.30 y=-0.45 dist=0.54 m[0m
[03:19:29] [0m[INFO] [1779736758.661760954]: [Perception] Post 1: x=-0.23 y=-0.45 dist=0.51 m[0m
[03:19:29] [0m[INFO] [1779736758.963853718]: [Perception] Post 1: x=-0.19 y=-0.45 dist=0.49 m[0m
[03:19:29] [0m[INFO] [1779736759.311758916]: [Perception] Post 1: x=-0.12 y=-0.45 dist=0.46 m[0m
[03:19:29] [0m[INFO] [1779736759.662164130]: [Perception] Post 1: x=-0.07 y=-0.45 dist=0.45 m[0m
[03:19:29] [0m[INFO] [1779736759.962786520]: [Perception] Post 1: x=-0.05 y=-0.45 dist=0.45 m[0m
[03:19:29] [0m[INFO] [1779736760.311497518]: [Perception] Post 1: x=-0.12 y=-0.45 dist=0.46 m[0m
[03:19:29] [0m[INFO] [1779736760.611727560]: [Perception] Post 1: x=-0.16 y=-0.45 dist=0.48 m[0m
[03:19:29] [0m[INFO] [1779736760.961607561]: [Perception] Post 1: x=-0.23 y=-0.45 dist=0.51 m[0m
[03:19:29] [0m[INFO] [1779736761.262125549]: [Perception] Post 1: x=-0.28 y=-0.45 dist=0.53 m[0m
[03:19:29] [0m[INFO] [1779736761.562552880]: [Perception] Post 1: x=-0.32 y=-0.45 dist=0.55 m[0m
[03:19:29] [0m[INFO] [1779736761.912106102]: [Perception] Post 1: x=-0.39 y=-0.45 dist=0.60 m[0m
[03:19:29] [0m[INFO] [1779736762.261330481]: [Perception] Post 1: x=-0.46 y=-0.46 dist=0.65 m[0m
[03:19:29] [0m[INFO] [1779736762.562193479]: [Perception] Post 1: x=-0.50 y=-0.46 dist=0.68 m[0m
[03:19:29] [0m[INFO] [1779736762.911502668]: [Perception] Post 1: x=-0.58 y=-0.46 dist=0.74 m[0m
[03:19:29] [0m[INFO] [1779736763.261442708]: [Perception] Post 1: x=-0.65 y=-0.46 dist=0.79 m[0m
[03:19:29] [0m[INFO] [1779736763.562045016]: [Perception] Post 1: x=-0.69 y=-0.47 dist=0.83 m[0m
[03:19:29] [0m[INFO] [1779736763.911815507]: [Perception] Post 1: x=-0.76 y=-0.47 dist=0.89 m[0m
[03:19:29] [0m[INFO] [1779736764.262383640]: [Perception] Post 1: x=-0.81 y=-0.47 dist=0.94 m[0m
[03:19:29] [0m[INFO] [1779736764.613416382]: [Perception] Post 1: x=-0.88 y=-0.47 dist=1.00 m[0m
[03:19:29] [0m[INFO] [1779736764.961804806]: [Perception] Post 1: x=-0.86 y=-0.48 dist=0.98 m[0m
[03:19:29] [0m[INFO] [1779736765.312331251]: [Perception] Post 1: x=-0.77 y=-0.51 dist=0.92 m[0m
[03:19:29] [0m[INFO] [1779736765.661974464]: [Perception] Post 1: x=-0.73 y=-0.49 dist=0.88 m[0m
[03:19:29] [0m[INFO] [1779736766.011496716]: [Perception] Post 1: x=-0.67 y=-0.47 dist=0.82 m[0m
[03:19:29] [0m[INFO] [1779736766.362345842]: [Perception] Post 1: x=-0.60 y=-0.47 dist=0.76 m[0m
[03:19:29] [0m[INFO] [1779736766.711988309]: [Perception] Post 1: x=-0.53 y=-0.47 dist=0.71 m[0m
[03:19:29] [0m[INFO] [1779736767.012303261]: [Perception] Post 1: x=-0.49 y=-0.46 dist=0.67 m[0m
[03:19:29] [0m[INFO] [1779736767.312565945]: [Perception] Post 1: x=-0.44 y=-0.46 dist=0.64 m[0m
[03:19:29] [0m[INFO] [1779736767.612564887]: [Perception] Post 1: x=-0.37 y=-0.46 dist=0.59 m[0m
[03:19:29] [0m[INFO] [1779736767.912668837]: [Perception] Post 1: x=-0.33 y=-0.46 dist=0.56 m[0m
[03:19:29] [0m[INFO] [1779736768.261788130]: [Perception] Post 1: x=-0.26 y=-0.46 dist=0.52 m[0m
[03:19:29] [0m[INFO] [1779736768.561941431]: [Perception] Post 1: x=-0.22 y=-0.45 dist=0.50 m[0m
[03:19:29] [0m[INFO] [1779736768.911186055]: [Perception] Post 1: x=-0.15 y=-0.45 dist=0.47 m[0m
[03:19:29] [0m[INFO] [1779736769.211830916]: [Perception] Post 1: x=-0.10 y=-0.45 dist=0.46 m[0m
[03:19:29] [0m[INFO] [1779736769.511869683]: [Perception] Post 1: x=-0.05 y=-0.45 dist=0.45 m[0m
[03:19:45] [0m[INFO] [1779736769.861227386]: [Perception] Post 1: x=-0.06 y=-0.45 dist=0.45 m[0m
[03:19:45] [0m[INFO] [1779736770.162416038]: [Perception] Post 1: x=-0.13 y=-0.45 dist=0.47 m[0m
[03:19:45] [0m[INFO] [1779736770.512339441]: [Perception] Post 1: x=-0.18 y=-0.45 dist=0.48 m[0m
[03:19:45] [0m[INFO] [1779736770.861507746]: [Perception] Post 1: x=-0.24 y=-0.45 dist=0.51 m[0m
[03:19:45] [0m[INFO] [1779736771.162249182]: [Perception] Post 1: x=-0.29 y=-0.46 dist=0.54 m[0m
[03:19:45] [0m[INFO] [1779736771.511524118]: [Perception] Post 1: x=-0.36 y=-0.46 dist=0.58 m[0m
[03:19:45] [0m[INFO] [1779736771.811827817]: [Perception] Post 1: x=-0.43 y=-0.46 dist=0.63 m[0m
[03:19:45] [0m[INFO] [1779736772.161562471]: [Perception] Post 1: x=-0.47 y=-0.46 dist=0.66 m[0m
[03:19:45] [0m[INFO] [1779736772.462171076]: [Perception] Post 1: x=-0.54 y=-0.46 dist=0.71 m[0m
[03:19:45] [0m[INFO] [1779736772.811569071]: [Perception] Post 1: x=-0.62 y=-0.46 dist=0.77 m[0m
[03:19:45] [0m[INFO] [1779736773.112359102]: [Perception] Post 1: x=-0.66 y=-0.46 dist=0.81 m[0m
[03:19:45] [0m[INFO] [1779736773.462236473]: [Perception] Post 1: x=-0.73 y=-0.47 dist=0.87 m[0m
[03:19:45] [0m[INFO] [1779736773.812734984]: [Perception] Post 1: x=-0.78 y=-0.46 dist=0.91 m[0m
[03:19:45] [0m[INFO] [1779736774.161812850]: [Perception] Post 1: x=-0.85 y=-0.47 dist=0.97 m[0m
[03:19:45] [0m[INFO] [1779736774.511909130]: [Perception] Post 1: x=-0.92 y=-0.43 dist=1.01 m[0m
[03:19:45] [0m[INFO] [1779736774.812082748]: [Perception] Post 1: x=-0.87 y=-0.46 dist=0.98 m[0m
[03:19:45] [0m[INFO] [1779736775.161459693]: [Perception] Post 1: x=-0.77 y=-0.49 dist=0.92 m[0m
[03:19:45] [0m[INFO] [1779736775.512088307]: [Perception] Post 1: x=-0.69 y=-0.51 dist=0.86 m[0m
[03:19:45] [0m[INFO] [1779736775.812418874]: [Perception] Post 1: x=-0.65 y=-0.49 dist=0.82 m[0m
[03:19:45] [0m[INFO] [1779736776.112445419]: [Perception] Post 1: x=-0.63 y=-0.47 dist=0.78 m[0m
[03:19:45] [0m[INFO] [1779736776.412654589]: [Perception] Post 1: x=-0.56 y=-0.47 dist=0.73 m[0m
[03:19:45] [0m[INFO] [1779736776.712887242]: [Perception] Post 1: x=-0.51 y=-0.46 dist=0.69 m[0m
[03:19:45] [0m[INFO] [1779736777.061410847]: [Perception] Post 1: x=-0.44 y=-0.46 dist=0.64 m[0m
[03:19:45] [0m[INFO] [1779736777.361925698]: [Perception] Post 1: x=-0.40 y=-0.46 dist=0.61 m[0m
[03:19:45] [0m[INFO] [1779736777.711623892]: [Perception] Post 1: x=-0.33 y=-0.45 dist=0.56 m[0m
[03:19:45] [0m[INFO] [1779736778.011967109]: [Perception] Post 1: x=-0.28 y=-0.45 dist=0.53 m[0m
[03:19:45] [0m[INFO] [1779736778.312007337]: [Perception] Post 1: x=-0.22 y=-0.45 dist=0.50 m[0m
[03:19:45] [0m[INFO] [1779736778.612632129]: [Perception] Post 1: x=-0.17 y=-0.45 dist=0.48 m[0m
[03:19:45] [0m[INFO] [1779736778.961595012]: [Perception] Post 1: x=-0.10 y=-0.45 dist=0.46 m[0m
[03:19:45] [0m[INFO] [1779736779.311263436]: [Perception] Post 1: x=-0.06 y=-0.45 dist=0.45 m[0m
[03:19:45] [0m[INFO] [1779736779.611991926]: [Perception] Post 1: x=-0.05 y=-0.45 dist=0.45 m[0m
[03:19:45] [0m[INFO] [1779736779.912408733]: [Perception] Post 1: x=-0.09 y=-0.45 dist=0.46 m[0m
[03:19:45] [0m[INFO] [1779736780.261954320]: [Perception] Post 1: x=-0.16 y=-0.45 dist=0.48 m[0m
[03:19:45] [0m[INFO] [1779736780.611848816]: [Perception] Post 1: x=-0.23 y=-0.45 dist=0.51 m[0m
[03:19:45] [0m[INFO] [1779736780.961441023]: [Perception] Post 1: x=-0.27 y=-0.45 dist=0.53 m[0m
[03:19:45] [0m[INFO] [1779736781.261782135]: [Perception] Post 1: x=-0.34 y=-0.46 dist=0.57 m[0m
[03:19:45] [0m[INFO] [1779736781.612377374]: [Perception] Post 1: x=-0.39 y=-0.45 dist=0.60 m[0m
[03:19:45] [0m[INFO] [1779736781.962077972]: [Perception] Post 1: x=-0.46 y=-0.46 dist=0.65 m[0m
[03:19:45] [0m[INFO] [1779736782.311410729]: [Perception] Post 1: x=-0.53 y=-0.46 dist=0.70 m[0m
[03:19:45] [0m[INFO] [1779736782.612336715]: [Perception] Post 1: x=-0.58 y=-0.46 dist=0.74 m[0m
[03:19:45] [0m[INFO] [1779736782.912466163]: [Perception] Post 1: x=-0.65 y=-0.46 dist=0.80 m[0m
[03:19:45] [0m[INFO] [1779736783.261682065]: [Perception] Post 1: x=-0.69 y=-0.46 dist=0.83 m[0m
[03:19:45] [0m[INFO] [1779736783.611536311]: [Perception] Post 1: x=-0.79 y=-0.41 dist=0.90 m[0m
[03:19:45] [0m[INFO] [1779736783.911618912]: [Perception] Post 1: x=-0.86 y=-0.38 dist=0.94 m[0m
[03:19:45] [0m[INFO] [1779736784.212348353]: [Perception] Post 1: x=0.03 y=-0.45 dist=0.45 m[0m
[03:19:45] [0m[INFO] [1779736784.561813540]: [Perception] Post 1: x=-0.90 y=-0.43 dist=1.00 m[0m
[03:19:45] [0m[INFO] [1779736784.911579473]: [Perception] Post 1: x=-0.84 y=-0.45 dist=0.95 m[0m
[03:20:00] [0m[INFO] [1779736785.212390650]: [Perception] Post 1: x=-0.77 y=-0.44 dist=0.89 m[0m
[03:20:00] [0m[INFO] [1779736785.513279180]: [Perception] Post 1: x=-0.72 y=-0.44 dist=0.84 m[0m
[03:20:00] [0m[INFO] [1779736785.862488679]: [Perception] Post 1: x=-0.63 y=-0.47 dist=0.78 m[0m
[03:20:00] [0m[INFO] [1779736786.212080938]: [Perception] Post 1: x=-0.57 y=-0.49 dist=0.75 m[0m
[03:20:00] [0m[INFO] [1779736786.561452275]: [Perception] Post 1: x=-0.52 y=-0.46 dist=0.69 m[0m
[03:20:00] [0m[INFO] [1779736786.861692604]: [Perception] Post 1: x=-0.47 y=-0.46 dist=0.66 m[0m
[03:20:00] [0m[INFO] [1779736787.161688874]: [Perception] Post 1: x=-0.40 y=-0.46 dist=0.61 m[0m
[03:20:00] [0m[INFO] [1779736787.461815235]: [Perception] Post 1: x=-0.36 y=-0.46 dist=0.58 m[0m
[03:20:00] [0m[INFO] [1779736787.811550513]: [Perception] Post 1: x=-0.29 y=-0.45 dist=0.54 m[0m
[03:20:00] [0m[INFO] [1779736788.112780933]: [Perception] Post 1: x=-0.24 y=-0.45 dist=0.51 m[0m
[03:20:00] [0m[INFO] [1779736788.462232357]: [Perception] Post 1: x=-0.18 y=-0.45 dist=0.48 m[0m
[03:20:00] [0m[INFO] [1779736788.762315186]: [Perception] Post 1: x=-0.13 y=-0.45 dist=0.47 m[0m
[03:20:00] [0m[INFO] [1779736789.062568076]: [Perception] Post 1: x=-0.07 y=-0.45 dist=0.45 m[0m
[03:20:00] [0m[INFO] [1779736789.412060564]: [Perception] Post 1: x=-0.04 y=-0.45 dist=0.45 m[0m
[03:20:00] [0m[INFO] [1779736789.761668842]: [Perception] Post 1: x=-0.07 y=-0.45 dist=0.45 m[0m
[03:20:00] [0m[INFO] [1779736790.111484128]: [Perception] Post 1: x=-0.14 y=-0.45 dist=0.47 m[0m
[03:20:00] [0m[INFO] [1779736790.462063350]: [Perception] Post 1: x=-0.21 y=-0.45 dist=0.50 m[0m
[03:20:00] [0m[INFO] [1779736790.811651225]: [Perception] Post 1: x=-0.28 y=-0.45 dist=0.53 m[0m
[03:20:00] [0m[INFO] [1779736791.112615539]: [Perception] Post 1: x=-0.33 y=-0.45 dist=0.56 m[0m
[03:20:00] [0m[INFO] [1779736791.462691291]: [Perception] Post 1: x=-0.39 y=-0.46 dist=0.60 m[0m
[03:20:00] [0m[INFO] [1779736791.812518714]: [Perception] Post 1: x=-0.44 y=-0.46 dist=0.64 m[0m
[03:20:00] [0m[INFO] [1779736792.162009926]: [Perception] Post 1: x=-0.51 y=-0.46 dist=0.69 m[0m
[03:20:00] [0m[INFO] [1779736792.511707546]: [Perception] Post 1: x=-0.58 y=-0.46 dist=0.74 m[0m
[03:20:00] [0m[INFO] [1779736792.861642394]: [Perception] Post 1: x=-0.65 y=-0.46 dist=0.80 m[0m
[03:20:00] [0m[INFO] [1779736793.161748925]: [Perception] Post 1: x=-0.70 y=-0.46 dist=0.84 m[0m
[03:20:00] [0m[INFO] [1779736793.512381428]: [Perception] Post 1: x=-0.79 y=-0.43 dist=0.90 m[0m
[03:20:00] [0m[INFO] [1779736793.861888677]: [Perception] Post 1: x=-0.85 y=-0.40 dist=0.94 m[0m
[03:20:00] [0m[INFO] [1779736794.162468962]: [Perception] Post 1: x=-0.93 y=-0.39 dist=1.01 m[0m
[03:20:00] [0m[INFO] [1779736794.511997061]: [Perception] Post 1: x=-0.93 y=-0.41 dist=1.01 m[0m
[03:20:00] [0m[INFO] [1779736794.862916667]: [Perception] Post 1: x=-0.82 y=-0.46 dist=0.94 m[0m
[03:20:00] [0m[INFO] [1779736795.211636595]: [Perception] Post 1: x=-0.72 y=-0.50 dist=0.88 m[0m
[03:20:00] [0m[INFO] [1779736795.561738556]: [Perception] Post 1: x=-0.65 y=-0.50 dist=0.82 m[0m
[03:20:00] [0m[INFO] [1779736795.862413462]: [Perception] Post 1: x=-0.63 y=-0.48 dist=0.79 m[0m
[03:20:00] [0m[INFO] [1779736796.211293401]: [Perception] Post 1: x=-0.56 y=-0.47 dist=0.73 m[0m
[03:20:00] [0m[INFO] [1779736796.511951339]: [Perception] Post 1: x=-0.51 y=-0.47 dist=0.69 m[0m
[03:20:00] [0m[INFO] [1779736796.861788688]: [Perception] Post 1: x=-0.44 y=-0.47 dist=0.64 m[0m
[03:20:00] [0m[INFO] [1779736797.162773081]: [Perception] Post 1: x=-0.40 y=-0.46 dist=0.61 m[0m
[03:20:00] [0m[INFO] [1779736797.513222074]: [Perception] Post 1: x=-0.33 y=-0.46 dist=0.57 m[0m
[03:20:00] [0m[INFO] [1779736797.862230122]: [Perception] Post 1: x=-0.26 y=-0.46 dist=0.53 m[0m
[03:20:00] [0m[INFO] [1779736798.211328508]: [Perception] Post 1: x=-0.20 y=-0.46 dist=0.50 m[0m
[03:20:00] [0m[INFO] [1779736798.511550490]: [Perception] Post 1: x=-0.15 y=-0.46 dist=0.48 m[0m
[03:20:00] [0m[INFO] [1779736798.861709773]: [Perception] Post 1: x=-0.08 y=-0.45 dist=0.46 m[0m
[03:20:00] [0m[INFO] [1779736799.211509108]: [Perception] Post 1: x=-0.05 y=-0.45 dist=0.46 m[0m
[03:20:00] [0m[INFO] [1779736799.511634257]: [Perception] Post 1: x=-0.07 y=-0.45 dist=0.46 m[0m
[03:20:00] [0m[INFO] [1779736799.811833705]: [Perception] Post 1: x=-0.11 y=-0.45 dist=0.47 m[0m
[03:20:00] [0m[INFO] [1779736800.112199728]: [Perception] Post 1: x=-0.16 y=-0.46 dist=0.48 m[0m
[03:20:00] [0m[INFO] [1779736800.462835616]: [Perception] Post 1: x=-0.23 y=-0.46 dist=0.51 m[0m
[03:20:05] [0m[33m[WARN] [1779736805.911490971]: [Perception] Posts filtered out: 2 detected, no pair within 0.15m of goal width[0m
[03:20:14] [INFO] [1779736800.763020026]: [Perception] Post 1: x=-0.27 y=-0.46 dist=0.53 m[0m
[03:20:14] [0m[INFO] [1779736801.111855692]: [Perception] Post 1: x=-0.34 y=-0.46 dist=0.57 m[0m
[03:20:14] [0m[INFO] [1779736801.412223257]: [Perception] Post 1: x=-0.41 y=-0.46 dist=0.62 m[0m
[03:20:14] [0m[INFO] [1779736801.761676648]: [Perception] Post 1: x=-0.46 y=-0.46 dist=0.65 m[0m
[03:20:14] [0m[INFO] [1779736802.111329555]: [Perception] Post 1: x=-0.53 y=-0.46 dist=0.70 m[0m
[03:20:14] [0m[INFO] [1779736802.211438095]: [Perception] Ball: x=0.09 y=1.12 dist=1.12 m[0m
[03:20:14] [0m[INFO] [1779736802.411622665]: [Perception] Post 1: x=-0.57 y=-0.47 dist=0.74 m[0m
[03:20:14] [0m[INFO] [1779736802.511693704]: [Perception] Ball: x=0.04 y=0.95 dist=0.95 m[0m
[03:20:14] [0m[INFO] [1779736802.711689623]: [Perception] Post 1: x=-0.63 y=-0.47 dist=0.78 m[0m
[03:20:14] [0m[INFO] [1779736802.961916510]: [Perception] Ball: x=-0.02 y=0.65 dist=0.65 m[0m
[03:20:14] [0m[INFO] [1779736803.012298078]: [Perception] Post 1: x=-0.65 y=-0.47 dist=0.80 m[0m
[03:20:14] [0m[INFO] [1779736803.363013752]: [Perception] Post 1: x=-0.65 y=-0.47 dist=0.80 m[0m
[03:20:14] [0m[INFO] [1779736803.712074246]: [Perception] Post 1: x=-0.63 y=-0.47 dist=0.78 m[0m
[03:20:14] [0m[INFO] [1779736804.012519633]: [Perception] Post 1: x=-0.64 y=-0.43 dist=0.78 m[0m
[03:20:14] [0m[INFO] [1779736804.361317157]: [Perception] Post 1: x=-0.68 y=-0.44 dist=0.81 m[0m
[03:20:14] [0m[INFO] [1779736804.661911103]: [Perception] Post 1: x=-0.73 y=-0.44 dist=0.86 m[0m
[03:20:14] [0m[INFO] [1779736805.012183742]: [Perception] Post 1: x=-0.81 y=-0.44 dist=0.92 m[0m
[03:20:14] [0m[INFO] [1779736805.361891465]: [Perception] Post 1: x=-0.85 y=-0.45 dist=0.96 m[0m
[03:20:14] [0m[INFO] [1779736805.662035110]: [Perception] Post 1: x=-0.89 y=-0.45 dist=1.00 m[0m
[03:20:14] [0m[INFO] [1779736806.062603967]: [Perception] Post 1: x=-0.82 y=-0.45 dist=0.94 m[0m
[03:20:14] [0m[INFO] [1779736806.412195630]: [Perception] Post 1: x=-0.75 y=-0.45 dist=0.88 m[0m
[03:20:14] [0m[INFO] [1779736806.713416199]: [Perception] Post 1: x=-0.71 y=-0.44 dist=0.83 m[0m
[03:20:14] [0m[INFO] [1779736807.062998701]: [Perception] Post 1: x=-0.64 y=-0.44 dist=0.77 m[0m
[03:20:14] [0m[INFO] [1779736807.312036976]: [Perception] Ball: x=-0.10 y=0.64 dist=0.65 m[0m
[03:20:14] [0m[INFO] [1779736807.411697607]: [Perception] Post 1: x=-0.57 y=-0.44 dist=0.72 m[0m
[03:20:14] [0m[INFO] [1779736807.612526291]: [Perception] Ball: x=-0.14 y=0.98 dist=0.99 m[0m
[03:20:14] [0m[INFO] [1779736807.713394409]: [Perception] Post 1: x=-0.52 y=-0.44 dist=0.68 m[0m
[03:20:14] [0m[INFO] [1779736808.061840843]: [Perception] Post 1: x=-0.43 y=-0.44 dist=0.62 m[0m
[03:20:14] [0m[INFO] [1779736808.411553478]: [Perception] Post 1: x=-0.37 y=-0.44 dist=0.58 m[0m
[03:20:14] [0m[INFO] [1779736808.711886363]: [Perception] Post 1: x=-0.32 y=-0.45 dist=0.55 m[0m
[03:20:14] [0m[INFO] [1779736809.062273603]: [Perception] Post 1: x=-0.23 y=-0.46 dist=0.51 m[0m
[03:20:14] [0m[INFO] [1779736809.362337406]: [Perception] Post 1: x=-0.17 y=-0.46 dist=0.49 m[0m
[03:20:14] [0m[INFO] [1779736809.662745793]: [Perception] Post 1: x=-0.14 y=-0.46 dist=0.48 m[0m
[03:20:14] [0m[INFO] [1779736810.011786757]: [Perception] Post 1: x=-0.09 y=-0.45 dist=0.46 m[0m
[03:20:14] [0m[INFO] [1779736810.362309155]: [Perception] Post 1: x=-0.03 y=-0.45 dist=0.45 m[0m
[03:20:14] [0m[INFO] [1779736810.711680109]: [Perception] Post 1: x=-0.04 y=-0.45 dist=0.45 m[0m
[03:20:14] [0m[INFO] [1779736811.012080443]: [Perception] Post 1: x=-0.11 y=-0.45 dist=0.46 m[0m
[03:20:14] [0m[INFO] [1779736811.361890852]: [Perception] Post 1: x=-0.18 y=-0.45 dist=0.49 m[0m
[03:20:14] [0m[INFO] [1779736811.662074708]: [Perception] Post 1: x=-0.22 y=-0.45 dist=0.50 m[0m
[03:20:14] [0m[INFO] [1779736812.011563814]: [Perception] Post 1: x=-0.29 y=-0.46 dist=0.54 m[0m
[03:20:14] [0m[INFO] [1779736812.312231908]: [Perception] Post 1: x=-0.34 y=-0.45 dist=0.57 m[0m
[03:20:14] [0m[INFO] [1779736812.662298351]: [Perception] Post 1: x=-0.44 y=-0.43 dist=0.61 m[0m
[03:20:14] [0m[INFO] [1779736812.962974975]: [Perception] Post 1: x=-0.50 y=-0.41 dist=0.65 m[0m
[03:20:14] [0m[INFO] [1779736813.311786120]: [Perception] Post 1: x=-0.55 y=-0.45 dist=0.71 m[0m
[03:20:14] [0m[INFO] [1779736813.611837464]: [Perception] Post 1: x=-0.60 y=-0.45 dist=0.75 m[0m
[03:20:14] [0m[INFO] [1779736813.961542088]: [Perception] Post 1: x=-0.66 y=-0.45 dist=0.80 m[0m
[03:20:24] [0m[INFO] [1779736814.261926771]: [Perception] Post 1: x=-0.71 y=-0.[33m[WARN] [1779736824.511523606]: [Perception] Posts filtered out: 2 detected, no pair within 0.15m of goal width[0m
[03:20:27] 45 dist=0.84 m[0m
[03:20:27] [0m[INFO] [1779736814.411846257]: [Perception] Ball: x=-0.48 y=0.91 dist=1.03 m[0m
[03:20:27] [0m[INFO] [1779736814.562082818]: [Perception] Post 1: x=-0.78 y=-0.46 dist=0.90 m[0m
[03:20:27] [0m[INFO] [1779736814.761697393]: [Perception] Ball: x=-0.44 y=0.72 dist=0.84 m[0m
[03:20:27] [0m[INFO] [1779736814.911729984]: [Perception] Post 1: x=-0.78 y=-0.45 dist=0.91 m[0m
[03:20:27] [0m[INFO] [1779736815.062573553]: [Perception] Ball: x=-0.31 y=0.46 dist=0.55 m[0m
[03:20:27] [0m[INFO] [1779736815.212546531]: [Perception] Post 1: x=-0.71 y=-0.46 dist=0.84 m[0m
[03:20:27] [0m[INFO] [1779736815.562019292]: [Perception] Post 1: x=-0.64 y=-0.44 dist=0.77 m[0m
[03:20:27] [0m[INFO] [1779736815.862383171]: [Perception] Post 1: x=-0.58 y=-0.44 dist=0.73 m[0m
[03:20:27] [0m[INFO] [1779736816.211751582]: [Perception] Post 1: x=-0.56 y=-0.43 dist=0.71 m[0m
[03:20:27] [0m[INFO] [1779736816.561181856]: [Perception] Post 1: x=-0.61 y=-0.44 dist=0.75 m[0m
[03:20:27] [0m[INFO] [1779736816.861865844]: [Perception] Post 1: x=-0.68 y=-0.44 dist=0.81 m[0m
[03:20:27] [0m[INFO] [1779736817.161915157]: [Perception] Post 1: x=-0.73 y=-0.44 dist=0.85 m[0m
[03:20:27] [0m[INFO] [1779736817.511656999]: [Perception] Post 1: x=-0.80 y=-0.43 dist=0.91 m[0m
[03:20:27] [0m[INFO] [1779736817.861564346]: [Perception] Post 1: x=-0.87 y=-0.40 dist=0.96 m[0m
[03:20:27] [0m[INFO] [1779736818.162448504]: [Perception] Post 1: x=0.02 y=-0.45 dist=0.45 m[0m
[03:20:27] [0m[INFO] [1779736818.262006986]: [Perception] Ball: x=-0.39 y=0.46 dist=0.60 m[0m
[03:20:27] [0m[INFO] [1779736818.512513821]: [Perception] Post 1: x=-0.84 y=-0.46 dist=0.96 m[0m
[03:20:27] [0m[INFO] [1779736818.562460416]: [Perception] Ball: x=-0.59 y=0.72 dist=0.94 m[0m
[03:20:27] [0m[INFO] [1779736818.862298752]: [Perception] Post 1: x=-0.77 y=-0.49 dist=0.91 m[0m
[03:20:27] [0m[INFO] [1779736818.912499330]: [Perception] Ball: x=-0.87 y=1.09 dist=1.39 m[0m
[03:20:27] [0m[INFO] [1779736819.162340766]: [Perception] Post 1: x=-0.69 y=-0.49 dist=0.84 m[0m
[03:20:27] [0m[INFO] [1779736819.511215505]: [Perception] Post 1: x=-0.65 y=-0.47 dist=0.80 m[0m
[03:20:27] [0m[INFO] [1779736819.811577736]: [Perception] Post 1: x=-0.60 y=-0.45 dist=0.75 m[0m
[03:20:27] [0m[INFO] [1779736820.112415498]: [Perception] Post 1: x=-0.58 y=-0.45 dist=0.74 m[0m
[03:20:27] [0m[INFO] [1779736820.461946139]: [Perception] Post 1: x=-0.51 y=-0.45 dist=0.68 m[0m
[03:20:27] [0m[INFO] [1779736820.812588085]: [Perception] Post 1: x=-0.45 y=-0.44 dist=0.63 m[0m
[03:20:27] [0m[INFO] [1779736821.112741009]: [Perception] Post 1: x=-0.40 y=-0.44 dist=0.59 m[0m
[03:20:27] [0m[INFO] [1779736821.463074147]: [Perception] Post 1: x=-0.31 y=-0.45 dist=0.55 m[0m
[03:20:27] [0m[INFO] [1779736821.812395631]: [Perception] Post 1: x=-0.27 y=-0.45 dist=0.52 m[0m
[03:20:27] [0m[INFO] [1779736822.161738905]: [Perception] Post 1: x=-0.21 y=-0.44 dist=0.49 m[0m
[03:20:27] [0m[INFO] [1779736822.511402499]: [Perception] Post 1: x=-0.13 y=-0.44 dist=0.46 m[0m
[03:20:27] [0m[INFO] [1779736822.861402809]: [Perception] Post 1: x=-0.05 y=-0.44 dist=0.44 m[0m
[03:20:27] [0m[INFO] [1779736823.161931224]: [Perception] Post 1: x=-0.01 y=-0.44 dist=0.44 m[0m
[03:20:27] [0m[INFO] [1779736823.511783228]: [Perception] Ball: x=0.03 y=1.14 dist=1.14 m[0m
[03:20:27] [0m[INFO] [1779736823.511921179]: [Perception] Post 1: x=-0.09 y=-0.44 dist=0.45 m[0m
[03:20:27] [0m[INFO] [1779736823.811906809]: [Perception] Ball: x=0.15 y=0.78 dist=0.79 m[0m
[03:20:27] [0m[INFO] [1779736823.812049171]: [Perception] Post 1: x=-0.15 y=-0.44 dist=0.46 m[0m
[03:20:27] [0m[INFO] [1779736824.162031277]: [Perception] Post 1: x=0.77 y=-0.52 dist=0.93 m[0m
[03:20:27] [0m[INFO] [1779736824.762333957]: [Perception] Post 1: x=-0.28 y=-0.44 dist=0.52 m[0m
[03:20:27] [0m[INFO] [1779736825.112121068]: [Perception] Post 1: x=-0.29 y=-0.44 dist=0.53 m[0m
[03:20:27] [0m[INFO] [1779736825.461897426]: [Perception] Post 1: x=-0.34 y=-0.46 dist=0.57 m[0m
[03:20:27] [0m[INFO] [1779736825.762378161]: [Perception] Post 1: x=-0.38 y=-0.46 dist=0.60 m[0m
[03:20:27] [0m[INFO] [1779736826.111431723]: [Perception] Post 1: x=-0.45 y=-0.46 dist=0.65 m[0m
[03:20:27] [0m[INFO] [1779736826.411529480]: [Perception] Post 1: x=-0.52 y=-0.47 dist=0.70 m[0m
[03:20:27] [0m[INFO] [1779736826.711568138]: [Perception] Post 1: x=-0.57 y=-0.46 dist=0.74 m[0m
[03:20:27] [0m[INFO] [1779736827.011827830]: [Perception] Post 1: x=-0.61 y=-0.47 dist=0.77 m[0m
[03:20:29] [0m[INFO] [1779736827.312383396]: [Perception] Post 1: x[33m[WARN] [1779736829.012117829]: [Perception] Posts filtered out: 3 detected, no pair within 0.15m of goal width[0m
[03:20:39] [33m[WARN] [1779736839.461453481]: [Perception] Posts filtered out: 2 detected, no pair within 0.15m of goal width[0m
[03:20:41] =-0.69 y=-0.47 dist=0.83 m[0m
[03:20:41] [0m[INFO] [1779736827.612388069]: [Perception] Post 1: x=-0.73 y=-0.47 dist=0.87 m[0m
[03:20:41] [0m[INFO] [1779736827.962786452]: [Perception] Post 1: x=0.14 y=-0.44 dist=0.46 m[0m
[03:20:41] [0m[INFO] [1779736828.312177507]: [Perception] Post 1: x=0.10 y=-0.44 dist=0.45 m[0m
[03:20:41] [0m[INFO] [1779736828.362113235]: [Perception] Ball: x=0.40 y=0.39 dist=0.56 m[0m
[03:20:41] [0m[INFO] [1779736828.661647724]: [Perception] Post 1: x=-0.93 y=-0.42 dist=1.02 m[0m
[03:20:41] [0m[INFO] [1779736828.962273997]: [Perception] Post 1: x=-0.96 y=-0.38 dist=1.03 m[0m
[03:20:41] [0m[INFO] [1779736829.512265182]: [Perception] Post 1: x=-0.96 y=-0.39 dist=1.04 m[0m
[03:20:41] [0m[INFO] [1779736829.862618528]: [Perception] Post 1: x=-0.88 y=-0.46 dist=0.99 m[0m
[03:20:41] [0m[INFO] [1779736830.211585473]: [Perception] Post 1: x=-0.78 y=-0.50 dist=0.93 m[0m
[03:20:41] [0m[INFO] [1779736830.513506773]: [Perception] Post 1: x=-0.70 y=-0.52 dist=0.87 m[0m
[03:20:41] [0m[INFO] [1779736830.861927973]: [Perception] Post 1: x=-0.65 y=-0.52 dist=0.83 m[0m
[03:20:41] [0m[INFO] [1779736831.211904726]: [Perception] Post 1: x=-0.61 y=-0.47 dist=0.77 m[0m
[03:20:41] [0m[INFO] [1779736831.311703634]: [Perception] Ball: x=0.29 y=0.48 dist=0.56 m[0m
[03:20:41] [0m[INFO] [1779736831.561459832]: [Perception] Post 1: x=-0.55 y=-0.47 dist=0.72 m[0m
[03:20:41] [0m[INFO] [1779736831.612541094]: [Perception] Ball: x=0.29 y=0.70 dist=0.76 m[0m
[03:20:41] [0m[INFO] [1779736831.862088986]: [Perception] Post 1: x=-0.54 y=-0.47 dist=0.71 m[0m
[03:20:41] [0m[INFO] [1779736831.961694113]: [Perception] Ball: x=0.24 y=1.02 dist=1.05 m[0m
[03:20:41] [0m[INFO] [1779736832.211703115]: [Perception] Post 1: x=-0.60 y=-0.47 dist=0.76 m[0m
[03:20:41] [0m[INFO] [1779736832.561390233]: [Perception] Post 1: x=-0.69 y=-0.47 dist=0.83 m[0m
[03:20:41] [0m[INFO] [1779736832.861528190]: [Perception] Post 1: x=-0.74 y=-0.47 dist=0.88 m[0m
[03:20:41] [0m[INFO] [1779736833.161775708]: [Perception] Post 1: x=-0.76 y=-0.47 dist=0.90 m[0m
[03:20:41] [0m[INFO] [1779736833.462238104]: [Perception] Post 1: x=-0.70 y=-0.47 dist=0.85 m[0m
[03:20:41] [0m[INFO] [1779736833.813092010]: [Perception] Post 1: x=-0.66 y=-0.47 dist=0.81 m[0m
[03:20:41] [0m[INFO] [1779736834.161595431]: [Perception] Post 1: x=-0.59 y=-0.46 dist=0.75 m[0m
[03:20:41] [0m[INFO] [1779736834.461868881]: [Perception] Post 1: x=-0.52 y=-0.46 dist=0.70 m[0m
[03:20:41] [0m[INFO] [1779736834.762176337]: [Perception] Post 1: x=-0.48 y=-0.46 dist=0.66 m[0m
[03:20:41] [0m[INFO] [1779736835.111744388]: [Perception] Post 1: x=-0.41 y=-0.46 dist=0.61 m[0m
[03:20:41] [0m[INFO] [1779736835.461567941]: [Perception] Post 1: x=-0.36 y=-0.46 dist=0.58 m[0m
[03:20:41] [0m[INFO] [1779736835.761648861]: [Perception] Post 1: x=-0.29 y=-0.46 dist=0.54 m[0m
[03:20:41] [0m[INFO] [1779736836.112428908]: [Perception] Post 1: x=-0.23 y=-0.45 dist=0.50 m[0m
[03:20:41] [0m[INFO] [1779736836.462226819]: [Perception] Post 1: x=-0.18 y=-0.45 dist=0.49 m[0m
[03:20:41] [0m[INFO] [1779736836.812304022]: [Perception] Post 1: x=-0.11 y=-0.45 dist=0.46 m[0m
[03:20:41] [0m[INFO] [1779736837.161724262]: [Perception] Post 1: x=-0.04 y=-0.45 dist=0.45 m[0m
[03:20:41] [0m[INFO] [1779736837.461849070]: [Perception] Post 1: x=-0.05 y=-0.45 dist=0.45 m[0m
[03:20:41] [0m[INFO] [1779736837.812005625]: [Perception] Post 1: x=-0.11 y=-0.45 dist=0.46 m[0m
[03:20:41] [0m[INFO] [1779736838.061324562]: [Perception] Ball: x=0.26 y=1.34 dist=1.37 m[0m
[03:20:41] [0m[INFO] [1779736838.161283823]: [Perception] Post 1: x=-0.16 y=-0.45 dist=0.48 m[0m
[03:20:41] [0m[INFO] [1779736838.361665466]: [Perception] Ball: x=0.26 y=1.04 dist=1.07 m[0m
[03:20:41] [0m[INFO] [1779736838.461790846]: [Perception] Post 1: x=-0.23 y=-0.45 dist=0.51 m[0m
[03:20:41] [0m[INFO] [1779736838.711459890]: [Perception] Ball: x=0.25 y=0.62 dist=0.67 m[0m
[03:20:41] [0m[INFO] [1779736838.811514628]: [Perception] Post 1: x=-0.30 y=-0.46 dist=0.55 m[0m
[03:20:41] [0m[INFO] [1779736839.112402366]: [Perception] Post 1: x=-0.36 y=-0.46 dist=0.58 m[0m
[03:20:41] [0m[INFO] [1779736839.862347464]: [Perception] Post 1: x=-0.47 y=-0.46 dist=0.66 m[0m
[03:20:41] [0m[INFO] [1779736840.212365205]: [Perception] Post 1: x=-0.53 y=-0.46 dist=0.70 m[0m
[03:20:41] [0m[INFO] [1779736840.562387999]: [Perception] Post 1: x=-0.60 y=-0.44 dist=0.74 m[0m
[03:20:41] [0m[INFO] [1779736840.911756806]: [Perception] Post 1: x=-0.69 y=-0.40 dist=0.80 m[0m
[03:20:51] [0m[INFO] [1779736841.212106380]: [Perception][33m[WARN] [1779736851.711601551]: [Perception] Posts filtered out: 2 detected, no pair within 0.15m of goal width[0m
[03:20:56]  Post 1: x=-0.74 y=-0.40 dist=0.84 m[0m
[03:20:56] [0m[INFO] [1779736841.561319558]: [Perception] Post 1: x=-0.79 y=-0.45 dist=0.91 m[0m
[03:20:56] [0m[INFO] [1779736841.861361016]: [Perception] Post 1: x=-0.83 y=-0.46 dist=0.95 m[0m
[03:20:56] [0m[INFO] [1779736842.162327504]: [Perception] Post 1: x=-0.90 y=-0.46 dist=1.01 m[0m
[03:20:56] [0m[INFO] [1779736842.462456739]: [Perception] Post 1: x=-0.89 y=-0.47 dist=1.01 m[0m
[03:20:56] [0m[INFO] [1779736842.812211706]: [Perception] Post 1: x=-0.83 y=-0.46 dist=0.95 m[0m
[03:20:56] [0m[INFO] [1779736843.161273581]: [Perception] Post 1: x=-0.75 y=-0.46 dist=0.88 m[0m
[03:20:56] [0m[INFO] [1779736843.461638415]: [Perception] Post 1: x=-0.70 y=-0.46 dist=0.84 m[0m
[03:20:56] [0m[INFO] [1779736843.811629993]: [Perception] Post 1: x=-0.63 y=-0.45 dist=0.78 m[0m
[03:20:56] [0m[INFO] [1779736844.161940611]: [Perception] Post 1: x=-0.59 y=-0.45 dist=0.74 m[0m
[03:20:56] [0m[INFO] [1779736844.462001319]: [Perception] Post 1: x=-0.52 y=-0.45 dist=0.69 m[0m
[03:20:56] [0m[INFO] [1779736844.811360569]: [Perception] Post 1: x=-0.48 y=-0.45 dist=0.65 m[0m
[03:20:56] [0m[INFO] [1779736845.112982153]: [Perception] Post 1: x=-0.41 y=-0.45 dist=0.60 m[0m
[03:20:56] [0m[INFO] [1779736845.464050214]: [Perception] Post 1: x=-0.34 y=-0.44 dist=0.56 m[0m
[03:20:56] [0m[INFO] [1779736845.812366028]: [Perception] Post 1: x=-0.29 y=-0.44 dist=0.53 m[0m
[03:20:56] [0m[INFO] [1779736846.161957460]: [Perception] Post 1: x=-0.22 y=-0.44 dist=0.49 m[0m
[03:20:56] [0m[INFO] [1779736846.461963211]: [Perception] Post 1: x=-0.14 y=-0.44 dist=0.46 m[0m
[03:20:56] [0m[INFO] [1779736846.762325246]: [Perception] Post 1: x=-0.08 y=-0.44 dist=0.45 m[0m
[03:20:56] [0m[INFO] [1779736847.062583852]: [Perception] Post 1: x=-0.02 y=-0.44 dist=0.44 m[0m
[03:20:56] [0m[INFO] [1779736847.412278076]: [Perception] Post 1: x=-0.01 y=-0.44 dist=0.44 m[0m
[03:20:56] [0m[INFO] [1779736847.712715350]: [Perception] Post 1: x=-0.09 y=-0.44 dist=0.45 m[0m
[03:20:56] [0m[INFO] [1779736848.062112472]: [Perception] Post 1: x=-0.19 y=-0.44 dist=0.47 m[0m
[03:20:56] [0m[INFO] [1779736848.411893889]: [Perception] Post 1: x=-0.26 y=-0.43 dist=0.51 m[0m
[03:20:56] [0m[INFO] [1779736848.761827039]: [Perception] Post 1: x=-0.29 y=-0.45 dist=0.53 m[0m
[03:20:56] [0m[INFO] [1779736849.062105360]: [Perception] Post 1: x=-0.33 y=-0.47 dist=0.57 m[0m
[03:20:56] [0m[INFO] [1779736849.411778630]: [Perception] Post 1: x=-0.41 y=-0.47 dist=0.62 m[0m
[03:20:56] [0m[INFO] [1779736849.761909794]: [Perception] Post 1: x=-0.45 y=-0.47 dist=0.65 m[0m
[03:20:56] [0m[INFO] [1779736850.062227303]: [Perception] Post 1: x=-0.52 y=-0.47 dist=0.70 m[0m
[03:20:56] [0m[INFO] [1779736850.411533689]: [Perception] Post 1: x=-0.57 y=-0.47 dist=0.74 m[0m
[03:20:56] [0m[INFO] [1779736850.711656987]: [Perception] Post 1: x=-0.64 y=-0.47 dist=0.79 m[0m
[03:20:56] [0m[INFO] [1779736851.011761566]: [Perception] Post 1: x=-0.68 y=-0.48 dist=0.83 m[0m
[03:20:56] [0m[INFO] [1779736851.361340402]: [Perception] Post 1: x=-0.77 y=-0.46 dist=0.89 m[0m
[03:20:56] [0m[INFO] [1779736851.662796536]: [Perception] Post 1: x=-0.83 y=-0.43 dist=0.94 m[0m
[03:20:56] [0m[INFO] [1779736852.012771073]: [Perception] Post 1: x=-0.92 y=-0.39 dist=1.00 m[0m
[03:20:56] [0m[INFO] [1779736852.361575973]: [Perception] Post 1: x=-0.91 y=-0.42 dist=1.00 m[0m
[03:20:56] [0m[INFO] [1779736852.662021558]: [Perception] Post 1: x=-0.83 y=-0.48 dist=0.95 m[0m
[03:20:56] [0m[INFO] [1779736852.962232181]: [Perception] Post 1: x=-0.76 y=-0.50 dist=0.91 m[0m
[03:20:56] [0m[INFO] [1779736853.312225172]: [Perception] Post 1: x=-0.70 y=-0.50 dist=0.86 m[0m
[03:20:56] [0m[INFO] [1779736853.661622637]: [Perception] Post 1: x=-0.65 y=-0.46 dist=0.80 m[0m
[03:20:56] [0m[INFO] [1779736854.012530944]: [Perception] Post 1: x=-0.58 y=-0.46 dist=0.74 m[0m
[03:20:56] [0m[INFO] [1779736854.313459288]: [Perception] Post 1: x=-0.53 y=-0.46 dist=0.70 m[0m
[03:20:56] [0m[INFO] [1779736854.661458753]: [Perception] Post 1: x=-0.46 y=-0.46 dist=0.65 m[0m
[03:20:56] [0m[INFO] [1779736854.962014180]: [Perception] Post 1: x=-0.42 y=-0.45 dist=0.62 m[0m
[03:20:56] [0m[INFO] [1779736855.312123771]: [Perception] Post 1: x=-0.35 y=-0.45 dist=0.57 m[0m
[03:20:56] [0m[INFO] [1779736855.661588361]: [Perception] Post 1: x=-0.30 y=-0.45 dist=0.54 m[0m
[03:20:56] [0m[INFO] [1779736855.961804588]: [Perception] Post 1: x=-0.23 y=-0.45 dist=0.51 m[0m
[03:20:56] [0m[INFO] [1779736856.311805092]: [Perception] Post 1: x=-0.17 y=-0.45 dist=0.48 m[0m
[03:21:11] [0m[INFO] [1779736856.661157621]: [Perception] Post 1: x=-0.12 y=-0.44 dist=0.46 m[0m
[03:21:11] [0m[INFO] [1779736856.961554437]: [Perception] Post 1: x=-0.06 y=-0.44 dist=0.45 m[0m
[03:21:11] [0m[INFO] [1779736857.262181886]: [Perception] Post 1: x=-0.03 y=-0.44 dist=0.44 m[0m
[03:21:11] [0m[INFO] [1779736857.562304096]: [Perception] Post 1: x=-0.08 y=-0.44 dist=0.45 m[0m
[03:21:11] [0m[INFO] [1779736857.912395169]: [Perception] Post 1: x=-0.17 y=-0.44 dist=0.47 m[0m
[03:21:11] [0m[INFO] [1779736858.261866240]: [Perception] Post 1: x=-0.23 y=-0.44 dist=0.50 m[0m
[03:21:11] [0m[INFO] [1779736858.612561139]: [Perception] Post 1: x=-0.28 y=-0.46 dist=0.54 m[0m
[03:21:11] [0m[INFO] [1779736858.961517775]: [Perception] Post 1: x=-0.33 y=-0.46 dist=0.56 m[0m
[03:21:11] [0m[INFO] [1779736859.262719772]: [Perception] Post 1: x=-0.40 y=-0.46 dist=0.61 m[0m
[03:21:11] [0m[INFO] [1779736859.611438945]: [Perception] Post 1: x=-0.44 y=-0.46 dist=0.64 m[0m
[03:21:11] [0m[INFO] [1779736859.911656763]: [Perception] Post 1: x=-0.52 y=-0.46 dist=0.69 m[0m
[03:21:11] [0m[INFO] [1779736860.262359411]: [Perception] Post 1: x=-0.59 y=-0.46 dist=0.75 m[0m
[03:21:11] [0m[INFO] [1779736860.612843890]: [Perception] Post 1: x=-0.63 y=-0.46 dist=0.79 m[0m
[03:21:11] [0m[INFO] [1779736860.963030206]: [Perception] Post 1: x=-0.70 y=-0.47 dist=0.84 m[0m
[03:21:11] [0m[INFO] [1779736861.312093469]: [Perception] Post 1: x=-0.77 y=-0.47 dist=0.90 m[0m
[03:21:11] [0m[INFO] [1779736861.661360248]: [Perception] Post 1: x=-0.82 y=-0.47 dist=0.94 m[0m
[03:21:11] [0m[INFO] [1779736861.962006384]: [Perception] Post 1: x=-0.88 y=-0.48 dist=1.01 m[0m
[03:21:11] [0m[INFO] [1779736862.312414746]: [Perception] Post 1: x=-0.87 y=-0.48 dist=0.99 m[0m
[03:21:11] [0m[INFO] [1779736862.661473362]: [Perception] Post 1: x=-0.82 y=-0.47 dist=0.95 m[0m
[03:21:11] [0m[INFO] [1779736862.962584215]: [Perception] Post 1: x=-0.75 y=-0.47 dist=0.88 m[0m
[03:21:11] [0m[INFO] [1779736863.312673694]: [Perception] Post 1: x=-0.70 y=-0.47 dist=0.85 m[0m
[03:21:11] [0m[INFO] [1779736863.662531169]: [Perception] Post 1: x=-0.63 y=-0.47 dist=0.79 m[0m
[03:21:11] [0m[INFO] [1779736864.011457898]: [Perception] Post 1: x=-0.56 y=-0.46 dist=0.73 m[0m
[03:21:11] [0m[INFO] [1779736864.312219620]: [Perception] Post 1: x=-0.52 y=-0.46 dist=0.69 m[0m
[03:21:11] [0m[INFO] [1779736864.612581338]: [Perception] Post 1: x=-0.47 y=-0.46 dist=0.66 m[0m
[03:21:11] [0m[INFO] [1779736864.962524126]: [Perception] Post 1: x=-0.40 y=-0.46 dist=0.61 m[0m
[03:21:11] [0m[INFO] [1779736865.262708511]: [Perception] Post 1: x=-0.33 y=-0.46 dist=0.56 m[0m
[03:21:11] [0m[INFO] [1779736865.611684287]: [Perception] Post 1: x=-0.27 y=-0.46 dist=0.53 m[0m
[03:21:11] [0m[INFO] [1779736865.961684607]: [Perception] Post 1: x=-0.22 y=-0.45 dist=0.50 m[0m
[03:21:11] [0m[INFO] [1779736866.261944892]: [Perception] Post 1: x=-0.15 y=-0.45 dist=0.48 m[0m
[03:21:11] [0m[INFO] [1779736866.562210418]: [Perception] Post 1: x=-0.11 y=-0.45 dist=0.46 m[0m
[03:21:11] [0m[INFO] [1779736866.912422201]: [Perception] Post 1: x=-0.05 y=-0.45 dist=0.45 m[0m
[03:21:11] [0m[INFO] [1779736867.261525654]: [Perception] Post 1: x=-0.06 y=-0.45 dist=0.45 m[0m
[03:21:11] [0m[INFO] [1779736867.562566535]: [Perception] Post 1: x=-0.12 y=-0.45 dist=0.47 m[0m
[03:21:11] [0m[INFO] [1779736867.911670312]: [Perception] Post 1: x=-0.19 y=-0.45 dist=0.49 m[0m
[03:21:11] [0m[INFO] [1779736868.212218301]: [Perception] Post 1: x=-0.24 y=-0.45 dist=0.51 m[0m
[03:21:11] [0m[INFO] [1779736868.562465125]: [Perception] Post 1: x=-0.30 y=-0.46 dist=0.55 m[0m
[03:21:11] [0m[INFO] [1779736868.911582298]: [Perception] Post 1: x=-0.35 y=-0.46 dist=0.58 m[0m
[03:21:11] [0m[INFO] [1779736869.212150701]: [Perception] Post 1: x=-0.42 y=-0.46 dist=0.62 m[0m
[03:21:11] [0m[INFO] [1779736869.561973705]: [Perception] Post 1: x=-0.47 y=-0.46 dist=0.66 m[0m
[03:21:11] [0m[INFO] [1779736869.912409750]: [Perception] Post 1: x=-0.54 y=-0.46 dist=0.71 m[0m
[03:21:11] [0m[INFO] [1779736870.261867716]: [Perception] Post 1: x=-0.61 y=-0.46 dist=0.77 m[0m
[03:21:11] [0m[INFO] [1779736870.611954413]: [Perception] Post 1: x=-0.67 y=-0.47 dist=0.82 m[0m
[03:21:11] [0m[INFO] [1779736870.961729446]: [Perception] Post 1: x=-0.74 y=-0.44 dist=0.86 m[0m
[03:21:11] [0m[INFO] [1779736871.262003573]: [Perception] Post 1: x=-0.84 y=-0.40 dist=0.93 m[0m
[03:21:11] [0m[INFO] [1779736871.612486618]: [Perception] Post 1: x=-0.89 y=-0.39 dist=0.97 m[0m
[03:21:27] [0m[INFO] [1779736871.961592582]: [Perception] Post 1: x=-0.94 y=-0.40 dist=1.02 m[0m
[03:21:27] [0m[INFO] [1779736872.262004504]: [Perception] Post 1: x=-0.89 y=-0.42 dist=0.99 m[0m
[03:21:27] [0m[INFO] [1779736872.562407286]: [Perception] Post 1: x=-0.79 y=-0.47 dist=0.92 m[0m
[03:21:27] [0m[INFO] [1779736872.913160634]: [Perception] Post 1: x=-0.69 y=-0.51 dist=0.86 m[0m
[03:21:27] [0m[INFO] [1779736873.262152295]: [Perception] Post 1: x=-0.65 y=-0.50 dist=0.82 m[0m
[03:21:27] [0m[INFO] [1779736873.611608690]: [Perception] Post 1: x=-0.60 y=-0.47 dist=0.76 m[0m
[03:21:27] [0m[INFO] [1779736873.961474837]: [Perception] Post 1: x=-0.54 y=-0.47 dist=0.71 m[0m
[03:21:27] [0m[INFO] [1779736874.261748264]: [Perception] Post 1: x=-0.49 y=-0.47 dist=0.68 m[0m
[03:21:27] [0m[INFO] [1779736874.561749711]: [Perception] Post 2: x=0.51 y=-0.47 dist=0.69 m[0m
[03:21:27] [0m[INFO] [1779736874.861821403]: [Perception] Post 1: x=-0.37 y=-0.47 dist=0.60 m[0m
[03:21:27] [0m[INFO] [1779736875.162598507]: [Perception] Post 1: x=-0.32 y=-0.46 dist=0.57 m[0m
[03:21:27] [0m[INFO] [1779736875.511125431]: [Perception] Post 1: x=-0.26 y=-0.46 dist=0.53 m[0m
[03:21:27] [0m[INFO] [1779736875.811248706]: [Perception] Post 1: x=-0.21 y=-0.46 dist=0.51 m[0m
[03:21:27] [0m[INFO] [1779736876.111316942]: [Perception] Post 1: x=-0.15 y=-0.46 dist=0.48 m[0m
[03:21:27] [0m[INFO] [1779736876.461183735]: [Perception] Post 1: x=-0.08 y=-0.46 dist=0.46 m[0m
[03:21:27] [0m[INFO] [1779736876.761359201]: [Perception] Post 1: x=-0.05 y=-0.45 dist=0.46 m[0m
[03:21:27] [0m[INFO] [1779736877.111368714]: [Perception] Post 1: x=-0.07 y=-0.45 dist=0.46 m[0m
[03:21:27] [0m[INFO] [1779736877.461073644]: [Perception] Post 1: x=-0.11 y=-0.46 dist=0.47 m[0m
[03:21:27] [0m[INFO] [1779736877.761144007]: [Perception] Post 1: x=-0.19 y=-0.46 dist=0.49 m[0m
[03:21:27] [0m[INFO] [1779736878.061268217]: [Perception] Post 1: x=-0.23 y=-0.46 dist=0.51 m[0m
[03:21:27] [0m[INFO] [1779736878.411352881]: [Perception] Post 1: x=-0.30 y=-0.46 dist=0.55 m[0m
[03:21:27] [0m[INFO] [1779736878.711569396]: [Perception] Post 1: x=-0.34 y=-0.46 dist=0.57 m[0m
[03:21:27] [0m[INFO] [1779736879.061548615]: [Perception] Post 1: x=-0.41 y=-0.46 dist=0.62 m[0m
[03:21:27] [0m[INFO] [1779736879.361799892]: [Perception] Post 1: x=-0.46 y=-0.47 dist=0.65 m[0m
[03:21:27] [0m[INFO] [1779736879.711270830]: [Perception] Post 1: x=-0.53 y=-0.47 dist=0.71 m[0m
[03:21:27] [0m[INFO] [1779736880.011509454]: [Perception] Post 1: x=-0.58 y=-0.47 dist=0.74 m[0m
[03:21:27] [0m[INFO] [1779736880.363017769]: [Perception] Post 1: x=-0.64 y=-0.47 dist=0.80 m[0m
[03:21:27] [0m[INFO] [1779736880.711230724]: [Perception] Post 1: x=-0.71 y=-0.47 dist=0.86 m[0m
[03:21:27] [0m[INFO] [1779736881.011456998]: [Perception] Post 1: x=-0.76 y=-0.47 dist=0.90 m[0m
[03:21:27] [0m[INFO] [1779736881.311694769]: [Perception] Post 1: x=-0.81 y=-0.48 dist=0.94 m[0m
[03:21:27] [0m[INFO] [1779736881.612258131]: [Perception] Post 1: x=-0.90 y=-0.44 dist=1.00 m[0m
[03:21:27] [0m[INFO] [1779736881.961686463]: [Perception] Post 1: x=-0.93 y=-0.42 dist=1.02 m[0m
[03:21:27] [0m[INFO] [1779736882.311101120]: [Perception] Post 1: x=-0.83 y=-0.47 dist=0.95 m[0m
[03:21:27] [0m[INFO] [1779736882.612226636]: [Perception] Post 1: x=-0.73 y=-0.51 dist=0.89 m[0m
[03:21:27] [0m[INFO] [1779736882.961378765]: [Perception] Post 1: x=-0.68 y=-0.51 dist=0.85 m[0m
[03:21:27] [0m[INFO] [1779736883.311097961]: [Perception] Post 1: x=-0.64 y=-0.48 dist=0.79 m[0m
[03:21:27] [0m[INFO] [1779736883.611458649]: [Perception] Post 1: x=-0.59 y=-0.48 dist=0.76 m[0m
[03:21:27] [0m[INFO] [1779736883.912492158]: [Perception] Post 1: x=-0.52 y=-0.47 dist=0.70 m[0m
[03:21:27] [0m[INFO] [1779736884.261134531]: [Perception] Post 1: x=-0.47 y=-0.47 dist=0.67 m[0m
[03:21:27] [0m[INFO] [1779736884.561340503]: [Perception] Post 1: x=-0.41 y=-0.47 dist=0.62 m[0m
[03:21:27] [0m[INFO] [1779736884.911260908]: [Perception] Post 1: x=-0.36 y=-0.47 dist=0.59 m[0m
[03:21:27] [0m[INFO] [1779736885.261086550]: [Perception] Post 1: x=-0.29 y=-0.47 dist=0.55 m[0m
[03:21:27] [0m[INFO] [1779736885.561185110]: [Perception] Post 1: x=-0.22 y=-0.46 dist=0.51 m[0m
[03:21:27] [0m[INFO] [1779736885.861768418]: [Perception] Post 1: x=-0.18 y=-0.46 dist=0.50 m[0m
[03:21:27] [0m[INFO] [1779736886.211178511]: [Perception] Post 1: x=-0.11 y=-0.46 dist=0.47 m[0m
[03:21:27] [0m[INFO] [1779736886.511753718]: [Perception] Post 1: x=-0.07 y=-0.46 dist=0.46 m[0m
[03:21:27] [0m[INFO] [1779736886.861917666]: [Perception] Post 1: x=-0.04 y=-0.46 dist=0.46 m[0m
[03:21:39] [0m[INFO] [1779736887.211252001]: [Perception] Post 1: x=-0.10 y=-0.46 dist=0.47 m[0m
[03:21:39] [0m[INFO] [1779736887.511387450]: [Perception] Post 1: x=-0.15 y=-0.46 dist=0.48 m[0m
[03:21:39] [0m[INFO] [1779736887.611716400]: [Perception] Ball: x=-0.90 y=0.21 dist=0.92 m[0m
[03:21:39] [0m[INFO] [1779736887.811413983]: [Perception] Post 1: x=-0.20 y=-0.46 dist=0.50 m[0m
[03:21:39] [0m[INFO] [1779736888.161450760]: [Perception] Post 1: x=-0.26 y=-0.46 dist=0.53 m[0m
[03:21:39] [0m[INFO] [1779736888.511156031]: [Perception] Post 1: x=-0.33 y=-0.46 dist=0.57 m[0m
[03:21:39] [0m[INFO] [1779736888.811473836]: [Perception] Post 1: x=-0.38 y=-0.46 dist=0.60 m[0m
[03:21:39] [0m[INFO] [1779736889.162164614]: [Perception] Post 1: x=-0.45 y=-0.47 dist=0.65 m[0m
[03:21:39] [0m[INFO] [1779736889.511144108]: [Perception] Post 1: x=-0.51 y=-0.47 dist=0.70 m[0m
[03:21:39] [0m[INFO] [1779736889.811850339]: [Perception] Post 1: x=-0.56 y=-0.47 dist=0.73 m[0m
[03:21:39] [0m[INFO] [1779736890.161530916]: [Perception] Post 1: x=-0.63 y=-0.47 dist=0.79 m[0m
[03:21:39] [0m[INFO] [1779736890.311034739]: [Perception] Ball: x=-0.47 y=1.29 dist=1.37 m[0m
[03:21:39] [0m[INFO] [1779736890.511133070]: [Perception] Post 1: x=-0.68 y=-0.48 dist=0.83 m[0m
[03:21:39] [0m[INFO] [1779736890.612564829]: [Perception] Ball: x=-0.47 y=1.33 dist=1.41 m[0m
[03:21:39] [0m[INFO] [1779736890.811716324]: [Perception] Post 1: x=-0.70 y=-0.48 dist=0.85 m[0m
[03:21:39] [0m[INFO] [1779736891.161401131]: [Perception] Post 1: x=-0.63 y=-0.46 dist=0.78 m[0m
[03:21:39] [0m[INFO] [1779736891.511281861]: [Perception] Post 1: x=-0.61 y=-0.43 dist=0.75 m[0m
[03:21:39] [0m[INFO] [1779736891.811567451]: [Perception] Post 1: x=-0.65 y=-0.44 dist=0.78 m[0m
[03:21:39] [0m[INFO] [1779736892.161848484]: [Perception] Post 1: x=-0.69 y=-0.44 dist=0.82 m[0m
[03:21:39] [0m[INFO] [1779736892.511463269]: [Perception] Post 1: x=-0.77 y=-0.44 dist=0.88 m[0m
[03:21:39] [0m[INFO] [1779736892.811475247]: [Perception] Post 1: x=-0.81 y=-0.44 dist=0.93 m[0m
[03:21:39] [0m[INFO] [1779736893.161931058]: [Perception] Post 1: x=-0.88 y=-0.45 dist=0.99 m[0m
[03:21:39] [0m[INFO] [1779736893.511828791]: [Perception] Post 1: x=-0.88 y=-0.45 dist=0.99 m[0m
[03:21:39] [0m[INFO] [1779736893.861291213]: [Perception] Post 1: x=-0.81 y=-0.44 dist=0.92 m[0m
[03:21:39] [0m[INFO] [1779736894.162207788]: [Perception] Post 1: x=-0.76 y=-0.45 dist=0.88 m[0m
[03:21:39] [0m[INFO] [1779736894.511232378]: [Perception] Post 1: x=-0.69 y=-0.45 dist=0.82 m[0m
[03:21:39] [0m[INFO] [1779736894.811797079]: [Perception] Post 1: x=-0.64 y=-0.44 dist=0.78 m[0m
[03:21:39] [0m[INFO] [1779736895.161435794]: [Perception] Post 1: x=-0.57 y=-0.44 dist=0.72 m[0m
[03:21:39] [0m[INFO] [1779736895.461442201]: [Perception] Post 1: x=-0.52 y=-0.44 dist=0.69 m[0m
[03:21:39] [0m[INFO] [1779736895.761599862]: [Perception] Post 1: x=-0.48 y=-0.44 dist=0.65 m[0m
[03:21:39] [0m[INFO] [1779736895.911634497]: [Perception] Ball: x=0.02 y=1.31 dist=1.31 m[0m
[03:21:39] [0m[INFO] [1779736896.111214560]: [Perception] Post 1: x=-0.41 y=-0.44 dist=0.60 m[0m
[03:21:39] [0m[INFO] [1779736896.261313653]: [Perception] Ball: x=0.07 y=1.31 dist=1.31 m[0m
[03:21:39] [0m[INFO] [1779736896.461320986]: [Perception] Post 1: x=-0.38 y=-0.43 dist=0.58 m[0m
[03:21:39] [0m[INFO] [1779736896.611840880]: [Perception] Ball: x=0.10 y=1.30 dist=1.31 m[0m
[03:21:39] [0m[INFO] [1779736896.811703948]: [Perception] Post 1: x=-0.41 y=-0.44 dist=0.60 m[0m
[03:21:39] [0m[INFO] [1779736896.962066110]: [Perception] Ball: x=0.07 y=1.31 dist=1.31 m[0m
[03:21:39] [0m[INFO] [1779736897.161380360]: [Perception] Post 1: x=-0.45 y=-0.43 dist=0.63 m[0m
[03:21:39] [0m[INFO] [1779736897.311239365]: [Perception] Ball: x=0.04 y=1.31 dist=1.31 m[0m
[03:21:39] [0m[INFO] [1779736897.511120159]: [Perception] Post 1: x=-0.47 y=-0.44 dist=0.64 m[0m
[03:21:39] [0m[INFO] [1779736897.861575216]: [Perception] Post 1: x=-0.48 y=-0.44 dist=0.65 m[0m
[03:21:39] [0m[INFO] [1779736898.211372541]: [Perception] Post 1: x=-0.48 y=-0.44 dist=0.65 m[0m
[03:21:39] [0m[INFO] [1779736898.461146785]: [Perception] Ball: x=0.02 y=1.31 dist=1.31 m[0m
[03:21:39] [0m[INFO] [1779736898.511746532]: [Perception] Post 1: x=-0.45 y=-0.44 dist=0.62 m[0m
[03:21:39] [0m[INFO] [1779736898.761423197]: [Perception] Ball: x=0.07 y=1.31 dist=1.31 m[0m
[03:21:39] [0m[INFO] [1779736898.861053814]: [Perception] Post 1: x=-0.39 y=-0.43 dist=0.58 m[0m
[03:21:39] [0m[INFO] [1779736899.111649638]: [Perception] Ball: x=0.10 y=1.31 dist=1.31 m[0m
[03:21:47] [0m[INFO] [1779736899.161199294]: [Perception] Post 1: x=-0.39 y=-0.44 dist=0.58 m[0m
[03:21:47] [0m[INFO] [1779736899.461530319]: [Perception] Post 1: x=-0.41 y=-0.44 dist=0.61 m[0m
[03:21:47] [0m[INFO] [1779736899.711075598]: [Perception] Ball: x=0.02 y=1.31 dist=1.31 m[0m
[03:21:47] [0m[INFO] [1779736899.811265892]: [Perception] Post 1: x=-0.43 y=-0.44 dist=0.62 m[0m
[03:21:47] [0m[INFO] [1779736900.011313151]: [Perception] Ball: x=-0.00 y=1.31 dist=1.31 m[0m
[03:21:47] [0m[INFO] [1779736900.112566487]: [Perception] Post 1: x=-0.45 y=-0.44 dist=0.63 m[0m
[03:21:47] [0m[INFO] [1779736900.362112109]: [Perception] Ball: x=0.00 y=1.31 dist=1.31 m[0m
[03:21:47] [0m[INFO] [1779736900.461367841]: [Perception] Post 1: x=-0.45 y=-0.44 dist=0.63 m[0m
[03:21:47] [0m[INFO] [1779736900.711767746]: [Perception] Ball: x=-0.01 y=1.31 dist=1.31 m[0m
[03:21:47] [0m[INFO] [1779736900.811347025]: [Perception] Post 1: x=-0.45 y=-0.45 dist=0.63 m[0m
[03:21:47] [0m[INFO] [1779736901.011988177]: [Perception] Ball: x=0.00 y=1.31 dist=1.31 m[0m
[03:21:47] [0m[INFO] [1779736901.112110400]: [Perception] Post 1: x=-0.45 y=-0.44 dist=0.63 m[0m
[03:21:47] [0m[INFO] [1779736901.312468689]: [Perception] Ball: x=-0.01 y=1.31 dist=1.31 m[0m
[03:21:47] [0m[INFO] [1779736901.412517161]: [Perception] Post 1: x=-0.45 y=-0.45 dist=0.63 m[0m
[03:21:47] [0m[INFO] [1779736901.662138169]: [Perception] Ball: x=0.00 y=1.31 dist=1.31 m[0m
[03:21:47] [0m[INFO] [1779736901.712662918]: [Perception] Post 1: x=-0.43 y=-0.45 dist=0.62 m[0m
[03:21:47] [0m[INFO] [1779736902.011490460]: [Perception] Ball: x=0.02 y=1.31 dist=1.31 m[0m
[03:21:47] [0m[INFO] [1779736902.061842365]: [Perception] Post 1: x=-0.42 y=-0.45 dist=0.62 m[0m
[03:21:47] [0m[INFO] [1779736902.312618388]: [Perception] Ball: x=0.01 y=1.31 dist=1.31 m[0m
[03:21:47] [0m[INFO] [1779736902.362639466]: [Perception] Post 1: x=-0.43 y=-0.44 dist=0.62 m[0m
[03:21:47] [0m[INFO] [1779736902.661289093]: [Perception] Ball: x=0.01 y=1.31 dist=1.31 m[0m
[03:21:47] [0m[INFO] [1779736902.711406440]: [Perception] Post 1: x=-0.43 y=-0.44 dist=0.62 m[0m
[03:21:47] [0m[INFO] [1779736903.061667900]: [Perception] Ball: x=0.02 y=1.31 dist=1.31 m[0m
[03:21:47] [0m[INFO] [1779736903.061778867]: [Perception] Post 1: x=-0.43 y=-0.45 dist=0.62 m[0m
[03:21:47] [0m[INFO] [1779736903.361915159]: [Perception] Ball: x=0.02 y=1.31 dist=1.31 m[0m
[03:21:47] [0m[INFO] [1779736903.362093340]: [Perception] Post 1: x=-0.43 y=-0.45 dist=0.62 m[0m
[03:21:47] [0m[INFO] [1779736903.711247691]: [Perception] Ball: x=0.02 y=1.31 dist=1.31 m[0m
[03:21:47] [0m[INFO] [1779736903.711373259]: [Perception] Post 1: x=-0.43 y=-0.44 dist=0.62 m[0m
[03:21:47] [0m[INFO] [1779736904.011556643]: [Perception] Ball: x=0.02 y=1.31 dist=1.31 m[0m
[03:21:47] [0m[INFO] [1779736904.011677080]: [Perception] Post 1: x=-0.42 y=-0.45 dist=0.62 m[0m
[03:21:47] [0m[INFO] [1779736904.311618623]: [Perception] Ball: x=0.01 y=1.31 dist=1.31 m[0m
[03:21:47] [0m[INFO] [1779736904.311729785]: [Perception] Post 1: x=-0.43 y=-0.44 dist=0.62 m[0m
[03:21:47] [0m[INFO] [1779736904.661516389]: [Perception] Ball: x=0.01 y=1.31 dist=1.31 m[0m
[03:21:47] [0m[INFO] [1779736904.661644063]: [Perception] Post 1: x=-0.42 y=-0.45 dist=0.62 m[0m
[03:21:47] [0m[INFO] [1779736905.011438166]: [Perception] Ball: x=0.02 y=1.31 dist=1.31 m[0m
[03:21:47] [0m[INFO] [1779736905.011536172]: [Perception] Post 1: x=-0.42 y=-0.45 dist=0.62 m[0m
[03:21:47] [0m[INFO] [1779736905.311472909]: [Perception] Ball: x=0.02 y=1.31 dist=1.31 m[0m
[03:21:47] [0m[INFO] [1779736905.311616144]: [Perception] Post 1: x=-0.43 y=-0.44 dist=0.62 m[0m
[03:21:47] [0m[INFO] [1779736905.661341745]: [Perception] Post 1: x=-0.43 y=-0.44 dist=0.62 m[0m
[03:21:47] [0m[INFO] [1779736905.861471732]: [Perception] Ball: x=0.02 y=1.31 dist=1.31 m[0m
[03:21:47] [0m[INFO] [1779736906.011940986]: [Perception] Post 1: x=-0.43 y=-0.44 dist=0.62 m[0m
[03:21:47] [0m[INFO] [1779736906.161724142]: [Perception] Ball: x=0.02 y=1.31 dist=1.31 m[0m
[03:21:47] [0m[INFO] [1779736906.361297296]: [Perception] Post 1: x=-0.43 y=-0.44 dist=0.62 m[0m
[03:21:47] [0m[INFO] [1779736906.511488727]: [Perception] Ball: x=0.01 y=1.31 dist=1.31 m[0m
[03:21:47] [0m[INFO] [1779736906.711331870]: [Perception] Post 1: x=-0.43 y=-0.45 dist=0.62 m[0m
[03:21:47] [0m[INFO] [1779736906.861308235]: [Perception] Ball: x=0.02 y=1.31 dist=1.31 m[0m
[03:21:47] [0m[INFO] [1779736907.011495311]: [Perception] Post 1: x=-0.43 y=-0.45 dist=0.62 m[0m
