[03:17:32] =======================================================
[03:17:32]     4: Left-Top        (-0.45, 2.88)
[03:17:32] 
[03:17:42]   [校準] 點 2 已記錄：像素 (1078, 696)  ←→  全域 [0.44999998807907104, 0.0]
[03:17:56]   [校準] 點 7 已記錄：像素 (836, 296)  ←→  全域 [0.44999998807907104, 0.9599999785423279]
[03:18:04]     P2: 算出 (0.458, 0.004)  期望 (0.450, 0.000)  誤差 0.9 cm
[03:18:04]     P7: 算出 (0.452, 0.960)  期望 (0.450, 0.960)  誤差 0.2 cm
[03:18:06] [INFO] [1779736686.995552]: [YOLO] H 矩陣已儲存至 /home/weiting/DS_Robot_Goalkeeper_Project/python/H.npy
[03:18:07]  [-4.15368989e-04  7.75737182e-03  1.00000000e+00]]
[03:18:07] [YOLO] 發布 /ball_camera_world  格式: [detected, X_world, Y_world, conf]
[03:18:09] [YOLO] ✗ 未偵測到球  (miss:21)
[03:18:16] [YOLO] ✗ 未偵測到球  (miss:71)
[03:18:22] [YOLO] ✗ 未偵測到球  (miss:121)
[03:18:28] [YOLO] ✗ 未偵測到球  (miss:171)
[03:18:35] [YOLO] ✗ 未偵測到球  (miss:221)
[03:18:41] [YOLO] ✗ 未偵測到球  (miss:271)
[03:18:47] [YOLO] ✗ 未偵測到球  (miss:321)
[03:18:54] [YOLO] ✗ 未偵測到球  (miss:371)
[03:19:01] [YOLO] ✗ 未偵測到球  (miss:421)
[03:19:09] [YOLO] ✗ 未偵測到球  (miss:471)
[03:19:16] [YOLO] ✗ 未偵測到球  (miss:521)
[03:19:23] [YOLO] ✗ 未偵測到球  (miss:571)
[03:19:31] [YOLO] ✗ 未偵測到球  (miss:621)
[03:19:38] [YOLO] ✗ 未偵測到球  (miss:671)
[03:19:46] [YOLO] ✗ 未偵測到球  (miss:721)
[03:19:53] [YOLO] ✗ 未偵測到球  (miss:771)
[03:20:00] [YOLO] ✗ 未偵測到球  (miss:821)
[03:20:08] [YOLO] ✗ 未偵測到球  (miss:871)
[03:20:15] [YOLO] ✗ 未偵測到球  (miss:921)
[03:20:23] [YOLO] ✗ 未偵測到球  (miss:971)
[03:20:30] [YOLO] ✗ 未偵測到球  (miss:1021)
[03:20:37] [YOLO] ✗ 未偵測到球  (miss:1071)
[03:20:45] [YOLO] ✗ 未偵測到球  (miss:1121)
[03:20:52] [YOLO] ✗ 未偵測到球  (miss:1171)
[03:20:59] [YOLO] ✗ 未偵測到球  (miss:1221)
[03:21:07] [YOLO] ✗ 未偵測到球  (miss:1271)
[03:21:15] [YOLO] ✗ 未偵測到球  (miss:1321)
[03:21:21] [YOLO] ✗ 未偵測到球  (miss:1371)
[03:21:28] [YOLO] ✗ 未偵測到球  (miss:1421)
[03:21:34] [YOLO] ✗ 未偵測到球  (miss:1471)
[03:21:41] [YOLO] ✗ 未偵測到球  (miss:1521)
[03:21:48] [YOLO] ✗ 未偵測到球  (miss:1571)
