[05:51:34] [DEBUG] Sigma 讀取完畢，大小: 7
[05:51:58] [0m[INFO] [1779659495.244302749]: [Perception] Post 1: x=-0.54 y=-0.43 dist=0.69 m[0m
[05:51:58] [0m[INFO] [1779659497.894057906]: [Perception] Post 1: x=-0.55 y=-0.43 dist=0.70 m[0m
[05:51:58] [0m[INFO] [1779659500.493966362]: [Perception] Post 1: x=-0.54 y=-0.43 dist=0.70 m[0m
[05:51:58] [0m[INFO] [1779659503.143824865]: [Perception] Post 1: x=-0.54 y=-0.43 dist=0.70 m[0m
[05:51:58] [0m[INFO] [1779659505.793679769]: [Perception] Post 1: x=-0.54 y=-0.43 dist=0.69 m[0m
[05:51:58] [0m[INFO] [1779659508.444644514]: [Perception] Post 1: x=-0.26 y=-0.36 dist=0.44 m[0m
[05:51:58] [0m[INFO] [1779659511.095344270]: [Perception] Post 1: x=0.21 y=-0.35 dist=0.41 m[0m
[05:51:58] [0m[INFO] [1779659513.694841343]: [Perception] Post 1: x=0.25 y=-0.36 dist=0.43 m[0m
[05:51:58] [0m[INFO] [1779659516.344425436]: [Perception] Post 1: x=0.25 y=-0.36 dist=0.44 m[0m
[05:52:23] [0m[INFO] [1779659518.994708850]: [Perception] Post 1: x=0.25 y=-0.36 dist=0.43 m[0m
[05:52:23] [0m[INFO] [1779659521.644541739]: [Perception] Post 1: x=0.25 y=-0.36 dist=0.44 m[0m
[05:52:23] [0m[INFO] [1779659524.293821613]: [Perception] Post 1: x=0.25 y=-0.36 dist=0.44 m[0m
[05:52:23] [0m[INFO] [1779659526.943860092]: [Perception] Post 1: x=0.25 y=-0.36 dist=0.43 m[0m
[05:52:23] [0m[INFO] [1779659529.593990155]: [Perception] Post 1: x=0.25 y=-0.36 dist=0.44 m[0m
[05:52:23] [0m[INFO] [1779659532.194230628]: [Perception] Post 1: x=0.25 y=-0.36 dist=0.43 m[0m
[05:52:23] [0m[INFO] [1779659534.843945323]: [Perception] Post 1: x=0.25 y=-0.36 dist=0.43 m[0m
[05:52:23] [0m[INFO] [1779659537.543807557]: [Perception] Post 1: x=0.25 y=-0.36 dist=0.44 m[0m
[05:52:23] [0m[INFO] [1779659540.144400108]: [Perception] Post 1: x=0.25 y=-0.36 dist=0.43 m[0m
[05:52:23] [0m[INFO] [1779659542.843612764]: [Perception] Post 1: x=0.25 y=-0.36 dist=0.43 m[0m
[05:52:48] [0m[INFO] [1779659545.493646302]: [Perception] Post 1: x=0.25 y=-0.36 dist=0.44 m[0m
[05:52:48] [0m[INFO] [1779659548.193857994]: [Perception] Post 1: x=0.25 y=-0.36 dist=0.44 m[0m
[05:52:48] [0m[INFO] [1779659550.843601687]: [Perception] Post 1: x=0.25 y=-0.36 dist=0.43 m[0m
[05:52:48] [0m[INFO] [1779659553.493837510]: [Perception] Post 1: x=0.25 y=-0.36 dist=0.43 m[0m
[05:52:48] [0m[INFO] [1779659556.093814753]: [Perception] Post 1: x=0.25 y=-0.36 dist=0.43 m[0m
[05:52:48] [0m[INFO] [1779659558.743833230]: [Perception] Post 1: x=0.25 y=-0.36 dist=0.43 m[0m
[05:52:48] [0m[INFO] [1779659561.343487273]: [Perception] Post 1: x=0.25 y=-0.36 dist=0.43 m[0m
[05:52:48] [0m[INFO] [1779659563.993748733]: [Perception] Post 1: x=0.25 y=-0.36 dist=0.43 m[0m
[05:52:48] [0m[INFO] [1779659566.693961770]: [Perception] Post 1: x=0.25 y=-0.36 dist=0.43 m[0m
[05:53:13] [0m[INFO] [1779659569.393613941]: [Perception] Post 1: x=0.25 y=-0.36 dist=0.44 m[0m
[05:53:13] [0m[INFO] [1779659572.093617312]: [Perception] Post 1: x=0.25 y=-0.36 dist=0.43 m[0m
[05:53:13] [0m[INFO] [1779659574.793809803]: [Perception] Post 1: x=0.25 y=-0.36 dist=0.44 m[0m
[05:53:13] [0m[INFO] [1779659577.394251850]: [Perception] Post 1: x=0.25 y=-0.36 dist=0.44 m[0m
[05:53:13] [0m[INFO] [1779659580.093644178]: [Perception] Post 1: x=0.25 y=-0.36 dist=0.43 m[0m
[05:53:13] [0m[INFO] [1779659582.694806625]: [Perception] Post 1: x=0.25 y=-0.35 dist=0.43 m[0m
[05:53:13] [0m[INFO] [1779659585.344589687]: [Perception] Post 1: x=0.25 y=-0.36 dist=0.44 m[0m
[05:53:13] [0m[INFO] [1779659587.994718395]: [Perception] Post 1: x=0.25 y=-0.36 dist=0.43 m[0m
[05:53:13] [0m[INFO] [1779659590.594246533]: [Perception] Post 1: x=0.25 y=-0.36 dist=0.43 m[0m
[05:53:13] [0m[INFO] [1779659593.143968825]: [Perception] Post 1: x=0.25 y=-0.36 dist=0.43 m[0m
[05:53:38] [0m[INFO] [1779659595.794385096]: [Perception] Post 1: x=0.25 y=-0.36 dist=0.43 m[0m
[05:53:38] [0m[INFO] [1779659598.443947193]: [Perception] Post 1: x=0.25 y=-0.36 dist=0.44 m[0m
[05:53:38] [0m[INFO] [1779659601.046343525]: [Perception] Post 1: x=0.25 y=-0.36 dist=0.43 m[0m
[05:53:38] [0m[INFO] [1779659603.744760788]: [Perception] Post 1: x=0.25 y=-0.36 dist=0.43 m[0m
[05:53:38] [0m[INFO] [1779659606.394532947]: [Perception] Post 1: x=0.25 y=-0.36 dist=0.43 m[0m
[05:53:38] [0m[INFO] [1779659608.943773692]: [Perception] Post 1: x=0.25 y=-0.36 dist=0.44 m[0m
[05:53:38] [0m[INFO] [1779659611.593493766]: [Perception] Post 1: x=0.25 y=-0.36 dist=0.43 m[0m
[05:53:38] [0m[INFO] [1779659614.194053004]: [Perception] Post 1: x=0.25 y=-0.36 dist=0.43 m[0m
[05:53:38] [0m[INFO] [1779659616.795027106]: [Perception] Post 1: x=0.25 y=-0.36 dist=0.44 m[0m
[05:54:03] [0m[INFO] [1779659619.543867627]: [Perception] Post 1: x=0.25 y=-0.36 dist=0.43 m[0m
[05:54:03] [0m[INFO] [1779659622.194758597]: [Perception] Post 1: x=0.25 y=-0.36 dist=0.43 m[0m
[05:54:03] [0m[INFO] [1779659624.793977796]: [Perception] Post 1: x=0.25 y=-0.36 dist=0.43 m[0m
[05:54:03] [0m[INFO] [1779659627.493686431]: [Perception] Post 1: x=0.25 y=-0.36 dist=0.44 m[0m
[05:54:03] [0m[INFO] [1779659630.144469966]: [Perception] Post 1: x=0.25 y=-0.36 dist=0.43 m[0m
[05:54:03] [0m[INFO] [1779659632.795135953]: [Perception] Post 1: x=0.25 y=-0.36 dist=0.43 m[0m
[05:54:03] [0m[INFO] [1779659635.443618229]: [Perception] Post 1: x=0.25 y=-0.36 dist=0.44 m[0m
[05:54:03] [0m[INFO] [1779659638.043840839]: [Perception] Post 1: x=0.25 y=-0.36 dist=0.44 m[0m
[05:54:03] [0m[INFO] [1779659640.643888558]: [Perception] Post 1: x=-0.28 y=-0.24 dist=0.38 m[0m
[05:54:23] [0m[INFO] [1779659643.243685322]: [Perception] Post 1: x=-0.38 y=-0.16 dist=0.42 m[0m
[05:54:23] [0m[INFO] [1779659645.844070637]: [Perception] Post 1: x=-0.44 y=-0.17 dist=0.47 m[0m
[05:54:23] [0m[INFO] [1779659648.493995914]: [Perception] Post 1: x=-0.56 y=-0.45 dist=0.72 m[0m
[05:54:23] [0m[INFO] [1779659651.144182471]: [Perception] Post 1: x=-0.56 y=-0.45 dist=0.72 m[0m
[05:54:23] [0m[INFO] [1779659653.794318167]: [Perception] Post 1: x=-0.72 y=-0.47 dist=0.86 m[0m
[05:54:23] [0m[INFO] [1779659656.343743301]: [Perception] Ball: x=0.65 y=1.33 dist=1.48 m[0m
[05:54:23] [0m[INFO] [1779659657.544254656]: [Perception] Post 1: x=-0.35 y=-0.41 dist=0.54 m[0m
[05:54:23] [0m[INFO] [1779659658.994097382]: [Perception] Ball: x=0.59 y=1.33 dist=1.46 m[0m
[05:54:23] [0m[INFO] [1779659660.243823284]: [Perception] Ball: x=0.60 y=1.33 dist=1.46 m[0m
[05:54:23] [0m[INFO] [1779659662.244017145]: [Perception] Post 1: x=-0.11 y=-0.11 dist=0.15 m[0m
[05:54:46] [0m[INFO] [1779659664.894123330]: [Perception] Post 1: x=-0.63 y=-0.38 dist=0.73 m[0m
[05:54:46] [0m[INFO] [1779659667.593963293]: [Perception] Post 1: x=-0.14 y=-0.34 dist=0.37 m[0m
[05:54:46] [0m[INFO] [1779659669.743777386]: [Perception] Post 1: x=-0.19 y=-0.34 dist=0.39 m[0m
[05:54:46] [0m[INFO] [1779659672.295166073]: [Perception] Post 1: x=-0.40 y=-0.37 dist=0.54 m[0m
[05:54:46] [0m[INFO] [1779659674.894178012]: [Perception] Post 1: x=-0.68 y=-0.39 dist=0.78 m[0m
[05:54:46] [0m[INFO] [1779659677.444890888]: [Perception] Post 1: x=-0.49 y=-0.36 dist=0.61 m[0m
[05:54:46] [0m[INFO] [1779659680.093798268]: [Perception] Post 1: x=-0.03 y=-0.34 dist=0.35 m[0m
[05:54:46] [0m[INFO] [1779659682.644170151]: [Perception] Post 1: x=-0.45 y=-0.36 dist=0.58 m[0m
[05:54:46] [0m[INFO] [1779659685.345114591]: [Perception] Post 1: x=-0.78 y=-0.38 dist=0.86 m[0m
[05:55:11] [0m[INFO] [1779659687.994239244]: [Perception] Post 1: x=-0.29 y=-0.37 dist=0.47 m[0m
[05:55:11] [0m[INFO] [1779659690.644710635]: [Perception] Post 1: x=-0.19 y=-0.36 dist=0.41 m[0m
[05:55:11] [0m[INFO] [1779659693.294025913]: [Perception] Post 1: x=-0.67 y=-0.38 dist=0.77 m[0m
[05:55:11] [0m[INFO] [1779659695.895027875]: [Perception] Post 1: x=-0.59 y=-0.36 dist=0.69 m[0m
[05:55:11] [0m[INFO] [1779659698.594353823]: [Perception] Post 1: x=-0.09 y=-0.34 dist=0.35 m[0m
[05:55:11] [0m[INFO] [1779659701.244424752]: [Perception] Post 1: x=-0.40 y=-0.35 dist=0.53 m[0m
[05:55:11] [0m[INFO] [1779659703.893935899]: [Perception] Post 1: x=-0.84 y=-0.36 dist=0.91 m[0m
[05:55:11] [0m[INFO] [1779659706.494697540]: [Perception] Post 1: x=-0.34 y=-0.34 dist=0.48 m[0m
[05:55:11] [0m[INFO] [1779659709.143919571]: [Perception] Post 1: x=-0.15 y=-0.33 dist=0.36 m[0m
[05:55:32] [0m[INFO] [1779659711.744814664]: [Perception] Post 1: x=-0.36 y=-0.34 dist=0.50 m[0m
[05:55:32] [0m[INFO] [1779659714.444870650]: [Perception] Post 1: x=-0.02 y=-0.33 dist=0.33 m[0m
[05:55:32] [0m[INFO] [1779659717.095421846]: [Perception] Post 1: x=-0.43 y=-0.35 dist=0.55 m[0m
[05:55:32] [0m[INFO] [1779659719.745473556]: [Perception] Post 1: x=-0.83 y=-0.35 dist=0.90 m[0m
[05:55:32] [0m[INFO] [1779659722.444927327]: [Perception] Post 1: x=-0.34 y=-0.33 dist=0.47 m[0m
[05:55:32] [0m[INFO] [1779659724.644896368]: [Perception] Ball: x=-1.16 y=0.08 dist=1.17 m[0m
[05:55:32] [0m[INFO] [1779659726.644466233]: [Perception] Post 1: x=-0.45 y=-0.34 dist=0.56 m[0m
[05:55:32] [0m[INFO] [1779659729.293835484]: [Perception] Post 1: x=-0.45 y=-0.33 dist=0.56 m[0m
[05:55:32] [0m[INFO] [1779659730.744189713]: [Perception] Ball: x=0.04 y=0.89 dist=0.89 m[0m
[05:55:32] [0m[INFO] [1779659731.845079519]: [Perception] Post 1: x=-0.41 y=-0.33 dist=0.53 m[0m
[05:55:55] [0m[INFO] [1779659733.443975244]: [Perception] Post 1: x=-0.52 y=-0.33 dist=0.61 m[0m
[05:55:55] [0m[INFO] [1779659736.094211692]: [Perception] Post 1: x=-0.58 y=-0.33 dist=0.67 m[0m
[05:55:55] [0m[INFO] [1779659738.744009338]: [Perception] Post 1: x=-0.58 y=-0.33 dist=0.67 m[0m
[05:55:55] [0m[INFO] [1779659740.795029805]: [Perception] Post 1: x=-0.55 y=-0.35 dist=0.65 m[0m
[05:55:55] [0m[INFO] [1779659742.944227929]: [Perception] Post 1: x=-0.43 y=-0.35 dist=0.55 m[0m
[05:55:55] [0m[INFO] [1779659745.594472239]: [Perception] Post 1: x=-0.26 y=-0.33 dist=0.42 m[0m
[05:55:55] [0m[INFO] [1779659748.195184074]: [Perception] Post 1: x=-0.22 y=-0.33 dist=0.40 m[0m
[05:55:55] [0m[INFO] [1779659750.844676040]: [Perception] Post 1: x=-0.57 y=-0.35 dist=0.67 m[0m
[05:55:55] [0m[INFO] [1779659753.445737537]: [Perception] Post 1: x=-0.67 y=-0.34 dist=0.75 m[0m
[05:56:18] [0m[INFO] [1779659755.593947141]: [Perception] Post 1: x=-0.59 y=-0.33 dist=0.68 m[0m
[05:56:18] [0m[INFO] [1779659757.144247349]: [Perception] Post 1: x=-0.78 y=-0.34 dist=0.85 m[0m
[05:56:18] [0m[INFO] [1779659759.794673820]: [Perception] Post 1: x=-0.86 y=-0.35 dist=0.93 m[0m
[05:56:18] [0m[INFO] [1779659762.396102426]: [Perception] Post 1: x=-0.86 y=-0.35 dist=0.93 m[0m
[05:56:18] [0m[INFO] [1779659765.044359016]: [Perception] Post 1: x=-0.86 y=-0.35 dist=0.93 m[0m
[05:56:18] [0m[INFO] [1779659767.644720146]: [Perception] Post 1: x=-0.87 y=-0.35 dist=0.93 m[0m
[05:56:18] [0m[INFO] [1779659770.344317234]: [Perception] Post 1: x=-0.86 y=-0.35 dist=0.93 m[0m
[05:56:18] [0m[INFO] [1779659772.993822882]: [Perception] Post 1: x=-0.86 y=-0.35 dist=0.93 m[0m
[05:56:18] [0m[INFO] [1779659775.593723216]: [Perception] Post 1: x=-0.86 y=-0.35 dist=0.93 m[0m
