[05:51:27]  [-5.88262085e-05 -5.92425662e-03  4.06621133e+00]
[05:51:27] [YOLO] 訂閱 /camera/color/image_raw
[05:51:28] [YOLO] ✗ 未偵測到球  (miss:11)
[05:51:30] [YOLO] ✓ 球 全域座標: X=+1.506m  Y=1.946m  conf=0.80  (累計偵測:4)
[05:51:30] [YOLO] ✓ 球 全域座標: X=+1.496m  Y=1.928m  conf=0.80  (累計偵測:9)
[05:51:30] [YOLO] ✓ 球 全域座標: X=+1.502m  Y=1.938m  conf=0.79  (累計偵測:14)
[05:51:30] [YOLO] ✓ 球 全域座標: X=+1.506m  Y=1.944m  conf=0.80  (累計偵測:19)
[05:51:31] [YOLO] ✓ 球 全域座標: X=+1.504m  Y=1.942m  conf=0.81  (累計偵測:24)
[05:51:31] [YOLO] ✓ 球 全域座標: X=+1.505m  Y=1.943m  conf=0.79  (累計偵測:29)
[05:51:31] [YOLO] ✓ 球 全域座標: X=+1.503m  Y=1.941m  conf=0.79  (累計偵測:34)
[05:51:31] [YOLO] ✓ 球 全域座標: X=+1.502m  Y=1.937m  conf=0.77  (累計偵測:39)
[05:51:31] [YOLO] ✓ 球 全域座標: X=+1.508m  Y=1.948m  conf=0.78  (累計偵測:44)
[05:51:31] [YOLO] ✓ 球 全域座標: X=+1.504m  Y=1.941m  conf=0.77  (累計偵測:49)
[05:51:32] [YOLO] ✓ 球 全域座標: X=+1.506m  Y=1.944m  conf=0.77  (累計偵測:54)
[05:51:32] [YOLO] ✓ 球 全域座標: X=+1.499m  Y=1.934m  conf=0.79  (累計偵測:59)
[05:51:32] [YOLO] ✓ 球 全域座標: X=+1.500m  Y=1.936m  conf=0.81  (累計偵測:64)
[05:51:32] [YOLO] ✓ 球 全域座標: X=+1.502m  Y=1.941m  conf=0.79  (累計偵測:69)
[05:51:32] [YOLO] ✓ 球 全域座標: X=+1.503m  Y=1.941m  conf=0.80  (累計偵測:74)
[05:51:32] [YOLO] ✓ 球 全域座標: X=+1.500m  Y=1.936m  conf=0.80  (累計偵測:79)
[05:51:33] [YOLO] ✓ 球 全域座標: X=+1.503m  Y=1.939m  conf=0.77  (累計偵測:84)
[05:51:33] [YOLO] ✓ 球 全域座標: X=+1.502m  Y=1.939m  conf=0.80  (累計偵測:89)
[05:51:33] [YOLO] ✓ 球 全域座標: X=+1.499m  Y=1.934m  conf=0.82  (累計偵測:94)
[05:51:33] [YOLO] ✓ 球 全域座標: X=+1.505m  Y=1.943m  conf=0.78  (累計偵測:99)
[05:51:33] [YOLO] ✓ 球 全域座標: X=+1.501m  Y=1.938m  conf=0.80  (累計偵測:104)
[05:51:33] [YOLO] ✓ 球 全域座標: X=+1.507m  Y=1.945m  conf=0.80  (累計偵測:109)
[05:51:34] [YOLO] ✓ 球 全域座標: X=+1.504m  Y=1.940m  conf=0.80  (累計偵測:114)
[05:51:34] [YOLO] ✓ 球 全域座標: X=+1.505m  Y=1.943m  conf=0.78  (累計偵測:119)
[05:51:34] [YOLO] ✓ 球 全域座標: X=+1.503m  Y=1.941m  conf=0.78  (累計偵測:124)
[05:51:34] [YOLO] ✓ 球 全域座標: X=+1.501m  Y=1.937m  conf=0.80  (累計偵測:129)
[05:51:34] [YOLO] ✓ 球 全域座標: X=+1.507m  Y=1.945m  conf=0.79  (累計偵測:134)
[05:51:34] [YOLO] ✓ 球 全域座標: X=+1.505m  Y=1.942m  conf=0.79  (累計偵測:139)
[05:51:35] [YOLO] ✓ 球 全域座標: X=+1.502m  Y=1.939m  conf=0.79  (累計偵測:144)
[05:51:35] [YOLO] ✓ 球 全域座標: X=+1.502m  Y=1.937m  conf=0.79  (累計偵測:149)
[05:51:35] [YOLO] ✓ 球 全域座標: X=+1.506m  Y=1.943m  conf=0.80  (累計偵測:154)
[05:51:35] [YOLO] ✓ 球 全域座標: X=+1.503m  Y=1.939m  conf=0.80  (累計偵測:159)
[05:51:35] [YOLO] ✓ 球 全域座標: X=+1.499m  Y=1.933m  conf=0.80  (累計偵測:164)
[05:51:35] [YOLO] ✓ 球 全域座標: X=+1.509m  Y=1.949m  conf=0.78  (累計偵測:169)
[05:51:36] [YOLO] ✓ 球 全域座標: X=+1.505m  Y=1.944m  conf=0.79  (累計偵測:174)
[05:51:36] [YOLO] ✓ 球 全域座標: X=+1.504m  Y=1.940m  conf=0.81  (累計偵測:179)
[05:51:36] [YOLO] ✓ 球 全域座標: X=+1.504m  Y=1.942m  conf=0.81  (累計偵測:184)
[05:51:36] [YOLO] ✓ 球 全域座標: X=+1.503m  Y=1.940m  conf=0.77  (累計偵測:189)
[05:51:36] [YOLO] ✓ 球 全域座標: X=+1.505m  Y=1.942m  conf=0.79  (累計偵測:194)
[05:51:36] [YOLO] ✓ 球 全域座標: X=+1.502m  Y=1.937m  conf=0.79  (累計偵測:199)
[05:51:37] [YOLO] ✓ 球 全域座標: X=+1.500m  Y=1.936m  conf=0.76  (累計偵測:204)
[05:51:37] [YOLO] ✓ 球 全域座標: X=+1.504m  Y=1.940m  conf=0.80  (累計偵測:209)
[05:51:37] [YOLO] ✓ 球 全域座標: X=+1.507m  Y=1.946m  conf=0.79  (累計偵測:214)
[05:51:37] [YOLO] ✓ 球 全域座標: X=+1.504m  Y=1.944m  conf=0.81  (累計偵測:219)
[05:51:37] [YOLO] ✓ 球 全域座標: X=+1.499m  Y=1.934m  conf=0.80  (累計偵測:224)
[05:51:37] [YOLO] ✓ 球 全域座標: X=+1.502m  Y=1.938m  conf=0.79  (累計偵測:229)
[05:51:38] [YOLO] ✓ 球 全域座標: X=+1.500m  Y=1.936m  conf=0.80  (累計偵測:234)
[05:51:38] [YOLO] ✓ 球 全域座標: X=+1.503m  Y=1.938m  conf=0.80  (累計偵測:239)
[05:51:38] [YOLO] ✓ 球 全域座標: X=+1.505m  Y=1.942m  conf=0.79  (累計偵測:244)
[05:51:38] [YOLO] ✓ 球 全域座標: X=+1.502m  Y=1.938m  conf=0.81  (累計偵測:249)
[05:51:38] [YOLO] ✓ 球 全域座標: X=+1.505m  Y=1.942m  conf=0.77  (累計偵測:254)
[05:51:38] [YOLO] ✓ 球 全域座標: X=+1.499m  Y=1.930m  conf=0.80  (累計偵測:259)
[05:51:39] [YOLO] ✓ 球 全域座標: X=+1.503m  Y=1.939m  conf=0.81  (累計偵測:264)
[05:51:39] [YOLO] ✓ 球 全域座標: X=+1.503m  Y=1.939m  conf=0.80  (累計偵測:269)
[05:51:39] [YOLO] ✓ 球 全域座標: X=+1.503m  Y=1.940m  conf=0.81  (累計偵測:274)
[05:51:39] [YOLO] ✓ 球 全域座標: X=+1.504m  Y=1.940m  conf=0.79  (累計偵測:279)
[05:51:39] [YOLO] ✓ 球 全域座標: X=+1.504m  Y=1.939m  conf=0.78  (累計偵測:284)
[05:51:40] [YOLO] ✓ 球 全域座標: X=+1.505m  Y=1.943m  conf=0.80  (累計偵測:289)
[05:51:40] [YOLO] ✓ 球 全域座標: X=+1.505m  Y=1.942m  conf=0.80  (累計偵測:294)
[05:51:40] [YOLO] ✓ 球 全域座標: X=+1.506m  Y=1.945m  conf=0.78  (累計偵測:299)
[05:51:40] [YOLO] ✓ 球 全域座標: X=+1.502m  Y=1.939m  conf=0.80  (累計偵測:304)
[05:51:40] [YOLO] ✓ 球 全域座標: X=+1.505m  Y=1.943m  conf=0.80  (累計偵測:309)
[05:51:40] [YOLO] ✓ 球 全域座標: X=+1.507m  Y=1.946m  conf=0.79  (累計偵測:314)
[05:51:41] [YOLO] ✓ 球 全域座標: X=+1.505m  Y=1.943m  conf=0.79  (累計偵測:319)
[05:51:41] [YOLO] ✓ 球 全域座標: X=+1.505m  Y=1.943m  conf=0.79  (累計偵測:324)
[05:51:41] [YOLO] ✓ 球 全域座標: X=+1.506m  Y=1.945m  conf=0.78  (累計偵測:329)
[05:51:41] [YOLO] ✓ 球 全域座標: X=+1.502m  Y=1.938m  conf=0.80  (累計偵測:334)
[05:51:41] [YOLO] ✓ 球 全域座標: X=+1.504m  Y=1.942m  conf=0.80  (累計偵測:339)
[05:51:42] [YOLO] ✓ 球 全域座標: X=+1.504m  Y=1.939m  conf=0.80  (累計偵測:344)
[05:51:42] [YOLO] ✓ 球 全域座標: X=+1.503m  Y=1.941m  conf=0.79  (累計偵測:349)
[05:51:42] [YOLO] ✓ 球 全域座標: X=+1.504m  Y=1.940m  conf=0.80  (累計偵測:354)
[05:51:42] [YOLO] ✓ 球 全域座標: X=+1.505m  Y=1.944m  conf=0.78  (累計偵測:359)
[05:51:42] [YOLO] ✓ 球 全域座標: X=+1.504m  Y=1.940m  conf=0.79  (累計偵測:364)
[05:51:43] [YOLO] ✓ 球 全域座標: X=+1.505m  Y=1.943m  conf=0.78  (累計偵測:369)
[05:51:43] [YOLO] ✓ 球 全域座標: X=+1.504m  Y=1.942m  conf=0.81  (累計偵測:374)
[05:51:43] [YOLO] ✓ 球 全域座標: X=+1.502m  Y=1.937m  conf=0.79  (累計偵測:379)
[05:51:43] [YOLO] ✓ 球 全域座標: X=+1.503m  Y=1.939m  conf=0.79  (累計偵測:384)
[05:51:43] [YOLO] ✓ 球 全域座標: X=+1.503m  Y=1.939m  conf=0.78  (累計偵測:389)
[05:51:43] [YOLO] ✓ 球 全域座標: X=+1.504m  Y=1.940m  conf=0.79  (累計偵測:394)
[05:51:44] [YOLO] ✓ 球 全域座標: X=+1.504m  Y=1.941m  conf=0.77  (累計偵測:399)
[05:51:44] [YOLO] ✓ 球 全域座標: X=+1.503m  Y=1.941m  conf=0.80  (累計偵測:404)
[05:51:44] [YOLO] ✓ 球 全域座標: X=+1.504m  Y=1.943m  conf=0.77  (累計偵測:409)
[05:51:44] [YOLO] ✓ 球 全域座標: X=+1.505m  Y=1.942m  conf=0.81  (累計偵測:414)
[05:51:44] [YOLO] ✓ 球 全域座標: X=+1.500m  Y=1.935m  conf=0.79  (累計偵測:419)
[05:51:44] [YOLO] ✓ 球 全域座標: X=+1.506m  Y=1.945m  conf=0.81  (累計偵測:424)
[05:51:45] [YOLO] ✓ 球 全域座標: X=+1.498m  Y=1.933m  conf=0.79  (累計偵測:429)
[05:51:45] [YOLO] ✓ 球 全域座標: X=+1.504m  Y=1.942m  conf=0.79  (累計偵測:434)
[05:51:45] [YOLO] ✓ 球 全域座標: X=+1.505m  Y=1.941m  conf=0.77  (累計偵測:439)
[05:51:45] [YOLO] ✓ 球 全域座標: X=+1.504m  Y=1.940m  conf=0.81  (累計偵測:444)
[05:51:45] [YOLO] ✓ 球 全域座標: X=+1.506m  Y=1.944m  conf=0.79  (累計偵測:449)
[05:51:45] [YOLO] ✓ 球 全域座標: X=+1.500m  Y=1.936m  conf=0.80  (累計偵測:454)
[05:51:46] [YOLO] ✓ 球 全域座標: X=+1.504m  Y=1.942m  conf=0.78  (累計偵測:459)
[05:51:46] [YOLO] ✓ 球 全域座標: X=+1.507m  Y=1.948m  conf=0.80  (累計偵測:464)
[05:51:46] [YOLO] ✓ 球 全域座標: X=+1.503m  Y=1.939m  conf=0.81  (累計偵測:469)
[05:51:46] [YOLO] ✓ 球 全域座標: X=+1.503m  Y=1.939m  conf=0.80  (累計偵測:474)
[05:51:46] [YOLO] ✓ 球 全域座標: X=+1.498m  Y=1.933m  conf=0.80  (累計偵測:479)
[05:51:47] [YOLO] ✓ 球 全域座標: X=+1.504m  Y=1.940m  conf=0.80  (累計偵測:484)
[05:51:47] [YOLO] ✓ 球 全域座標: X=+1.508m  Y=1.947m  conf=0.80  (累計偵測:489)
[05:51:47] [YOLO] ✓ 球 全域座標: X=+1.503m  Y=1.940m  conf=0.79  (累計偵測:494)
[05:51:47] [YOLO] ✓ 球 全域座標: X=+1.507m  Y=1.947m  conf=0.77  (累計偵測:499)
[05:51:48] [YOLO] ✓ 球 全域座標: X=+1.504m  Y=1.940m  conf=0.79  (累計偵測:504)
[05:51:48] [YOLO] ✓ 球 全域座標: X=+1.505m  Y=1.943m  conf=0.78  (累計偵測:509)
[05:51:48] [YOLO] ✓ 球 全域座標: X=+1.505m  Y=1.945m  conf=0.79  (累計偵測:514)
[05:51:48] [YOLO] ✓ 球 全域座標: X=+1.507m  Y=1.946m  conf=0.79  (累計偵測:519)
[05:51:48] [YOLO] ✓ 球 全域座標: X=+1.500m  Y=1.935m  conf=0.79  (累計偵測:524)
[05:51:49] [YOLO] ✓ 球 全域座標: X=+1.503m  Y=1.940m  conf=0.79  (累計偵測:529)
[05:51:49] [YOLO] ✓ 球 全域座標: X=+1.502m  Y=1.938m  conf=0.76  (累計偵測:534)
[05:51:49] [YOLO] ✓ 球 全域座標: X=+1.505m  Y=1.942m  conf=0.79  (累計偵測:539)
[05:51:49] [YOLO] ✓ 球 全域座標: X=+1.499m  Y=1.934m  conf=0.79  (累計偵測:544)
[05:51:50] [YOLO] ✓ 球 全域座標: X=+1.503m  Y=1.941m  conf=0.78  (累計偵測:549)
[05:51:50] [YOLO] ✓ 球 全域座標: X=+1.506m  Y=1.944m  conf=0.79  (累計偵測:554)
[05:51:50] [YOLO] ✓ 球 全域座標: X=+1.504m  Y=1.941m  conf=0.75  (累計偵測:559)
[05:51:50] [YOLO] ✓ 球 全域座標: X=+1.500m  Y=1.935m  conf=0.79  (累計偵測:564)
[05:51:50] [YOLO] ✓ 球 全域座標: X=+1.509m  Y=1.950m  conf=0.79  (累計偵測:569)
[05:51:51] [YOLO] ✓ 球 全域座標: X=+1.509m  Y=1.951m  conf=0.77  (累計偵測:574)
[05:51:51] [YOLO] ✓ 球 全域座標: X=+1.506m  Y=1.946m  conf=0.79  (累計偵測:579)
[05:51:51] [YOLO] ✓ 球 全域座標: X=+1.507m  Y=1.946m  conf=0.79  (累計偵測:584)
[05:51:51] [YOLO] ✓ 球 全域座標: X=+1.506m  Y=1.946m  conf=0.76  (累計偵測:589)
[05:51:52] [YOLO] ✓ 球 全域座標: X=+1.506m  Y=1.944m  conf=0.78  (累計偵測:594)
[05:51:52] [YOLO] ✓ 球 全域座標: X=+1.506m  Y=1.945m  conf=0.79  (累計偵測:599)
[05:51:52] [YOLO] ✓ 球 全域座標: X=+1.509m  Y=1.951m  conf=0.78  (累計偵測:604)
[05:51:52] [YOLO] ✓ 球 全域座標: X=+1.506m  Y=1.944m  conf=0.77  (累計偵測:609)
[05:51:53] [YOLO] ✓ 球 全域座標: X=+1.507m  Y=1.947m  conf=0.79  (累計偵測:614)
[05:51:53] [YOLO] ✓ 球 全域座標: X=+1.505m  Y=1.942m  conf=0.79  (累計偵測:619)
[05:51:53] [YOLO] ✓ 球 全域座標: X=+1.508m  Y=1.948m  conf=0.71  (累計偵測:624)
[05:51:53] [YOLO] ✓ 球 全域座標: X=+1.510m  Y=1.952m  conf=0.76  (累計偵測:629)
[05:51:53] [YOLO] ✓ 球 全域座標: X=+1.508m  Y=1.949m  conf=0.74  (累計偵測:634)
[05:51:54] [YOLO] ✓ 球 全域座標: X=+1.504m  Y=1.942m  conf=0.74  (累計偵測:639)
[05:51:54] [YOLO] ✓ 球 全域座標: X=+1.507m  Y=1.947m  conf=0.75  (累計偵測:644)
[05:51:54] [YOLO] ✓ 球 全域座標: X=+1.510m  Y=1.954m  conf=0.78  (累計偵測:649)
[05:51:54] [YOLO] ✓ 球 全域座標: X=+1.510m  Y=1.953m  conf=0.73  (累計偵測:654)
[05:51:55] [YOLO] ✓ 球 全域座標: X=+1.513m  Y=1.958m  conf=0.78  (累計偵測:659)
[05:51:55] [YOLO] ✓ 球 全域座標: X=+1.509m  Y=1.953m  conf=0.74  (累計偵測:664)
[05:51:55] [YOLO] ✓ 球 全域座標: X=+1.508m  Y=1.950m  conf=0.75  (累計偵測:669)
[05:51:55] [YOLO] ✓ 球 全域座標: X=+1.511m  Y=1.955m  conf=0.76  (累計偵測:674)
[05:51:56] [YOLO] ✓ 球 全域座標: X=+1.510m  Y=1.951m  conf=0.70  (累計偵測:679)
[05:51:56] [YOLO] ✓ 球 全域座標: X=+1.505m  Y=1.943m  conf=0.76  (累計偵測:684)
[05:51:56] [YOLO] ✓ 球 全域座標: X=+1.509m  Y=1.950m  conf=0.75  (累計偵測:689)
[05:51:56] [YOLO] ✓ 球 全域座標: X=+1.505m  Y=1.943m  conf=0.75  (累計偵測:694)
[05:51:57] [YOLO] ✓ 球 全域座標: X=+1.510m  Y=1.951m  conf=0.77  (累計偵測:699)
[05:51:57] [YOLO] ✓ 球 全域座標: X=+1.509m  Y=1.950m  conf=0.74  (累計偵測:704)
[05:51:57] [YOLO] ✓ 球 全域座標: X=+1.511m  Y=1.954m  conf=0.77  (累計偵測:709)
[05:51:57] [YOLO] ✓ 球 全域座標: X=+1.508m  Y=1.950m  conf=0.76  (累計偵測:714)
[05:51:58] [YOLO] ✓ 球 全域座標: X=+1.510m  Y=1.952m  conf=0.74  (累計偵測:719)
[05:51:58] [YOLO] ✓ 球 全域座標: X=+1.513m  Y=1.958m  conf=0.75  (累計偵測:724)
[05:51:58] [YOLO] ✓ 球 全域座標: X=+1.510m  Y=1.952m  conf=0.77  (累計偵測:729)
[05:51:58] [YOLO] ✓ 球 全域座標: X=+1.510m  Y=1.952m  conf=0.74  (累計偵測:734)
[05:51:58] [YOLO] ✓ 球 全域座標: X=+1.510m  Y=1.953m  conf=0.75  (累計偵測:739)
[05:51:59] [YOLO] ✓ 球 全域座標: X=+1.509m  Y=1.951m  conf=0.75  (累計偵測:744)
[05:51:59] [YOLO] ✓ 球 全域座標: X=+1.510m  Y=1.952m  conf=0.74  (累計偵測:749)
[05:51:59] [YOLO] ✓ 球 全域座標: X=+1.512m  Y=1.957m  conf=0.76  (累計偵測:754)
[05:51:59] [YOLO] ✓ 球 全域座標: X=+1.510m  Y=1.954m  conf=0.76  (累計偵測:759)
[05:51:59] [YOLO] ✓ 球 全域座標: X=+1.510m  Y=1.952m  conf=0.76  (累計偵測:764)
[05:52:00] [YOLO] ✓ 球 全域座標: X=+1.508m  Y=1.951m  conf=0.75  (累計偵測:769)
[05:52:00] [YOLO] ✓ 球 全域座標: X=+1.511m  Y=1.953m  conf=0.76  (累計偵測:774)
[05:52:00] [YOLO] ✓ 球 全域座標: X=+1.509m  Y=1.951m  conf=0.74  (累計偵測:779)
[05:52:00] [YOLO] ✓ 球 全域座標: X=+1.505m  Y=1.945m  conf=0.79  (累計偵測:784)
[05:52:00] [YOLO] ✓ 球 全域座標: X=+1.507m  Y=1.947m  conf=0.75  (累計偵測:789)
[05:52:01] [YOLO] ✓ 球 全域座標: X=+1.507m  Y=1.946m  conf=0.79  (累計偵測:794)
[05:52:01] [YOLO] ✓ 球 全域座標: X=+1.510m  Y=1.953m  conf=0.79  (累計偵測:799)
[05:52:01] [YOLO] ✓ 球 全域座標: X=+1.508m  Y=1.950m  conf=0.78  (累計偵測:804)
[05:52:01] [YOLO] ✓ 球 全域座標: X=+1.508m  Y=1.948m  conf=0.78  (累計偵測:809)
[05:52:01] [YOLO] ✓ 球 全域座標: X=+1.507m  Y=1.946m  conf=0.80  (累計偵測:814)
[05:52:02] [YOLO] ✓ 球 全域座標: X=+1.507m  Y=1.945m  conf=0.78  (累計偵測:819)
[05:52:02] [YOLO] ✓ 球 全域座標: X=+1.505m  Y=1.944m  conf=0.77  (累計偵測:824)
[05:52:02] [YOLO] ✓ 球 全域座標: X=+1.505m  Y=1.943m  conf=0.77  (累計偵測:829)
[05:52:03] [YOLO] ✓ 球 全域座標: X=+1.509m  Y=1.948m  conf=0.76  (累計偵測:834)
[05:52:03] [YOLO] ✓ 球 全域座標: X=+1.505m  Y=1.942m  conf=0.80  (累計偵測:839)
[05:52:03] [YOLO] ✓ 球 全域座標: X=+1.503m  Y=1.940m  conf=0.75  (累計偵測:844)
[05:52:03] [YOLO] ✓ 球 全域座標: X=+1.504m  Y=1.942m  conf=0.78  (累計偵測:849)
[05:52:03] [YOLO] ✓ 球 全域座標: X=+1.500m  Y=1.936m  conf=0.78  (累計偵測:854)
[05:52:04] [YOLO] ✓ 球 全域座標: X=+1.503m  Y=1.939m  conf=0.79  (累計偵測:859)
[05:52:04] [YOLO] ✓ 球 全域座標: X=+1.503m  Y=1.940m  conf=0.75  (累計偵測:864)
[05:52:04] [YOLO] ✓ 球 全域座標: X=+1.506m  Y=1.944m  conf=0.80  (累計偵測:869)
[05:52:04] [YOLO] ✓ 球 全域座標: X=+1.506m  Y=1.944m  conf=0.79  (累計偵測:874)
[05:52:04] [YOLO] ✓ 球 全域座標: X=+1.505m  Y=1.943m  conf=0.74  (累計偵測:879)
[05:52:05] [YOLO] ✓ 球 全域座標: X=+1.507m  Y=1.948m  conf=0.78  (累計偵測:884)
[05:52:05] [YOLO] ✓ 球 全域座標: X=+1.509m  Y=1.951m  conf=0.76  (累計偵測:889)
[05:52:05] [YOLO] ✓ 球 全域座標: X=+1.505m  Y=1.944m  conf=0.74  (累計偵測:894)
[05:52:05] [YOLO] ✓ 球 全域座標: X=+1.507m  Y=1.948m  conf=0.71  (累計偵測:899)
[05:52:06] [YOLO] ✓ 球 全域座標: X=+1.500m  Y=1.934m  conf=0.79  (累計偵測:904)
[05:52:06] [YOLO] ✓ 球 全域座標: X=+1.506m  Y=1.948m  conf=0.77  (累計偵測:909)
[05:52:06] [YOLO] ✓ 球 全域座標: X=+1.506m  Y=1.945m  conf=0.74  (累計偵測:914)
[05:52:06] [YOLO] ✓ 球 全域座標: X=+1.507m  Y=1.947m  conf=0.77  (累計偵測:919)
[05:52:07] [YOLO] ✓ 球 全域座標: X=+1.507m  Y=1.951m  conf=0.75  (累計偵測:924)
[05:52:07] [YOLO] ✓ 球 全域座標: X=+1.512m  Y=1.955m  conf=0.76  (累計偵測:929)
[05:52:07] [YOLO] ✓ 球 全域座標: X=+1.510m  Y=1.954m  conf=0.73  (累計偵測:934)
[05:52:07] [YOLO] ✓ 球 全域座標: X=+1.509m  Y=1.950m  conf=0.76  (累計偵測:939)
[05:52:07] [YOLO] ✓ 球 全域座標: X=+1.511m  Y=1.954m  conf=0.78  (累計偵測:944)
[05:52:08] [YOLO] ✓ 球 全域座標: X=+1.508m  Y=1.950m  conf=0.74  (累計偵測:949)
[05:52:08] [YOLO] ✓ 球 全域座標: X=+1.509m  Y=1.952m  conf=0.74  (累計偵測:954)
[05:52:08] [YOLO] ✓ 球 全域座標: X=+1.507m  Y=1.950m  conf=0.74  (累計偵測:959)
[05:52:08] [YOLO] ✓ 球 全域座標: X=+1.508m  Y=1.949m  conf=0.75  (累計偵測:964)
[05:52:09] [YOLO] ✓ 球 全域座標: X=+1.507m  Y=1.947m  conf=0.76  (累計偵測:969)
[05:52:09] [YOLO] ✓ 球 全域座標: X=+1.511m  Y=1.954m  conf=0.78  (累計偵測:974)
[05:52:09] [YOLO] ✓ 球 全域座標: X=+1.513m  Y=1.957m  conf=0.79  (累計偵測:979)
[05:52:09] [YOLO] ✓ 球 全域座標: X=+1.509m  Y=1.951m  conf=0.76  (累計偵測:984)
[05:52:09] [YOLO] ✓ 球 全域座標: X=+1.512m  Y=1.957m  conf=0.77  (累計偵測:989)
[05:52:10] [YOLO] ✓ 球 全域座標: X=+1.512m  Y=1.957m  conf=0.72  (累計偵測:994)
[05:52:10] [YOLO] ✓ 球 全域座標: X=+1.509m  Y=1.951m  conf=0.77  (累計偵測:999)
[05:52:10] [YOLO] ✓ 球 全域座標: X=+1.509m  Y=1.951m  conf=0.75  (累計偵測:1004)
[05:52:10] [YOLO] ✓ 球 全域座標: X=+1.510m  Y=1.952m  conf=0.77  (累計偵測:1009)
[05:52:11] [YOLO] ✓ 球 全域座標: X=+1.509m  Y=1.952m  conf=0.74  (累計偵測:1014)
[05:52:11] [YOLO] ✓ 球 全域座標: X=+1.503m  Y=1.939m  conf=0.79  (累計偵測:1019)
[05:52:11] [YOLO] ✓ 球 全域座標: X=+1.507m  Y=1.947m  conf=0.79  (累計偵測:1024)
[05:52:11] [YOLO] ✓ 球 全域座標: X=+1.513m  Y=1.961m  conf=0.78  (累計偵測:1029)
[05:52:12] [YOLO] ✓ 球 全域座標: X=+1.511m  Y=1.953m  conf=0.74  (累計偵測:1034)
[05:52:12] [YOLO] ✓ 球 全域座標: X=+1.510m  Y=1.951m  conf=0.73  (累計偵測:1039)
[05:52:12] [YOLO] ✓ 球 全域座標: X=+1.511m  Y=1.956m  conf=0.78  (累計偵測:1044)
[05:52:12] [YOLO] ✓ 球 全域座標: X=+1.510m  Y=1.952m  conf=0.75  (累計偵測:1049)
[05:52:12] [YOLO] ✓ 球 全域座標: X=+1.511m  Y=1.954m  conf=0.76  (累計偵測:1054)
[05:52:12] [YOLO] ✓ 球 全域座標: X=+1.511m  Y=1.955m  conf=0.76  (累計偵測:1059)
[05:52:13] [YOLO] ✓ 球 全域座標: X=+1.511m  Y=1.956m  conf=0.76  (累計偵測:1064)
[05:52:13] [YOLO] ✓ 球 全域座標: X=+1.511m  Y=1.954m  conf=0.79  (累計偵測:1069)
[05:52:13] [YOLO] ✓ 球 全域座標: X=+1.509m  Y=1.952m  conf=0.78  (累計偵測:1074)
[05:52:13] [YOLO] ✓ 球 全域座標: X=+1.508m  Y=1.948m  conf=0.75  (累計偵測:1079)
[05:52:13] [YOLO] ✓ 球 全域座標: X=+1.506m  Y=1.945m  conf=0.76  (累計偵測:1084)
[05:52:14] [YOLO] ✓ 球 全域座標: X=+1.511m  Y=1.956m  conf=0.72  (累計偵測:1089)
[05:52:14] [YOLO] ✓ 球 全域座標: X=+1.510m  Y=1.951m  conf=0.74  (累計偵測:1094)
[05:52:14] [YOLO] ✓ 球 全域座標: X=+1.506m  Y=1.948m  conf=0.78  (累計偵測:1099)
[05:52:14] [YOLO] ✓ 球 全域座標: X=+1.511m  Y=1.955m  conf=0.78  (累計偵測:1104)
[05:52:14] [YOLO] ✓ 球 全域座標: X=+1.508m  Y=1.950m  conf=0.75  (累計偵測:1109)
[05:52:15] [YOLO] ✓ 球 全域座標: X=+1.510m  Y=1.952m  conf=0.75  (累計偵測:1114)
[05:52:15] [YOLO] ✓ 球 全域座標: X=+1.509m  Y=1.950m  conf=0.78  (累計偵測:1119)
[05:52:15] [YOLO] ✓ 球 全域座標: X=+1.508m  Y=1.948m  conf=0.77  (累計偵測:1124)
[05:52:15] [YOLO] ✓ 球 全域座標: X=+1.507m  Y=1.947m  conf=0.79  (累計偵測:1129)
[05:52:15] [YOLO] ✓ 球 全域座標: X=+1.511m  Y=1.954m  conf=0.76  (累計偵測:1134)
[05:52:15] [YOLO] ✓ 球 全域座標: X=+1.509m  Y=1.952m  conf=0.74  (累計偵測:1139)
[05:52:16] [YOLO] ✓ 球 全域座標: X=+1.512m  Y=1.957m  conf=0.74  (累計偵測:1144)
[05:52:16] [YOLO] ✓ 球 全域座標: X=+1.510m  Y=1.953m  conf=0.73  (累計偵測:1149)
[05:52:16] [YOLO] ✓ 球 全域座標: X=+1.505m  Y=1.945m  conf=0.76  (累計偵測:1154)
[05:52:16] [YOLO] ✓ 球 全域座標: X=+1.509m  Y=1.951m  conf=0.75  (累計偵測:1159)
[05:52:16] [YOLO] ✓ 球 全域座標: X=+1.506m  Y=1.947m  conf=0.80  (累計偵測:1164)
[05:52:16] [YOLO] ✓ 球 全域座標: X=+1.514m  Y=1.959m  conf=0.75  (累計偵測:1169)
[05:52:17] [YOLO] ✓ 球 全域座標: X=+1.509m  Y=1.952m  conf=0.76  (累計偵測:1174)
[05:52:17] [YOLO] ✓ 球 全域座標: X=+1.512m  Y=1.957m  conf=0.77  (累計偵測:1179)
[05:52:17] [YOLO] ✓ 球 全域座標: X=+1.513m  Y=1.959m  conf=0.76  (累計偵測:1184)
[05:52:17] [YOLO] ✓ 球 全域座標: X=+1.511m  Y=1.952m  conf=0.75  (累計偵測:1189)
[05:52:17] [YOLO] ✓ 球 全域座標: X=+1.512m  Y=1.956m  conf=0.76  (累計偵測:1194)
[05:52:17] [YOLO] ✓ 球 全域座標: X=+1.512m  Y=1.957m  conf=0.76  (累計偵測:1199)
[05:52:18] [YOLO] ✓ 球 全域座標: X=+1.512m  Y=1.956m  conf=0.74  (累計偵測:1204)
[05:52:18] [YOLO] ✓ 球 全域座標: X=+1.505m  Y=1.945m  conf=0.74  (累計偵測:1209)
[05:52:18] [YOLO] ✓ 球 全域座標: X=+1.508m  Y=1.950m  conf=0.79  (累計偵測:1214)
[05:52:18] [YOLO] ✓ 球 全域座標: X=+1.507m  Y=1.945m  conf=0.79  (累計偵測:1219)
[05:52:18] [YOLO] ✓ 球 全域座標: X=+1.506m  Y=1.945m  conf=0.77  (累計偵測:1224)
[05:52:18] [YOLO] ✓ 球 全域座標: X=+1.504m  Y=1.943m  conf=0.77  (累計偵測:1229)
[05:52:19] [YOLO] ✓ 球 全域座標: X=+1.506m  Y=1.945m  conf=0.80  (累計偵測:1234)
[05:52:19] [YOLO] ✓ 球 全域座標: X=+1.507m  Y=1.947m  conf=0.76  (累計偵測:1239)
[05:52:19] [YOLO] ✓ 球 全域座標: X=+1.501m  Y=1.937m  conf=0.80  (累計偵測:1244)
[05:52:19] [YOLO] ✓ 球 全域座標: X=+1.506m  Y=1.943m  conf=0.76  (累計偵測:1249)
[05:52:19] [YOLO] ✓ 球 全域座標: X=+1.506m  Y=1.945m  conf=0.77  (累計偵測:1254)
[05:52:19] [YOLO] ✓ 球 全域座標: X=+1.503m  Y=1.940m  conf=0.79  (累計偵測:1259)
[05:52:20] [YOLO] ✓ 球 全域座標: X=+1.510m  Y=1.952m  conf=0.76  (累計偵測:1264)
[05:52:20] [YOLO] ✓ 球 全域座標: X=+1.502m  Y=1.938m  conf=0.79  (累計偵測:1269)
[05:52:20] [YOLO] ✓ 球 全域座標: X=+1.503m  Y=1.940m  conf=0.78  (累計偵測:1274)
[05:52:20] [YOLO] ✓ 球 全域座標: X=+1.500m  Y=1.934m  conf=0.76  (累計偵測:1279)
[05:52:20] [YOLO] ✓ 球 全域座標: X=+1.502m  Y=1.937m  conf=0.77  (累計偵測:1284)
[05:52:20] [YOLO] ✓ 球 全域座標: X=+1.507m  Y=1.945m  conf=0.78  (累計偵測:1289)
[05:52:21] [YOLO] ✓ 球 全域座標: X=+1.504m  Y=1.940m  conf=0.79  (累計偵測:1294)
[05:52:21] [YOLO] ✓ 球 全域座標: X=+1.509m  Y=1.949m  conf=0.78  (累計偵測:1299)
[05:52:21] [YOLO] ✓ 球 全域座標: X=+1.507m  Y=1.944m  conf=0.80  (累計偵測:1304)
[05:52:21] [YOLO] ✓ 球 全域座標: X=+1.505m  Y=1.941m  conf=0.78  (累計偵測:1309)
[05:52:21] [YOLO] ✓ 球 全域座標: X=+1.505m  Y=1.943m  conf=0.77  (累計偵測:1314)
[05:52:21] [YOLO] ✓ 球 全域座標: X=+1.503m  Y=1.940m  conf=0.77  (累計偵測:1319)
[05:52:22] [YOLO] ✓ 球 全域座標: X=+1.506m  Y=1.944m  conf=0.78  (累計偵測:1324)
[05:52:22] [YOLO] ✓ 球 全域座標: X=+1.506m  Y=1.944m  conf=0.74  (累計偵測:1329)
[05:52:22] [YOLO] ✓ 球 全域座標: X=+1.505m  Y=1.941m  conf=0.78  (累計偵測:1334)
[05:52:22] [YOLO] ✓ 球 全域座標: X=+1.507m  Y=1.946m  conf=0.76  (累計偵測:1339)
[05:52:22] [YOLO] ✓ 球 全域座標: X=+1.506m  Y=1.944m  conf=0.78  (累計偵測:1344)
[05:52:22] [YOLO] ✓ 球 全域座標: X=+1.505m  Y=1.941m  conf=0.77  (累計偵測:1349)
[05:52:23] [YOLO] ✓ 球 全域座標: X=+1.505m  Y=1.943m  conf=0.77  (累計偵測:1354)
[05:52:23] [YOLO] ✓ 球 全域座標: X=+1.504m  Y=1.940m  conf=0.77  (累計偵測:1359)
[05:52:23] [YOLO] ✓ 球 全域座標: X=+1.505m  Y=1.941m  conf=0.81  (累計偵測:1364)
[05:52:23] [YOLO] ✓ 球 全域座標: X=+1.504m  Y=1.939m  conf=0.76  (累計偵測:1369)
[05:52:23] [YOLO] ✓ 球 全域座標: X=+1.506m  Y=1.943m  conf=0.78  (累計偵測:1374)
[05:52:23] [YOLO] ✓ 球 全域座標: X=+1.504m  Y=1.941m  conf=0.79  (累計偵測:1379)
[05:52:24] [YOLO] ✓ 球 全域座標: X=+1.504m  Y=1.938m  conf=0.78  (累計偵測:1384)
[05:52:24] [YOLO] ✓ 球 全域座標: X=+1.507m  Y=1.945m  conf=0.77  (累計偵測:1389)
[05:52:24] [YOLO] ✓ 球 全域座標: X=+1.505m  Y=1.943m  conf=0.80  (累計偵測:1394)
[05:52:24] [YOLO] ✓ 球 全域座標: X=+1.507m  Y=1.944m  conf=0.79  (累計偵測:1399)
[05:52:24] [YOLO] ✓ 球 全域座標: X=+1.503m  Y=1.940m  conf=0.77  (累計偵測:1404)
[05:52:24] [YOLO] ✓ 球 全域座標: X=+1.504m  Y=1.941m  conf=0.76  (累計偵測:1409)
[05:52:25] [YOLO] ✓ 球 全域座標: X=+1.502m  Y=1.937m  conf=0.80  (累計偵測:1414)
[05:52:25] [YOLO] ✓ 球 全域座標: X=+1.506m  Y=1.943m  conf=0.80  (累計偵測:1419)
[05:52:25] [YOLO] ✓ 球 全域座標: X=+1.506m  Y=1.944m  conf=0.79  (累計偵測:1424)
[05:52:25] [YOLO] ✓ 球 全域座標: X=+1.506m  Y=1.943m  conf=0.75  (累計偵測:1429)
[05:52:25] [YOLO] ✓ 球 全域座標: X=+1.508m  Y=1.947m  conf=0.77  (累計偵測:1434)
[05:52:25] [YOLO] ✓ 球 全域座標: X=+1.506m  Y=1.943m  conf=0.77  (累計偵測:1439)
[05:52:26] [YOLO] ✓ 球 全域座標: X=+1.500m  Y=1.936m  conf=0.78  (累計偵測:1444)
[05:52:26] [YOLO] ✓ 球 全域座標: X=+1.507m  Y=1.945m  conf=0.78  (累計偵測:1449)
[05:52:26] [YOLO] ✓ 球 全域座標: X=+1.500m  Y=1.934m  conf=0.77  (累計偵測:1454)
[05:52:26] [YOLO] ✓ 球 全域座標: X=+1.504m  Y=1.942m  conf=0.80  (累計偵測:1459)
[05:52:26] [YOLO] ✓ 球 全域座標: X=+1.507m  Y=1.947m  conf=0.77  (累計偵測:1464)
[05:52:26] [YOLO] ✓ 球 全域座標: X=+1.505m  Y=1.942m  conf=0.77  (累計偵測:1469)
[05:52:27] [YOLO] ✓ 球 全域座標: X=+1.506m  Y=1.944m  conf=0.79  (累計偵測:1474)
[05:52:27] [YOLO] ✓ 球 全域座標: X=+1.501m  Y=1.936m  conf=0.78  (累計偵測:1479)
[05:52:27] [YOLO] ✓ 球 全域座標: X=+1.509m  Y=1.949m  conf=0.78  (累計偵測:1484)
[05:52:27] [YOLO] ✓ 球 全域座標: X=+1.507m  Y=1.946m  conf=0.77  (累計偵測:1489)
[05:52:27] [YOLO] ✓ 球 全域座標: X=+1.509m  Y=1.950m  conf=0.78  (累計偵測:1494)
[05:52:27] [YOLO] ✓ 球 全域座標: X=+1.503m  Y=1.939m  conf=0.80  (累計偵測:1499)
[05:52:28] [YOLO] ✓ 球 全域座標: X=+1.506m  Y=1.944m  conf=0.76  (累計偵測:1504)
[05:52:28] [YOLO] ✓ 球 全域座標: X=+1.505m  Y=1.941m  conf=0.77  (累計偵測:1509)
[05:52:28] [YOLO] ✓ 球 全域座標: X=+1.505m  Y=1.944m  conf=0.77  (累計偵測:1514)
[05:52:28] [YOLO] ✓ 球 全域座標: X=+1.503m  Y=1.939m  conf=0.78  (累計偵測:1519)
[05:52:28] [YOLO] ✓ 球 全域座標: X=+1.507m  Y=1.947m  conf=0.78  (累計偵測:1524)
[05:52:28] [YOLO] ✓ 球 全域座標: X=+1.502m  Y=1.938m  conf=0.79  (累計偵測:1529)
[05:52:29] [YOLO] ✓ 球 全域座標: X=+1.504m  Y=1.940m  conf=0.80  (累計偵測:1534)
[05:52:29] [YOLO] ✓ 球 全域座標: X=+1.507m  Y=1.945m  conf=0.76  (累計偵測:1539)
[05:52:29] [YOLO] ✓ 球 全域座標: X=+1.500m  Y=1.936m  conf=0.79  (累計偵測:1544)
[05:52:29] [YOLO] ✓ 球 全域座標: X=+1.503m  Y=1.940m  conf=0.78  (累計偵測:1549)
[05:52:29] [YOLO] ✓ 球 全域座標: X=+1.503m  Y=1.940m  conf=0.78  (累計偵測:1554)
[05:52:29] [YOLO] ✓ 球 全域座標: X=+1.506m  Y=1.943m  conf=0.77  (累計偵測:1559)
[05:52:30] [YOLO] ✓ 球 全域座標: X=+1.506m  Y=1.943m  conf=0.79  (累計偵測:1564)
[05:52:30] [YOLO] ✓ 球 全域座標: X=+1.507m  Y=1.947m  conf=0.79  (累計偵測:1569)
[05:52:30] [YOLO] ✓ 球 全域座標: X=+1.500m  Y=1.935m  conf=0.78  (累計偵測:1574)
[05:52:30] [YOLO] ✓ 球 全域座標: X=+1.505m  Y=1.942m  conf=0.78  (累計偵測:1579)
[05:52:30] [YOLO] ✓ 球 全域座標: X=+1.507m  Y=1.946m  conf=0.74  (累計偵測:1584)
[05:52:30] [YOLO] ✓ 球 全域座標: X=+1.505m  Y=1.941m  conf=0.79  (累計偵測:1589)
[05:52:31] [YOLO] ✓ 球 全域座標: X=+1.506m  Y=1.944m  conf=0.79  (累計偵測:1594)
[05:52:31] [YOLO] ✓ 球 全域座標: X=+1.506m  Y=1.945m  conf=0.80  (累計偵測:1599)
[05:52:31] [YOLO] ✓ 球 全域座標: X=+1.505m  Y=1.942m  conf=0.76  (累計偵測:1604)
[05:52:31] [YOLO] ✓ 球 全域座標: X=+1.504m  Y=1.942m  conf=0.79  (累計偵測:1609)
[05:52:31] [YOLO] ✓ 球 全域座標: X=+1.506m  Y=1.944m  conf=0.77  (累計偵測:1614)
[05:52:31] [YOLO] ✓ 球 全域座標: X=+1.504m  Y=1.943m  conf=0.76  (累計偵測:1619)
[05:52:32] [YOLO] ✓ 球 全域座標: X=+1.504m  Y=1.941m  conf=0.80  (累計偵測:1624)
[05:52:32] [YOLO] ✓ 球 全域座標: X=+1.507m  Y=1.945m  conf=0.77  (累計偵測:1629)
[05:52:32] [YOLO] ✓ 球 全域座標: X=+1.502m  Y=1.939m  conf=0.80  (累計偵測:1634)
[05:52:32] [YOLO] ✓ 球 全域座標: X=+1.506m  Y=1.945m  conf=0.78  (累計偵測:1639)
[05:52:32] [YOLO] ✓ 球 全域座標: X=+1.507m  Y=1.947m  conf=0.79  (累計偵測:1644)
[05:52:32] [YOLO] ✓ 球 全域座標: X=+1.505m  Y=1.941m  conf=0.74  (累計偵測:1649)
[05:52:33] [YOLO] ✓ 球 全域座標: X=+1.506m  Y=1.945m  conf=0.78  (累計偵測:1654)
[05:52:33] [YOLO] ✓ 球 全域座標: X=+1.506m  Y=1.943m  conf=0.77  (累計偵測:1659)
[05:52:33] [YOLO] ✓ 球 全域座標: X=+1.501m  Y=1.937m  conf=0.78  (累計偵測:1664)
[05:52:33] [YOLO] ✓ 球 全域座標: X=+1.505m  Y=1.942m  conf=0.76  (累計偵測:1669)
[05:52:33] [YOLO] ✓ 球 全域座標: X=+1.506m  Y=1.944m  conf=0.80  (累計偵測:1674)
[05:52:33] [YOLO] ✓ 球 全域座標: X=+1.506m  Y=1.946m  conf=0.78  (累計偵測:1679)
[05:52:34] [YOLO] ✓ 球 全域座標: X=+1.505m  Y=1.941m  conf=0.76  (累計偵測:1684)
[05:52:34] [YOLO] ✓ 球 全域座標: X=+1.508m  Y=1.947m  conf=0.80  (累計偵測:1689)
[05:52:34] [YOLO] ✓ 球 全域座標: X=+1.506m  Y=1.944m  conf=0.78  (累計偵測:1694)
[05:52:34] [YOLO] ✓ 球 全域座標: X=+1.505m  Y=1.943m  conf=0.80  (累計偵測:1699)
[05:52:34] [YOLO] ✓ 球 全域座標: X=+1.507m  Y=1.947m  conf=0.80  (累計偵測:1704)
[05:52:34] [YOLO] ✓ 球 全域座標: X=+1.505m  Y=1.942m  conf=0.80  (累計偵測:1709)
[05:52:35] [YOLO] ✓ 球 全域座標: X=+1.501m  Y=1.934m  conf=0.79  (累計偵測:1714)
[05:52:35] [YOLO] ✓ 球 全域座標: X=+1.508m  Y=1.947m  conf=0.75  (累計偵測:1719)
[05:52:35] [YOLO] ✓ 球 全域座標: X=+1.504m  Y=1.939m  conf=0.79  (累計偵測:1724)
[05:52:35] [YOLO] ✓ 球 全域座標: X=+1.505m  Y=1.943m  conf=0.78  (累計偵測:1729)
[05:52:35] [YOLO] ✓ 球 全域座標: X=+1.507m  Y=1.946m  conf=0.78  (累計偵測:1734)
[05:52:35] [YOLO] ✓ 球 全域座標: X=+1.503m  Y=1.939m  conf=0.79  (累計偵測:1739)
[05:52:36] [YOLO] ✓ 球 全域座標: X=+1.504m  Y=1.941m  conf=0.78  (累計偵測:1744)
[05:52:36] [YOLO] ✓ 球 全域座標: X=+1.504m  Y=1.941m  conf=0.79  (累計偵測:1749)
[05:52:36] [YOLO] ✓ 球 全域座標: X=+1.507m  Y=1.945m  conf=0.77  (累計偵測:1754)
[05:52:36] [YOLO] ✓ 球 全域座標: X=+1.507m  Y=1.947m  conf=0.77  (累計偵測:1759)
[05:52:36] [YOLO] ✓ 球 全域座標: X=+1.507m  Y=1.946m  conf=0.79  (累計偵測:1764)
[05:52:36] [YOLO] ✓ 球 全域座標: X=+1.505m  Y=1.942m  conf=0.79  (累計偵測:1769)
[05:52:37] [YOLO] ✓ 球 全域座標: X=+1.508m  Y=1.947m  conf=0.80  (累計偵測:1774)
[05:52:37] [YOLO] ✓ 球 全域座標: X=+1.506m  Y=1.944m  conf=0.77  (累計偵測:1779)
[05:52:37] [YOLO] ✓ 球 全域座標: X=+1.506m  Y=1.946m  conf=0.77  (累計偵測:1784)
[05:52:37] [YOLO] ✓ 球 全域座標: X=+1.506m  Y=1.945m  conf=0.78  (累計偵測:1789)
[05:52:37] [YOLO] ✓ 球 全域座標: X=+1.503m  Y=1.941m  conf=0.81  (累計偵測:1794)
[05:52:37] [YOLO] ✓ 球 全域座標: X=+1.502m  Y=1.935m  conf=0.78  (累計偵測:1799)
[05:52:38] [YOLO] ✓ 球 全域座標: X=+1.501m  Y=1.933m  conf=0.79  (累計偵測:1804)
[05:52:38] [YOLO] ✓ 球 全域座標: X=+1.501m  Y=1.935m  conf=0.79  (累計偵測:1809)
[05:52:38] [YOLO] ✓ 球 全域座標: X=+1.505m  Y=1.942m  conf=0.75  (累計偵測:1814)
[05:52:38] [YOLO] ✓ 球 全域座標: X=+1.509m  Y=1.950m  conf=0.79  (累計偵測:1819)
[05:52:38] [YOLO] ✓ 球 全域座標: X=+1.499m  Y=1.934m  conf=0.77  (累計偵測:1824)
[05:52:38] [YOLO] ✓ 球 全域座標: X=+1.503m  Y=1.940m  conf=0.77  (累計偵測:1829)
[05:52:39] [YOLO] ✓ 球 全域座標: X=+1.507m  Y=1.945m  conf=0.77  (累計偵測:1834)
[05:52:39] [YOLO] ✓ 球 全域座標: X=+1.504m  Y=1.940m  conf=0.77  (累計偵測:1839)
[05:52:39] [YOLO] ✓ 球 全域座標: X=+1.504m  Y=1.941m  conf=0.79  (累計偵測:1844)
[05:52:39] [YOLO] ✓ 球 全域座標: X=+1.508m  Y=1.948m  conf=0.79  (累計偵測:1849)
[05:52:39] [YOLO] ✓ 球 全域座標: X=+1.506m  Y=1.944m  conf=0.77  (累計偵測:1854)
[05:52:39] [YOLO] ✓ 球 全域座標: X=+1.504m  Y=1.940m  conf=0.79  (累計偵測:1859)
[05:52:40] [YOLO] ✓ 球 全域座標: X=+1.505m  Y=1.943m  conf=0.77  (累計偵測:1864)
[05:52:40] [YOLO] ✓ 球 全域座標: X=+1.509m  Y=1.949m  conf=0.78  (累計偵測:1869)
[05:52:40] [YOLO] ✓ 球 全域座標: X=+1.505m  Y=1.942m  conf=0.79  (累計偵測:1874)
[05:52:40] [YOLO] ✓ 球 全域座標: X=+1.506m  Y=1.944m  conf=0.79  (累計偵測:1879)
[05:52:40] [YOLO] ✓ 球 全域座標: X=+1.507m  Y=1.946m  conf=0.77  (累計偵測:1884)
[05:52:40] [YOLO] ✓ 球 全域座標: X=+1.505m  Y=1.942m  conf=0.76  (累計偵測:1889)
[05:52:41] [YOLO] ✓ 球 全域座標: X=+1.504m  Y=1.941m  conf=0.79  (累計偵測:1894)
[05:52:41] [YOLO] ✓ 球 全域座標: X=+1.504m  Y=1.942m  conf=0.81  (累計偵測:1899)
[05:52:41] [YOLO] ✓ 球 全域座標: X=+1.508m  Y=1.949m  conf=0.79  (累計偵測:1904)
[05:52:41] [YOLO] ✓ 球 全域座標: X=+1.504m  Y=1.940m  conf=0.78  (累計偵測:1909)
[05:52:41] [YOLO] ✓ 球 全域座標: X=+1.503m  Y=1.939m  conf=0.75  (累計偵測:1914)
[05:52:41] [YOLO] ✓ 球 全域座標: X=+1.506m  Y=1.944m  conf=0.76  (累計偵測:1919)
[05:52:42] [YOLO] ✓ 球 全域座標: X=+1.506m  Y=1.944m  conf=0.75  (累計偵測:1924)
[05:52:42] [YOLO] ✓ 球 全域座標: X=+1.504m  Y=1.942m  conf=0.79  (累計偵測:1929)
[05:52:42] [YOLO] ✓ 球 全域座標: X=+1.506m  Y=1.944m  conf=0.78  (累計偵測:1934)
[05:52:42] [YOLO] ✓ 球 全域座標: X=+1.506m  Y=1.946m  conf=0.79  (累計偵測:1939)
[05:52:42] [YOLO] ✓ 球 全域座標: X=+1.505m  Y=1.943m  conf=0.77  (累計偵測:1944)
[05:52:42] [YOLO] ✓ 球 全域座標: X=+1.509m  Y=1.950m  conf=0.75  (累計偵測:1949)
[05:52:43] [YOLO] ✓ 球 全域座標: X=+1.503m  Y=1.940m  conf=0.79  (累計偵測:1954)
[05:52:43] [YOLO] ✓ 球 全域座標: X=+1.504m  Y=1.943m  conf=0.77  (累計偵測:1959)
[05:52:43] [YOLO] ✓ 球 全域座標: X=+1.501m  Y=1.936m  conf=0.80  (累計偵測:1964)
[05:52:43] [YOLO] ✓ 球 全域座標: X=+1.506m  Y=1.944m  conf=0.77  (累計偵測:1969)
[05:52:43] [YOLO] ✓ 球 全域座標: X=+1.505m  Y=1.942m  conf=0.79  (累計偵測:1974)
[05:52:43] [YOLO] ✓ 球 全域座標: X=+1.501m  Y=1.936m  conf=0.78  (累計偵測:1979)
[05:52:44] [YOLO] ✓ 球 全域座標: X=+1.501m  Y=1.934m  conf=0.81  (累計偵測:1984)
[05:52:44] [YOLO] ✓ 球 全域座標: X=+1.503m  Y=1.938m  conf=0.80  (累計偵測:1989)
[05:52:44] [YOLO] ✓ 球 全域座標: X=+1.503m  Y=1.939m  conf=0.79  (累計偵測:1994)
[05:52:44] [YOLO] ✓ 球 全域座標: X=+1.507m  Y=1.946m  conf=0.73  (累計偵測:1999)
[05:52:44] [YOLO] ✓ 球 全域座標: X=+1.507m  Y=1.946m  conf=0.78  (累計偵測:2004)
[05:52:44] [YOLO] ✓ 球 全域座標: X=+1.509m  Y=1.950m  conf=0.79  (累計偵測:2009)
[05:52:45] [YOLO] ✓ 球 全域座標: X=+1.504m  Y=1.943m  conf=0.80  (累計偵測:2014)
[05:52:45] [YOLO] ✓ 球 全域座標: X=+1.510m  Y=1.952m  conf=0.78  (累計偵測:2019)
[05:52:45] [YOLO] ✓ 球 全域座標: X=+1.507m  Y=1.945m  conf=0.78  (累計偵測:2024)
[05:52:45] [YOLO] ✓ 球 全域座標: X=+1.505m  Y=1.943m  conf=0.78  (累計偵測:2029)
[05:52:45] [YOLO] ✓ 球 全域座標: X=+1.503m  Y=1.938m  conf=0.80  (累計偵測:2034)
[05:52:45] [YOLO] ✓ 球 全域座標: X=+1.506m  Y=1.945m  conf=0.79  (累計偵測:2039)
[05:52:46] [YOLO] ✓ 球 全域座標: X=+1.509m  Y=1.949m  conf=0.78  (累計偵測:2044)
[05:52:46] [YOLO] ✓ 球 全域座標: X=+1.506m  Y=1.944m  conf=0.78  (累計偵測:2049)
[05:52:46] [YOLO] ✓ 球 全域座標: X=+1.506m  Y=1.943m  conf=0.80  (累計偵測:2054)
[05:52:46] [YOLO] ✓ 球 全域座標: X=+1.507m  Y=1.945m  conf=0.78  (累計偵測:2059)
[05:52:46] [YOLO] ✓ 球 全域座標: X=+1.507m  Y=1.946m  conf=0.80  (累計偵測:2064)
[05:52:46] [YOLO] ✓ 球 全域座標: X=+1.506m  Y=1.944m  conf=0.78  (累計偵測:2069)
[05:52:47] [YOLO] ✓ 球 全域座標: X=+1.505m  Y=1.942m  conf=0.75  (累計偵測:2074)
[05:52:47] [YOLO] ✓ 球 全域座標: X=+1.504m  Y=1.942m  conf=0.78  (累計偵測:2079)
[05:52:47] [YOLO] ✓ 球 全域座標: X=+1.505m  Y=1.941m  conf=0.77  (累計偵測:2084)
[05:52:47] [YOLO] ✓ 球 全域座標: X=+1.508m  Y=1.947m  conf=0.78  (累計偵測:2089)
[05:52:47] [YOLO] ✓ 球 全域座標: X=+1.506m  Y=1.943m  conf=0.75  (累計偵測:2094)
[05:52:47] [YOLO] ✓ 球 全域座標: X=+1.506m  Y=1.945m  conf=0.78  (累計偵測:2099)
[05:52:48] [YOLO] ✓ 球 全域座標: X=+1.504m  Y=1.940m  conf=0.79  (累計偵測:2104)
[05:52:48] [YOLO] ✓ 球 全域座標: X=+1.503m  Y=1.940m  conf=0.78  (累計偵測:2109)
[05:52:48] [YOLO] ✓ 球 全域座標: X=+1.506m  Y=1.943m  conf=0.77  (累計偵測:2114)
[05:52:48] [YOLO] ✓ 球 全域座標: X=+1.505m  Y=1.943m  conf=0.76  (累計偵測:2119)
[05:52:48] [YOLO] ✓ 球 全域座標: X=+1.506m  Y=1.945m  conf=0.77  (累計偵測:2124)
[05:52:48] [YOLO] ✓ 球 全域座標: X=+1.507m  Y=1.947m  conf=0.80  (累計偵測:2129)
[05:52:49] [YOLO] ✓ 球 全域座標: X=+1.505m  Y=1.941m  conf=0.77  (累計偵測:2134)
[05:52:49] [YOLO] ✓ 球 全域座標: X=+1.508m  Y=1.946m  conf=0.78  (累計偵測:2139)
[05:52:49] [YOLO] ✓ 球 全域座標: X=+1.506m  Y=1.943m  conf=0.78  (累計偵測:2144)
[05:52:49] [YOLO] ✓ 球 全域座標: X=+1.507m  Y=1.947m  conf=0.77  (累計偵測:2149)
[05:52:49] [YOLO] ✓ 球 全域座標: X=+1.505m  Y=1.942m  conf=0.76  (累計偵測:2154)
[05:52:49] [YOLO] ✓ 球 全域座標: X=+1.506m  Y=1.942m  conf=0.78  (累計偵測:2159)
[05:52:50] [YOLO] ✓ 球 全域座標: X=+1.506m  Y=1.944m  conf=0.80  (累計偵測:2164)
[05:52:50] [YOLO] ✓ 球 全域座標: X=+1.506m  Y=1.944m  conf=0.77  (累計偵測:2169)
[05:52:50] [YOLO] ✓ 球 全域座標: X=+1.504m  Y=1.940m  conf=0.76  (累計偵測:2174)
[05:52:50] [YOLO] ✓ 球 全域座標: X=+1.507m  Y=1.944m  conf=0.77  (累計偵測:2179)
[05:52:50] [YOLO] ✓ 球 全域座標: X=+1.501m  Y=1.936m  conf=0.78  (累計偵測:2184)
[05:52:50] [YOLO] ✓ 球 全域座標: X=+1.506m  Y=1.944m  conf=0.76  (累計偵測:2189)
[05:52:51] [YOLO] ✓ 球 全域座標: X=+1.503m  Y=1.940m  conf=0.77  (累計偵測:2194)
[05:52:51] [YOLO] ✓ 球 全域座標: X=+1.508m  Y=1.948m  conf=0.79  (累計偵測:2199)
[05:52:51] [YOLO] ✓ 球 全域座標: X=+1.506m  Y=1.943m  conf=0.77  (累計偵測:2204)
[05:52:51] [YOLO] ✓ 球 全域座標: X=+1.505m  Y=1.942m  conf=0.80  (累計偵測:2209)
[05:52:51] [YOLO] ✓ 球 全域座標: X=+1.508m  Y=1.949m  conf=0.78  (累計偵測:2214)
[05:52:51] [YOLO] ✓ 球 全域座標: X=+1.509m  Y=1.949m  conf=0.76  (累計偵測:2219)
[05:52:52] [YOLO] ✓ 球 全域座標: X=+1.506m  Y=1.946m  conf=0.77  (累計偵測:2224)
[05:52:52] [YOLO] ✓ 球 全域座標: X=+1.506m  Y=1.946m  conf=0.78  (累計偵測:2229)
[05:52:52] [YOLO] ✓ 球 全域座標: X=+1.504m  Y=1.939m  conf=0.75  (累計偵測:2234)
[05:52:52] [YOLO] ✓ 球 全域座標: X=+1.503m  Y=1.939m  conf=0.79  (累計偵測:2239)
[05:52:52] [YOLO] ✓ 球 全域座標: X=+1.507m  Y=1.945m  conf=0.79  (累計偵測:2244)
[05:52:52] [YOLO] ✓ 球 全域座標: X=+1.507m  Y=1.945m  conf=0.78  (累計偵測:2249)
[05:52:53] [YOLO] ✓ 球 全域座標: X=+1.508m  Y=1.946m  conf=0.78  (累計偵測:2254)
[05:52:53] [YOLO] ✓ 球 全域座標: X=+1.506m  Y=1.943m  conf=0.79  (累計偵測:2259)
[05:52:53] [YOLO] ✓ 球 全域座標: X=+1.502m  Y=1.938m  conf=0.77  (累計偵測:2264)
[05:52:53] [YOLO] ✓ 球 全域座標: X=+1.508m  Y=1.947m  conf=0.78  (累計偵測:2269)
[05:52:53] [YOLO] ✓ 球 全域座標: X=+1.502m  Y=1.940m  conf=0.77  (累計偵測:2274)
[05:52:54] [YOLO] ✓ 球 全域座標: X=+1.504m  Y=1.940m  conf=0.79  (累計偵測:2279)
[05:52:54] [YOLO] ✓ 球 全域座標: X=+1.507m  Y=1.945m  conf=0.78  (累計偵測:2284)
[05:52:54] [YOLO] ✓ 球 全域座標: X=+1.503m  Y=1.940m  conf=0.76  (累計偵測:2289)
[05:52:54] [YOLO] ✓ 球 全域座標: X=+1.506m  Y=1.944m  conf=0.78  (累計偵測:2294)
[05:52:54] [YOLO] ✓ 球 全域座標: X=+1.504m  Y=1.940m  conf=0.77  (累計偵測:2299)
[05:52:54] [YOLO] ✓ 球 全域座標: X=+1.502m  Y=1.938m  conf=0.78  (累計偵測:2304)
[05:52:55] [YOLO] ✓ 球 全域座標: X=+1.503m  Y=1.939m  conf=0.80  (累計偵測:2309)
[05:52:55] [YOLO] ✓ 球 全域座標: X=+1.505m  Y=1.945m  conf=0.78  (累計偵測:2314)
[05:52:55] [YOLO] ✓ 球 全域座標: X=+1.505m  Y=1.941m  conf=0.81  (累計偵測:2319)
[05:52:55] [YOLO] ✓ 球 全域座標: X=+1.503m  Y=1.939m  conf=0.78  (累計偵測:2324)
[05:52:56] [YOLO] ✓ 球 全域座標: X=+1.505m  Y=1.943m  conf=0.78  (累計偵測:2329)
[05:52:56] [YOLO] ✓ 球 全域座標: X=+1.504m  Y=1.941m  conf=0.77  (累計偵測:2334)
[05:52:56] [YOLO] ✓ 球 全域座標: X=+1.508m  Y=1.948m  conf=0.77  (累計偵測:2339)
[05:52:56] [YOLO] ✓ 球 全域座標: X=+1.507m  Y=1.946m  conf=0.80  (累計偵測:2344)
[05:52:56] [YOLO] ✓ 球 全域座標: X=+1.504m  Y=1.940m  conf=0.80  (累計偵測:2349)
[05:52:56] [YOLO] ✓ 球 全域座標: X=+1.508m  Y=1.946m  conf=0.80  (累計偵測:2354)
[05:52:57] [YOLO] ✓ 球 全域座標: X=+1.507m  Y=1.945m  conf=0.78  (累計偵測:2359)
[05:52:57] [YOLO] ✓ 球 全域座標: X=+1.504m  Y=1.941m  conf=0.78  (累計偵測:2364)
[05:52:57] [YOLO] ✓ 球 全域座標: X=+1.508m  Y=1.948m  conf=0.77  (累計偵測:2369)
[05:52:57] [YOLO] ✓ 球 全域座標: X=+1.507m  Y=1.945m  conf=0.77  (累計偵測:2374)
[05:52:57] [YOLO] ✓ 球 全域座標: X=+1.509m  Y=1.950m  conf=0.78  (累計偵測:2379)
[05:52:57] [YOLO] ✓ 球 全域座標: X=+1.509m  Y=1.949m  conf=0.80  (累計偵測:2384)
[05:52:58] [YOLO] ✓ 球 全域座標: X=+1.506m  Y=1.945m  conf=0.78  (累計偵測:2389)
[05:52:58] [YOLO] ✓ 球 全域座標: X=+1.507m  Y=1.945m  conf=0.78  (累計偵測:2394)
[05:52:58] [YOLO] ✓ 球 全域座標: X=+1.505m  Y=1.944m  conf=0.78  (累計偵測:2399)
[05:52:58] [YOLO] ✓ 球 全域座標: X=+1.505m  Y=1.941m  conf=0.80  (累計偵測:2404)
[05:52:58] [YOLO] ✓ 球 全域座標: X=+1.504m  Y=1.942m  conf=0.79  (累計偵測:2409)
[05:52:58] [YOLO] ✓ 球 全域座標: X=+1.505m  Y=1.941m  conf=0.79  (累計偵測:2414)
[05:52:59] [YOLO] ✓ 球 全域座標: X=+1.505m  Y=1.943m  conf=0.78  (累計偵測:2419)
[05:52:59] [YOLO] ✓ 球 全域座標: X=+1.506m  Y=1.944m  conf=0.77  (累計偵測:2424)
[05:52:59] [YOLO] ✓ 球 全域座標: X=+1.504m  Y=1.942m  conf=0.79  (累計偵測:2429)
[05:52:59] [YOLO] ✓ 球 全域座標: X=+1.508m  Y=1.948m  conf=0.75  (累計偵測:2434)
[05:52:59] [YOLO] ✓ 球 全域座標: X=+1.506m  Y=1.943m  conf=0.77  (累計偵測:2439)
[05:53:00] [YOLO] ✓ 球 全域座標: X=+1.506m  Y=1.943m  conf=0.78  (累計偵測:2444)
[05:53:00] [YOLO] ✓ 球 全域座標: X=+1.505m  Y=1.945m  conf=0.79  (累計偵測:2449)
[05:53:00] [YOLO] ✓ 球 全域座標: X=+1.511m  Y=1.952m  conf=0.77  (累計偵測:2454)
[05:53:00] [YOLO] ✓ 球 全域座標: X=+1.506m  Y=1.943m  conf=0.77  (累計偵測:2459)
[05:53:00] [YOLO] ✓ 球 全域座標: X=+1.506m  Y=1.942m  conf=0.76  (累計偵測:2464)
[05:53:00] [YOLO] ✓ 球 全域座標: X=+1.506m  Y=1.943m  conf=0.79  (累計偵測:2469)
[05:53:01] [YOLO] ✓ 球 全域座標: X=+1.506m  Y=1.942m  conf=0.78  (累計偵測:2474)
[05:53:01] [YOLO] ✓ 球 全域座標: X=+1.504m  Y=1.940m  conf=0.76  (累計偵測:2479)
[05:53:01] [YOLO] ✓ 球 全域座標: X=+1.507m  Y=1.946m  conf=0.78  (累計偵測:2484)
[05:53:01] [YOLO] ✓ 球 全域座標: X=+1.502m  Y=1.938m  conf=0.77  (累計偵測:2489)
[05:53:01] [YOLO] ✓ 球 全域座標: X=+1.505m  Y=1.943m  conf=0.77  (累計偵測:2494)
[05:53:01] [YOLO] ✓ 球 全域座標: X=+1.504m  Y=1.940m  conf=0.78  (累計偵測:2499)
[05:53:02] [YOLO] ✓ 球 全域座標: X=+1.506m  Y=1.945m  conf=0.76  (累計偵測:2504)
[05:53:02] [YOLO] ✓ 球 全域座標: X=+1.503m  Y=1.939m  conf=0.78  (累計偵測:2509)
[05:53:02] [YOLO] ✓ 球 全域座標: X=+1.506m  Y=1.943m  conf=0.79  (累計偵測:2514)
[05:53:02] [YOLO] ✓ 球 全域座標: X=+1.505m  Y=1.942m  conf=0.77  (累計偵測:2519)
[05:53:02] [YOLO] ✓ 球 全域座標: X=+1.508m  Y=1.948m  conf=0.79  (累計偵測:2524)
[05:53:02] [YOLO] ✓ 球 全域座標: X=+1.508m  Y=1.948m  conf=0.77  (累計偵測:2529)
[05:53:03] [YOLO] ✓ 球 全域座標: X=+1.505m  Y=1.941m  conf=0.79  (累計偵測:2534)
[05:53:03] [YOLO] ✓ 球 全域座標: X=+1.503m  Y=1.938m  conf=0.74  (累計偵測:2539)
[05:53:03] [YOLO] ✓ 球 全域座標: X=+1.511m  Y=1.954m  conf=0.80  (累計偵測:2544)
[05:53:03] [YOLO] ✓ 球 全域座標: X=+1.504m  Y=1.939m  conf=0.76  (累計偵測:2549)
[05:53:03] [YOLO] ✓ 球 全域座標: X=+1.507m  Y=1.945m  conf=0.80  (累計偵測:2554)
[05:53:03] [YOLO] ✓ 球 全域座標: X=+1.508m  Y=1.948m  conf=0.80  (累計偵測:2559)
[05:53:04] [YOLO] ✓ 球 全域座標: X=+1.507m  Y=1.946m  conf=0.80  (累計偵測:2564)
[05:53:04] [YOLO] ✓ 球 全域座標: X=+1.505m  Y=1.942m  conf=0.77  (累計偵測:2569)
[05:53:04] [YOLO] ✓ 球 全域座標: X=+1.504m  Y=1.940m  conf=0.76  (累計偵測:2574)
[05:53:04] [YOLO] ✓ 球 全域座標: X=+1.507m  Y=1.946m  conf=0.76  (累計偵測:2579)
[05:53:04] [YOLO] ✓ 球 全域座標: X=+1.506m  Y=1.945m  conf=0.79  (累計偵測:2584)
[05:53:05] [YOLO] ✓ 球 全域座標: X=+1.502m  Y=1.940m  conf=0.78  (累計偵測:2589)
[05:53:05] [YOLO] ✓ 球 全域座標: X=+1.504m  Y=1.941m  conf=0.79  (累計偵測:2594)
[05:53:05] [YOLO] ✓ 球 全域座標: X=+1.506m  Y=1.944m  conf=0.78  (累計偵測:2599)
[05:53:05] [YOLO] ✓ 球 全域座標: X=+1.503m  Y=1.939m  conf=0.78  (累計偵測:2604)
[05:53:05] [YOLO] ✓ 球 全域座標: X=+1.504m  Y=1.940m  conf=0.80  (累計偵測:2609)
[05:53:05] [YOLO] ✓ 球 全域座標: X=+1.508m  Y=1.948m  conf=0.79  (累計偵測:2614)
[05:53:06] [YOLO] ✓ 球 全域座標: X=+1.503m  Y=1.942m  conf=0.79  (累計偵測:2619)
[05:53:06] [YOLO] ✓ 球 全域座標: X=+1.508m  Y=1.948m  conf=0.78  (累計偵測:2624)
[05:53:06] [YOLO] ✓ 球 全域座標: X=+1.507m  Y=1.945m  conf=0.81  (累計偵測:2629)
[05:53:06] [YOLO] ✓ 球 全域座標: X=+1.506m  Y=1.945m  conf=0.78  (累計偵測:2634)
[05:53:06] [YOLO] ✓ 球 全域座標: X=+1.506m  Y=1.944m  conf=0.75  (累計偵測:2639)
[05:53:07] [YOLO] ✓ 球 全域座標: X=+1.506m  Y=1.944m  conf=0.79  (累計偵測:2644)
[05:53:07] [YOLO] ✓ 球 全域座標: X=+1.507m  Y=1.946m  conf=0.77  (累計偵測:2649)
[05:53:07] [YOLO] ✓ 球 全域座標: X=+1.503m  Y=1.941m  conf=0.80  (累計偵測:2654)
[05:53:07] [YOLO] ✓ 球 全域座標: X=+1.503m  Y=1.940m  conf=0.76  (累計偵測:2659)
[05:53:07] [YOLO] ✓ 球 全域座標: X=+1.507m  Y=1.946m  conf=0.78  (累計偵測:2664)
[05:53:08] [YOLO] ✓ 球 全域座標: X=+1.505m  Y=1.942m  conf=0.75  (累計偵測:2669)
[05:53:08] [YOLO] ✓ 球 全域座標: X=+1.505m  Y=1.942m  conf=0.77  (累計偵測:2674)
[05:53:08] [YOLO] ✓ 球 全域座標: X=+1.508m  Y=1.947m  conf=0.78  (累計偵測:2679)
[05:53:08] [YOLO] ✓ 球 全域座標: X=+1.508m  Y=1.948m  conf=0.78  (累計偵測:2684)
[05:53:09] [YOLO] ✓ 球 全域座標: X=+1.507m  Y=1.946m  conf=0.80  (累計偵測:2689)
[05:53:09] [YOLO] ✓ 球 全域座標: X=+1.509m  Y=1.950m  conf=0.77  (累計偵測:2694)
[05:53:09] [YOLO] ✓ 球 全域座標: X=+1.508m  Y=1.949m  conf=0.76  (累計偵測:2699)
[05:53:09] [YOLO] ✓ 球 全域座標: X=+1.506m  Y=1.946m  conf=0.79  (累計偵測:2704)
[05:53:09] [YOLO] ✓ 球 全域座標: X=+1.508m  Y=1.946m  conf=0.77  (累計偵測:2709)
[05:53:10] [YOLO] ✓ 球 全域座標: X=+1.502m  Y=1.936m  conf=0.78  (累計偵測:2714)
[05:53:10] [YOLO] ✓ 球 全域座標: X=+1.506m  Y=1.944m  conf=0.78  (累計偵測:2719)
[05:53:10] [YOLO] ✓ 球 全域座標: X=+1.503m  Y=1.938m  conf=0.79  (累計偵測:2724)
[05:53:10] [YOLO] ✓ 球 全域座標: X=+1.508m  Y=1.948m  conf=0.81  (累計偵測:2729)
[05:53:11] [YOLO] ✓ 球 全域座標: X=+1.505m  Y=1.942m  conf=0.80  (累計偵測:2734)
[05:53:11] [YOLO] ✓ 球 全域座標: X=+1.506m  Y=1.944m  conf=0.76  (累計偵測:2739)
[05:53:11] [YOLO] ✓ 球 全域座標: X=+1.501m  Y=1.937m  conf=0.78  (累計偵測:2744)
[05:53:11] [YOLO] ✓ 球 全域座標: X=+1.505m  Y=1.943m  conf=0.78  (累計偵測:2749)
[05:53:11] [YOLO] ✓ 球 全域座標: X=+1.506m  Y=1.944m  conf=0.77  (累計偵測:2754)
[05:53:11] [YOLO] ✓ 球 全域座標: X=+1.508m  Y=1.947m  conf=0.77  (累計偵測:2759)
[05:53:12] [YOLO] ✓ 球 全域座標: X=+1.507m  Y=1.946m  conf=0.76  (累計偵測:2764)
[05:53:12] [YOLO] ✓ 球 全域座標: X=+1.504m  Y=1.939m  conf=0.78  (累計偵測:2769)
[05:53:12] [YOLO] ✓ 球 全域座標: X=+1.505m  Y=1.944m  conf=0.78  (累計偵測:2774)
[05:53:12] [YOLO] ✓ 球 全域座標: X=+1.506m  Y=1.943m  conf=0.78  (累計偵測:2779)
[05:53:12] [YOLO] ✓ 球 全域座標: X=+1.506m  Y=1.945m  conf=0.77  (累計偵測:2784)
[05:53:13] [YOLO] ✓ 球 全域座標: X=+1.505m  Y=1.942m  conf=0.76  (累計偵測:2789)
[05:53:13] [YOLO] ✓ 球 全域座標: X=+1.507m  Y=1.947m  conf=0.77  (累計偵測:2794)
[05:53:13] [YOLO] ✓ 球 全域座標: X=+1.505m  Y=1.940m  conf=0.79  (累計偵測:2799)
[05:53:13] [YOLO] ✓ 球 全域座標: X=+1.507m  Y=1.947m  conf=0.78  (累計偵測:2804)
[05:53:13] [YOLO] ✓ 球 全域座標: X=+1.504m  Y=1.940m  conf=0.80  (累計偵測:2809)
[05:53:13] [YOLO] ✓ 球 全域座標: X=+1.502m  Y=1.936m  conf=0.77  (累計偵測:2814)
[05:53:14] [YOLO] ✓ 球 全域座標: X=+1.507m  Y=1.946m  conf=0.77  (累計偵測:2819)
[05:53:14] [YOLO] ✓ 球 全域座標: X=+1.506m  Y=1.944m  conf=0.79  (累計偵測:2824)
[05:53:14] [YOLO] ✓ 球 全域座標: X=+1.506m  Y=1.943m  conf=0.79  (累計偵測:2829)
[05:53:14] [YOLO] ✓ 球 全域座標: X=+1.508m  Y=1.948m  conf=0.78  (累計偵測:2834)
[05:53:14] [YOLO] ✓ 球 全域座標: X=+1.505m  Y=1.943m  conf=0.76  (累計偵測:2839)
[05:53:15] [YOLO] ✓ 球 全域座標: X=+1.505m  Y=1.942m  conf=0.80  (累計偵測:2844)
[05:53:15] [YOLO] ✓ 球 全域座標: X=+1.507m  Y=1.947m  conf=0.79  (累計偵測:2849)
[05:53:15] [YOLO] ✓ 球 全域座標: X=+1.507m  Y=1.946m  conf=0.77  (累計偵測:2854)
[05:53:16] [YOLO] ✓ 球 全域座標: X=+1.508m  Y=1.948m  conf=0.76  (累計偵測:2859)
[05:53:16] [YOLO] ✓ 球 全域座標: X=+1.508m  Y=1.946m  conf=0.78  (累計偵測:2864)
[05:53:16] [YOLO] ✓ 球 全域座標: X=+1.507m  Y=1.946m  conf=0.80  (累計偵測:2869)
[05:53:16] [YOLO] ✓ 球 全域座標: X=+1.505m  Y=1.944m  conf=0.78  (累計偵測:2874)
[05:53:16] [YOLO] ✓ 球 全域座標: X=+1.508m  Y=1.948m  conf=0.77  (累計偵測:2879)
[05:53:16] [YOLO] ✓ 球 全域座標: X=+1.506m  Y=1.944m  conf=0.75  (累計偵測:2884)
[05:53:17] [YOLO] ✓ 球 全域座標: X=+1.505m  Y=1.941m  conf=0.79  (累計偵測:2889)
[05:53:17] [YOLO] ✓ 球 全域座標: X=+1.508m  Y=1.949m  conf=0.78  (累計偵測:2894)
[05:53:17] [YOLO] ✓ 球 全域座標: X=+1.504m  Y=1.941m  conf=0.78  (累計偵測:2899)
[05:53:17] [YOLO] ✓ 球 全域座標: X=+1.506m  Y=1.944m  conf=0.79  (累計偵測:2904)
[05:53:17] [YOLO] ✓ 球 全域座標: X=+1.511m  Y=1.952m  conf=0.80  (累計偵測:2909)
[05:53:18] [YOLO] ✓ 球 全域座標: X=+1.503m  Y=1.939m  conf=0.80  (累計偵測:2914)
[05:53:18] [YOLO] ✓ 球 全域座標: X=+1.507m  Y=1.947m  conf=0.77  (累計偵測:2919)
[05:53:18] [YOLO] ✓ 球 全域座標: X=+1.504m  Y=1.941m  conf=0.79  (累計偵測:2924)
[05:53:18] [YOLO] ✓ 球 全域座標: X=+1.505m  Y=1.942m  conf=0.77  (累計偵測:2929)
[05:53:19] [YOLO] ✓ 球 全域座標: X=+1.505m  Y=1.942m  conf=0.76  (累計偵測:2934)
[05:53:19] [YOLO] ✓ 球 全域座標: X=+1.506m  Y=1.944m  conf=0.77  (累計偵測:2939)
[05:53:19] [YOLO] ✓ 球 全域座標: X=+1.505m  Y=1.942m  conf=0.79  (累計偵測:2944)
[05:53:20] [YOLO] ✓ 球 全域座標: X=+1.503m  Y=1.942m  conf=0.80  (累計偵測:2949)
[05:53:20] [YOLO] ✓ 球 全域座標: X=+1.498m  Y=1.930m  conf=0.76  (累計偵測:2954)
[05:53:20] [YOLO] ✓ 球 全域座標: X=+1.505m  Y=1.940m  conf=0.79  (累計偵測:2959)
[05:53:21] [YOLO] ✓ 球 全域座標: X=+1.508m  Y=1.948m  conf=0.78  (累計偵測:2964)
[05:53:21] [YOLO] ✓ 球 全域座標: X=+1.505m  Y=1.942m  conf=0.77  (累計偵測:2969)
[05:53:21] [YOLO] ✓ 球 全域座標: X=+1.508m  Y=1.946m  conf=0.79  (累計偵測:2974)
[05:53:22] [YOLO] ✓ 球 全域座標: X=+1.503m  Y=1.939m  conf=0.79  (累計偵測:2979)
[05:53:22] [YOLO] ✓ 球 全域座標: X=+1.507m  Y=1.946m  conf=0.79  (累計偵測:2984)
[05:53:22] [YOLO] ✓ 球 全域座標: X=+1.502m  Y=1.938m  conf=0.78  (累計偵測:2989)
[05:53:22] [YOLO] ✓ 球 全域座標: X=+1.505m  Y=1.942m  conf=0.77  (累計偵測:2994)
[05:53:22] [YOLO] ✓ 球 全域座標: X=+1.506m  Y=1.943m  conf=0.79  (累計偵測:2999)
[05:53:23] [YOLO] ✓ 球 全域座標: X=+1.502m  Y=1.938m  conf=0.81  (累計偵測:3004)
[05:53:23] [YOLO] ✓ 球 全域座標: X=+1.505m  Y=1.940m  conf=0.80  (累計偵測:3009)
[05:53:23] [YOLO] ✓ 球 全域座標: X=+1.505m  Y=1.946m  conf=0.80  (累計偵測:3014)
[05:53:24] [YOLO] ✓ 球 全域座標: X=+1.507m  Y=1.946m  conf=0.78  (累計偵測:3019)
[05:53:24] [YOLO] ✓ 球 全域座標: X=+1.504m  Y=1.941m  conf=0.77  (累計偵測:3024)
[05:53:24] [YOLO] ✓ 球 全域座標: X=+1.505m  Y=1.942m  conf=0.79  (累計偵測:3029)
[05:53:24] [YOLO] ✓ 球 全域座標: X=+1.507m  Y=1.945m  conf=0.78  (累計偵測:3034)
[05:53:25] [YOLO] ✓ 球 全域座標: X=+1.508m  Y=1.947m  conf=0.77  (累計偵測:3039)
[05:53:25] [YOLO] ✓ 球 全域座標: X=+1.512m  Y=1.955m  conf=0.79  (累計偵測:3044)
[05:53:25] [YOLO] ✓ 球 全域座標: X=+1.508m  Y=1.947m  conf=0.79  (累計偵測:3049)
[05:53:25] [YOLO] ✓ 球 全域座標: X=+1.513m  Y=1.958m  conf=0.79  (累計偵測:3054)
[05:53:25] [YOLO] ✓ 球 全域座標: X=+1.508m  Y=1.950m  conf=0.79  (累計偵測:3059)
[05:53:26] [YOLO] ✓ 球 全域座標: X=+1.506m  Y=1.944m  conf=0.79  (累計偵測:3064)
[05:53:26] [YOLO] ✓ 球 全域座標: X=+1.505m  Y=1.943m  conf=0.78  (累計偵測:3069)
[05:53:26] [YOLO] ✓ 球 全域座標: X=+1.512m  Y=1.956m  conf=0.77  (累計偵測:3074)
[05:53:27] [YOLO] ✓ 球 全域座標: X=+1.504m  Y=1.940m  conf=0.79  (累計偵測:3079)
[05:53:27] [YOLO] ✓ 球 全域座標: X=+1.503m  Y=1.942m  conf=0.79  (累計偵測:3084)
[05:53:27] [YOLO] ✓ 球 全域座標: X=+1.507m  Y=1.945m  conf=0.78  (累計偵測:3089)
[05:53:27] [YOLO] ✓ 球 全域座標: X=+1.508m  Y=1.948m  conf=0.77  (累計偵測:3094)
[05:53:27] [YOLO] ✓ 球 全域座標: X=+1.507m  Y=1.946m  conf=0.77  (累計偵測:3099)
[05:53:28] [YOLO] ✓ 球 全域座標: X=+1.509m  Y=1.948m  conf=0.75  (累計偵測:3104)
[05:53:28] [YOLO] ✓ 球 全域座標: X=+1.505m  Y=1.942m  conf=0.78  (累計偵測:3109)
[05:53:28] [YOLO] ✓ 球 全域座標: X=+1.506m  Y=1.943m  conf=0.77  (累計偵測:3114)
[05:53:28] [YOLO] ✓ 球 全域座標: X=+1.500m  Y=1.934m  conf=0.77  (累計偵測:3119)
[05:53:28] [YOLO] ✓ 球 全域座標: X=+1.507m  Y=1.946m  conf=0.78  (累計偵測:3124)
[05:53:28] [YOLO] ✓ 球 全域座標: X=+1.504m  Y=1.942m  conf=0.78  (累計偵測:3129)
[05:53:28] [YOLO] ✓ 球 全域座標: X=+1.505m  Y=1.943m  conf=0.79  (累計偵測:3134)
[05:53:29] [YOLO] ✓ 球 全域座標: X=+1.511m  Y=1.954m  conf=0.79  (累計偵測:3139)
[05:53:29] [YOLO] ✓ 球 全域座標: X=+1.506m  Y=1.943m  conf=0.79  (累計偵測:3144)
[05:53:29] [YOLO] ✓ 球 全域座標: X=+1.508m  Y=1.949m  conf=0.76  (累計偵測:3149)
[05:53:29] [YOLO] ✓ 球 全域座標: X=+1.504m  Y=1.941m  conf=0.77  (累計偵測:3154)
[05:53:29] [YOLO] ✓ 球 全域座標: X=+1.506m  Y=1.943m  conf=0.76  (累計偵測:3159)
[05:53:30] [YOLO] ✓ 球 全域座標: X=+1.503m  Y=1.938m  conf=0.76  (累計偵測:3164)
[05:53:30] [YOLO] ✓ 球 全域座標: X=+1.511m  Y=1.952m  conf=0.79  (累計偵測:3169)
[05:53:30] [YOLO] ✓ 球 全域座標: X=+1.506m  Y=1.945m  conf=0.76  (累計偵測:3174)
[05:53:30] [YOLO] ✓ 球 全域座標: X=+1.506m  Y=1.944m  conf=0.80  (累計偵測:3179)
[05:53:31] [YOLO] ✓ 球 全域座標: X=+1.505m  Y=1.942m  conf=0.80  (累計偵測:3184)
[05:53:31] [YOLO] ✓ 球 全域座標: X=+1.507m  Y=1.948m  conf=0.78  (累計偵測:3189)
[05:53:31] [YOLO] ✓ 球 全域座標: X=+1.505m  Y=1.943m  conf=0.75  (累計偵測:3194)
[05:53:31] [YOLO] ✓ 球 全域座標: X=+1.506m  Y=1.944m  conf=0.81  (累計偵測:3199)
[05:53:31] [YOLO] ✓ 球 全域座標: X=+1.508m  Y=1.947m  conf=0.78  (累計偵測:3204)
[05:53:32] [YOLO] ✓ 球 全域座標: X=+1.507m  Y=1.947m  conf=0.77  (累計偵測:3209)
[05:53:32] [YOLO] ✓ 球 全域座標: X=+1.506m  Y=1.944m  conf=0.78  (累計偵測:3214)
[05:53:32] [YOLO] ✓ 球 全域座標: X=+1.504m  Y=1.943m  conf=0.78  (累計偵測:3219)
[05:53:32] [YOLO] ✓ 球 全域座標: X=+1.506m  Y=1.945m  conf=0.77  (累計偵測:3224)
[05:53:32] [YOLO] ✓ 球 全域座標: X=+1.505m  Y=1.943m  conf=0.76  (累計偵測:3229)
[05:53:32] [YOLO] ✓ 球 全域座標: X=+1.508m  Y=1.949m  conf=0.78  (累計偵測:3234)
[05:53:32] [YOLO] ✓ 球 全域座標: X=+1.508m  Y=1.949m  conf=0.79  (累計偵測:3239)
[05:53:33] [YOLO] ✓ 球 全域座標: X=+1.501m  Y=1.936m  conf=0.79  (累計偵測:3244)
[05:53:33] [YOLO] ✓ 球 全域座標: X=+1.508m  Y=1.947m  conf=0.77  (累計偵測:3249)
[05:53:33] [YOLO] ✓ 球 全域座標: X=+1.503m  Y=1.940m  conf=0.81  (累計偵測:3254)
[05:53:33] [YOLO] ✓ 球 全域座標: X=+1.506m  Y=1.943m  conf=0.76  (累計偵測:3259)
[05:53:33] [YOLO] ✓ 球 全域座標: X=+1.506m  Y=1.943m  conf=0.81  (累計偵測:3264)
[05:53:33] [YOLO] ✓ 球 全域座標: X=+1.507m  Y=1.947m  conf=0.79  (累計偵測:3269)
[05:53:34] [YOLO] ✓ 球 全域座標: X=+1.509m  Y=1.949m  conf=0.79  (累計偵測:3274)
[05:53:34] [YOLO] ✓ 球 全域座標: X=+1.505m  Y=1.941m  conf=0.77  (累計偵測:3279)
[05:53:34] [YOLO] ✓ 球 全域座標: X=+1.506m  Y=1.943m  conf=0.80  (累計偵測:3284)
[05:53:34] [YOLO] ✓ 球 全域座標: X=+1.507m  Y=1.946m  conf=0.80  (累計偵測:3289)
[05:53:34] [YOLO] ✓ 球 全域座標: X=+1.505m  Y=1.943m  conf=0.77  (累計偵測:3294)
[05:53:35] [YOLO] ✓ 球 全域座標: X=+1.510m  Y=1.951m  conf=0.79  (累計偵測:3299)
[05:53:35] [YOLO] ✓ 球 全域座標: X=+1.507m  Y=1.946m  conf=0.76  (累計偵測:3304)
[05:53:35] [YOLO] ✓ 球 全域座標: X=+1.508m  Y=1.948m  conf=0.79  (累計偵測:3309)
[05:53:35] [YOLO] ✓ 球 全域座標: X=+1.503m  Y=1.938m  conf=0.80  (累計偵測:3314)
[05:53:35] [YOLO] ✓ 球 全域座標: X=+1.503m  Y=1.939m  conf=0.79  (累計偵測:3319)
[05:53:36] [YOLO] ✓ 球 全域座標: X=+1.506m  Y=1.943m  conf=0.79  (累計偵測:3324)
[05:53:36] [YOLO] ✓ 球 全域座標: X=+1.506m  Y=1.943m  conf=0.78  (累計偵測:3329)
[05:53:36] [YOLO] ✓ 球 全域座標: X=+1.505m  Y=1.942m  conf=0.77  (累計偵測:3334)
[05:53:36] [YOLO] ✓ 球 全域座標: X=+1.508m  Y=1.949m  conf=0.79  (累計偵測:3339)
[05:53:37] [YOLO] ✓ 球 全域座標: X=+1.505m  Y=1.942m  conf=0.81  (累計偵測:3344)
[05:53:37] [YOLO] ✓ 球 全域座標: X=+1.501m  Y=1.936m  conf=0.78  (累計偵測:3349)
[05:53:37] [YOLO] ✓ 球 全域座標: X=+1.502m  Y=1.937m  conf=0.79  (累計偵測:3354)
[05:53:37] [YOLO] ✓ 球 全域座標: X=+1.506m  Y=1.943m  conf=0.79  (累計偵測:3359)
[05:53:37] [YOLO] ✓ 球 全域座標: X=+1.504m  Y=1.940m  conf=0.77  (累計偵測:3364)
[05:53:37] [YOLO] ✓ 球 全域座標: X=+1.507m  Y=1.945m  conf=0.79  (累計偵測:3369)
[05:53:38] [YOLO] ✓ 球 全域座標: X=+1.508m  Y=1.947m  conf=0.79  (累計偵測:3374)
[05:53:38] [YOLO] ✓ 球 全域座標: X=+1.508m  Y=1.947m  conf=0.76  (累計偵測:3379)
[05:53:38] [YOLO] ✓ 球 全域座標: X=+1.505m  Y=1.942m  conf=0.79  (累計偵測:3384)
[05:53:38] [YOLO] ✓ 球 全域座標: X=+1.505m  Y=1.944m  conf=0.77  (累計偵測:3389)
[05:53:38] [YOLO] ✓ 球 全域座標: X=+1.502m  Y=1.937m  conf=0.77  (累計偵測:3394)
[05:53:38] [YOLO] ✓ 球 全域座標: X=+1.503m  Y=1.941m  conf=0.78  (累計偵測:3399)
[05:53:39] [YOLO] ✓ 球 全域座標: X=+1.505m  Y=1.942m  conf=0.76  (累計偵測:3404)
[05:53:39] [YOLO] ✓ 球 全域座標: X=+1.505m  Y=1.943m  conf=0.78  (累計偵測:3409)
[05:53:39] [YOLO] ✓ 球 全域座標: X=+1.507m  Y=1.945m  conf=0.79  (累計偵測:3414)
[05:53:39] [YOLO] ✓ 球 全域座標: X=+1.505m  Y=1.943m  conf=0.76  (累計偵測:3419)
[05:53:39] [YOLO] ✓ 球 全域座標: X=+1.503m  Y=1.939m  conf=0.80  (累計偵測:3424)
[05:53:39] [YOLO] ✓ 球 全域座標: X=+1.507m  Y=1.945m  conf=0.78  (累計偵測:3429)
[05:53:40] [YOLO] ✓ 球 全域座標: X=+1.506m  Y=1.944m  conf=0.79  (累計偵測:3434)
[05:53:40] [YOLO] ✓ 球 全域座標: X=+1.503m  Y=1.939m  conf=0.79  (累計偵測:3439)
[05:53:40] [YOLO] ✓ 球 全域座標: X=+1.501m  Y=1.937m  conf=0.80  (累計偵測:3444)
[05:53:40] [YOLO] ✓ 球 全域座標: X=+1.509m  Y=1.949m  conf=0.79  (累計偵測:3449)
[05:53:41] [YOLO] ✓ 球 全域座標: X=+1.504m  Y=1.939m  conf=0.79  (累計偵測:3454)
[05:53:41] [YOLO] ✓ 球 全域座標: X=+1.506m  Y=1.943m  conf=0.80  (累計偵測:3459)
[05:53:41] [YOLO] ✓ 球 全域座標: X=+1.505m  Y=1.943m  conf=0.77  (累計偵測:3464)
[05:53:42] [YOLO] ✓ 球 全域座標: X=+1.507m  Y=1.946m  conf=0.77  (累計偵測:3469)
[05:53:42] [YOLO] ✓ 球 全域座標: X=+1.505m  Y=1.944m  conf=0.79  (累計偵測:3474)
[05:53:42] [YOLO] ✓ 球 全域座標: X=+1.504m  Y=1.939m  conf=0.79  (累計偵測:3479)
[05:53:42] [YOLO] ✓ 球 全域座標: X=+1.500m  Y=1.934m  conf=0.76  (累計偵測:3484)
[05:53:43] [YOLO] ✓ 球 全域座標: X=+1.506m  Y=1.943m  conf=0.79  (累計偵測:3489)
[05:53:43] [YOLO] ✓ 球 全域座標: X=+1.503m  Y=1.939m  conf=0.78  (累計偵測:3494)
[05:53:43] [YOLO] ✓ 球 全域座標: X=+1.505m  Y=1.942m  conf=0.78  (累計偵測:3499)
[05:53:43] [YOLO] ✓ 球 全域座標: X=+1.504m  Y=1.943m  conf=0.79  (累計偵測:3504)
[05:53:44] [YOLO] ✓ 球 全域座標: X=+1.502m  Y=1.937m  conf=0.80  (累計偵測:3509)
[05:53:44] [YOLO] ✓ 球 全域座標: X=+1.500m  Y=1.932m  conf=0.79  (累計偵測:3514)
[05:53:44] [YOLO] ✓ 球 全域座標: X=+1.505m  Y=1.943m  conf=0.78  (累計偵測:3519)
[05:53:44] [YOLO] ✓ 球 全域座標: X=+1.505m  Y=1.943m  conf=0.77  (累計偵測:3524)
[05:53:44] [YOLO] ✓ 球 全域座標: X=+1.506m  Y=1.944m  conf=0.79  (累計偵測:3529)
[05:53:44] [YOLO] ✓ 球 全域座標: X=+1.506m  Y=1.945m  conf=0.77  (累計偵測:3534)
[05:53:45] [YOLO] ✓ 球 全域座標: X=+1.504m  Y=1.941m  conf=0.79  (累計偵測:3539)
[05:53:45] [YOLO] ✓ 球 全域座標: X=+1.502m  Y=1.938m  conf=0.78  (累計偵測:3544)
[05:53:45] [YOLO] ✓ 球 全域座標: X=+1.506m  Y=1.943m  conf=0.79  (累計偵測:3549)
[05:53:45] [YOLO] ✓ 球 全域座標: X=+1.505m  Y=1.942m  conf=0.80  (累計偵測:3554)
[05:53:45] [YOLO] ✓ 球 全域座標: X=+1.506m  Y=1.943m  conf=0.78  (累計偵測:3559)
[05:53:45] [YOLO] ✓ 球 全域座標: X=+1.508m  Y=1.948m  conf=0.79  (累計偵測:3564)
[05:53:46] [YOLO] ✓ 球 全域座標: X=+1.501m  Y=1.936m  conf=0.80  (累計偵測:3569)
[05:53:46] [YOLO] ✓ 球 全域座標: X=+1.503m  Y=1.939m  conf=0.77  (累計偵測:3574)
[05:53:46] [YOLO] ✓ 球 全域座標: X=+1.507m  Y=1.947m  conf=0.78  (累計偵測:3579)
[05:53:46] [YOLO] ✓ 球 全域座標: X=+1.507m  Y=1.947m  conf=0.77  (累計偵測:3584)
[05:53:46] [YOLO] ✓ 球 全域座標: X=+1.510m  Y=1.952m  conf=0.77  (累計偵測:3589)
[05:53:46] [YOLO] ✓ 球 全域座標: X=+1.507m  Y=1.945m  conf=0.79  (累計偵測:3594)
[05:53:47] [YOLO] ✓ 球 全域座標: X=+1.502m  Y=1.938m  conf=0.80  (累計偵測:3599)
[05:53:47] [YOLO] ✓ 球 全域座標: X=+1.504m  Y=1.941m  conf=0.78  (累計偵測:3604)
[05:53:47] [YOLO] ✓ 球 全域座標: X=+1.502m  Y=1.936m  conf=0.77  (累計偵測:3609)
[05:53:47] [YOLO] ✓ 球 全域座標: X=+1.504m  Y=1.938m  conf=0.79  (累計偵測:3614)
[05:53:47] [YOLO] ✓ 球 全域座標: X=+1.500m  Y=1.936m  conf=0.77  (累計偵測:3619)
[05:53:47] [YOLO] ✓ 球 全域座標: X=+1.502m  Y=1.938m  conf=0.78  (累計偵測:3624)
[05:53:48] [YOLO] ✓ 球 全域座標: X=+1.505m  Y=1.941m  conf=0.79  (累計偵測:3629)
[05:53:48] [YOLO] ✓ 球 全域座標: X=+1.506m  Y=1.943m  conf=0.78  (累計偵測:3634)
[05:53:49] [YOLO] ✓ 球 全域座標: X=+1.509m  Y=1.949m  conf=0.77  (累計偵測:3639)
[05:53:49] [YOLO] ✓ 球 全域座標: X=+1.505m  Y=1.941m  conf=0.80  (累計偵測:3644)
[05:53:49] [YOLO] ✓ 球 全域座標: X=+1.506m  Y=1.943m  conf=0.77  (累計偵測:3649)
[05:53:49] [YOLO] ✓ 球 全域座標: X=+1.505m  Y=1.941m  conf=0.77  (累計偵測:3654)
[05:53:49] [YOLO] ✓ 球 全域座標: X=+1.510m  Y=1.951m  conf=0.77  (累計偵測:3659)
[05:53:49] [YOLO] ✓ 球 全域座標: X=+1.504m  Y=1.941m  conf=0.79  (累計偵測:3664)
[05:53:50] [YOLO] ✓ 球 全域座標: X=+1.507m  Y=1.948m  conf=0.79  (累計偵測:3669)
[05:53:50] [YOLO] ✓ 球 全域座標: X=+1.502m  Y=1.938m  conf=0.78  (累計偵測:3674)
[05:53:50] [YOLO] ✓ 球 全域座標: X=+1.503m  Y=1.938m  conf=0.80  (累計偵測:3679)
[05:53:50] [YOLO] ✓ 球 全域座標: X=+1.504m  Y=1.941m  conf=0.78  (累計偵測:3684)
[05:53:51] [YOLO] ✓ 球 全域座標: X=+1.503m  Y=1.940m  conf=0.80  (累計偵測:3689)
[05:53:51] [YOLO] ✓ 球 全域座標: X=+1.505m  Y=1.942m  conf=0.78  (累計偵測:3694)
[05:53:51] [YOLO] ✓ 球 全域座標: X=+1.504m  Y=1.939m  conf=0.78  (累計偵測:3699)
[05:53:51] [YOLO] ✓ 球 全域座標: X=+1.506m  Y=1.945m  conf=0.78  (累計偵測:3704)
[05:53:51] [YOLO] ✓ 球 全域座標: X=+1.503m  Y=1.939m  conf=0.77  (累計偵測:3709)
[05:53:51] [YOLO] ✓ 球 全域座標: X=+1.504m  Y=1.939m  conf=0.77  (累計偵測:3714)
[05:53:52] [YOLO] ✓ 球 全域座標: X=+1.508m  Y=1.946m  conf=0.77  (累計偵測:3719)
[05:53:52] [YOLO] ✓ 球 全域座標: X=+1.504m  Y=1.939m  conf=0.77  (累計偵測:3724)
[05:53:52] [YOLO] ✓ 球 全域座標: X=+1.504m  Y=1.942m  conf=0.80  (累計偵測:3729)
[05:53:52] [YOLO] ✓ 球 全域座標: X=+1.504m  Y=1.942m  conf=0.78  (累計偵測:3734)
[05:53:52] [YOLO] ✓ 球 全域座標: X=+1.505m  Y=1.943m  conf=0.78  (累計偵測:3739)
[05:53:53] [YOLO] ✓ 球 全域座標: X=+1.500m  Y=1.935m  conf=0.78  (累計偵測:3744)
[05:53:53] [YOLO] ✓ 球 全域座標: X=+1.508m  Y=1.948m  conf=0.78  (累計偵測:3749)
[05:53:53] [YOLO] ✓ 球 全域座標: X=+1.504m  Y=1.940m  conf=0.78  (累計偵測:3754)
[05:53:53] [YOLO] ✓ 球 全域座標: X=+1.502m  Y=1.938m  conf=0.77  (累計偵測:3759)
[05:53:53] [YOLO] ✓ 球 全域座標: X=+1.510m  Y=1.951m  conf=0.78  (累計偵測:3764)
[05:53:53] [YOLO] ✓ 球 全域座標: X=+1.505m  Y=1.943m  conf=0.77  (累計偵測:3769)
[05:53:54] [YOLO] ✓ 球 全域座標: X=+1.507m  Y=1.945m  conf=0.79  (累計偵測:3774)
[05:53:54] [YOLO] ✓ 球 全域座標: X=+1.508m  Y=1.947m  conf=0.78  (累計偵測:3779)
[05:53:54] [YOLO] ✓ 球 全域座標: X=+1.508m  Y=1.946m  conf=0.77  (累計偵測:3784)
[05:53:54] [YOLO] ✓ 球 全域座標: X=+1.506m  Y=1.945m  conf=0.78  (累計偵測:3789)
[05:53:54] [YOLO] ✓ 球 全域座標: X=+1.504m  Y=1.940m  conf=0.75  (累計偵測:3794)
[05:53:55] [YOLO] ✓ 球 全域座標: X=+1.508m  Y=1.947m  conf=0.76  (累計偵測:3799)
[05:53:55] [YOLO] ✓ 球 全域座標: X=+1.506m  Y=1.943m  conf=0.77  (累計偵測:3804)
[05:53:55] [YOLO] ✓ 球 全域座標: X=+1.510m  Y=1.951m  conf=0.79  (累計偵測:3809)
[05:53:55] [YOLO] ✓ 球 全域座標: X=+1.508m  Y=1.948m  conf=0.79  (累計偵測:3814)
[05:53:55] [YOLO] ✓ 球 全域座標: X=+1.503m  Y=1.939m  conf=0.77  (累計偵測:3819)
[05:53:55] [YOLO] ✓ 球 全域座標: X=+1.505m  Y=1.942m  conf=0.79  (累計偵測:3824)
[05:53:56] [YOLO] ✓ 球 全域座標: X=+1.505m  Y=1.942m  conf=0.77  (累計偵測:3829)
[05:53:56] [YOLO] ✓ 球 全域座標: X=+1.504m  Y=1.940m  conf=0.78  (累計偵測:3834)
[05:53:56] [YOLO] ✓ 球 全域座標: X=+1.506m  Y=1.942m  conf=0.77  (累計偵測:3839)
[05:53:56] [YOLO] ✓ 球 全域座標: X=+1.503m  Y=1.937m  conf=0.78  (累計偵測:3844)
[05:53:56] [YOLO] ✓ 球 全域座標: X=+1.506m  Y=1.943m  conf=0.78  (累計偵測:3849)
[05:53:57] [YOLO] ✓ 球 全域座標: X=+1.506m  Y=1.944m  conf=0.79  (累計偵測:3854)
[05:53:57] [YOLO] ✓ 球 全域座標: X=+1.508m  Y=1.947m  conf=0.80  (累計偵測:3859)
[05:53:57] [YOLO] ✓ 球 全域座標: X=+1.507m  Y=1.947m  conf=0.78  (累計偵測:3864)
[05:53:57] [YOLO] ✓ 球 全域座標: X=+1.503m  Y=1.940m  conf=0.74  (累計偵測:3869)
[05:53:57] [YOLO] ✓ 球 全域座標: X=+1.508m  Y=1.948m  conf=0.73  (累計偵測:3874)
[05:53:57] [YOLO] ✓ 球 全域座標: X=+1.508m  Y=1.950m  conf=0.75  (累計偵測:3879)
[05:53:58] [YOLO] ✓ 球 全域座標: X=+1.507m  Y=1.948m  conf=0.75  (累計偵測:3884)
[05:53:58] [YOLO] ✓ 球 全域座標: X=+1.509m  Y=1.950m  conf=0.73  (累計偵測:3889)
[05:53:58] [YOLO] ✓ 球 全域座標: X=+1.509m  Y=1.951m  conf=0.76  (累計偵測:3894)
[05:53:58] [YOLO] ✓ 球 全域座標: X=+1.510m  Y=1.952m  conf=0.75  (累計偵測:3899)
[05:53:58] [YOLO] ✓ 球 全域座標: X=+1.505m  Y=1.946m  conf=0.77  (累計偵測:3904)
[05:53:58] [YOLO] ✓ 球 全域座標: X=+1.511m  Y=1.954m  conf=0.74  (累計偵測:3909)
[05:53:59] [YOLO] ✓ 球 全域座標: X=+1.505m  Y=1.944m  conf=0.76  (累計偵測:3914)
[05:53:59] [YOLO] ✓ 球 全域座標: X=+1.505m  Y=1.946m  conf=0.75  (累計偵測:3919)
[05:53:59] [YOLO] ✓ 球 全域座標: X=+1.512m  Y=1.957m  conf=0.75  (累計偵測:3924)
[05:53:59] [YOLO] ✓ 球 全域座標: X=+1.514m  Y=1.961m  conf=0.74  (累計偵測:3929)
[05:53:59] [YOLO] ✓ 球 全域座標: X=+1.512m  Y=1.956m  conf=0.75  (累計偵測:3934)
[05:53:59] [YOLO] ✓ 球 全域座標: X=+1.509m  Y=1.951m  conf=0.78  (累計偵測:3939)
[05:54:00] [YOLO] ✓ 球 全域座標: X=+1.507m  Y=1.948m  conf=0.77  (累計偵測:3944)
[05:54:00] [YOLO] ✓ 球 全域座標: X=+1.508m  Y=1.946m  conf=0.76  (累計偵測:3949)
[05:54:00] [YOLO] ✓ 球 全域座標: X=+1.511m  Y=1.953m  conf=0.77  (累計偵測:3954)
[05:54:00] [YOLO] ✓ 球 全域座標: X=+1.511m  Y=1.953m  conf=0.75  (累計偵測:3959)
[05:54:00] [YOLO] ✓ 球 全域座標: X=+1.509m  Y=1.952m  conf=0.78  (累計偵測:3964)
[05:54:00] [YOLO] ✓ 球 全域座標: X=+1.510m  Y=1.954m  conf=0.75  (累計偵測:3969)
[05:54:01] [YOLO] ✓ 球 全域座標: X=+1.511m  Y=1.954m  conf=0.75  (累計偵測:3974)
[05:54:01] [YOLO] ✓ 球 全域座標: X=+1.512m  Y=1.956m  conf=0.72  (累計偵測:3979)
[05:54:01] [YOLO] ✓ 球 全域座標: X=+1.509m  Y=1.951m  conf=0.77  (累計偵測:3984)
[05:54:01] [YOLO] ✓ 球 全域座標: X=+1.511m  Y=1.954m  conf=0.75  (累計偵測:3989)
[05:54:01] [YOLO] ✓ 球 全域座標: X=+1.509m  Y=1.950m  conf=0.74  (累計偵測:3994)
[05:54:01] [YOLO] ✓ 球 全域座標: X=+1.513m  Y=1.957m  conf=0.78  (累計偵測:3999)
[05:54:02] [YOLO] ✓ 球 全域座標: X=+1.507m  Y=1.949m  conf=0.78  (累計偵測:4004)
[05:54:02] [YOLO] ✓ 球 全域座標: X=+1.508m  Y=1.949m  conf=0.75  (累計偵測:4009)
[05:54:02] [YOLO] ✓ 球 全域座標: X=+1.510m  Y=1.955m  conf=0.74  (累計偵測:4014)
[05:54:02] [YOLO] ✓ 球 全域座標: X=+1.508m  Y=1.949m  conf=0.71  (累計偵測:4019)
[05:54:02] [YOLO] ✓ 球 全域座標: X=+1.508m  Y=1.950m  conf=0.75  (累計偵測:4024)
[05:54:03] [YOLO] ✓ 球 全域座標: X=+1.511m  Y=1.954m  conf=0.78  (累計偵測:4029)
[05:54:03] [YOLO] ✓ 球 全域座標: X=+1.505m  Y=1.944m  conf=0.75  (累計偵測:4034)
[05:54:03] [YOLO] ✓ 球 全域座標: X=+1.508m  Y=1.947m  conf=0.72  (累計偵測:4039)
[05:54:03] [YOLO] ✓ 球 全域座標: X=+1.511m  Y=1.955m  conf=0.77  (累計偵測:4044)
[05:54:03] [YOLO] ✓ 球 全域座標: X=+1.511m  Y=1.955m  conf=0.78  (累計偵測:4049)
[05:54:03] [YOLO] ✓ 球 全域座標: X=+1.508m  Y=1.949m  conf=0.72  (累計偵測:4054)
[05:54:04] [YOLO] ✓ 球 全域座標: X=+1.510m  Y=1.952m  conf=0.75  (累計偵測:4059)
[05:54:04] [YOLO] ✓ 球 全域座標: X=+1.509m  Y=1.951m  conf=0.75  (累計偵測:4064)
[05:54:04] [YOLO] ✓ 球 全域座標: X=+1.509m  Y=1.950m  conf=0.74  (累計偵測:4069)
[05:54:04] [YOLO] ✓ 球 全域座標: X=+1.508m  Y=1.948m  conf=0.74  (累計偵測:4074)
[05:54:04] [YOLO] ✓ 球 全域座標: X=+1.508m  Y=1.948m  conf=0.74  (累計偵測:4079)
[05:54:04] [YOLO] ✓ 球 全域座標: X=+1.507m  Y=1.947m  conf=0.75  (累計偵測:4084)
[05:54:05] [YOLO] ✓ 球 全域座標: X=+1.511m  Y=1.954m  conf=0.75  (累計偵測:4089)
[05:54:05] [YOLO] ✓ 球 全域座標: X=+1.504m  Y=1.943m  conf=0.74  (累計偵測:4094)
[05:54:05] [YOLO] ✓ 球 全域座標: X=+1.509m  Y=1.949m  conf=0.75  (累計偵測:4099)
[05:54:05] [YOLO] ✓ 球 全域座標: X=+1.509m  Y=1.952m  conf=0.76  (累計偵測:4104)
[05:54:05] [YOLO] ✓ 球 全域座標: X=+1.507m  Y=1.948m  conf=0.77  (累計偵測:4109)
[05:54:06] [YOLO] ✓ 球 全域座標: X=+1.507m  Y=1.948m  conf=0.75  (累計偵測:4114)
[05:54:06] [YOLO] ✓ 球 全域座標: X=+1.506m  Y=1.945m  conf=0.77  (累計偵測:4119)
[05:54:06] [YOLO] ✓ 球 全域座標: X=+1.506m  Y=1.947m  conf=0.76  (累計偵測:4124)
[05:54:06] [YOLO] ✓ 球 全域座標: X=+1.509m  Y=1.949m  conf=0.77  (累計偵測:4129)
[05:54:06] [YOLO] ✓ 球 全域座標: X=+1.512m  Y=1.955m  conf=0.76  (累計偵測:4134)
[05:54:06] [YOLO] ✓ 球 全域座標: X=+1.505m  Y=1.943m  conf=0.76  (累計偵測:4139)
[05:54:07] [YOLO] ✓ 球 全域座標: X=+1.509m  Y=1.950m  conf=0.76  (累計偵測:4144)
[05:54:07] [YOLO] ✓ 球 全域座標: X=+1.505m  Y=1.943m  conf=0.76  (累計偵測:4149)
[05:54:07] [YOLO] ✓ 球 全域座標: X=+1.509m  Y=1.951m  conf=0.76  (累計偵測:4154)
[05:54:07] [YOLO] ✓ 球 全域座標: X=+1.510m  Y=1.950m  conf=0.78  (累計偵測:4159)
[05:54:07] [YOLO] ✓ 球 全域座標: X=+1.511m  Y=1.953m  conf=0.73  (累計偵測:4164)
[05:54:07] [YOLO] ✓ 球 全域座標: X=+1.512m  Y=1.956m  conf=0.75  (累計偵測:4169)
[05:54:08] [YOLO] ✓ 球 全域座標: X=+1.508m  Y=1.949m  conf=0.75  (累計偵測:4174)
[05:54:08] [YOLO] ✓ 球 全域座標: X=+1.505m  Y=1.944m  conf=0.76  (累計偵測:4179)
[05:54:08] [YOLO] ✓ 球 全域座標: X=+1.512m  Y=1.955m  conf=0.76  (累計偵測:4184)
[05:54:08] [YOLO] ✓ 球 全域座標: X=+1.509m  Y=1.950m  conf=0.77  (累計偵測:4189)
[05:54:08] [YOLO] ✓ 球 全域座標: X=+1.511m  Y=1.953m  conf=0.73  (累計偵測:4194)
[05:54:09] [YOLO] ✓ 球 全域座標: X=+1.506m  Y=1.945m  conf=0.77  (累計偵測:4199)
[05:54:09] [YOLO] ✓ 球 全域座標: X=+1.510m  Y=1.955m  conf=0.76  (累計偵測:4204)
[05:54:09] [YOLO] ✓ 球 全域座標: X=+1.511m  Y=1.955m  conf=0.75  (累計偵測:4209)
[05:54:09] [YOLO] ✓ 球 全域座標: X=+1.506m  Y=1.946m  conf=0.77  (累計偵測:4214)
[05:54:09] [YOLO] ✓ 球 全域座標: X=+1.514m  Y=1.959m  conf=0.75  (累計偵測:4219)
[05:54:09] [YOLO] ✓ 球 全域座標: X=+1.507m  Y=1.946m  conf=0.75  (累計偵測:4224)
[05:54:10] [YOLO] ✓ 球 全域座標: X=+1.509m  Y=1.951m  conf=0.78  (累計偵測:4229)
[05:54:10] [YOLO] ✓ 球 全域座標: X=+1.509m  Y=1.953m  conf=0.76  (累計偵測:4234)
[05:54:10] [YOLO] ✓ 球 全域座標: X=+1.507m  Y=1.948m  conf=0.75  (累計偵測:4239)
[05:54:10] [YOLO] ✓ 球 全域座標: X=+1.508m  Y=1.948m  conf=0.77  (累計偵測:4244)
[05:54:10] [YOLO] ✓ 球 全域座標: X=+1.513m  Y=1.958m  conf=0.76  (累計偵測:4249)
[05:54:10] [YOLO] ✓ 球 全域座標: X=+1.513m  Y=1.958m  conf=0.77  (累計偵測:4254)
[05:54:11] [YOLO] ✓ 球 全域座標: X=+1.511m  Y=1.955m  conf=0.75  (累計偵測:4259)
[05:54:11] [YOLO] ✓ 球 全域座標: X=+1.509m  Y=1.950m  conf=0.75  (累計偵測:4264)
[05:54:11] [YOLO] ✓ 球 全域座標: X=+1.513m  Y=1.957m  conf=0.76  (累計偵測:4269)
[05:54:11] [YOLO] ✓ 球 全域座標: X=+1.511m  Y=1.953m  conf=0.75  (累計偵測:4274)
[05:54:11] [YOLO] ✓ 球 全域座標: X=+1.511m  Y=1.954m  conf=0.77  (累計偵測:4279)
[05:54:12] [YOLO] ✓ 球 全域座標: X=+1.505m  Y=1.944m  conf=0.77  (累計偵測:4284)
[05:54:12] [YOLO] ✓ 球 全域座標: X=+1.517m  Y=1.964m  conf=0.78  (累計偵測:4289)
[05:54:12] [YOLO] ✓ 球 全域座標: X=+1.512m  Y=1.955m  conf=0.75  (累計偵測:4294)
[05:54:12] [YOLO] ✓ 球 全域座標: X=+1.509m  Y=1.951m  conf=0.78  (累計偵測:4299)
[05:54:12] [YOLO] ✓ 球 全域座標: X=+1.512m  Y=1.955m  conf=0.78  (累計偵測:4304)
[05:54:12] [YOLO] ✓ 球 全域座標: X=+1.512m  Y=1.956m  conf=0.74  (累計偵測:4309)
[05:54:13] [YOLO] ✓ 球 全域座標: X=+1.508m  Y=1.949m  conf=0.80  (累計偵測:4314)
[05:54:13] [YOLO] ✓ 球 全域座標: X=+1.509m  Y=1.950m  conf=0.79  (累計偵測:4319)
[05:54:13] [YOLO] ✓ 球 全域座標: X=+1.509m  Y=1.952m  conf=0.77  (累計偵測:4324)
[05:54:13] [YOLO] ✓ 球 全域座標: X=+1.510m  Y=1.952m  conf=0.78  (累計偵測:4329)
[05:54:13] [YOLO] ✓ 球 全域座標: X=+1.511m  Y=1.955m  conf=0.75  (累計偵測:4334)
[05:54:14] [YOLO] ✓ 球 全域座標: X=+1.509m  Y=1.952m  conf=0.79  (累計偵測:4339)
[05:54:14] [YOLO] ✓ 球 全域座標: X=+1.509m  Y=1.952m  conf=0.79  (累計偵測:4344)
[05:54:14] [YOLO] ✓ 球 全域座標: X=+1.511m  Y=1.957m  conf=0.79  (累計偵測:4349)
[05:54:14] [YOLO] ✓ 球 全域座標: X=+1.509m  Y=1.952m  conf=0.79  (累計偵測:4354)
[05:54:14] [YOLO] ✓ 球 全域座標: X=+1.514m  Y=1.959m  conf=0.78  (累計偵測:4359)
[05:54:15] [YOLO] ✓ 球 全域座標: X=+1.510m  Y=1.953m  conf=0.78  (累計偵測:4364)
[05:54:15] [YOLO] ✓ 球 全域座標: X=+1.511m  Y=1.955m  conf=0.80  (累計偵測:4369)
[05:54:15] [YOLO] ✓ 球 全域座標: X=+1.509m  Y=1.952m  conf=0.80  (累計偵測:4374)
[05:54:15] [YOLO] ✓ 球 全域座標: X=+1.509m  Y=1.951m  conf=0.77  (累計偵測:4379)
[05:54:15] [YOLO] ✓ 球 全域座標: X=+1.509m  Y=1.950m  conf=0.79  (累計偵測:4384)
[05:54:15] [YOLO] ✓ 球 全域座標: X=+1.508m  Y=1.950m  conf=0.77  (累計偵測:4389)
[05:54:16] [YOLO] ✓ 球 全域座標: X=+1.510m  Y=1.953m  conf=0.76  (累計偵測:4394)
[05:54:16] [YOLO] ✓ 球 全域座標: X=+1.512m  Y=1.955m  conf=0.76  (累計偵測:4399)
[05:54:16] [YOLO] ✓ 球 全域座標: X=+1.509m  Y=1.951m  conf=0.77  (累計偵測:4404)
[05:54:16] [YOLO] ✓ 球 全域座標: X=+1.509m  Y=1.950m  conf=0.76  (累計偵測:4409)
[05:54:16] [YOLO] ✓ 球 全域座標: X=+1.554m  Y=2.029m  conf=0.82  (累計偵測:4414)
[05:54:17] [YOLO] ✓ 球 全域座標: X=+1.515m  Y=1.956m  conf=0.76  (累計偵測:4419)
[05:54:17] [YOLO] ✓ 球 全域座標: X=+1.511m  Y=1.950m  conf=0.77  (累計偵測:4424)
[05:54:17] [YOLO] ✓ 球 全域座標: X=+1.515m  Y=1.956m  conf=0.77  (累計偵測:4429)
[05:54:17] [YOLO] ✓ 球 全域座標: X=+1.516m  Y=1.958m  conf=0.76  (累計偵測:4434)
[05:54:18] [YOLO] ✓ 球 全域座標: X=+1.516m  Y=1.957m  conf=0.77  (累計偵測:4439)
[05:54:18] [YOLO] ✓ 球 全域座標: X=+1.513m  Y=1.953m  conf=0.78  (累計偵測:4444)
[05:54:18] [YOLO] ✓ 球 全域座標: X=+1.514m  Y=1.955m  conf=0.79  (累計偵測:4449)
[05:54:18] [YOLO] ✓ 球 全域座標: X=+1.510m  Y=1.948m  conf=0.77  (累計偵測:4454)
[05:54:18] [YOLO] ✓ 球 全域座標: X=+1.514m  Y=1.954m  conf=0.77  (累計偵測:4459)
[05:54:18] [YOLO] ✓ 球 全域座標: X=+1.516m  Y=1.958m  conf=0.77  (累計偵測:4464)
[05:54:19] [YOLO] ✓ 球 全域座標: X=+1.512m  Y=1.950m  conf=0.78  (累計偵測:4469)
[05:54:19] [YOLO] ✓ 球 全域座標: X=+1.514m  Y=1.956m  conf=0.76  (累計偵測:4474)
[05:54:19] [YOLO] ✓ 球 全域座標: X=+1.518m  Y=1.962m  conf=0.76  (累計偵測:4479)
[05:54:19] [YOLO] ✓ 球 全域座標: X=+1.513m  Y=1.954m  conf=0.77  (累計偵測:4484)
[05:54:19] [YOLO] ✓ 球 全域座標: X=+1.515m  Y=1.957m  conf=0.76  (累計偵測:4489)
[05:54:20] [YOLO] ✓ 球 全域座標: X=+1.513m  Y=1.951m  conf=0.77  (累計偵測:4494)
[05:54:20] [YOLO] ✓ 球 全域座標: X=+1.515m  Y=1.957m  conf=0.73  (累計偵測:4499)
[05:54:20] [YOLO] ✓ 球 全域座標: X=+1.513m  Y=1.953m  conf=0.78  (累計偵測:4504)
[05:54:20] [YOLO] ✓ 球 全域座標: X=+1.514m  Y=1.955m  conf=0.76  (累計偵測:4509)
[05:54:21] [YOLO] ✓ 球 全域座標: X=+1.511m  Y=1.949m  conf=0.77  (累計偵測:4514)
[05:54:21] [YOLO] ✓ 球 全域座標: X=+1.514m  Y=1.954m  conf=0.77  (累計偵測:4519)
[05:54:21] [YOLO] ✓ 球 全域座標: X=+1.515m  Y=1.955m  conf=0.75  (累計偵測:4524)
[05:54:21] [YOLO] ✓ 球 全域座標: X=+1.513m  Y=1.953m  conf=0.78  (累計偵測:4529)
[05:54:21] [YOLO] ✓ 球 全域座標: X=+1.493m  Y=1.911m  conf=0.80  (累計偵測:4534)
[05:54:22] [YOLO] ✓ 球 全域座標: X=+1.513m  Y=1.954m  conf=0.82  (累計偵測:4539)
[05:54:22] [YOLO] ✓ 球 全域座標: X=+1.416m  Y=1.376m  conf=0.49  (累計偵測:4544)
[05:54:22] [YOLO] ✓ 球 全域座標: X=+0.898m  Y=0.941m  conf=0.68  (累計偵測:4549)
[05:54:22] [YOLO] ✓ 球 全域座標: X=+1.517m  Y=1.959m  conf=0.81  (累計偵測:4554)
[05:54:22] [YOLO] ✓ 球 全域座標: X=+1.512m  Y=1.950m  conf=0.85  (累計偵測:4559)
[05:54:22] [YOLO] ✓ 球 全域座標: X=+1.513m  Y=1.952m  conf=0.83  (累計偵測:4564)
[05:54:23] [YOLO] ✓ 球 全域座標: X=+1.515m  Y=1.956m  conf=0.81  (累計偵測:4569)
[05:54:23] [YOLO] ✓ 球 全域座標: X=+1.516m  Y=1.956m  conf=0.75  (累計偵測:4574)
[05:54:23] [YOLO] ✓ 球 全域座標: X=+1.290m  Y=1.702m  conf=0.44  (累計偵測:4578)
[05:54:23] [YOLO] ✓ 球 全域座標: X=+1.456m  Y=1.942m  conf=0.81  (累計偵測:4583)
[05:54:24] [YOLO] ✓ 球 全域座標: X=+1.486m  Y=1.937m  conf=0.88  (累計偵測:4588)
[05:54:24] [YOLO] ✓ 球 全域座標: X=+1.505m  Y=1.938m  conf=0.85  (累計偵測:4593)
[05:54:24] [YOLO] ✓ 球 全域座標: X=+1.507m  Y=1.942m  conf=0.80  (累計偵測:4598)
[05:54:24] [YOLO] ✓ 球 全域座標: X=+1.509m  Y=1.945m  conf=0.79  (累計偵測:4603)
[05:54:24] [YOLO] ✓ 球 全域座標: X=+1.508m  Y=1.942m  conf=0.80  (累計偵測:4608)
[05:54:25] [YOLO] ✓ 球 全域座標: X=+1.509m  Y=1.944m  conf=0.81  (累計偵測:4613)
[05:54:25] [YOLO] ✓ 球 全域座標: X=+1.513m  Y=1.950m  conf=0.79  (累計偵測:4618)
[05:54:25] [YOLO] ✓ 球 全域座標: X=+1.509m  Y=1.944m  conf=0.78  (累計偵測:4623)
[05:54:25] [YOLO] ✓ 球 全域座標: X=+1.510m  Y=1.946m  conf=0.79  (累計偵測:4628)
[05:54:25] [YOLO] ✓ 球 全域座標: X=+1.511m  Y=1.949m  conf=0.79  (累計偵測:4633)
[05:54:26] [YOLO] ✓ 球 全域座標: X=+1.510m  Y=1.945m  conf=0.79  (累計偵測:4638)
[05:54:26] [YOLO] ✓ 球 全域座標: X=+1.508m  Y=1.942m  conf=0.79  (累計偵測:4643)
[05:54:26] [YOLO] ✓ 球 全域座標: X=+1.505m  Y=1.937m  conf=0.81  (累計偵測:4648)
[05:54:26] [YOLO] ✓ 球 全域座標: X=+1.511m  Y=1.948m  conf=0.79  (累計偵測:4653)
[05:54:26] [YOLO] ✓ 球 全域座標: X=+1.510m  Y=1.947m  conf=0.77  (累計偵測:4658)
[05:54:27] [YOLO] ✓ 球 全域座標: X=+1.514m  Y=1.953m  conf=0.80  (累計偵測:4663)
[05:54:27] [YOLO] ✓ 球 全域座標: X=+1.507m  Y=1.941m  conf=0.78  (累計偵測:4668)
[05:54:27] [YOLO] ✓ 球 全域座標: X=+1.510m  Y=1.947m  conf=0.81  (累計偵測:4673)
[05:54:27] [YOLO] ✓ 球 全域座標: X=+1.509m  Y=1.946m  conf=0.79  (累計偵測:4678)
[05:54:27] [YOLO] ✓ 球 全域座標: X=+1.514m  Y=1.952m  conf=0.79  (累計偵測:4683)
[05:54:28] [YOLO] ✓ 球 全域座標: X=+1.511m  Y=1.949m  conf=0.79  (累計偵測:4688)
[05:54:28] [YOLO] ✓ 球 全域座標: X=+1.511m  Y=1.948m  conf=0.80  (累計偵測:4693)
[05:54:28] [YOLO] ✓ 球 全域座標: X=+1.513m  Y=1.952m  conf=0.79  (累計偵測:4698)
[05:54:28] [YOLO] ✓ 球 全域座標: X=+1.519m  Y=1.948m  conf=0.52  (累計偵測:4702)
[05:54:29] [YOLO] ✓ 球 全域座標: X=+1.517m  Y=1.957m  conf=0.81  (累計偵測:4707)
[05:54:29] [YOLO] ✓ 球 全域座標: X=+1.513m  Y=1.951m  conf=0.83  (累計偵測:4712)
[05:54:29] [YOLO] ✓ 球 全域座標: X=+1.512m  Y=1.948m  conf=0.75  (累計偵測:4717)
[05:54:29] [YOLO] ✓ 球 全域座標: X=+1.307m  Y=1.494m  conf=0.76  (累計偵測:4722)
[05:54:30] [YOLO] ✓ 球 全域座標: X=+1.511m  Y=1.949m  conf=0.76  (累計偵測:4727)
[05:54:30] [YOLO] ✓ 球 全域座標: X=+1.509m  Y=1.944m  conf=0.78  (累計偵測:4732)
[05:54:30] [YOLO] ✓ 球 全域座標: X=+1.512m  Y=1.951m  conf=0.77  (累計偵測:4737)
[05:54:30] [YOLO] ✓ 球 全域座標: X=+1.510m  Y=1.947m  conf=0.73  (累計偵測:4742)
[05:54:30] [YOLO] ✓ 球 全域座標: X=+1.510m  Y=1.946m  conf=0.78  (累計偵測:4747)
[05:54:30] [YOLO] ✓ 球 全域座標: X=+1.516m  Y=1.958m  conf=0.77  (累計偵測:4752)
[05:54:31] [YOLO] ✓ 球 全域座標: X=+1.513m  Y=1.952m  conf=0.77  (累計偵測:4757)
[05:54:31] [YOLO] ✓ 球 全域座標: X=+1.513m  Y=1.952m  conf=0.76  (累計偵測:4762)
[05:54:31] [YOLO] ✓ 球 全域座標: X=+1.513m  Y=1.953m  conf=0.77  (累計偵測:4767)
[05:54:31] [YOLO] ✓ 球 全域座標: X=+1.513m  Y=1.953m  conf=0.74  (累計偵測:4772)
[05:54:32] [YOLO] ✓ 球 全域座標: X=+1.512m  Y=1.951m  conf=0.77  (累計偵測:4777)
[05:54:32] [YOLO] ✓ 球 全域座標: X=+1.515m  Y=1.956m  conf=0.76  (累計偵測:4782)
[05:54:32] [YOLO] ✓ 球 全域座標: X=+1.516m  Y=1.958m  conf=0.74  (累計偵測:4787)
[05:54:32] [YOLO] ✓ 球 全域座標: X=+1.516m  Y=1.958m  conf=0.78  (累計偵測:4792)
[05:54:32] [YOLO] ✓ 球 全域座標: X=+1.513m  Y=1.952m  conf=0.75  (累計偵測:4797)
[05:54:33] [YOLO] ✓ 球 全域座標: X=+1.516m  Y=1.958m  conf=0.77  (累計偵測:4802)
[05:54:33] [YOLO] ✓ 球 全域座標: X=+1.511m  Y=1.949m  conf=0.76  (累計偵測:4807)
[05:54:33] [YOLO] ✓ 球 全域座標: X=+1.513m  Y=1.953m  conf=0.78  (累計偵測:4812)
[05:54:33] [YOLO] ✓ 球 全域座標: X=+1.513m  Y=1.951m  conf=0.75  (累計偵測:4817)
[05:54:34] [YOLO] ✓ 球 全域座標: X=+1.513m  Y=1.951m  conf=0.76  (累計偵測:4822)
[05:54:34] [YOLO] ✓ 球 全域座標: X=+1.514m  Y=1.956m  conf=0.72  (累計偵測:4827)
[05:54:34] [YOLO] ✓ 球 全域座標: X=+1.513m  Y=1.950m  conf=0.79  (累計偵測:4832)
[05:54:34] [YOLO] ✓ 球 全域座標: X=+1.517m  Y=1.961m  conf=0.79  (累計偵測:4837)
[05:54:35] [YOLO] ✓ 球 全域座標: X=+1.517m  Y=1.960m  conf=0.79  (累計偵測:4842)
[05:54:35] [YOLO] ✓ 球 全域座標: X=+1.513m  Y=1.952m  conf=0.79  (累計偵測:4847)
[05:54:35] [YOLO] ✓ 球 全域座標: X=+1.513m  Y=1.952m  conf=0.79  (累計偵測:4852)
[05:54:35] [YOLO] ✓ 球 全域座標: X=+1.515m  Y=1.957m  conf=0.79  (累計偵測:4857)
[05:54:36] [YOLO] ✓ 球 全域座標: X=+1.512m  Y=1.952m  conf=0.79  (累計偵測:4862)
[05:54:36] [YOLO] ✓ 球 全域座標: X=+1.514m  Y=1.955m  conf=0.78  (累計偵測:4867)
[05:54:36] [YOLO] ✓ 球 全域座標: X=+1.509m  Y=1.945m  conf=0.82  (累計偵測:4872)
[05:54:36] [YOLO] ✓ 球 全域座標: X=+1.513m  Y=1.952m  conf=0.79  (累計偵測:4877)
[05:54:37] [YOLO] ✓ 球 全域座標: X=+1.512m  Y=1.949m  conf=0.75  (累計偵測:4882)
[05:54:37] [YOLO] ✓ 球 全域座標: X=+1.515m  Y=1.956m  conf=0.75  (累計偵測:4887)
[05:54:37] [YOLO] ✓ 球 全域座標: X=+1.510m  Y=1.946m  conf=0.76  (累計偵測:4892)
[05:54:37] [YOLO] ✓ 球 全域座標: X=+1.514m  Y=1.954m  conf=0.80  (累計偵測:4897)
[05:54:38] [YOLO] ✓ 球 全域座標: X=+1.515m  Y=1.956m  conf=0.74  (累計偵測:4902)
[05:54:38] [YOLO] ✓ 球 全域座標: X=+1.516m  Y=1.957m  conf=0.75  (累計偵測:4907)
[05:54:38] [YOLO] ✓ 球 全域座標: X=+1.513m  Y=1.950m  conf=0.74  (累計偵測:4912)
[05:54:39] [YOLO] ✓ 球 全域座標: X=+1.512m  Y=1.951m  conf=0.71  (累計偵測:4917)
[05:54:39] [YOLO] ✓ 球 全域座標: X=+1.513m  Y=1.952m  conf=0.77  (累計偵測:4922)
[05:54:39] [YOLO] ✓ 球 全域座標: X=+1.514m  Y=1.956m  conf=0.76  (累計偵測:4927)
[05:54:39] [YOLO] ✓ 球 全域座標: X=+1.510m  Y=1.946m  conf=0.77  (累計偵測:4932)
[05:54:39] [YOLO] ✓ 球 全域座標: X=+1.515m  Y=1.955m  conf=0.72  (累計偵測:4937)
[05:54:40] [YOLO] ✓ 球 全域座標: X=+1.513m  Y=1.951m  conf=0.74  (累計偵測:4942)
[05:54:40] [YOLO] ✓ 球 全域座標: X=+1.509m  Y=1.947m  conf=0.76  (累計偵測:4947)
[05:54:40] [YOLO] ✓ 球 全域座標: X=+1.515m  Y=1.956m  conf=0.77  (累計偵測:4952)
[05:54:41] [YOLO] ✓ 球 全域座標: X=+1.511m  Y=1.949m  conf=0.77  (累計偵測:4957)
[05:54:41] [YOLO] ✓ 球 全域座標: X=+1.513m  Y=1.952m  conf=0.75  (累計偵測:4962)
[05:54:41] [YOLO] ✓ 球 全域座標: X=+1.513m  Y=1.950m  conf=0.78  (累計偵測:4967)
[05:54:42] [YOLO] ✓ 球 全域座標: X=+1.512m  Y=1.950m  conf=0.80  (累計偵測:4972)
[05:54:42] [YOLO] ✓ 球 全域座標: X=+1.511m  Y=1.946m  conf=0.79  (累計偵測:4977)
[05:54:42] [YOLO] ✓ 球 全域座標: X=+1.508m  Y=1.942m  conf=0.80  (累計偵測:4982)
[05:54:42] [YOLO] ✓ 球 全域座標: X=+1.507m  Y=1.939m  conf=0.82  (累計偵測:4987)
[05:54:43] [YOLO] ✓ 球 全域座標: X=+1.511m  Y=1.948m  conf=0.79  (累計偵測:4992)
[05:54:43] [YOLO] ✓ 球 全域座標: X=+1.511m  Y=1.949m  conf=0.79  (累計偵測:4997)
[05:54:43] [YOLO] ✓ 球 全域座標: X=+1.511m  Y=1.948m  conf=0.81  (累計偵測:5002)
[05:54:43] [YOLO] ✓ 球 全域座標: X=+1.510m  Y=1.945m  conf=0.79  (累計偵測:5007)
[05:54:44] [YOLO] ✓ 球 全域座標: X=+1.511m  Y=1.948m  conf=0.81  (累計偵測:5012)
[05:54:44] [YOLO] ✓ 球 全域座標: X=+1.510m  Y=1.945m  conf=0.82  (累計偵測:5017)
[05:54:44] [YOLO] ✓ 球 全域座標: X=+1.512m  Y=1.949m  conf=0.82  (累計偵測:5022)
[05:54:45] [YOLO] ✓ 球 全域座標: X=+1.509m  Y=1.944m  conf=0.81  (累計偵測:5027)
[05:54:45] [YOLO] ✓ 球 全域座標: X=+1.514m  Y=1.955m  conf=0.80  (累計偵測:5032)
[05:54:45] [YOLO] ✓ 球 全域座標: X=+1.508m  Y=1.942m  conf=0.81  (累計偵測:5037)
[05:54:45] [YOLO] ✓ 球 全域座標: X=+1.508m  Y=1.942m  conf=0.80  (累計偵測:5042)
[05:54:45] [YOLO] ✓ 球 全域座標: X=+1.511m  Y=1.948m  conf=0.81  (累計偵測:5047)
[05:54:46] [YOLO] ✓ 球 全域座標: X=+1.510m  Y=1.946m  conf=0.81  (累計偵測:5052)
[05:54:46] [YOLO] ✓ 球 全域座標: X=+1.512m  Y=1.949m  conf=0.81  (累計偵測:5057)
[05:54:46] [YOLO] ✓ 球 全域座標: X=+1.516m  Y=1.956m  conf=0.80  (累計偵測:5062)
[05:54:46] [YOLO] ✓ 球 全域座標: X=+1.508m  Y=1.942m  conf=0.80  (累計偵測:5067)
[05:54:47] [YOLO] ✓ 球 全域座標: X=+1.510m  Y=1.945m  conf=0.79  (累計偵測:5072)
[05:54:47] [YOLO] ✓ 球 全域座標: X=+1.511m  Y=1.947m  conf=0.77  (累計偵測:5077)
[05:54:47] [YOLO] ✓ 球 全域座標: X=+1.509m  Y=1.944m  conf=0.77  (累計偵測:5082)
[05:54:47] [YOLO] ✓ 球 全域座標: X=+1.511m  Y=1.949m  conf=0.79  (累計偵測:5087)
[05:54:48] [YOLO] ✓ 球 全域座標: X=+1.507m  Y=1.939m  conf=0.79  (累計偵測:5092)
[05:54:48] [YOLO] ✓ 球 全域座標: X=+1.507m  Y=1.939m  conf=0.80  (累計偵測:5097)
[05:54:48] [YOLO] ✓ 球 全域座標: X=+1.510m  Y=1.945m  conf=0.79  (累計偵測:5102)
[05:54:48] [YOLO] ✓ 球 全域座標: X=+1.506m  Y=1.939m  conf=0.78  (累計偵測:5107)
[05:54:48] [YOLO] ✓ 球 全域座標: X=+1.510m  Y=1.947m  conf=0.76  (累計偵測:5112)
[05:54:49] [YOLO] ✓ 球 全域座標: X=+1.514m  Y=1.954m  conf=0.75  (累計偵測:5117)
[05:54:49] [YOLO] ✓ 球 全域座標: X=+1.514m  Y=1.954m  conf=0.75  (累計偵測:5122)
[05:54:49] [YOLO] ✓ 球 全域座標: X=+1.510m  Y=1.948m  conf=0.78  (累計偵測:5127)
[05:54:49] [YOLO] ✓ 球 全域座標: X=+1.512m  Y=1.951m  conf=0.78  (累計偵測:5132)
[05:54:50] [YOLO] ✓ 球 全域座標: X=+1.512m  Y=1.950m  conf=0.79  (累計偵測:5137)
[05:54:50] [YOLO] ✓ 球 全域座標: X=+1.515m  Y=1.955m  conf=0.76  (累計偵測:5142)
[05:54:50] [YOLO] ✓ 球 全域座標: X=+1.513m  Y=1.953m  conf=0.76  (累計偵測:5147)
[05:54:50] [YOLO] ✓ 球 全域座標: X=+1.517m  Y=1.959m  conf=0.78  (累計偵測:5152)
[05:54:51] [YOLO] ✓ 球 全域座標: X=+1.511m  Y=1.949m  conf=0.77  (累計偵測:5157)
[05:54:51] [YOLO] ✓ 球 全域座標: X=+1.514m  Y=1.954m  conf=0.74  (累計偵測:5162)
[05:54:51] [YOLO] ✓ 球 全域座標: X=+1.514m  Y=1.953m  conf=0.76  (累計偵測:5167)
[05:54:51] [YOLO] ✓ 球 全域座標: X=+1.516m  Y=1.961m  conf=0.74  (累計偵測:5172)
[05:54:51] [YOLO] ✓ 球 全域座標: X=+1.517m  Y=1.960m  conf=0.75  (累計偵測:5177)
[05:54:52] [YOLO] ✓ 球 全域座標: X=+1.511m  Y=1.947m  conf=0.76  (累計偵測:5182)
[05:54:52] [YOLO] ✓ 球 全域座標: X=+1.516m  Y=1.957m  conf=0.77  (累計偵測:5187)
[05:54:52] [YOLO] ✓ 球 全域座標: X=+1.511m  Y=1.947m  conf=0.79  (累計偵測:5192)
[05:54:52] [YOLO] ✓ 球 全域座標: X=+1.509m  Y=1.945m  conf=0.77  (累計偵測:5197)
[05:54:53] [YOLO] ✓ 球 全域座標: X=+1.513m  Y=1.951m  conf=0.79  (累計偵測:5202)
[05:54:53] [YOLO] ✓ 球 全域座標: X=+1.510m  Y=1.949m  conf=0.79  (累計偵測:5207)
[05:54:53] [YOLO] ✓ 球 全域座標: X=+1.508m  Y=1.943m  conf=0.79  (累計偵測:5212)
[05:54:53] [YOLO] ✓ 球 全域座標: X=+1.512m  Y=1.951m  conf=0.78  (累計偵測:5217)
[05:54:53] [YOLO] ✓ 球 全域座標: X=+1.509m  Y=1.945m  conf=0.80  (累計偵測:5222)
[05:54:54] [YOLO] ✓ 球 全域座標: X=+1.510m  Y=1.947m  conf=0.81  (累計偵測:5227)
[05:54:54] [YOLO] ✓ 球 全域座標: X=+1.510m  Y=1.948m  conf=0.79  (累計偵測:5232)
[05:54:54] [YOLO] ✓ 球 全域座標: X=+1.512m  Y=1.951m  conf=0.79  (累計偵測:5237)
[05:54:54] [YOLO] ✓ 球 全域座標: X=+1.509m  Y=1.944m  conf=0.78  (累計偵測:5242)
[05:54:54] [YOLO] ✓ 球 全域座標: X=+1.512m  Y=1.951m  conf=0.78  (累計偵測:5247)
[05:54:55] [YOLO] ✓ 球 全域座標: X=+1.512m  Y=1.950m  conf=0.80  (累計偵測:5252)
[05:54:55] [YOLO] ✓ 球 全域座標: X=+1.512m  Y=1.950m  conf=0.80  (累計偵測:5257)
[05:54:55] [YOLO] ✓ 球 全域座標: X=+1.509m  Y=1.946m  conf=0.78  (累計偵測:5262)
[05:54:55] [YOLO] ✓ 球 全域座標: X=+1.513m  Y=1.951m  conf=0.79  (累計偵測:5267)
[05:54:56] [YOLO] ✓ 球 全域座標: X=+1.512m  Y=1.950m  conf=0.78  (累計偵測:5272)
[05:54:56] [YOLO] ✓ 球 全域座標: X=+1.506m  Y=1.940m  conf=0.77  (累計偵測:5277)
[05:54:56] [YOLO] ✓ 球 全域座標: X=+1.508m  Y=1.942m  conf=0.76  (累計偵測:5282)
[05:54:56] [YOLO] ✓ 球 全域座標: X=+1.512m  Y=1.951m  conf=0.75  (累計偵測:5287)
[05:54:57] [YOLO] ✓ 球 全域座標: X=+1.509m  Y=1.944m  conf=0.79  (累計偵測:5292)
[05:54:57] [YOLO] ✓ 球 全域座標: X=+1.508m  Y=1.943m  conf=0.78  (累計偵測:5297)
[05:54:57] [YOLO] ✓ 球 全域座標: X=+1.509m  Y=1.943m  conf=0.79  (累計偵測:5302)
[05:54:57] [YOLO] ✓ 球 全域座標: X=+1.510m  Y=1.944m  conf=0.80  (累計偵測:5307)
[05:54:58] [YOLO] ✓ 球 全域座標: X=+1.512m  Y=1.949m  conf=0.78  (累計偵測:5312)
[05:54:58] [YOLO] ✓ 球 全域座標: X=+1.509m  Y=1.943m  conf=0.77  (累計偵測:5317)
[05:54:58] [YOLO] ✓ 球 全域座標: X=+1.507m  Y=1.940m  conf=0.80  (累計偵測:5322)
[05:54:58] [YOLO] ✓ 球 全域座標: X=+1.512m  Y=1.950m  conf=0.79  (累計偵測:5327)
[05:54:59] [YOLO] ✓ 球 全域座標: X=+1.512m  Y=1.948m  conf=0.79  (累計偵測:5332)
[05:54:59] [YOLO] ✓ 球 全域座標: X=+1.508m  Y=1.942m  conf=0.80  (累計偵測:5337)
[05:54:59] [YOLO] ✓ 球 全域座標: X=+1.509m  Y=1.943m  conf=0.79  (累計偵測:5342)
[05:54:59] [YOLO] ✓ 球 全域座標: X=+1.509m  Y=1.943m  conf=0.80  (累計偵測:5347)
[05:55:00] [YOLO] ✓ 球 全域座標: X=+1.516m  Y=1.954m  conf=0.80  (累計偵測:5352)
[05:55:00] [YOLO] ✓ 球 全域座標: X=+1.510m  Y=1.946m  conf=0.78  (累計偵測:5357)
[05:55:00] [YOLO] ✓ 球 全域座標: X=+1.508m  Y=1.941m  conf=0.79  (累計偵測:5362)
[05:55:00] [YOLO] ✓ 球 全域座標: X=+1.507m  Y=1.941m  conf=0.79  (累計偵測:5367)
[05:55:01] [YOLO] ✓ 球 全域座標: X=+1.514m  Y=1.951m  conf=0.79  (累計偵測:5372)
[05:55:01] [YOLO] ✓ 球 全域座標: X=+1.509m  Y=1.944m  conf=0.81  (累計偵測:5377)
[05:55:01] [YOLO] ✓ 球 全域座標: X=+1.511m  Y=1.947m  conf=0.78  (累計偵測:5382)
[05:55:01] [YOLO] ✓ 球 全域座標: X=+1.509m  Y=1.945m  conf=0.80  (累計偵測:5387)
[05:55:01] [YOLO] ✓ 球 全域座標: X=+1.507m  Y=1.941m  conf=0.80  (累計偵測:5392)
[05:55:02] [YOLO] ✓ 球 全域座標: X=+1.507m  Y=1.941m  conf=0.77  (累計偵測:5397)
[05:55:02] [YOLO] ✓ 球 全域座標: X=+1.510m  Y=1.945m  conf=0.78  (累計偵測:5402)
[05:55:02] [YOLO] ✓ 球 全域座標: X=+1.507m  Y=1.941m  conf=0.81  (累計偵測:5407)
[05:55:02] [YOLO] ✓ 球 全域座標: X=+1.510m  Y=1.946m  conf=0.80  (累計偵測:5412)
[05:55:03] [YOLO] ✓ 球 全域座標: X=+1.509m  Y=1.943m  conf=0.80  (累計偵測:5417)
[05:55:03] [YOLO] ✓ 球 全域座標: X=+1.509m  Y=1.943m  conf=0.79  (累計偵測:5422)
[05:55:03] [YOLO] ✓ 球 全域座標: X=+1.508m  Y=1.943m  conf=0.81  (累計偵測:5427)
[05:55:03] [YOLO] ✓ 球 全域座標: X=+1.511m  Y=1.947m  conf=0.82  (累計偵測:5432)
[05:55:04] [YOLO] ✓ 球 全域座標: X=+1.511m  Y=1.949m  conf=0.76  (累計偵測:5437)
[05:55:04] [YOLO] ✓ 球 全域座標: X=+1.510m  Y=1.947m  conf=0.78  (累計偵測:5442)
[05:55:05] [YOLO] ✓ 球 全域座標: X=+1.509m  Y=1.946m  conf=0.78  (累計偵測:5447)
[05:55:05] [YOLO] ✓ 球 全域座標: X=+1.511m  Y=1.950m  conf=0.81  (累計偵測:5452)
[05:55:05] [YOLO] ✓ 球 全域座標: X=+1.508m  Y=1.943m  conf=0.79  (累計偵測:5457)
[05:55:05] [YOLO] ✓ 球 全域座標: X=+1.510m  Y=1.946m  conf=0.76  (累計偵測:5462)
[05:55:06] [YOLO] ✓ 球 全域座標: X=+1.514m  Y=1.954m  conf=0.78  (累計偵測:5467)
[05:55:06] [YOLO] ✓ 球 全域座標: X=+1.513m  Y=1.952m  conf=0.75  (累計偵測:5472)
[05:55:06] [YOLO] ✓ 球 全域座標: X=+1.517m  Y=1.959m  conf=0.73  (累計偵測:5477)
[05:55:07] [YOLO] ✓ 球 全域座標: X=+1.514m  Y=1.953m  conf=0.76  (累計偵測:5482)
[05:55:07] [YOLO] ✓ 球 全域座標: X=+1.513m  Y=1.952m  conf=0.80  (累計偵測:5487)
[05:55:07] [YOLO] ✓ 球 全域座標: X=+1.511m  Y=1.948m  conf=0.76  (累計偵測:5492)
[05:55:07] [YOLO] ✓ 球 全域座標: X=+1.514m  Y=1.954m  conf=0.79  (累計偵測:5497)
[05:55:08] [YOLO] ✓ 球 全域座標: X=+1.278m  Y=1.985m  conf=0.85  (累計偵測:5501)
[05:55:08] [YOLO] ✓ 球 全域座標: X=+1.183m  Y=1.971m  conf=0.93  (累計偵測:5506)
[05:55:09] [YOLO] ✓ 球 全域座標: X=+0.858m  Y=1.974m  conf=0.92  (累計偵測:5511)
[05:55:09] [YOLO] ✓ 球 全域座標: X=+0.749m  Y=1.974m  conf=0.92  (累計偵測:5516)
[05:55:09] [YOLO] ✓ 球 全域座標: X=+0.623m  Y=1.977m  conf=0.91  (累計偵測:5521)
[05:55:09] [YOLO] ✓ 球 全域座標: X=+0.424m  Y=2.017m  conf=0.93  (累計偵測:5526)
[05:55:10] [YOLO] ✓ 球 全域座標: X=+0.357m  Y=2.017m  conf=0.94  (累計偵測:5531)
[05:55:10] [YOLO] ✓ 球 全域座標: X=+0.183m  Y=2.054m  conf=0.91  (累計偵測:5536)
[05:55:10] [YOLO] ✓ 球 全域座標: X=+0.105m  Y=2.054m  conf=0.91  (累計偵測:5541)
[05:55:11] [YOLO] ✓ 球 全域座標: X=-0.014m  Y=2.087m  conf=0.93  (累計偵測:5546)
[05:55:11] [YOLO] ✓ 球 全域座標: X=-0.220m  Y=2.150m  conf=0.93  (累計偵測:5551)
[05:55:11] [YOLO] ✓ 球 全域座標: X=-0.324m  Y=2.192m  conf=0.94  (累計偵測:5556)
[05:55:11] [YOLO] ✓ 球 全域座標: X=-0.475m  Y=2.250m  conf=0.92  (累計偵測:5561)
[05:55:12] [YOLO] ✓ 球 全域座標: X=-0.611m  Y=2.304m  conf=0.93  (累計偵測:5566)
[05:55:12] [YOLO] ✓ 球 全域座標: X=-0.712m  Y=2.345m  conf=0.96  (累計偵測:5571)
[05:55:12] [YOLO] ✓ 球 全域座標: X=-0.769m  Y=2.380m  conf=0.96  (累計偵測:5576)
[05:55:13] [YOLO] ✓ 球 全域座標: X=-0.813m  Y=2.393m  conf=0.96  (累計偵測:5581)
[05:55:13] [YOLO] ✓ 球 全域座標: X=-0.889m  Y=2.458m  conf=0.95  (累計偵測:5586)
[05:55:13] [YOLO] ✓ 球 全域座標: X=-0.920m  Y=2.469m  conf=0.93  (累計偵測:5591)
[05:55:13] [YOLO] ✓ 球 全域座標: X=-0.942m  Y=2.501m  conf=0.96  (累計偵測:5596)
[05:55:14] [YOLO] ✓ 球 全域座標: X=-0.975m  Y=2.528m  conf=0.93  (累計偵測:5601)
[05:55:14] [YOLO] ✓ 球 全域座標: X=-1.003m  Y=2.551m  conf=0.94  (累計偵測:5606)
[05:55:14] [YOLO] ✓ 球 全域座標: X=-1.010m  Y=2.562m  conf=0.95  (累計偵測:5611)
[05:55:15] [YOLO] ✓ 球 全域座標: X=-1.038m  Y=2.602m  conf=0.93  (累計偵測:5616)
[05:55:15] [YOLO] ✓ 球 全域座標: X=-1.044m  Y=2.602m  conf=0.91  (累計偵測:5621)
[05:55:15] [YOLO] ✓ 球 全域座標: X=-1.057m  Y=2.609m  conf=0.93  (累計偵測:5626)
[05:55:15] [YOLO] ✓ 球 全域座標: X=-1.074m  Y=2.631m  conf=0.92  (累計偵測:5631)
[05:55:16] [YOLO] ✓ 球 全域座標: X=-1.082m  Y=2.647m  conf=0.93  (累計偵測:5636)
[05:55:16] [YOLO] ✓ 球 全域座標: X=-1.086m  Y=2.659m  conf=0.94  (累計偵測:5641)
[05:55:16] [YOLO] ✓ 球 全域座標: X=-1.076m  Y=2.658m  conf=0.93  (累計偵測:5646)
[05:55:17] [YOLO] ✓ 球 全域座標: X=-1.073m  Y=2.671m  conf=0.89  (累計偵測:5651)
[05:55:17] [YOLO] ✓ 球 全域座標: X=-1.064m  Y=2.664m  conf=0.90  (累計偵測:5656)
[05:55:17] [YOLO] ✓ 球 全域座標: X=-1.071m  Y=2.671m  conf=0.90  (累計偵測:5661)
[05:55:18] [YOLO] ✓ 球 全域座標: X=-1.068m  Y=2.668m  conf=0.90  (累計偵測:5666)
[05:55:18] [YOLO] ✓ 球 全域座標: X=-1.070m  Y=2.671m  conf=0.89  (累計偵測:5671)
[05:55:18] [YOLO] ✓ 球 全域座標: X=-1.067m  Y=2.669m  conf=0.88  (累計偵測:5676)
[05:55:19] [YOLO] ✓ 球 全域座標: X=-1.070m  Y=2.673m  conf=0.90  (累計偵測:5681)
[05:55:19] [YOLO] ✓ 球 全域座標: X=-1.066m  Y=2.666m  conf=0.89  (累計偵測:5686)
[05:55:19] [YOLO] ✓ 球 全域座標: X=-1.070m  Y=2.675m  conf=0.88  (累計偵測:5691)
[05:55:20] [YOLO] ✓ 球 全域座標: X=-1.070m  Y=2.670m  conf=0.89  (累計偵測:5696)
[05:55:20] [YOLO] ✓ 球 全域座標: X=-1.070m  Y=2.674m  conf=0.89  (累計偵測:5701)
[05:55:20] [YOLO] ✓ 球 全域座標: X=-1.070m  Y=2.674m  conf=0.89  (累計偵測:5706)
[05:55:21] [YOLO] ✓ 球 全域座標: X=-1.067m  Y=2.674m  conf=0.90  (累計偵測:5711)
[05:55:21] [YOLO] ✓ 球 全域座標: X=-1.069m  Y=2.670m  conf=0.90  (累計偵測:5716)
[05:55:21] [YOLO] ✓ 球 全域座標: X=-1.070m  Y=2.671m  conf=0.91  (累計偵測:5721)
[05:55:22] [YOLO] ✓ 球 全域座標: X=-1.069m  Y=2.669m  conf=0.89  (累計偵測:5726)
[05:55:22] [YOLO] ✓ 球 全域座標: X=-1.070m  Y=2.674m  conf=0.90  (累計偵測:5731)
[05:55:22] [YOLO] ✓ 球 全域座標: X=-1.073m  Y=2.683m  conf=0.89  (累計偵測:5736)
[05:55:23] [YOLO] ✓ 球 全域座標: X=-1.068m  Y=2.670m  conf=0.91  (累計偵測:5741)
[05:55:23] [YOLO] ✓ 球 全域座標: X=-1.067m  Y=2.663m  conf=0.91  (累計偵測:5746)
[05:55:24] [YOLO] ✓ 球 全域座標: X=-1.069m  Y=2.672m  conf=0.91  (累計偵測:5751)
[05:55:24] [YOLO] ✓ 球 全域座標: X=-1.069m  Y=2.672m  conf=0.89  (累計偵測:5756)
[05:55:24] [YOLO] ✓ 球 全域座標: X=-1.068m  Y=2.671m  conf=0.90  (累計偵測:5761)
[05:55:25] [YOLO] ✓ 球 全域座標: X=-1.071m  Y=2.676m  conf=0.89  (累計偵測:5766)
[05:55:25] [YOLO] ✓ 球 全域座標: X=-1.068m  Y=2.669m  conf=0.90  (累計偵測:5771)
[05:55:25] [YOLO] ✓ 球 全域座標: X=-1.070m  Y=2.675m  conf=0.90  (累計偵測:5776)
[05:55:26] [YOLO] ✓ 球 全域座標: X=-1.068m  Y=2.670m  conf=0.90  (累計偵測:5781)
[05:55:26] [YOLO] ✓ 球 全域座標: X=-1.072m  Y=2.675m  conf=0.92  (累計偵測:5786)
[05:55:26] [YOLO] ✓ 球 全域座標: X=-0.818m  Y=2.622m  conf=0.89  (累計偵測:5791)
[05:55:27] [YOLO] ✓ 球 全域座標: X=-0.660m  Y=2.582m  conf=0.95  (累計偵測:5796)
[05:55:27] [YOLO] ✓ 球 全域座標: X=-0.417m  Y=2.527m  conf=0.94  (累計偵測:5801)
[05:55:27] [YOLO] ✓ 球 全域座標: X=-0.290m  Y=2.500m  conf=0.95  (累計偵測:5806)
[05:55:28] [YOLO] ✓ 球 全域座標: X=-0.014m  Y=2.425m  conf=0.91  (累計偵測:5811)
[05:55:28] [YOLO] ✓ 球 全域座標: X=+0.056m  Y=2.302m  conf=0.86  (累計偵測:5816)
[05:55:28] [YOLO] ✓ 球 全域座標: X=+0.024m  Y=2.185m  conf=0.93  (累計偵測:5821)
[05:55:29] [YOLO] ✓ 球 全域座標: X=-0.001m  Y=2.026m  conf=0.91  (累計偵測:5826)
[05:55:29] [YOLO] ✓ 球 全域座標: X=-0.024m  Y=1.868m  conf=0.93  (累計偵測:5831)
[05:55:29] [YOLO] ✓ 球 全域座標: X=-0.044m  Y=1.649m  conf=0.94  (累計偵測:5836)
[05:55:30] [YOLO] ✓ 球 全域座標: X=-0.050m  Y=1.505m  conf=0.92  (累計偵測:5841)
[05:55:30] [YOLO] ✓ 球 全域座標: X=-0.051m  Y=1.422m  conf=0.96  (累計偵測:5846)
[05:55:30] [YOLO] ✓ 球 全域座標: X=-0.045m  Y=1.304m  conf=0.93  (累計偵測:5851)
[05:55:31] [YOLO] ✓ 球 全域座標: X=-0.037m  Y=1.220m  conf=0.95  (累計偵測:5856)
[05:55:31] [YOLO] ✓ 球 全域座標: X=-0.025m  Y=1.157m  conf=0.96  (累計偵測:5861)
[05:55:31] [YOLO] ✓ 球 全域座標: X=-0.007m  Y=1.094m  conf=0.98  (累計偵測:5866)
[05:55:32] [YOLO] ✓ 球 全域座標: X=+0.012m  Y=1.031m  conf=0.97  (累計偵測:5871)
[05:55:32] [YOLO] ✓ 球 全域座標: X=+0.046m  Y=0.940m  conf=0.96  (累計偵測:5876)
[05:55:32] [YOLO] ✓ 球 全域座標: X=+0.074m  Y=0.892m  conf=0.92  (累計偵測:5881)
[05:55:33] [YOLO] ✓ 球 全域座標: X=+0.095m  Y=0.876m  conf=0.97  (累計偵測:5886)
[05:55:33] [YOLO] ✓ 球 全域座標: X=+0.112m  Y=0.865m  conf=0.97  (累計偵測:5891)
[05:55:33] [YOLO] ✓ 球 全域座標: X=+0.142m  Y=0.836m  conf=0.97  (累計偵測:5896)
[05:55:34] [YOLO] ✓ 球 全域座標: X=+0.148m  Y=0.831m  conf=0.98  (累計偵測:5901)
[05:55:34] [YOLO] ✓ 球 全域座標: X=+0.146m  Y=0.830m  conf=0.99  (累計偵測:5906)
[05:55:34] [YOLO] ✓ 球 全域座標: X=+0.143m  Y=0.832m  conf=0.98  (累計偵測:5911)
[05:55:35] [YOLO] ✓ 球 全域座標: X=+0.141m  Y=0.836m  conf=0.97  (累計偵測:5916)
[05:55:35] [YOLO] ✓ 球 全域座標: X=+0.141m  Y=0.835m  conf=0.97  (累計偵測:5921)
[05:55:35] [YOLO] ✓ 球 全域座標: X=+0.141m  Y=0.836m  conf=0.98  (累計偵測:5926)
[05:55:36] [YOLO] ✓ 球 全域座標: X=+0.141m  Y=0.837m  conf=0.97  (累計偵測:5931)
[05:55:36] [YOLO] ✓ 球 全域座標: X=+0.141m  Y=0.837m  conf=0.97  (累計偵測:5936)
[05:55:36] [YOLO] ✓ 球 全域座標: X=+0.141m  Y=0.838m  conf=0.97  (累計偵測:5941)
[05:55:37] [YOLO] ✓ 球 全域座標: X=+0.141m  Y=0.836m  conf=0.97  (累計偵測:5946)
[05:55:37] [YOLO] ✓ 球 全域座標: X=+0.141m  Y=0.836m  conf=0.97  (累計偵測:5951)
[05:55:37] [YOLO] ✓ 球 全域座標: X=+0.141m  Y=0.837m  conf=0.97  (累計偵測:5956)
[05:55:37] [YOLO] ✓ 球 全域座標: X=+0.141m  Y=0.837m  conf=0.97  (累計偵測:5961)
[05:55:38] [YOLO] ✓ 球 全域座標: X=+0.141m  Y=0.837m  conf=0.98  (累計偵測:5966)
[05:55:38] [YOLO] ✓ 球 全域座標: X=+0.141m  Y=0.836m  conf=0.97  (累計偵測:5971)
[05:55:38] [YOLO] ✓ 球 全域座標: X=+0.141m  Y=0.837m  conf=0.97  (累計偵測:5976)
[05:55:39] [YOLO] ✓ 球 全域座標: X=+0.140m  Y=0.836m  conf=0.97  (累計偵測:5981)
[05:55:39] [YOLO] ✓ 球 全域座標: X=+0.141m  Y=0.836m  conf=0.98  (累計偵測:5986)
[05:55:39] [YOLO] ✓ 球 全域座標: X=+0.141m  Y=0.836m  conf=0.97  (累計偵測:5991)
[05:55:39] [YOLO] ✓ 球 全域座標: X=+0.140m  Y=0.837m  conf=0.97  (累計偵測:5996)
[05:55:40] [YOLO] ✓ 球 全域座標: X=+0.140m  Y=0.836m  conf=0.97  (累計偵測:6001)
[05:55:40] [YOLO] ✓ 球 全域座標: X=+0.141m  Y=0.838m  conf=0.97  (累計偵測:6006)
[05:55:40] [YOLO] ✓ 球 全域座標: X=+0.141m  Y=0.837m  conf=0.98  (累計偵測:6011)
[05:55:40] [YOLO] ✓ 球 全域座標: X=+0.140m  Y=0.831m  conf=0.79  (累計偵測:6016)
[05:55:40] [YOLO] ✓ 球 全域座標: X=+0.133m  Y=0.982m  conf=0.95  (累計偵測:6021)
[05:55:41] [YOLO] ✓ 球 全域座標: X=+0.117m  Y=1.177m  conf=0.96  (累計偵測:6026)
[05:55:41] [YOLO] ✓ 球 全域座標: X=+0.077m  Y=1.665m  conf=0.92  (累計偵測:6031)
[05:55:41] [YOLO] ✓ 球 全域座標: X=+0.056m  Y=1.894m  conf=0.93  (累計偵測:6036)
[05:55:42] [YOLO] ✓ 球 全域座標: X=+0.039m  Y=2.046m  conf=0.91  (累計偵測:6041)
[05:55:42] [YOLO] ✓ 球 全域座標: X=+0.016m  Y=2.264m  conf=0.94  (累計偵測:6046)
[05:55:42] [YOLO] ✓ 球 全域座標: X=-0.002m  Y=2.450m  conf=0.91  (累計偵測:6051)
[05:55:42] [YOLO] ✓ 球 全域座標: X=-0.028m  Y=2.693m  conf=0.92  (累計偵測:6056)
[05:55:43] [YOLO] ✓ 球 全域座標: X=-0.044m  Y=2.817m  conf=0.93  (累計偵測:6061)
[05:55:43] [YOLO] ✓ 球 全域座標: X=-0.065m  Y=2.988m  conf=0.91  (累計偵測:6066)
[05:55:43] [YOLO] ✓ 球 全域座標: X=-0.091m  Y=3.195m  conf=0.90  (累計偵測:6071)
[05:55:44] [YOLO] ✓ 球 全域座標: X=-0.112m  Y=3.298m  conf=0.91  (累計偵測:6076)
[05:55:44] [YOLO] ✗ 未偵測到球  (miss:61)
[05:55:45] [YOLO] ✓ 球 全域座標: X=-0.200m  Y=3.388m  conf=0.71  (累計偵測:6085)
[05:55:45] [YOLO] ✓ 球 全域座標: X=-0.200m  Y=3.379m  conf=0.78  (累計偵測:6090)
[05:55:45] [YOLO] ✓ 球 全域座標: X=-0.215m  Y=3.390m  conf=0.69  (累計偵測:6095)
[05:55:46] [YOLO] ✓ 球 全域座標: X=-0.213m  Y=3.389m  conf=0.83  (累計偵測:6100)
[05:55:46] [YOLO] ✓ 球 全域座標: X=-0.211m  Y=3.382m  conf=0.85  (累計偵測:6105)
[05:55:46] [YOLO] ✓ 球 全域座標: X=-0.228m  Y=3.407m  conf=0.84  (累計偵測:6110)
[05:55:46] [YOLO] ✓ 球 全域座標: X=-0.229m  Y=3.427m  conf=0.84  (累計偵測:6115)
[05:55:47] [YOLO] ✓ 球 全域座標: X=-0.230m  Y=3.437m  conf=0.84  (累計偵測:6120)
[05:55:47] [YOLO] ✓ 球 全域座標: X=-0.228m  Y=3.432m  conf=0.86  (累計偵測:6125)
[05:55:47] [YOLO] ✓ 球 全域座標: X=-0.227m  Y=3.427m  conf=0.86  (累計偵測:6130)
[05:55:48] [YOLO] ✓ 球 全域座標: X=-0.229m  Y=3.441m  conf=0.85  (累計偵測:6135)
[05:55:48] [YOLO] ✓ 球 全域座標: X=-0.273m  Y=3.834m  conf=0.85  (累計偵測:6140)
[05:55:48] [YOLO] ✓ 球 全域座標: X=-0.329m  Y=3.994m  conf=0.82  (累計偵測:6145)
[05:55:49] [YOLO] ✓ 球 全域座標: X=-0.386m  Y=4.139m  conf=0.60  (累計偵測:6150)
[05:55:49] [YOLO] ✓ 球 全域座標: X=-0.516m  Y=4.440m  conf=0.84  (累計偵測:6155)
[05:55:49] [YOLO] ✓ 球 全域座標: X=-0.568m  Y=4.601m  conf=0.80  (累計偵測:6160)
[05:55:50] [YOLO] ✗ 未偵測到球  (miss:71)
[05:55:50] [YOLO] ✓ 球 全域座標: X=-0.578m  Y=4.680m  conf=0.80  (累計偵測:6169)
[05:55:50] [YOLO] ✓ 球 全域座標: X=-0.531m  Y=4.664m  conf=0.85  (累計偵測:6174)
[05:55:51] [YOLO] ✓ 球 全域座標: X=-0.483m  Y=4.567m  conf=0.84  (累計偵測:6179)
[05:55:51] [YOLO] ✓ 球 全域座標: X=-0.407m  Y=4.465m  conf=0.75  (累計偵測:6184)
[05:55:51] [YOLO] ✓ 球 全域座標: X=-0.355m  Y=4.408m  conf=0.78  (累計偵測:6189)
[05:55:52] [YOLO] ✓ 球 全域座標: X=-0.320m  Y=4.273m  conf=0.76  (累計偵測:6194)
[05:55:52] [YOLO] ✓ 球 全域座標: X=-0.280m  Y=4.296m  conf=0.81  (累計偵測:6199)
[05:55:52] [YOLO] ✓ 球 全域座標: X=-0.236m  Y=4.148m  conf=0.75  (累計偵測:6204)
[05:55:52] [YOLO] ✓ 球 全域座標: X=-0.200m  Y=3.943m  conf=0.73  (累計偵測:6209)
[05:55:53] [YOLO] ✓ 球 全域座標: X=-0.120m  Y=3.523m  conf=0.90  (累計偵測:6214)
[05:55:53] [YOLO] ✓ 球 全域座標: X=-0.062m  Y=3.234m  conf=0.90  (累計偵測:6219)
[05:55:53] [YOLO] ✓ 球 全域座標: X=+0.010m  Y=2.871m  conf=0.91  (累計偵測:6224)
[05:55:54] [YOLO] ✓ 球 全域座標: X=+0.039m  Y=2.754m  conf=0.95  (累計偵測:6229)
[05:55:54] [YOLO] ✓ 球 全域座標: X=+0.082m  Y=2.512m  conf=0.93  (累計偵測:6234)
[05:55:54] [YOLO] ✓ 球 全域座標: X=+0.119m  Y=2.325m  conf=0.93  (累計偵測:6239)
[05:55:55] [YOLO] ✓ 球 全域座標: X=+0.169m  Y=2.095m  conf=0.96  (累計偵測:6244)
[05:55:55] [YOLO] ✓ 球 全域座標: X=+0.208m  Y=1.920m  conf=0.95  (累計偵測:6249)
[05:55:55] [YOLO] ✓ 球 全域座標: X=+0.233m  Y=1.783m  conf=0.94  (累計偵測:6254)
[05:55:55] [YOLO] ✓ 球 全域座標: X=+0.285m  Y=1.498m  conf=0.92  (累計偵測:6259)
[05:55:56] [YOLO] ✓ 球 全域座標: X=+0.306m  Y=1.377m  conf=0.96  (累計偵測:6264)
[05:55:56] [YOLO] ✓ 球 全域座標: X=+0.345m  Y=1.123m  conf=0.97  (累計偵測:6269)
[05:55:56] [YOLO] ✓ 球 全域座標: X=+0.364m  Y=0.999m  conf=0.97  (累計偵測:6274)
[05:55:57] [YOLO] ✓ 球 全域座標: X=+0.383m  Y=0.885m  conf=0.98  (累計偵測:6279)
[05:55:57] [YOLO] ✓ 球 全域座標: X=+0.406m  Y=0.756m  conf=0.94  (累計偵測:6284)
[05:55:57] [YOLO] ✓ 球 全域座標: X=+0.449m  Y=0.694m  conf=0.96  (累計偵測:6289)
[05:55:58] [YOLO] ✓ 球 全域座標: X=+0.464m  Y=0.548m  conf=0.96  (累計偵測:6294)
[05:55:58] [YOLO] ✓ 球 全域座標: X=+0.571m  Y=0.546m  conf=0.95  (累計偵測:6299)
[05:55:58] [YOLO] ✓ 球 全域座標: X=+0.633m  Y=0.518m  conf=0.94  (累計偵測:6304)
[05:55:59] [YOLO] ✓ 球 全域座標: X=+0.670m  Y=0.477m  conf=0.94  (累計偵測:6309)
[05:55:59] [YOLO] ✓ 球 全域座標: X=+0.688m  Y=0.457m  conf=0.89  (累計偵測:6314)
[05:55:59] [YOLO] ✓ 球 全域座標: X=+0.724m  Y=0.473m  conf=0.93  (累計偵測:6319)
[05:55:59] [YOLO] ✓ 球 全域座標: X=+0.749m  Y=0.473m  conf=0.94  (累計偵測:6324)
[05:56:00] [YOLO] ✓ 球 全域座標: X=+0.766m  Y=0.471m  conf=0.96  (累計偵測:6329)
[05:56:00] [YOLO] ✓ 球 全域座標: X=+0.796m  Y=0.476m  conf=0.96  (累計偵測:6334)
[05:56:00] [YOLO] ✓ 球 全域座標: X=+0.817m  Y=0.484m  conf=0.95  (累計偵測:6339)
[05:56:00] [YOLO] ✓ 球 全域座標: X=+0.849m  Y=0.479m  conf=0.97  (累計偵測:6344)
[05:56:01] [YOLO] ✓ 球 全域座標: X=+0.854m  Y=0.474m  conf=0.97  (累計偵測:6349)
[05:56:01] [YOLO] ✓ 球 全域座標: X=+0.852m  Y=0.467m  conf=0.96  (累計偵測:6354)
[05:56:01] [YOLO] ✓ 球 全域座標: X=+0.852m  Y=0.470m  conf=0.96  (累計偵測:6359)
[05:56:02] [YOLO] ✓ 球 全域座標: X=+0.850m  Y=0.472m  conf=0.97  (累計偵測:6364)
[05:56:02] [YOLO] ✓ 球 全域座標: X=+0.853m  Y=0.475m  conf=0.96  (累計偵測:6369)
[05:56:02] [YOLO] ✓ 球 全域座標: X=+0.852m  Y=0.474m  conf=0.96  (累計偵測:6374)
[05:56:02] [YOLO] ✓ 球 全域座標: X=+0.849m  Y=0.470m  conf=0.96  (累計偵測:6379)
[05:56:03] [YOLO] ✓ 球 全域座標: X=+0.851m  Y=0.473m  conf=0.97  (累計偵測:6384)
[05:56:03] [YOLO] ✓ 球 全域座標: X=+0.851m  Y=0.472m  conf=0.96  (累計偵測:6389)
[05:56:03] [YOLO] ✓ 球 全域座標: X=+0.851m  Y=0.473m  conf=0.96  (累計偵測:6394)
[05:56:04] [YOLO] ✓ 球 全域座標: X=+0.849m  Y=0.470m  conf=0.97  (累計偵測:6399)
[05:56:04] [YOLO] ✓ 球 全域座標: X=+0.851m  Y=0.471m  conf=0.96  (累計偵測:6404)
[05:56:04] [YOLO] ✓ 球 全域座標: X=+0.850m  Y=0.469m  conf=0.96  (累計偵測:6409)
[05:56:05] [YOLO] ✓ 球 全域座標: X=+0.851m  Y=0.473m  conf=0.96  (累計偵測:6414)
[05:56:05] [YOLO] ✓ 球 全域座標: X=+0.852m  Y=0.473m  conf=0.96  (累計偵測:6419)
[05:56:05] [YOLO] ✓ 球 全域座標: X=+0.849m  Y=0.468m  conf=0.97  (累計偵測:6424)
[05:56:05] [YOLO] ✓ 球 全域座標: X=+0.852m  Y=0.474m  conf=0.96  (累計偵測:6429)
[05:56:06] [YOLO] ✓ 球 全域座標: X=+0.850m  Y=0.471m  conf=0.97  (累計偵測:6434)
[05:56:06] [YOLO] ✓ 球 全域座標: X=+0.852m  Y=0.472m  conf=0.96  (累計偵測:6439)
[05:56:06] [YOLO] ✓ 球 全域座標: X=+0.852m  Y=0.473m  conf=0.97  (累計偵測:6444)
[05:56:06] [YOLO] ✓ 球 全域座標: X=+0.852m  Y=0.474m  conf=0.96  (累計偵測:6449)
[05:56:06] [YOLO] ✓ 球 全域座標: X=+0.851m  Y=0.473m  conf=0.96  (累計偵測:6454)
[05:56:07] [YOLO] ✓ 球 全域座標: X=+0.852m  Y=0.473m  conf=0.97  (累計偵測:6459)
[05:56:07] [YOLO] ✓ 球 全域座標: X=+0.851m  Y=0.472m  conf=0.96  (累計偵測:6464)
[05:56:07] [YOLO] ✓ 球 全域座標: X=+0.852m  Y=0.473m  conf=0.97  (累計偵測:6469)
[05:56:07] [YOLO] ✓ 球 全域座標: X=+0.852m  Y=0.473m  conf=0.97  (累計偵測:6474)
[05:56:08] [YOLO] ✓ 球 全域座標: X=+0.851m  Y=0.471m  conf=0.97  (累計偵測:6479)
[05:56:08] [YOLO] ✓ 球 全域座標: X=+0.854m  Y=0.475m  conf=0.96  (累計偵測:6484)
[05:56:08] [YOLO] ✓ 球 全域座標: X=+0.850m  Y=0.470m  conf=0.96  (累計偵測:6489)
[05:56:08] [YOLO] ✓ 球 全域座標: X=+0.852m  Y=0.475m  conf=0.97  (累計偵測:6494)
[05:56:09] [YOLO] ✓ 球 全域座標: X=+0.851m  Y=0.471m  conf=0.96  (累計偵測:6499)
[05:56:09] [YOLO] ✓ 球 全域座標: X=+0.851m  Y=0.471m  conf=0.97  (累計偵測:6504)
[05:56:09] [YOLO] ✓ 球 全域座標: X=+0.852m  Y=0.473m  conf=0.96  (累計偵測:6509)
[05:56:09] [YOLO] ✓ 球 全域座標: X=+0.852m  Y=0.473m  conf=0.96  (累計偵測:6514)
[05:56:10] [YOLO] ✓ 球 全域座標: X=+0.851m  Y=0.473m  conf=0.96  (累計偵測:6519)
[05:56:10] [YOLO] ✓ 球 全域座標: X=+0.850m  Y=0.470m  conf=0.96  (累計偵測:6524)
[05:56:10] [YOLO] ✓ 球 全域座標: X=+0.851m  Y=0.471m  conf=0.97  (累計偵測:6529)
[05:56:10] [YOLO] ✓ 球 全域座標: X=+0.850m  Y=0.471m  conf=0.97  (累計偵測:6534)
[05:56:10] [YOLO] ✓ 球 全域座標: X=+0.851m  Y=0.471m  conf=0.96  (累計偵測:6539)
[05:56:11] [YOLO] ✓ 球 全域座標: X=+0.851m  Y=0.472m  conf=0.96  (累計偵測:6544)
[05:56:11] [YOLO] ✓ 球 全域座標: X=+0.852m  Y=0.473m  conf=0.96  (累計偵測:6549)
[05:56:11] [YOLO] ✓ 球 全域座標: X=+0.851m  Y=0.472m  conf=0.96  (累計偵測:6554)
[05:56:11] [YOLO] ✓ 球 全域座標: X=+0.851m  Y=0.472m  conf=0.96  (累計偵測:6559)
[05:56:11] [YOLO] ✓ 球 全域座標: X=+0.851m  Y=0.472m  conf=0.97  (累計偵測:6564)
[05:56:11] [YOLO] ✓ 球 全域座標: X=+0.851m  Y=0.472m  conf=0.97  (累計偵測:6569)
[05:56:12] [YOLO] ✓ 球 全域座標: X=+0.852m  Y=0.473m  conf=0.96  (累計偵測:6574)
[05:56:12] [YOLO] ✓ 球 全域座標: X=+0.853m  Y=0.475m  conf=0.96  (累計偵測:6579)
[05:56:12] [YOLO] ✓ 球 全域座標: X=+0.852m  Y=0.473m  conf=0.96  (累計偵測:6584)
[05:56:12] [YOLO] ✓ 球 全域座標: X=+0.851m  Y=0.473m  conf=0.97  (累計偵測:6589)
[05:56:12] [YOLO] ✓ 球 全域座標: X=+0.851m  Y=0.472m  conf=0.97  (累計偵測:6594)
[05:56:13] [YOLO] ✓ 球 全域座標: X=+0.852m  Y=0.474m  conf=0.96  (累計偵測:6599)
[05:56:13] [YOLO] ✓ 球 全域座標: X=+0.852m  Y=0.473m  conf=0.97  (累計偵測:6604)
[05:56:13] [YOLO] ✓ 球 全域座標: X=+0.851m  Y=0.471m  conf=0.97  (累計偵測:6609)
[05:56:13] [YOLO] ✓ 球 全域座標: X=+0.849m  Y=0.469m  conf=0.96  (累計偵測:6614)
[05:56:13] [YOLO] ✓ 球 全域座標: X=+0.852m  Y=0.474m  conf=0.97  (累計偵測:6619)
[05:56:13] [YOLO] ✓ 球 全域座標: X=+0.852m  Y=0.474m  conf=0.96  (累計偵測:6624)
[05:56:14] [YOLO] ✓ 球 全域座標: X=+0.850m  Y=0.471m  conf=0.97  (累計偵測:6629)
[05:56:14] [YOLO] ✓ 球 全域座標: X=+0.851m  Y=0.471m  conf=0.96  (累計偵測:6634)
[05:56:14] [YOLO] ✓ 球 全域座標: X=+0.849m  Y=0.469m  conf=0.97  (累計偵測:6639)
[05:56:14] [YOLO] ✓ 球 全域座標: X=+0.852m  Y=0.473m  conf=0.97  (累計偵測:6644)
[05:56:14] [YOLO] ✓ 球 全域座標: X=+0.852m  Y=0.473m  conf=0.97  (累計偵測:6649)
[05:56:15] [YOLO] ✓ 球 全域座標: X=+0.850m  Y=0.471m  conf=0.96  (累計偵測:6654)
[05:56:15] [YOLO] ✓ 球 全域座標: X=+0.853m  Y=0.475m  conf=0.96  (累計偵測:6659)
[05:56:15] [YOLO] ✓ 球 全域座標: X=+0.850m  Y=0.471m  conf=0.97  (累計偵測:6664)
[05:56:15] [YOLO] ✓ 球 全域座標: X=+0.852m  Y=0.473m  conf=0.96  (累計偵測:6669)
[05:56:15] [YOLO] ✓ 球 全域座標: X=+0.851m  Y=0.472m  conf=0.97  (累計偵測:6674)
[05:56:16] [YOLO] ✓ 球 全域座標: X=+0.853m  Y=0.474m  conf=0.96  (累計偵測:6679)
[05:56:16] [YOLO] ✓ 球 全域座標: X=+0.853m  Y=0.474m  conf=0.97  (累計偵測:6684)
[05:56:16] [YOLO] ✓ 球 全域座標: X=+0.852m  Y=0.474m  conf=0.96  (累計偵測:6689)
[05:56:16] [YOLO] ✓ 球 全域座標: X=+0.852m  Y=0.472m  conf=0.96  (累計偵測:6694)
[05:56:16] [YOLO] ✓ 球 全域座標: X=+0.850m  Y=0.471m  conf=0.96  (累計偵測:6699)
[05:56:16] [YOLO] ✓ 球 全域座標: X=+0.852m  Y=0.473m  conf=0.96  (累計偵測:6704)
[05:56:17] [YOLO] ✓ 球 全域座標: X=+0.852m  Y=0.473m  conf=0.97  (累計偵測:6709)
[05:56:17] [YOLO] ✓ 球 全域座標: X=+0.851m  Y=0.472m  conf=0.96  (累計偵測:6714)
[05:56:17] [YOLO] ✓ 球 全域座標: X=+0.851m  Y=0.471m  conf=0.97  (累計偵測:6719)
[05:56:17] [YOLO] ✓ 球 全域座標: X=+0.853m  Y=0.475m  conf=0.97  (累計偵測:6724)
[05:56:17] [YOLO] ✓ 球 全域座標: X=+0.852m  Y=0.474m  conf=0.96  (累計偵測:6729)
[05:56:17] [YOLO] ✓ 球 全域座標: X=+0.852m  Y=0.474m  conf=0.96  (累計偵測:6734)
[05:56:18] [YOLO] ✓ 球 全域座標: X=+0.852m  Y=0.473m  conf=0.96  (累計偵測:6739)
[05:56:18] [YOLO] ✓ 球 全域座標: X=+0.851m  Y=0.473m  conf=0.97  (累計偵測:6744)
[05:56:18] [YOLO] ✓ 球 全域座標: X=+0.852m  Y=0.474m  conf=0.97  (累計偵測:6749)
[05:56:18] [YOLO] ✓ 球 全域座標: X=+0.850m  Y=0.471m  conf=0.96  (累計偵測:6754)
[05:56:18] [YOLO] ✓ 球 全域座標: X=+0.851m  Y=0.473m  conf=0.96  (累計偵測:6759)
[05:56:18] [YOLO] ✓ 球 全域座標: X=+0.853m  Y=0.475m  conf=0.97  (累計偵測:6764)
[05:56:18] [YOLO] ✓ 球 全域座標: X=+0.852m  Y=0.473m  conf=0.97  (累計偵測:6769)
[05:56:19] [YOLO] ✓ 球 全域座標: X=+0.850m  Y=0.471m  conf=0.97  (累計偵測:6774)
[05:56:19] [YOLO] ✓ 球 全域座標: X=+0.852m  Y=0.473m  conf=0.96  (累計偵測:6779)
[05:56:19] [YOLO] ✓ 球 全域座標: X=+0.851m  Y=0.471m  conf=0.97  (累計偵測:6784)
[05:56:19] [YOLO] ✓ 球 全域座標: X=+0.851m  Y=0.473m  conf=0.96  (累計偵測:6789)
[05:56:19] [YOLO] ✓ 球 全域座標: X=+0.852m  Y=0.474m  conf=0.96  (累計偵測:6794)
[05:56:19] [YOLO] ✓ 球 全域座標: X=+0.852m  Y=0.473m  conf=0.96  (累計偵測:6799)
[05:56:20] [YOLO] ✓ 球 全域座標: X=+0.850m  Y=0.470m  conf=0.96  (累計偵測:6804)
[05:56:20] [YOLO] ✓ 球 全域座標: X=+0.851m  Y=0.472m  conf=0.96  (累計偵測:6809)
[05:56:20] [YOLO] ✓ 球 全域座標: X=+0.848m  Y=0.467m  conf=0.97  (累計偵測:6814)
[05:56:20] [YOLO] ✓ 球 全域座標: X=+0.850m  Y=0.471m  conf=0.97  (累計偵測:6819)
[05:56:20] [YOLO] ✓ 球 全域座標: X=+0.851m  Y=0.473m  conf=0.97  (累計偵測:6824)
[05:56:20] [YOLO] ✓ 球 全域座標: X=+0.852m  Y=0.474m  conf=0.96  (累計偵測:6829)
[05:56:21] [YOLO] ✓ 球 全域座標: X=+0.851m  Y=0.473m  conf=0.96  (累計偵測:6834)
[05:56:21] [YOLO] ✓ 球 全域座標: X=+0.852m  Y=0.474m  conf=0.97  (累計偵測:6839)
[05:56:21] [YOLO] ✓ 球 全域座標: X=+0.853m  Y=0.475m  conf=0.96  (累計偵測:6844)
[05:56:21] [YOLO] ✓ 球 全域座標: X=+0.852m  Y=0.474m  conf=0.97  (累計偵測:6849)
[05:56:21] [YOLO] ✓ 球 全域座標: X=+0.852m  Y=0.474m  conf=0.96  (累計偵測:6854)
[05:56:21] [YOLO] ✓ 球 全域座標: X=+0.852m  Y=0.474m  conf=0.96  (累計偵測:6859)
[05:56:22] [YOLO] ✓ 球 全域座標: X=+0.852m  Y=0.475m  conf=0.97  (累計偵測:6864)
[05:56:22] [YOLO] ✓ 球 全域座標: X=+0.851m  Y=0.473m  conf=0.97  (累計偵測:6869)
[05:56:22] [YOLO] ✓ 球 全域座標: X=+0.851m  Y=0.473m  conf=0.97  (累計偵測:6874)
[05:56:22] [YOLO] ✓ 球 全域座標: X=+0.852m  Y=0.473m  conf=0.97  (累計偵測:6879)
[05:56:22] [YOLO] ✓ 球 全域座標: X=+0.851m  Y=0.473m  conf=0.97  (累計偵測:6884)
[05:56:22] [YOLO] ✓ 球 全域座標: X=+0.850m  Y=0.471m  conf=0.96  (累計偵測:6889)
