[04:59:36] [INFO] [1779656376.128672]: ==================================================
[04:59:36] [INFO] [1779656376.137655]: [Fusion] 節點啟動
[04:59:36] [INFO] [1779656376.142055]: [Fusion] 防守線 Y = 0.50 m
[04:59:36] [INFO] [1779656376.145477]: [Fusion] 訂閱 /ball_camera_world, /ball_lidar_world, /robot_pose
[04:59:36] [INFO] [1779656376.148909]: [Fusion] 發布 /cmd_vel
[04:59:36] [INFO] [1779656376.151838]: ==================================================
[04:59:36] [33m[WARN] [1779656376.166143]: [Fusion] 定位收斂！var_x=0.0003 → 切換至絕對位置控制
[04:59:36] [INFO] [1779656376.168030]: [Fusion] odom 原點記錄：X=-3.149
[04:59:36] [INFO] [1779656376.201066]: [EKF] 初始化完成，球的初始位置: X=-0.686 Y=0.517
[04:59:36] [INFO] [1779656376.204825]: [TRACK] 球(-0.69, 0.52) v=(+0.00, +0.00) | 機器人X=+0.04 誤差=-0.49 | 速度=+0.00 θ=-0.095
[04:59:36] [INFO] [1779656376.436122]: [TRACK] 球(-0.69, 0.52) v=(+0.06, -0.12) | 機器人X=+0.04 誤差=-0.49 | 速度=-0.22 θ=-0.089
[04:59:36] [INFO] [1779656376.651960]: [TRACK] 球(-0.69, 0.53) v=(+0.02, -0.04) | 機器人X=-0.00 誤差=-0.45 | 速度=-0.22 θ=-0.052
[04:59:36] [INFO] [1779656376.888172]: [TRACK] 球(-0.69, 0.52) v=(+0.02, -0.04) | 機器人X=-0.05 誤差=-0.40 | 速度=-0.22 θ=-0.039
[04:59:37] [INFO] [1779656377.091414]: [TRACK] 球(-0.69, 0.52) v=(+0.02, -0.04) | 機器人X=-0.09 誤差=-0.36 | 速度=-0.22 θ=-0.017
[04:59:37] [INFO] [1779656377.327738]: [TRACK] 球(-0.68, 0.51) v=(+0.02, -0.04) | 機器人X=-0.15 誤差=-0.30 | 速度=-0.22 θ=-0.007
[04:59:37] [INFO] [1779656377.545008]: [TRACK] 球(-0.69, 0.52) v=(+0.00, -0.01) | 機器人X=-0.19 誤差=-0.26 | 速度=-0.22 θ=-0.005
[04:59:37] [INFO] [1779656377.798654]: [TRACK] 球(-0.68, 0.51) v=(+0.01, -0.02) | 機器人X=-0.24 誤差=-0.21 | 速度=-0.22 θ=+0.002
[04:59:37] [INFO] [1779656377.999758]: [TRACK] 球(-0.68, 0.51) v=(+0.01, -0.01) | 機器人X=-0.28 誤差=-0.17 | 速度=-0.22 θ=+0.004
[04:59:38] [INFO] [1779656378.205021]: [TRACK] 球(-0.69, 0.53) v=(-0.00, +0.01) | 機器人X=-0.32 誤差=-0.13 | 速度=-0.22 θ=+0.010
[04:59:38] [INFO] [1779656378.450751]: [TRACK] 球(-0.68, 0.51) v=(+0.01, -0.01) | 機器人X=-0.38 誤差=-0.07 | 速度=-0.15 θ=+0.009
[04:59:38] [INFO] [1779656378.692536]: [TRACK] 球(-0.69, 0.52) v=(+0.00, -0.00) | 機器人X=-0.41 誤差=-0.04 | 速度=-0.08 θ=-0.002
[04:59:38] [INFO] [1779656378.914742]: [TRACK] 球(-0.69, 0.52) v=(+0.00, -0.00) | 機器人X=-0.42 誤差=-0.03 | 速度=+0.00 θ=+0.005
[04:59:39] [0m[33m[WARN] [1779656379.580944]: [Fusion] 球消失超過 0.5 秒，進入 LOST 模式（EKF 繼續預測）
[04:59:39] [INFO] [1779656379.606740]: [PATROL-ABS] 目標X=+0.45 機器人X=-0.42 誤差=+0.87
[04:59:40] [INFO] [1779656380.206550]: [PATROL-ABS] 目標X=+0.45 機器人X=-0.37 誤差=+0.82
[04:59:40] [0m[33m[WARN] [1779656380.602071]: [Fusion] 球消失超過 1.5 秒，重置 EKF
[04:59:40] [INFO] [1779656380.706717]: [PATROL-ABS] 目標X=+0.45 機器人X=-0.27 誤差=+0.72
[04:59:41] [INFO] [1779656381.307207]: [PATROL-ABS] 目標X=+0.45 機器人X=-0.10 誤差=+0.55
[04:59:41] [INFO] [1779656381.358867]: [EKF] 初始化完成，球的初始位置: X=-0.635 Y=0.805
[04:59:41] [INFO] [1779656381.365525]: [TRACK] 球(-0.64, 0.80) v=(+0.00, +0.00) | 機器人X=-0.09 誤差=-0.36 | 速度=+0.14 θ=+0.044
[04:59:41] [INFO] [1779656381.575727]: [TRACK] 球(-0.49, 0.90) v=(+0.28, +0.56) | 機器人X=-0.04 誤差=-0.41 | 速度=-0.12 θ=+0.007
[04:59:42] [0m[33m[WARN] [1779656382.112516]: [Fusion] 球消失超過 0.5 秒，進入 LOST 模式（EKF 繼續預測）
[04:59:42] [0m[33m[WARN] [1779656382.118742]: [Fusion] 球消失超過 0.5 秒，進入 LOST 模式（EKF 繼續預測）
[04:59:42] [INFO] [1779656382.206671]: [PATROL-ABS] 目標X=+0.45 機器人X=-0.09 誤差=+0.54
[04:59:42] [INFO] [1779656382.808792]: [TRACK] 球(+0.74, 0.50) v=(+0.95, -0.26) | 機器人X=-0.05 誤差=+0.50 | 速度=+0.22 θ=-0.055
[04:59:43] [0m[33m[WARN] [1779656383.316514]: [Fusion] 球消失超過 0.5 秒，進入 LOST 模式（EKF 繼續預測）
[04:59:43] [INFO] [1779656383.406531]: [PATROL-ABS] 目標X=+0.45 機器人X=+0.07 誤差=+0.38
[04:59:43] [INFO] [1779656383.760580]: [TRACK] 球(+0.96, 0.46) v=(+0.43, -0.10) | 機器人X=+0.09 誤差=+0.36 | 速度=+0.22 θ=-0.023
[04:59:44] [0m[33m[WARN] [1779656384.266367]: [Fusion] 球消失超過 0.5 秒，進入 LOST 模式（EKF 繼續預測）
[04:59:44] [0m[33m[WARN] [1779656384.268286]: [Fusion] 球消失超過 0.5 秒，進入 LOST 模式（EKF 繼續預測）
[04:59:44] [INFO] [1779656384.306884]: [PATROL-ABS] 目標X=+0.45 機器人X=+0.20 誤差=+0.25
[04:59:44] [INFO] [1779656384.807237]: [PATROL-ABS] 目標X=+0.45 機器人X=+0.26 誤差=+0.19
[04:59:45] [0m[33m[WARN] [1779656385.262730]: [Fusion] 球消失超過 1.5 秒，重置 EKF
[04:59:45] [0m[33m[WARN] [1779656385.265997]: [Fusion] 球消失超過 1.5 秒，重置 EKF
[04:59:45] [INFO] [1779656385.406562]: [PATROL-ABS] 目標X=+0.45 機器人X=+0.37 誤差=+0.08
[04:59:46] [INFO] [1779656386.006501]: [PATROL-ABS] 目標X=-0.45 機器人X=+0.40 誤差=-0.85
[04:59:46] [INFO] [1779656386.606286]: [PATROL-ABS] 目標X=-0.45 機器人X=+0.28 誤差=-0.73
[04:59:47] [INFO] [1779656387.106413]: [PATROL-ABS] 目標X=-0.45 機器人X=+0.18 誤差=-0.63
[04:59:47] [INFO] [1779656387.607110]: [PATROL-ABS] 目標X=-0.45 機器人X=+0.09 誤差=-0.54
[04:59:48] [INFO] [1779656388.206882]: [PATROL-ABS] 目標X=-0.45 機器人X=-0.03 誤差=-0.42
[04:59:48] [INFO] [1779656388.806581]: [PATROL-ABS] 目標X=-0.45 機器人X=-0.14 誤差=-0.31
[04:59:49] [INFO] [1779656389.306752]: [PATROL-ABS] 目標X=-0.45 機器人X=-0.23 誤差=-0.22
[04:59:49] [INFO] [1779656389.906552]: [PATROL-ABS] 目標X=-0.45 機器人X=-0.34 誤差=-0.11
[04:59:50] [INFO] [1779656390.506670]: [PATROL-ABS] 目標X=+0.45 機器人X=-0.42 誤差=+0.87
[04:59:51] [INFO] [1779656391.007274]: [PATROL-ABS] 目標X=+0.45 機器人X=-0.35 誤差=+0.80
[04:59:51] [INFO] [1779656391.507597]: [PATROL-ABS] 目標X=+0.45 機器人X=-0.26 誤差=+0.71
[04:59:52] [INFO] [1779656392.106990]: [PATROL-ABS] 目標X=+0.45 機器人X=-0.15 誤差=+0.60
[04:59:52] [INFO] [1779656392.706725]: [PATROL-ABS] 目標X=+0.45 機器人X=-0.03 誤差=+0.48
[04:59:53] [INFO] [1779656393.306561]: [PATROL-ABS] 目標X=+0.45 機器人X=+0.08 誤差=+0.37
[04:59:53] [INFO] [1779656393.806786]: [PATROL-ABS] 目標X=+0.45 機器人X=+0.17 誤差=+0.28
[04:59:54] [INFO] [1779656394.307303]: [PATROL-ABS] 目標X=+0.45 機器人X=+0.26 誤差=+0.19
[04:59:54] [INFO] [1779656394.906795]: [PATROL-ABS] 目標X=+0.45 機器人X=+0.37 誤差=+0.08
[04:59:55] [INFO] [1779656395.407607]: [PATROL-ABS] 目標X=-0.45 機器人X=+0.42 誤差=-0.87
[04:59:56] [INFO] [1779656396.006678]: [PATROL-ABS] 目標X=-0.45 機器人X=+0.30 誤差=-0.75
[04:59:56] [INFO] [1779656396.506914]: [PATROL-ABS] 目標X=-0.45 機器人X=+0.21 誤差=-0.66
[04:59:57] [INFO] [1779656397.107085]: [PATROL-ABS] 目標X=-0.45 機器人X=+0.10 誤差=-0.55
[04:59:57] [INFO] [1779656397.707074]: [PATROL-ABS] 目標X=-0.45 機器人X=-0.02 誤差=-0.43
[04:59:58] [INFO] [1779656398.307304]: [PATROL-ABS] 目標X=-0.45 機器人X=-0.13 誤差=-0.32
[04:59:58] [INFO] [1779656398.906687]: [PATROL-ABS] 目標X=-0.45 機器人X=-0.24 誤差=-0.21
[04:59:59] [INFO] [1779656399.506668]: [PATROL-ABS] 目標X=-0.45 機器人X=-0.35 誤差=-0.10
[05:00:00] [INFO] [1779656400.006978]: [PATROL-ABS] 目標X=+0.45 機器人X=-0.42 誤差=+0.87
[05:00:00] [INFO] [1779656400.507561]: [PATROL-ABS] 目標X=+0.45 機器人X=-0.35 誤差=+0.80
[05:00:01] [INFO] [1779656401.107320]: [PATROL-ABS] 目標X=+0.45 機器人X=-0.24 誤差=+0.69
[05:00:01] [INFO] [1779656401.706602]: [PATROL-ABS] 目標X=+0.45 機器人X=-0.13 誤差=+0.58
[05:00:02] [INFO] [1779656402.207134]: [PATROL-ABS] 目標X=+0.45 機器人X=-0.04 誤差=+0.49
[05:00:02] [INFO] [1779656402.807461]: [PATROL-ABS] 目標X=+0.45 機器人X=+0.08 誤差=+0.37
[05:00:03] [INFO] [1779656403.406467]: [PATROL-ABS] 目標X=+0.45 機器人X=+0.19 誤差=+0.26
[05:00:03] [INFO] [1779656403.907011]: [PATROL-ABS] 目標X=+0.45 機器人X=+0.28 誤差=+0.17
[05:00:04] [INFO] [1779656404.506703]: [PATROL-ABS] 目標X=-0.45 機器人X=+0.39 誤差=+0.06
[05:00:05] [INFO] [1779656405.106735]: [PATROL-ABS] 目標X=-0.45 機器人X=+0.38 誤差=-0.83
[05:00:05] [INFO] [1779656405.706946]: [PATROL-ABS] 目標X=-0.45 機器人X=+0.27 誤差=-0.72
[05:00:06] [INFO] [1779656406.306876]: [PATROL-ABS] 目標X=-0.45 機器人X=+0.16 誤差=-0.61
[05:00:06] [INFO] [1779656406.906656]: [PATROL-ABS] 目標X=-0.45 機器人X=+0.05 誤差=-0.50
[05:00:07] [INFO] [1779656407.406719]: [PATROL-ABS] 目標X=-0.45 機器人X=-0.04 誤差=-0.41
[05:00:08] [INFO] [1779656408.006709]: [PATROL-ABS] 目標X=-0.45 機器人X=-0.15 誤差=-0.30
[05:00:08] [INFO] [1779656408.606734]: [PATROL-ABS] 目標X=-0.45 機器人X=-0.26 誤差=-0.19
[05:00:09] [INFO] [1779656409.206850]: [PATROL-ABS] 目標X=+0.45 機器人X=-0.38 誤差=-0.07
[05:00:09] [INFO] [1779656409.707566]: [PATROL-ABS] 目標X=+0.45 機器人X=-0.42 誤差=+0.87
[05:00:10] [INFO] [1779656410.306544]: [PATROL-ABS] 目標X=+0.45 機器人X=-0.31 誤差=+0.76
[05:00:10] [INFO] [1779656410.807007]: [PATROL-ABS] 目標X=+0.45 機器人X=-0.21 誤差=+0.66
[05:00:11] [INFO] [1779656411.293027]: [EKF] 初始化完成，球的初始位置: X=0.312 Y=3.686
[05:00:11] [0m[33m[WARN] [1779656411.299825]: [Fusion] 球在場外 (0.31, 3.69)，維持巡邏
[05:00:11] [INFO] [1779656411.306972]: [PATROL-ABS] 目標X=+0.45 機器人X=-0.12 誤差=+0.57
[05:00:11] [0m[33m[WARN] [1779656411.317054]: [Fusion] 球消失超過 1.5 秒，重置 EKF
[05:00:11] [INFO] [1779656411.353488]: [EKF] 初始化完成，球的初始位置: X=0.235 Y=3.222
[05:00:11] [INFO] [1779656411.360304]: [TRACK] 球(+0.24, 3.22) v=(+0.00, +0.00) | 機器人X=-0.11 誤差=+0.35 | 速度=+0.22 θ=-0.020
[05:00:11] [INFO] [1779656411.601134]: [TRACK] 球(+0.11, 2.31) v=(-0.15, -1.26) | 機器人X=-0.06 誤差=+0.17 | 速度=+0.22 θ=-0.025
[05:00:11] [INFO] [1779656411.807698]: [TRACK] 球(+0.05, 2.19) v=(-0.24, -0.87) | 機器人X=-0.02 誤差=+0.07 | 速度=+0.14 θ=-0.027
[05:00:12] [INFO] [1779656412.061874]: [TRACK] 球(+0.02, 2.19) v=(-0.18, -0.47) | 機器人X=+0.01 誤差=+0.00 | 速度=+0.00 θ=-0.035
[05:00:12] [INFO] [1779656412.281628]: [TRACK] 球(+0.01, 2.20) v=(-0.14, -0.29) | 機器人X=+0.01 誤差=-0.01 | 速度=+0.00 θ=-0.042
[05:00:12] [INFO] [1779656412.532325]: [TRACK] 球(-0.01, 2.21) v=(-0.12, -0.19) | 機器人X=+0.01 誤差=-0.03 | 速度=-0.06 θ=-0.041
[05:00:12] [INFO] [1779656412.783037]: [TRACK] 球(-0.03, 2.22) v=(-0.11, -0.13) | 機器人X=+0.01 誤差=-0.04 | 速度=-0.08 θ=-0.028
[05:00:12] [INFO] [1779656412.986456]: [TRACK] 球(-0.03, 2.22) v=(-0.09, -0.10) | 機器人X=-0.01 誤差=-0.03 | 速度=-0.08 θ=-0.014
[05:00:13] [INFO] [1779656413.225363]: [TRACK] 球(-0.04, 2.22) v=(-0.06, -0.07) | 機器人X=-0.03 誤差=-0.01 | 速度=+0.00 θ=-0.013
[05:00:13] [INFO] [1779656413.491102]: [TRACK] 球(-0.03, 2.22) v=(-0.05, -0.05) | 機器人X=-0.03 誤差=-0.01 | 速度=+0.00 θ=-0.012
[05:00:13] [INFO] [1779656413.720479]: [TRACK] 球(-0.03, 2.23) v=(-0.03, -0.03) | 機器人X=-0.03 誤差=-0.00 | 速度=+0.00 θ=-0.012
[05:00:13] [INFO] [1779656413.949468]: [TRACK] 球(-0.03, 2.24) v=(-0.02, -0.01) | 機器人X=-0.03 誤差=-0.00 | 速度=+0.00 θ=-0.011
[05:00:14] [INFO] [1779656414.182901]: [TRACK] 球(-0.02, 2.24) v=(-0.01, -0.01) | 機器人X=-0.03 誤差=+0.01 | 速度=+0.00 θ=-0.010
[05:00:14] [INFO] [1779656414.390319]: [TRACK] 球(-0.01, 2.23) v=(+0.00, -0.01) | 機器人X=-0.03 誤差=+0.01 | 速度=+0.00 θ=-0.011
[05:00:14] [INFO] [1779656414.638845]: [TRACK] 球(-0.01, 2.23) v=(+0.01, -0.01) | 機器人X=-0.03 誤差=+0.02 | 速度=+0.00 θ=-0.010
[05:00:14] [INFO] [1779656414.870914]: [TRACK] 球(-0.01, 2.23) v=(+0.00, -0.01) | 機器人X=-0.03 誤差=+0.02 | 速度=+0.00 θ=-0.010
[05:00:15] [INFO] [1779656415.113875]: [TRACK] 球(-0.01, 2.23) v=(+0.00, -0.00) | 機器人X=-0.03 誤差=+0.02 | 速度=+0.00 θ=-0.010
[05:00:15] [INFO] [1779656415.373792]: [TRACK] 球(-0.01, 2.23) v=(+0.00, -0.00) | 機器人X=-0.03 誤差=+0.01 | 速度=+0.00 θ=-0.008
[05:00:15] [INFO] [1779656415.574791]: [TRACK] 球(-0.01, 2.23) v=(+0.00, -0.00) | 機器人X=-0.03 誤差=+0.01 | 速度=+0.00 θ=-0.008
[05:00:15] [INFO] [1779656415.787012]: [TRACK] 球(-0.01, 2.23) v=(+0.00, -0.00) | 機器人X=-0.03 誤差=+0.01 | 速度=+0.00 θ=-0.008
[05:00:16] [INFO] [1779656416.055740]: [TRACK] 球(-0.01, 2.23) v=(+0.00, -0.00) | 機器人X=-0.03 誤差=+0.01 | 速度=+0.00 θ=-0.008
[05:00:16] [INFO] [1779656416.289216]: [TRACK] 球(-0.01, 2.23) v=(+0.00, -0.00) | 機器人X=-0.02 誤差=+0.01 | 速度=+0.00 θ=-0.008
[05:00:16] [INFO] [1779656416.510990]: [TRACK] 球(-0.01, 2.23) v=(+0.00, +0.00) | 機器人X=-0.02 誤差=+0.01 | 速度=+0.00 θ=-0.008
[05:00:16] [INFO] [1779656416.746916]: [TRACK] 球(-0.01, 2.23) v=(+0.00, -0.00) | 機器人X=-0.02 誤差=+0.01 | 速度=+0.00 θ=-0.009
[05:00:16] [INFO] [1779656416.964395]: [TRACK] 球(-0.01, 2.23) v=(-0.00, +0.00) | 機器人X=-0.02 誤差=+0.01 | 速度=+0.00 θ=-0.010
[05:00:17] [INFO] [1779656417.174150]: [TRACK] 球(-0.01, 2.24) v=(+0.00, +0.00) | 機器人X=-0.02 誤差=+0.01 | 速度=+0.00 θ=-0.010
[05:00:17] [INFO] [1779656417.400471]: [TRACK] 球(-0.01, 2.23) v=(+0.00, -0.00) | 機器人X=-0.02 誤差=+0.01 | 速度=+0.00 θ=-0.010
[05:00:17] [INFO] [1779656417.657717]: [TRACK] 球(-0.01, 2.23) v=(+0.00, +0.00) | 機器人X=-0.02 誤差=+0.01 | 速度=+0.00 θ=-0.011
[05:00:17] [INFO] [1779656417.862225]: [TRACK] 球(-0.01, 2.23) v=(+0.00, +0.00) | 機器人X=-0.02 誤差=+0.01 | 速度=+0.00 θ=-0.012
[05:00:18] [INFO] [1779656418.094882]: [TRACK] 球(-0.01, 2.23) v=(+0.00, +0.00) | 機器人X=-0.02 誤差=+0.01 | 速度=+0.00 θ=-0.011
[05:00:18] [INFO] [1779656418.392457]: [TRACK] 球(-0.01, 2.23) v=(+0.00, +0.00) | 機器人X=-0.02 誤差=+0.01 | 速度=+0.00 θ=-0.012
[05:00:18] [INFO] [1779656418.648277]: [TRACK] 球(-0.01, 2.24) v=(-0.00, +0.00) | 機器人X=-0.02 誤差=+0.01 | 速度=+0.00 θ=-0.011
[05:00:18] [INFO] [1779656418.860056]: [TRACK] 球(-0.01, 2.23) v=(+0.00, +0.00) | 機器人X=-0.02 誤差=+0.01 | 速度=+0.00 θ=-0.010
[05:00:19] [INFO] [1779656419.104533]: [TRACK] 球(-0.01, 2.23) v=(-0.00, -0.00) | 機器人X=-0.02 誤差=+0.01 | 速度=+0.00 θ=-0.008
[05:00:19] [INFO] [1779656419.305068]: [TRACK] 球(-0.01, 2.23) v=(-0.00, -0.00) | 機器人X=-0.02 誤差=+0.01 | 速度=+0.00 θ=-0.008
[05:00:19] [INFO] [1779656419.543195]: [TRACK] 球(-0.01, 2.23) v=(-0.00, +0.00) | 機器人X=-0.02 誤差=+0.01 | 速度=+0.00 θ=-0.008
[05:00:19] [INFO] [1779656419.757688]: [TRACK] 球(-0.01, 2.24) v=(-0.00, +0.00) | 機器人X=-0.02 誤差=+0.01 | 速度=+0.00 θ=-0.008
[05:00:20] [INFO] [1779656420.008359]: [TRACK] 球(-0.01, 2.23) v=(+0.00, +0.00) | 機器人X=-0.02 誤差=+0.01 | 速度=+0.00 θ=-0.008
[05:00:20] [INFO] [1779656420.247523]: [TRACK] 球(-0.01, 2.23) v=(+0.00, -0.00) | 機器人X=-0.02 誤差=+0.01 | 速度=+0.00 θ=-0.008
[05:00:20] [INFO] [1779656420.461346]: [TRACK] 球(-0.01, 2.23) v=(-0.00, -0.00) | 機器人X=-0.02 誤差=+0.01 | 速度=+0.00 θ=-0.007
[05:00:20] [INFO] [1779656420.666786]: [TRACK] 球(-0.01, 2.23) v=(-0.00, -0.00) | 機器人X=-0.02 誤差=+0.01 | 速度=+0.00 θ=-0.008
[05:00:20] [INFO] [1779656420.921439]: [TRACK] 球(-0.01, 2.23) v=(+0.00, +0.00) | 機器人X=-0.02 誤差=+0.01 | 速度=+0.00 θ=-0.007
[05:00:21] [INFO] [1779656421.155968]: [TRACK] 球(-0.01, 2.23) v=(+0.00, -0.00) | 機器人X=-0.02 誤差=+0.01 | 速度=+0.00 θ=-0.006
[05:00:21] [INFO] [1779656421.380435]: [TRACK] 球(-0.01, 2.23) v=(+0.00, -0.01) | 機器人X=-0.02 誤差=+0.01 | 速度=+0.00 θ=-0.005
[05:00:21] [INFO] [1779656421.640815]: [TRACK] 球(-0.01, 2.23) v=(+0.00, +0.00) | 機器人X=-0.02 誤差=+0.01 | 速度=+0.00 θ=-0.005
[05:00:21] [INFO] [1779656421.895292]: [TRACK] 球(-0.01, 2.23) v=(+0.00, +0.00) | 機器人X=-0.02 誤差=+0.01 | 速度=+0.00 θ=-0.007
[05:00:22] [INFO] [1779656422.120938]: [TRACK] 球(-0.01, 2.23) v=(+0.00, +0.00) | 機器人X=-0.02 誤差=+0.01 | 速度=+0.00 θ=-0.009
[05:00:22] [INFO] [1779656422.353527]: [TRACK] 球(-0.02, 2.24) v=(-0.00, +0.01) | 機器人X=-0.02 誤差=+0.01 | 速度=+0.00 θ=-0.008
[05:00:22] [INFO] [1779656422.620967]: [TRACK] 球(-0.02, 2.24) v=(-0.00, +0.01) | 機器人X=-0.02 誤差=+0.01 | 速度=+0.00 θ=-0.009
[05:00:22] [INFO] [1779656422.881960]: [TRACK] 球(-0.01, 2.24) v=(+0.00, +0.00) | 機器人X=-0.02 誤差=+0.01 | 速度=+0.00 θ=-0.010
[05:00:23] [INFO] [1779656423.105699]: [TRACK] 球(-0.01, 2.22) v=(+0.01, -0.02) | 機器人X=-0.02 誤差=+0.02 | 速度=+0.00 θ=-0.010
[05:00:23] [INFO] [1779656423.362011]: [TRACK] 球(+0.00, 2.28) v=(+0.01, +0.05) | 機器人X=-0.02 誤差=+0.03 | 速度=+0.08 θ=-0.019
[05:00:23] [INFO] [1779656423.611748]: [TRACK] 球(-0.01, 2.53) v=(-0.00, +0.32) | 機器人X=-0.01 誤差=-0.00 | 速度=+0.00 θ=-0.015
[05:00:23] [INFO] [1779656423.828090]: [TRACK] 球(-0.02, 2.80) v=(-0.01, +0.53) | 機器人X=-0.01 誤差=-0.02 | 速度=+0.00 θ=-0.013
[05:00:24] [INFO] [1779656424.069846]: [TRACK] 球(-0.03, 3.00) v=(-0.02, +0.60) | 機器人X=-0.01 誤差=-0.03 | 速度=-0.08 θ=-0.017
[05:00:24] [INFO] [1779656424.339357]: [TRACK] 球(-0.04, 3.14) v=(-0.02, +0.57) | 機器人X=-0.02 誤差=-0.01 | 速度=+0.00 θ=-0.012
[05:00:24] [INFO] [1779656424.587891]: [TRACK] 球(-0.05, 3.31) v=(-0.03, +0.62) | 機器人X=-0.02 誤差=-0.03 | 速度=-0.08 θ=-0.007
[05:00:24] [0m[33m[WARN] [1779656424.771230]: [Fusion] 球在場外 (-0.06, 3.51)，立即切換至巡邏
[05:00:24] [INFO] [1779656424.806771]: [PATROL-ABS] 目標X=+0.45 機器人X=-0.04 誤差=+0.49
[05:00:24] [0m[33m[WARN] [1779656424.820206]: [Fusion] 球在場外 (-0.07, 3.52)，維持巡邏
[05:00:25] [INFO] [1779656425.306831]: [PATROL-ABS] 目標X=+0.45 機器人X=-0.01 誤差=+0.46
[05:00:25] [0m[33m[WARN] [1779656425.853393]: [Fusion] 球在場外 (-0.04, 4.23)，維持巡邏
[05:00:25] [INFO] [1779656425.907621]: [PATROL-ABS] 目標X=+0.45 機器人X=+0.10 誤差=+0.35
[05:00:26] [0m[33m[WARN] [1779656426.267928]: [Fusion] 球消失超過 1.5 秒，重置 EKF
[05:00:26] [INFO] [1779656426.313984]: [EKF] 初始化完成，球的初始位置: X=-0.036 Y=4.214
[05:00:26] [0m[33m[WARN] [1779656426.316789]: [Fusion] 球消失超過 1.5 秒，重置 EKF
[05:00:26] [INFO] [1779656426.367234]: [EKF] 初始化完成，球的初始位置: X=-0.036 Y=4.208
[05:00:26] [0m[33m[WARN] [1779656426.369433]: [Fusion] 球消失超過 1.5 秒，重置 EKF
[05:00:26] [INFO] [1779656426.433736]: [EKF] 初始化完成，球的初始位置: X=-0.037 Y=4.201
[05:00:26] [0m[33m[WARN] [1779656426.466234]: [Fusion] 球消失超過 1.5 秒，重置 EKF
[05:00:26] [INFO] [1779656426.479494]: [EKF] 初始化完成，球的初始位置: X=-0.039 Y=4.213
[05:00:26] [INFO] [1779656426.506638]: [PATROL-ABS] 目標X=+0.45 機器人X=+0.21 誤差=+0.24
[05:00:26] [0m[33m[WARN] [1779656426.517418]: [Fusion] 球消失超過 1.5 秒，重置 EKF
[05:00:26] [INFO] [1779656426.535715]: [EKF] 初始化完成，球的初始位置: X=-0.040 Y=4.216
[05:00:26] [0m[33m[WARN] [1779656426.566846]: [Fusion] 球消失超過 1.5 秒，重置 EKF
[05:00:26] [INFO] [1779656426.583204]: [EKF] 初始化完成，球的初始位置: X=-0.042 Y=4.225
[05:00:26] [0m[33m[WARN] [1779656426.616881]: [Fusion] 球消失超過 1.5 秒，重置 EKF
[05:00:26] [INFO] [1779656426.638132]: [EKF] 初始化完成，球的初始位置: X=-0.043 Y=4.190
[05:00:26] [0m[33m[WARN] [1779656426.667139]: [Fusion] 球消失超過 1.5 秒，重置 EKF
[05:00:26] [INFO] [1779656426.701600]: [EKF] 初始化完成，球的初始位置: X=-0.044 Y=4.198
[05:00:26] [0m[33m[WARN] [1779656426.718493]: [Fusion] 球消失超過 1.5 秒，重置 EKF
[05:00:26] [INFO] [1779656426.799063]: [EKF] 初始化完成，球的初始位置: X=-0.044 Y=4.195
[05:00:26] [0m[33m[WARN] [1779656426.817047]: [Fusion] 球消失超過 1.5 秒，重置 EKF
[05:00:26] [INFO] [1779656426.888145]: [EKF] 初始化完成，球的初始位置: X=-0.044 Y=4.194
[05:00:26] [0m[33m[WARN] [1779656426.894772]: [Fusion] 球在場外 (-0.04, 4.19)，維持巡邏
[05:00:26] [0m[33m[WARN] [1779656426.916787]: [Fusion] 球消失超過 1.5 秒，重置 EKF
[05:00:26] [INFO] [1779656426.937044]: [EKF] 初始化完成，球的初始位置: X=-0.044 Y=4.205
[05:00:26] [0m[33m[WARN] [1779656426.967525]: [Fusion] 球消失超過 1.5 秒，重置 EKF
[05:00:26] [INFO] [1779656426.994172]: [EKF] 初始化完成，球的初始位置: X=-0.044 Y=4.203
[05:00:27] [INFO] [1779656427.007106]: [PATROL-ABS] 目標X=+0.45 機器人X=+0.31 誤差=+0.14
[05:00:27] [0m[33m[WARN] [1779656427.017108]: [Fusion] 球消失超過 1.5 秒，重置 EKF
[05:00:27] [INFO] [1779656427.048635]: [EKF] 初始化完成，球的初始位置: X=-0.044 Y=4.209
[05:00:27] [0m[33m[WARN] [1779656427.067453]: [Fusion] 球消失超過 1.5 秒，重置 EKF
[05:00:27] [INFO] [1779656427.106913]: [EKF] 初始化完成，球的初始位置: X=-0.044 Y=4.209
[05:00:27] [0m[33m[WARN] [1779656427.117870]: [Fusion] 球消失超過 1.5 秒，重置 EKF
[05:00:27] [INFO] [1779656427.158629]: [EKF] 初始化完成，球的初始位置: X=-0.040 Y=4.217
[05:00:27] [0m[33m[WARN] [1779656427.166991]: [Fusion] 球消失超過 1.5 秒，重置 EKF
[05:00:27] [INFO] [1779656427.220607]: [EKF] 初始化完成，球的初始位置: X=-0.039 Y=4.209
[05:00:27] [0m[33m[WARN] [1779656427.267723]: [Fusion] 球消失超過 1.5 秒，重置 EKF
[05:00:27] [INFO] [1779656427.357628]: [EKF] 初始化完成，球的初始位置: X=-0.035 Y=4.221
[05:00:27] [0m[33m[WARN] [1779656427.370100]: [Fusion] 球消失超過 1.5 秒，重置 EKF
[05:00:27] [INFO] [1779656427.484025]: [EKF] 初始化完成，球的初始位置: X=-0.035 Y=4.231
[05:00:27] [0m[33m[WARN] [1779656427.516997]: [Fusion] 球消失超過 1.5 秒，重置 EKF
[05:00:27] [INFO] [1779656427.606640]: [PATROL-ABS] 目標X=-0.45 機器人X=+0.41 誤差=-0.86
[05:00:27] [INFO] [1779656427.628690]: [EKF] 初始化完成，球的初始位置: X=-0.035 Y=4.231
[05:00:27] [0m[33m[WARN] [1779656427.667664]: [Fusion] 球消失超過 1.5 秒，重置 EKF
[05:00:27] [INFO] [1779656427.733913]: [EKF] 初始化完成，球的初始位置: X=-0.036 Y=4.206
[05:00:27] [0m[33m[WARN] [1779656427.767332]: [Fusion] 球消失超過 1.5 秒，重置 EKF
[05:00:27] [INFO] [1779656427.806629]: [EKF] 初始化完成，球的初始位置: X=-0.034 Y=4.222
[05:00:27] [0m[33m[WARN] [1779656427.817471]: [Fusion] 球消失超過 1.5 秒，重置 EKF
[05:00:27] [INFO] [1779656427.879981]: [EKF] 初始化完成，球的初始位置: X=-0.033 Y=4.233
[05:00:27] [0m[33m[WARN] [1779656427.917904]: [Fusion] 球消失超過 1.5 秒，重置 EKF
[05:00:27] [INFO] [1779656427.957249]: [EKF] 初始化完成，球的初始位置: X=-0.034 Y=4.224
[05:00:27] [0m[33m[WARN] [1779656427.963818]: [Fusion] 球在場外 (-0.03, 4.22)，維持巡邏
[05:00:27] [0m[33m[WARN] [1779656427.967950]: [Fusion] 球消失超過 1.5 秒，重置 EKF
[05:00:28] [INFO] [1779656428.068863]: [EKF] 初始化完成，球的初始位置: X=-0.034 Y=4.231
[05:00:28] [INFO] [1779656428.106609]: [PATROL-ABS] 目標X=-0.45 機器人X=+0.36 誤差=-0.81
[05:00:28] [0m[33m[WARN] [1779656428.116844]: [Fusion] 球消失超過 1.5 秒，重置 EKF
[05:00:28] [INFO] [1779656428.183980]: [EKF] 初始化完成，球的初始位置: X=-0.034 Y=4.232
[05:00:28] [0m[33m[WARN] [1779656428.217537]: [Fusion] 球消失超過 1.5 秒，重置 EKF
[05:00:28] [INFO] [1779656428.279800]: [EKF] 初始化完成，球的初始位置: X=-0.033 Y=4.209
[05:00:28] [0m[33m[WARN] [1779656428.318107]: [Fusion] 球消失超過 1.5 秒，重置 EKF
[05:00:28] [INFO] [1779656428.364725]: [EKF] 初始化完成，球的初始位置: X=-0.033 Y=4.215
[05:00:28] [0m[33m[WARN] [1779656428.367176]: [Fusion] 球消失超過 1.5 秒，重置 EKF
[05:00:28] [INFO] [1779656428.431498]: [EKF] 初始化完成，球的初始位置: X=-0.033 Y=4.226
[05:00:28] [0m[33m[WARN] [1779656428.466491]: [Fusion] 球消失超過 1.5 秒，重置 EKF
[05:00:28] [INFO] [1779656428.486903]: [EKF] 初始化完成，球的初始位置: X=-0.034 Y=4.197
[05:00:28] [0m[33m[WARN] [1779656428.516746]: [Fusion] 球消失超過 1.5 秒，重置 EKF
[05:00:28] [INFO] [1779656428.562443]: [EKF] 初始化完成，球的初始位置: X=-0.034 Y=4.217
[05:00:28] [0m[33m[WARN] [1779656428.567334]: [Fusion] 球消失超過 1.5 秒，重置 EKF
[05:00:28] [INFO] [1779656428.607357]: [PATROL-ABS] 目標X=-0.45 機器人X=+0.26 誤差=-0.71
[05:00:28] [INFO] [1779656428.610814]: [EKF] 初始化完成，球的初始位置: X=-0.032 Y=4.216
[05:00:28] [0m[33m[WARN] [1779656428.617982]: [Fusion] 球消失超過 1.5 秒，重置 EKF
[05:00:28] [INFO] [1779656428.663496]: [EKF] 初始化完成，球的初始位置: X=-0.034 Y=4.230
[05:00:28] [0m[33m[WARN] [1779656428.666989]: [Fusion] 球消失超過 1.5 秒，重置 EKF
[05:00:28] [INFO] [1779656428.719061]: [EKF] 初始化完成，球的初始位置: X=-0.033 Y=4.225
[05:00:28] [0m[33m[WARN] [1779656428.767052]: [Fusion] 球消失超過 1.5 秒，重置 EKF
[05:00:28] [INFO] [1779656428.784156]: [EKF] 初始化完成，球的初始位置: X=-0.032 Y=4.226
[05:00:28] [0m[33m[WARN] [1779656428.816952]: [Fusion] 球消失超過 1.5 秒，重置 EKF
[05:00:28] [INFO] [1779656428.850358]: [EKF] 初始化完成，球的初始位置: X=-0.031 Y=4.201
[05:00:28] [0m[33m[WARN] [1779656428.866708]: [Fusion] 球消失超過 1.5 秒，重置 EKF
[05:00:28] [INFO] [1779656428.943249]: [EKF] 初始化完成，球的初始位置: X=-0.033 Y=4.206
[05:00:28] [0m[33m[WARN] [1779656428.966989]: [Fusion] 球消失超過 1.5 秒，重置 EKF
[05:00:29] [INFO] [1779656429.067843]: [EKF] 初始化完成，球的初始位置: X=-0.033 Y=4.206
[05:00:29] [0m[33m[WARN] [1779656429.073108]: [Fusion] 球在場外 (-0.03, 4.21)，維持巡邏
[05:00:29] [0m[33m[WARN] [1779656429.117249]: [Fusion] 球消失超過 1.5 秒，重置 EKF
[05:00:29] [INFO] [1779656429.137906]: [EKF] 初始化完成，球的初始位置: X=-0.031 Y=4.214
[05:00:29] [0m[33m[WARN] [1779656429.166652]: [Fusion] 球消失超過 1.5 秒，重置 EKF
[05:00:29] [INFO] [1779656429.194783]: [EKF] 初始化完成，球的初始位置: X=-0.028 Y=4.193
[05:00:29] [INFO] [1779656429.206815]: [PATROL-ABS] 目標X=-0.45 機器人X=+0.15 誤差=-0.60
[05:00:29] [0m[33m[WARN] [1779656429.217581]: [Fusion] 球消失超過 1.5 秒，重置 EKF
[05:00:29] [INFO] [1779656429.247169]: [EKF] 初始化完成，球的初始位置: X=-0.028 Y=4.193
[05:00:29] [0m[33m[WARN] [1779656429.266804]: [Fusion] 球消失超過 1.5 秒，重置 EKF
[05:00:29] [INFO] [1779656429.315713]: [EKF] 初始化完成，球的初始位置: X=-0.028 Y=4.215
[05:00:29] [0m[33m[WARN] [1779656429.318073]: [Fusion] 球消失超過 1.5 秒，重置 EKF
[05:00:29] [INFO] [1779656429.383559]: [EKF] 初始化完成，球的初始位置: X=-0.028 Y=4.195
[05:00:29] [0m[33m[WARN] [1779656429.417052]: [Fusion] 球消失超過 1.5 秒，重置 EKF
[05:00:29] [INFO] [1779656429.457583]: [EKF] 初始化完成，球的初始位置: X=-0.028 Y=4.195
[05:00:29] [0m[33m[WARN] [1779656429.467142]: [Fusion] 球消失超過 1.5 秒，重置 EKF
[05:00:29] [INFO] [1779656429.532681]: [EKF] 初始化完成，球的初始位置: X=-0.031 Y=4.210
[05:00:29] [0m[33m[WARN] [1779656429.567518]: [Fusion] 球消失超過 1.5 秒，重置 EKF
[05:00:29] [INFO] [1779656429.613478]: [EKF] 初始化完成，球的初始位置: X=-0.032 Y=4.200
[05:00:29] [0m[33m[WARN] [1779656429.617800]: [Fusion] 球消失超過 1.5 秒，重置 EKF
[05:00:29] [INFO] [1779656429.700713]: [EKF] 初始化完成，球的初始位置: X=-0.029 Y=4.202
[05:00:29] [INFO] [1779656429.707520]: [PATROL-ABS] 目標X=-0.45 機器人X=+0.06 誤差=-0.51
[05:00:29] [0m[33m[WARN] [1779656429.717796]: [Fusion] 球消失超過 1.5 秒，重置 EKF
[05:00:29] [INFO] [1779656429.791246]: [EKF] 初始化完成，球的初始位置: X=-0.029 Y=4.216
[05:00:29] [0m[33m[WARN] [1779656429.817855]: [Fusion] 球消失超過 1.5 秒，重置 EKF
[05:00:29] [INFO] [1779656429.924091]: [EKF] 初始化完成，球的初始位置: X=-0.027 Y=4.200
[05:00:29] [0m[33m[WARN] [1779656429.966814]: [Fusion] 球消失超過 1.5 秒，重置 EKF
[05:00:30] [INFO] [1779656430.067166]: [EKF] 初始化完成，球的初始位置: X=-0.026 Y=4.211
[05:00:30] [0m[33m[WARN] [1779656430.069963]: [Fusion] 球消失超過 1.5 秒，重置 EKF
[05:00:30] [0m[33m[WARN] [1779656430.074859]: [Fusion] 球在場外 (-0.03, 4.21)，維持巡邏
[05:00:30] [INFO] [1779656430.174816]: [EKF] 初始化完成，球的初始位置: X=-0.027 Y=4.211
[05:00:30] [0m[33m[WARN] [1779656430.217092]: [Fusion] 球消失超過 1.5 秒，重置 EKF
[05:00:30] [INFO] [1779656430.252302]: [EKF] 初始化完成，球的初始位置: X=-0.026 Y=4.200
[05:00:30] [0m[33m[WARN] [1779656430.267930]: [Fusion] 球消失超過 1.5 秒，重置 EKF
[05:00:30] [INFO] [1779656430.306918]: [PATROL-ABS] 目標X=-0.45 機器人X=-0.06 誤差=-0.39
[05:00:30] [INFO] [1779656430.328206]: [EKF] 初始化完成，球的初始位置: X=-0.026 Y=4.213
[05:00:30] [0m[33m[WARN] [1779656430.367961]: [Fusion] 球消失超過 1.5 秒，重置 EKF
[05:00:30] [INFO] [1779656430.381405]: [EKF] 初始化完成，球的初始位置: X=-0.027 Y=4.195
[05:00:30] [0m[33m[WARN] [1779656430.417204]: [Fusion] 球消失超過 1.5 秒，重置 EKF
[05:00:30] [INFO] [1779656430.449203]: [EKF] 初始化完成，球的初始位置: X=-0.027 Y=4.195
[05:00:30] [0m[33m[WARN] [1779656430.468091]: [Fusion] 球消失超過 1.5 秒，重置 EKF
[05:00:30] [INFO] [1779656430.505341]: [EKF] 初始化完成，球的初始位置: X=-0.026 Y=4.201
[05:00:30] [0m[33m[WARN] [1779656430.518033]: [Fusion] 球消失超過 1.5 秒，重置 EKF
[05:00:30] [INFO] [1779656430.562451]: [EKF] 初始化完成，球的初始位置: X=-0.026 Y=4.201
[05:00:30] [0m[33m[WARN] [1779656430.571467]: [Fusion] 球消失超過 1.5 秒，重置 EKF
[05:00:30] [INFO] [1779656430.617143]: [EKF] 初始化完成，球的初始位置: X=-0.026 Y=4.201
[05:00:30] [0m[33m[WARN] [1779656430.619682]: [Fusion] 球消失超過 1.5 秒，重置 EKF
[05:00:30] [INFO] [1779656430.669173]: [EKF] 初始化完成，球的初始位置: X=-0.028 Y=4.198
[05:00:30] [0m[33m[WARN] [1779656430.718010]: [Fusion] 球消失超過 1.5 秒，重置 EKF
[05:00:30] [INFO] [1779656430.728232]: [EKF] 初始化完成，球的初始位置: X=-0.027 Y=4.209
[05:00:30] [0m[33m[WARN] [1779656430.767168]: [Fusion] 球消失超過 1.5 秒，重置 EKF
[05:00:30] [INFO] [1779656430.780941]: [EKF] 初始化完成，球的初始位置: X=-0.031 Y=4.192
[05:00:30] [0m[33m[WARN] [1779656430.817278]: [Fusion] 球消失超過 1.5 秒，重置 EKF
[05:00:30] [INFO] [1779656430.851830]: [EKF] 初始化完成，球的初始位置: X=-0.031 Y=4.192
[05:00:30] [0m[33m[WARN] [1779656430.867535]: [Fusion] 球消失超過 1.5 秒，重置 EKF
[05:00:30] [INFO] [1779656430.906716]: [PATROL-ABS] 目標X=-0.45 機器人X=-0.17 誤差=-0.28
[05:00:30] [INFO] [1779656430.913177]: [EKF] 初始化完成，球的初始位置: X=-0.026 Y=4.202
[05:00:30] [0m[33m[WARN] [1779656430.916935]: [Fusion] 球消失超過 1.5 秒，重置 EKF
[05:00:30] [INFO] [1779656430.962088]: [EKF] 初始化完成，球的初始位置: X=-0.026 Y=4.211
[05:00:30] [0m[33m[WARN] [1779656430.969306]: [Fusion] 球消失超過 1.5 秒，重置 EKF
[05:00:31] [INFO] [1779656431.009148]: [EKF] 初始化完成，球的初始位置: X=-0.027 Y=4.191
[05:00:31] [0m[33m[WARN] [1779656431.017181]: [Fusion] 球消失超過 1.5 秒，重置 EKF
[05:00:31] [INFO] [1779656431.053827]: [EKF] 初始化完成，球的初始位置: X=-0.028 Y=4.219
[05:00:31] [0m[33m[WARN] [1779656431.068300]: [Fusion] 球消失超過 1.5 秒，重置 EKF
[05:00:31] [INFO] [1779656431.096333]: [EKF] 初始化完成，球的初始位置: X=-0.027 Y=4.201
[05:00:31] [0m[33m[WARN] [1779656431.103005]: [Fusion] 球在場外 (-0.03, 4.20)，維持巡邏
[05:00:31] [0m[33m[WARN] [1779656431.117052]: [Fusion] 球消失超過 1.5 秒，重置 EKF
[05:00:31] [INFO] [1779656431.145266]: [EKF] 初始化完成，球的初始位置: X=-0.027 Y=4.213
[05:00:31] [0m[33m[WARN] [1779656431.167212]: [Fusion] 球消失超過 1.5 秒，重置 EKF
[05:00:31] [INFO] [1779656431.190062]: [EKF] 初始化完成，球的初始位置: X=-0.027 Y=4.223
[05:00:31] [0m[33m[WARN] [1779656431.217616]: [Fusion] 球消失超過 1.5 秒，重置 EKF
[05:00:31] [INFO] [1779656431.230195]: [EKF] 初始化完成，球的初始位置: X=-0.030 Y=4.200
[05:00:31] [0m[33m[WARN] [1779656431.267682]: [Fusion] 球消失超過 1.5 秒，重置 EKF
[05:00:31] [INFO] [1779656431.274069]: [EKF] 初始化完成，球的初始位置: X=-0.028 Y=4.223
[05:00:31] [0m[33m[WARN] [1779656431.317000]: [Fusion] 球消失超過 1.5 秒，重置 EKF
[05:00:31] [INFO] [1779656431.378835]: [EKF] 初始化完成，球的初始位置: X=-0.027 Y=4.207
[05:00:31] [INFO] [1779656431.407008]: [PATROL-ABS] 目標X=-0.45 機器人X=-0.26 誤差=-0.19
[05:00:31] [0m[33m[WARN] [1779656431.417066]: [Fusion] 球消失超過 1.5 秒，重置 EKF
[05:00:31] [INFO] [1779656431.433001]: [EKF] 初始化完成，球的初始位置: X=-0.027 Y=4.207
[05:00:31] [0m[33m[WARN] [1779656431.467127]: [Fusion] 球消失超過 1.5 秒，重置 EKF
[05:00:31] [INFO] [1779656431.481597]: [EKF] 初始化完成，球的初始位置: X=-0.031 Y=4.223
[05:00:31] [0m[33m[WARN] [1779656431.517367]: [Fusion] 球消失超過 1.5 秒，重置 EKF
[05:00:31] [INFO] [1779656431.530050]: [EKF] 初始化完成，球的初始位置: X=-0.032 Y=4.209
[05:00:31] [0m[33m[WARN] [1779656431.566738]: [Fusion] 球消失超過 1.5 秒，重置 EKF
[05:00:31] [INFO] [1779656431.578943]: [EKF] 初始化完成，球的初始位置: X=-0.031 Y=4.187
[05:00:31] [0m[33m[WARN] [1779656431.617151]: [Fusion] 球消失超過 1.5 秒，重置 EKF
[05:00:31] [INFO] [1779656431.627709]: [EKF] 初始化完成，球的初始位置: X=-0.030 Y=4.225
[05:00:31] [0m[33m[WARN] [1779656431.666767]: [Fusion] 球消失超過 1.5 秒，重置 EKF
[05:00:31] [INFO] [1779656431.673109]: [EKF] 初始化完成，球的初始位置: X=-0.031 Y=4.210
[05:00:31] [0m[33m[WARN] [1779656431.717640]: [Fusion] 球消失超過 1.5 秒，重置 EKF
[05:00:31] [INFO] [1779656431.768305]: [EKF] 初始化完成，球的初始位置: X=-0.032 Y=4.201
[05:00:31] [0m[33m[WARN] [1779656431.817835]: [Fusion] 球消失超過 1.5 秒，重置 EKF
[05:00:31] [INFO] [1779656431.832615]: [EKF] 初始化完成，球的初始位置: X=-0.033 Y=4.195
[05:00:31] [0m[33m[WARN] [1779656431.867790]: [Fusion] 球消失超過 1.5 秒，重置 EKF
[05:00:31] [INFO] [1779656431.892999]: [EKF] 初始化完成，球的初始位置: X=-0.032 Y=4.219
[05:00:31] [INFO] [1779656431.907236]: [PATROL-ABS] 目標X=-0.45 機器人X=-0.35 誤差=-0.10
[05:00:31] [0m[33m[WARN] [1779656431.919608]: [Fusion] 球消失超過 1.5 秒，重置 EKF
[05:00:32] [INFO] [1779656432.009501]: [EKF] 初始化完成，球的初始位置: X=-0.031 Y=4.213
[05:00:32] [0m[33m[WARN] [1779656432.019665]: [Fusion] 球消失超過 1.5 秒，重置 EKF
[05:00:32] [INFO] [1779656432.110173]: [EKF] 初始化完成，球的初始位置: X=-0.033 Y=4.228
[05:00:32] [0m[33m[WARN] [1779656432.119067]: [Fusion] 球消失超過 1.5 秒，重置 EKF
[05:00:32] [0m[33m[WARN] [1779656432.120801]: [Fusion] 球在場外 (-0.03, 4.23)，維持巡邏
[05:00:32] [INFO] [1779656432.178945]: [EKF] 初始化完成，球的初始位置: X=-0.031 Y=4.222
[05:00:32] [0m[33m[WARN] [1779656432.217348]: [Fusion] 球消失超過 1.5 秒，重置 EKF
[05:00:32] [INFO] [1779656432.245014]: [EKF] 初始化完成，球的初始位置: X=-0.033 Y=4.220
[05:00:32] [0m[33m[WARN] [1779656432.267761]: [Fusion] 球消失超過 1.5 秒，重置 EKF
[05:00:32] [INFO] [1779656432.303027]: [EKF] 初始化完成，球的初始位置: X=-0.032 Y=4.214
[05:00:32] [0m[33m[WARN] [1779656432.317339]: [Fusion] 球消失超過 1.5 秒，重置 EKF
[05:00:32] [INFO] [1779656432.380877]: [EKF] 初始化完成，球的初始位置: X=-0.031 Y=4.218
[05:00:32] [0m[33m[WARN] [1779656432.417296]: [Fusion] 球消失超過 1.5 秒，重置 EKF
[05:00:32] [INFO] [1779656432.448775]: [EKF] 初始化完成，球的初始位置: X=-0.032 Y=4.209
[05:00:32] [0m[33m[WARN] [1779656432.467830]: [Fusion] 球消失超過 1.5 秒，重置 EKF
[05:00:32] [INFO] [1779656432.497290]: [EKF] 初始化完成，球的初始位置: X=-0.033 Y=4.226
[05:00:32] [INFO] [1779656432.506884]: [PATROL-ABS] 目標X=+0.45 機器人X=-0.42 誤差=+0.87
[05:00:32] [0m[33m[WARN] [1779656432.517703]: [Fusion] 球消失超過 1.5 秒，重置 EKF
[05:00:32] [INFO] [1779656432.573477]: [EKF] 初始化完成，球的初始位置: X=-0.037 Y=4.224
[05:00:32] [0m[33m[WARN] [1779656432.618067]: [Fusion] 球消失超過 1.5 秒，重置 EKF
[05:00:32] [INFO] [1779656432.650344]: [EKF] 初始化完成，球的初始位置: X=-0.038 Y=4.211
[05:00:32] [0m[33m[WARN] [1779656432.668016]: [Fusion] 球消失超過 1.5 秒，重置 EKF
[05:00:32] [INFO] [1779656432.737368]: [EKF] 初始化完成，球的初始位置: X=-0.037 Y=4.227
[05:00:32] [0m[33m[WARN] [1779656432.766658]: [Fusion] 球消失超過 1.5 秒，重置 EKF
[05:00:32] [INFO] [1779656432.818062]: [EKF] 初始化完成，球的初始位置: X=-0.037 Y=4.225
[05:00:32] [0m[33m[WARN] [1779656432.867596]: [Fusion] 球消失超過 1.5 秒，重置 EKF
[05:00:32] [INFO] [1779656432.893591]: [EKF] 初始化完成，球的初始位置: X=-0.015 Y=4.255
[05:00:32] [0m[33m[WARN] [1779656432.918076]: [Fusion] 球消失超過 1.5 秒，重置 EKF
[05:00:32] [INFO] [1779656432.972736]: [EKF] 初始化完成，球的初始位置: X=-0.011 Y=4.275
[05:00:33] [INFO] [1779656433.006931]: [PATROL-ABS] 目標X=+0.45 機器人X=-0.33 誤差=+0.78
[05:00:33] [0m[33m[WARN] [1779656433.017506]: [Fusion] 球消失超過 1.5 秒，重置 EKF
[05:00:33] [INFO] [1779656433.041595]: [EKF] 初始化完成，球的初始位置: X=-0.012 Y=4.269
[05:00:33] [0m[33m[WARN] [1779656433.068249]: [Fusion] 球消失超過 1.5 秒，重置 EKF
[05:00:33] [INFO] [1779656433.111305]: [EKF] 初始化完成，球的初始位置: X=-0.013 Y=4.275
[05:00:33] [0m[33m[WARN] [1779656433.119439]: [Fusion] 球消失超過 1.5 秒，重置 EKF
[05:00:33] [0m[33m[WARN] [1779656433.121519]: [Fusion] 球在場外 (-0.01, 4.27)，維持巡邏
[05:00:33] [INFO] [1779656433.180919]: [EKF] 初始化完成，球的初始位置: X=-0.012 Y=4.268
[05:00:33] [0m[33m[WARN] [1779656433.216870]: [Fusion] 球消失超過 1.5 秒，重置 EKF
[05:00:33] [INFO] [1779656433.235028]: [EKF] 初始化完成，球的初始位置: X=-0.012 Y=4.268
[05:00:33] [0m[33m[WARN] [1779656433.267166]: [Fusion] 球消失超過 1.5 秒，重置 EKF
[05:00:33] [INFO] [1779656433.305422]: [EKF] 初始化完成，球的初始位置: X=-0.011 Y=4.244
[05:00:33] [0m[33m[WARN] [1779656433.317112]: [Fusion] 球消失超過 1.5 秒，重置 EKF
[05:00:33] [INFO] [1779656433.396234]: [EKF] 初始化完成，球的初始位置: X=-0.008 Y=4.256
[05:00:33] [0m[33m[WARN] [1779656433.417110]: [Fusion] 球消失超過 1.5 秒，重置 EKF
[05:00:33] [INFO] [1779656433.505070]: [EKF] 初始化完成，球的初始位置: X=-0.007 Y=4.261
[05:00:33] [INFO] [1779656433.507770]: [PATROL-ABS] 目標X=+0.45 機器人X=-0.24 誤差=+0.69
[05:00:33] [0m[33m[WARN] [1779656433.517492]: [Fusion] 球消失超過 1.5 秒，重置 EKF
[05:00:33] [INFO] [1779656433.564632]: [EKF] 初始化完成，球的初始位置: X=-0.007 Y=4.252
[05:00:33] [0m[33m[WARN] [1779656433.566763]: [Fusion] 球消失超過 1.5 秒，重置 EKF
[05:00:33] [INFO] [1779656433.616784]: [EKF] 初始化完成，球的初始位置: X=-0.008 Y=4.277
[05:00:33] [0m[33m[WARN] [1779656433.619317]: [Fusion] 球消失超過 1.5 秒，重置 EKF
[05:00:33] [INFO] [1779656433.675689]: [EKF] 初始化完成，球的初始位置: X=-0.008 Y=4.269
[05:00:33] [0m[33m[WARN] [1779656433.718257]: [Fusion] 球消失超過 1.5 秒，重置 EKF
[05:00:33] [INFO] [1779656433.734650]: [EKF] 初始化完成，球的初始位置: X=-0.008 Y=4.269
[05:00:33] [0m[33m[WARN] [1779656433.767189]: [Fusion] 球消失超過 1.5 秒，重置 EKF
[05:00:33] [INFO] [1779656433.789157]: [EKF] 初始化完成，球的初始位置: X=-0.006 Y=4.267
[05:00:33] [0m[33m[WARN] [1779656433.816875]: [Fusion] 球消失超過 1.5 秒，重置 EKF
[05:00:33] [INFO] [1779656433.842853]: [EKF] 初始化完成，球的初始位置: X=-0.005 Y=4.270
[05:00:33] [0m[33m[WARN] [1779656433.866645]: [Fusion] 球消失超過 1.5 秒，重置 EKF
[05:00:33] [INFO] [1779656433.908696]: [EKF] 初始化完成，球的初始位置: X=-0.006 Y=4.260
[05:00:33] [0m[33m[WARN] [1779656433.919309]: [Fusion] 球消失超過 1.5 秒，重置 EKF
[05:00:33] [INFO] [1779656433.994931]: [EKF] 初始化完成，球的初始位置: X=-0.005 Y=4.256
[05:00:34] [0m[33m[WARN] [1779656434.017449]: [Fusion] 球消失超過 1.5 秒，重置 EKF
[05:00:34] [INFO] [1779656434.088572]: [EKF] 初始化完成，球的初始位置: X=-0.007 Y=4.246
[05:00:34] [INFO] [1779656434.107083]: [PATROL-ABS] 目標X=+0.45 機器人X=-0.12 誤差=+0.57
[05:00:34] [0m[33m[WARN] [1779656434.116327]: [Fusion] 球消失超過 1.5 秒，重置 EKF
[05:00:34] [INFO] [1779656434.171393]: [EKF] 初始化完成，球的初始位置: X=-0.005 Y=4.243
[05:00:34] [0m[33m[WARN] [1779656434.177898]: [Fusion] 球在場外 (-0.01, 4.24)，維持巡邏
[05:00:34] [0m[33m[WARN] [1779656434.217187]: [Fusion] 球消失超過 1.5 秒，重置 EKF
[05:00:34] [INFO] [1779656434.253144]: [EKF] 初始化完成，球的初始位置: X=-0.009 Y=4.220
[05:00:34] [0m[33m[WARN] [1779656434.267698]: [Fusion] 球消失超過 1.5 秒，重置 EKF
[05:00:34] [INFO] [1779656434.325345]: [EKF] 初始化完成，球的初始位置: X=-0.010 Y=3.955
[05:00:34] [0m[33m[WARN] [1779656434.366783]: [Fusion] 球消失超過 1.5 秒，重置 EKF
[05:00:34] [INFO] [1779656434.401278]: [EKF] 初始化完成，球的初始位置: X=-0.004 Y=3.888
[05:00:34] [0m[33m[WARN] [1779656434.417428]: [Fusion] 球消失超過 1.5 秒，重置 EKF
[05:00:34] [INFO] [1779656434.465785]: [EKF] 初始化完成，球的初始位置: X=0.005 Y=3.790
[05:00:34] [0m[33m[WARN] [1779656434.467806]: [Fusion] 球消失超過 1.5 秒，重置 EKF
[05:00:34] [INFO] [1779656434.531135]: [EKF] 初始化完成，球的初始位置: X=0.004 Y=3.716
[05:00:34] [0m[33m[WARN] [1779656434.566778]: [Fusion] 球消失超過 1.5 秒，重置 EKF
[05:00:34] [INFO] [1779656434.593048]: [EKF] 初始化完成，球的初始位置: X=0.008 Y=3.637
[05:00:34] [0m[33m[WARN] [1779656434.617791]: [Fusion] 球消失超過 1.5 秒，重置 EKF
[05:00:34] [INFO] [1779656434.660138]: [EKF] 初始化完成，球的初始位置: X=0.010 Y=3.477
[05:00:34] [INFO] [1779656434.667889]: [TRACK] 球(+0.01, 3.48) v=(+0.00, +0.00) | 機器人X=-0.02 誤差=+0.03 | 速度=+0.13 θ=+0.016
[05:00:34] [INFO] [1779656434.871822]: [TRACK] 球(+0.01, 3.32) v=(+0.01, -0.23) | 機器人X=+0.01 誤差=+0.00 | 速度=+0.00 θ=+0.008
[05:00:35] [INFO] [1779656435.126279]: [TRACK] 球(+0.02, 3.12) v=(+0.02, -0.54) | 機器人X=+0.01 誤差=+0.01 | 速度=+0.00 θ=+0.003
[05:00:35] [INFO] [1779656435.365672]: [TRACK] 球(+0.03, 2.66) v=(+0.03, -1.16) | 機器人X=+0.01 誤差=+0.02 | 速度=+0.00 θ=+0.003
[05:00:35] [INFO] [1779656435.627063]: [TRACK] 球(+0.04, 2.31) v=(+0.03, -1.23) | 機器人X=+0.02 誤差=+0.02 | 速度=+0.00 θ=-0.002
[05:00:35] [INFO] [1779656435.872267]: [TRACK] 球(+0.05, 2.03) v=(+0.03, -1.19) | 機器人X=+0.03 誤差=+0.02 | 速度=+0.04 θ=+0.002
[05:00:36] [INFO] [1779656436.126329]: [TRACK] 球(+0.05, 1.86) v=(+0.03, -1.07) | 機器人X=+0.03 誤差=+0.02 | 速度=+0.08 θ=+0.000
[05:00:36] [INFO] [1779656436.334248]: [TRACK] 球(+0.06, 1.59) v=(+0.03, -1.12) | 機器人X=+0.04 誤差=+0.01 | 速度=+0.00 θ=-0.005
[05:00:36] [INFO] [1779656436.568455]: [TRACK] 球(+0.06, 1.47) v=(+0.02, -0.95) | 機器人X=+0.04 誤差=+0.02 | 速度=+0.00 θ=-0.004
[05:00:36] [INFO] [1779656436.778893]: [TRACK] 球(+0.06, 1.40) v=(+0.01, -0.81) | 機器人X=+0.05 誤差=+0.01 | 速度=+0.00 θ=-0.005
[05:00:37] [INFO] [1779656437.027762]: [TRACK] 球(+0.06, 1.09) v=(+0.02, -0.92) | 機器人X=+0.05 誤差=+0.02 | 速度=+0.00 θ=-0.012
[05:00:37] [INFO] [1779656437.276834]: [TRACK] 球(+0.07, 0.88) v=(+0.02, -0.89) | 機器人X=+0.05 誤差=+0.03 | 速度=+0.08 θ=-0.008
[05:00:37] [INFO] [1779656437.519903]: [TRACK] 球(+0.08, 0.80) v=(+0.02, -0.74) | 機器人X=+0.07 誤差=+0.01 | 速度=+0.00 θ=-0.009
[05:00:37] [INFO] [1779656437.784585]: [TRACK] 球(+0.08, 0.68) v=(+0.02, -0.66) | 機器人X=+0.07 誤差=+0.01 | 速度=+0.00 θ=-0.016
[05:00:38] [INFO] [1779656438.023996]: [TRACK] 球(+0.19, 0.58) v=(+0.14, -0.59) | 機器人X=+0.07 誤差=+0.12 | 速度=+0.19 θ=-0.015
[05:00:38] [INFO] [1779656438.277748]: [TRACK] 球(+0.29, 0.58) v=(+0.21, -0.42) | 機器人X=+0.11 誤差=+0.19 | 速度=+0.22 θ=-0.027
[05:00:38] [INFO] [1779656438.524280]: [TRACK] 球(+0.42, 0.59) v=(+0.29, -0.30) | 機器人X=+0.16 誤差=+0.26 | 速度=+0.22 θ=-0.031
[05:00:38] [INFO] [1779656438.754939]: [TRACK] 球(+0.57, 0.58) v=(+0.38, -0.24) | 機器人X=+0.20 誤差=+0.25 | 速度=+0.22 θ=-0.015
[05:00:38] [INFO] [1779656438.972945]: [TRACK] 球(+0.61, 0.58) v=(+0.33, -0.18) | 機器人X=+0.25 誤差=+0.20 | 速度=+0.22 θ=-0.012
[05:00:39] [INFO] [1779656439.215223]: [TRACK] 球(+0.63, 0.57) v=(+0.26, -0.14) | 機器人X=+0.30 誤差=+0.15 | 速度=+0.22 θ=-0.019
[05:00:39] [INFO] [1779656439.429649]: [TRACK] 球(+0.63, 0.57) v=(+0.21, -0.11) | 機器人X=+0.35 誤差=+0.10 | 速度=+0.20 θ=-0.024
[05:00:39] [INFO] [1779656439.682253]: [TRACK] 球(+0.71, 0.54) v=(+0.23, -0.11) | 機器人X=+0.40 誤差=+0.05 | 速度=+0.11 θ=-0.030
[05:00:39] [INFO] [1779656439.947416]: [TRACK] 球(+0.77, 0.51) v=(+0.23, -0.12) | 機器人X=+0.42 誤差=+0.03 | 速度=+0.00 θ=-0.045
[05:00:40] [INFO] [1779656440.177485]: [TRACK] 球(+0.79, 0.49) v=(+0.20, -0.10) | 機器人X=+0.43 誤差=+0.02 | 速度=+0.00 θ=-0.053
[05:00:40] [INFO] [1779656440.395813]: [TRACK] 球(+0.87, 0.45) v=(+0.24, -0.13) | 機器人X=+0.43 誤差=+0.02 | 速度=+0.00 θ=-0.047
[05:00:40] [INFO] [1779656440.657125]: [TRACK] 球(+0.91, 0.41) v=(+0.21, -0.14) | 機器人X=+0.43 誤差=+0.02 | 速度=+0.00 θ=-0.046
[05:00:40] [INFO] [1779656440.876982]: [TRACK] 球(+0.93, 0.40) v=(+0.18, -0.11) | 機器人X=+0.43 誤差=+0.02 | 速度=+0.00 θ=-0.046
[05:00:41] [INFO] [1779656441.122676]: [TRACK] 球(+0.93, 0.37) v=(+0.13, -0.12) | 機器人X=+0.43 誤差=+0.02 | 速度=+0.00 θ=-0.045
[05:00:41] [INFO] [1779656441.355347]: [TRACK] 球(+0.91, 0.30) v=(+0.08, -0.16) | 機器人X=+0.43 誤差=+0.02 | 速度=+0.00 θ=-0.046
[05:00:41] [INFO] [1779656441.624863]: [TRACK] 球(+0.91, 0.27) v=(+0.06, -0.14) | 機器人X=+0.43 誤差=+0.02 | 速度=+0.00 θ=-0.046
[05:00:41] [INFO] [1779656441.861072]: [TRACK] 球(+0.90, 0.26) v=(+0.03, -0.12) | 機器人X=+0.43 誤差=+0.02 | 速度=+0.00 θ=-0.047
[05:00:42] [INFO] [1779656442.070311]: [TRACK] 球(+0.91, 0.30) v=(+0.04, -0.05) | 機器人X=+0.43 誤差=+0.02 | 速度=+0.00 θ=-0.048
[05:00:42] [0m[33m[WARN] [1779656442.268283]: [Fusion] 光達：球在場外 (1.02, 0.75)，立即切換至巡邏
[05:00:42] [INFO] [1779656442.283245]: [TRACK] 球(+0.94, 0.35) v=(+0.05, +0.01) | 機器人X=+0.43 誤差=+0.02 | 速度=+0.00 θ=-0.048
[05:00:42] [0m[33m[WARN] [1779656442.318614]: [Fusion] 光達：球在場外 (1.02, 0.75)，立即切換至巡邏
[05:00:42] [0m[33m[WARN] [1779656442.368043]: [Fusion] 光達：球在場外 (1.06, 0.84)，立即切換至巡邏
[05:00:42] [INFO] [1779656442.407056]: [PATROL-ABS] 目標X=-0.45 機器人X=+0.43 誤差=+0.02
[05:00:42] [0m[33m[WARN] [1779656442.517315]: [Fusion] 光達：球在場外 (1.09, 0.94)，立即切換至巡邏
[05:00:42] [INFO] [1779656442.543732]: [TRACK] 球(+0.96, 0.37) v=(+0.07, +0.03) | 機器人X=+0.43 誤差=+0.02 | 速度=+0.00 θ=-0.049
[05:00:42] [0m[33m[WARN] [1779656442.567086]: [Fusion] 光達：球在場外 (1.09, 0.94)，立即切換至巡邏
[05:00:42] [0m[33m[WARN] [1779656442.694173]: [Fusion] 球在場外 (1.05, 0.55)，立即切換至巡邏
[05:00:42] [0m[33m[WARN] [1779656442.785144]: [Fusion] 球在場外 (1.06, 0.58)，維持巡邏
[05:00:43] [INFO] [1779656443.007125]: [PATROL-ABS] 目標X=-0.45 機器人X=+0.42 誤差=-0.87
[05:00:43] [INFO] [1779656443.606779]: [PATROL-ABS] 目標X=-0.45 機器人X=+0.31 誤差=-0.76
[05:00:43] [0m[33m[WARN] [1779656443.800805]: [Fusion] 球在場外 (1.33, 1.61)，維持巡邏
[05:00:44] [INFO] [1779656444.106842]: [PATROL-ABS] 目標X=-0.45 機器人X=+0.22 誤差=-0.67
[05:00:44] [0m[33m[WARN] [1779656444.117196]: [Fusion] 球消失超過 1.5 秒，重置 EKF
[05:00:44] [INFO] [1779656444.180684]: [EKF] 初始化完成，球的初始位置: X=1.053 Y=2.110
[05:00:44] [0m[33m[WARN] [1779656444.217054]: [Fusion] 球消失超過 1.5 秒，重置 EKF
[05:00:44] [INFO] [1779656444.247438]: [EKF] 初始化完成，球的初始位置: X=1.012 Y=2.190
[05:00:44] [0m[33m[WARN] [1779656444.268058]: [Fusion] 球消失超過 1.5 秒，重置 EKF
[05:00:44] [INFO] [1779656444.345052]: [EKF] 初始化完成，球的初始位置: X=0.937 Y=2.258
[05:00:44] [INFO] [1779656444.350747]: [TRACK] 球(+0.94, 2.26) v=(+0.00, +0.00) | 機器人X=+0.18 誤差=+0.27 | 速度=-0.17 θ=-0.010
[05:00:44] [INFO] [1779656444.596555]: [TRACK] 球(+0.83, 2.44) v=(-0.25, +0.46) | 機器人X=+0.14 誤差=+0.31 | 速度=+0.03 θ=-0.006
[05:00:44] [INFO] [1779656444.831005]: [TRACK] 球(+0.23, 2.57) v=(-1.57, +0.48) | 機器人X=+0.14 誤差=+0.09 | 速度=+0.18 θ=-0.016
[05:00:45] [INFO] [1779656445.093663]: [TRACK] 球(-0.05, 2.51) v=(-1.35, +0.16) | 機器人X=+0.18 誤差=-0.23 | 速度=-0.13 θ=-0.021
[05:00:45] [INFO] [1779656445.330063]: [TRACK] 球(-0.47, 2.34) v=(-1.49, -0.12) | 機器人X=+0.15 誤差=-0.60 | 速度=-0.22 θ=-0.014
[05:00:45] [INFO] [1779656445.611886]: [TRACK] 球(-0.79, 2.21) v=(-1.36, -0.23) | 機器人X=+0.10 誤差=-0.55 | 速度=-0.22 θ=-0.004
[05:00:45] [0m[33m[WARN] [1779656445.864112]: [Fusion] 球在場外 (-1.21, 2.00)，立即切換至巡邏
[05:00:45] [INFO] [1779656445.906467]: [PATROL-ABS] 目標X=-0.45 機器人X=+0.04 誤差=-0.49
[05:00:45] [0m[33m[WARN] [1779656445.955882]: [Fusion] 球在場外 (-1.28, 1.98)，維持巡邏
[05:00:46] [INFO] [1779656446.407240]: [PATROL-ABS] 目標X=-0.45 機器人X=-0.03 誤差=-0.42
[05:00:46] [0m[33m[WARN] [1779656446.977902]: [Fusion] 球在場外 (-1.10, 1.86)，維持巡邏
[05:00:47] [INFO] [1779656447.006856]: [PATROL-ABS] 目標X=-0.45 機器人X=-0.14 誤差=-0.31
[05:00:47] [0m[33m[WARN] [1779656447.316569]: [Fusion] 球消失超過 1.5 秒，重置 EKF
[05:00:47] [INFO] [1779656447.331121]: [EKF] 初始化完成，球的初始位置: X=-1.026 Y=1.849
[05:00:47] [0m[33m[WARN] [1779656447.367182]: [Fusion] 球消失超過 1.5 秒，重置 EKF
[05:00:47] [INFO] [1779656447.388489]: [EKF] 初始化完成，球的初始位置: X=-1.026 Y=1.849
[05:00:47] [0m[33m[WARN] [1779656447.416869]: [Fusion] 球消失超過 1.5 秒，重置 EKF
[05:00:47] [INFO] [1779656447.473581]: [EKF] 初始化完成，球的初始位置: X=-1.008 Y=1.853
[05:00:47] [0m[33m[WARN] [1779656447.517450]: [Fusion] 球消失超過 1.5 秒，重置 EKF
[05:00:47] [INFO] [1779656447.551438]: [EKF] 初始化完成，球的初始位置: X=-0.992 Y=1.855
[05:00:47] [INFO] [1779656447.559987]: [TRACK] 球(-0.99, 1.85) v=(+0.00, +0.00) | 機器人X=-0.25 誤差=-0.20 | 速度=-0.22 θ=+0.021
[05:00:47] [INFO] [1779656447.776944]: [TRACK] 球(-0.97, 1.85) v=(+0.08, -0.03) | 機器人X=-0.30 誤差=-0.15 | 速度=-0.22 θ=+0.035
[05:00:48] [INFO] [1779656448.041765]: [TRACK] 球(-0.90, 1.84) v=(+0.17, -0.02) | 機器人X=-0.35 誤差=-0.10 | 速度=-0.21 θ=+0.017
[05:00:48] [INFO] [1779656448.307549]: [TRACK] 球(-0.79, 1.84) v=(+0.28, -0.02) | 機器人X=-0.39 誤差=-0.06 | 速度=-0.11 θ=+0.008
[05:00:48] [INFO] [1779656448.610344]: [TRACK] 球(-0.76, 1.88) v=(+0.21, +0.04) | 機器人X=-0.43 誤差=-0.02 | 速度=+0.00 θ=+0.008
[05:00:48] [INFO] [1779656448.874603]: [TRACK] 球(-0.73, 1.98) v=(+0.19, +0.15) | 機器人X=-0.44 誤差=-0.01 | 速度=+0.00 θ=+0.009
[05:00:49] [INFO] [1779656449.076165]: [TRACK] 球(-0.68, 2.13) v=(+0.19, +0.28) | 機器人X=-0.44 誤差=-0.01 | 速度=+0.00 θ=+0.012
[05:00:49] [INFO] [1779656449.355329]: [TRACK] 球(-0.66, 2.22) v=(+0.16, +0.29) | 機器人X=-0.44 誤差=-0.01 | 速度=+0.00 θ=+0.014
[05:00:49] [INFO] [1779656449.568210]: [TRACK] 球(-0.65, 2.25) v=(+0.14, +0.27) | 機器人X=-0.44 誤差=-0.01 | 速度=+0.00 θ=+0.015
[05:00:49] [INFO] [1779656449.770241]: [TRACK] 球(-0.62, 2.36) v=(+0.14, +0.32) | 機器人X=-0.44 誤差=-0.01 | 速度=+0.00 θ=+0.016
[05:00:49] [INFO] [1779656449.977861]: [TRACK] 球(-0.59, 2.46) v=(+0.14, +0.36) | 機器人X=-0.44 誤差=-0.01 | 速度=+0.00 θ=+0.018
[05:00:50] [INFO] [1779656450.222980]: [TRACK] 球(-0.56, 2.54) v=(+0.14, +0.36) | 機器人X=-0.44 誤差=-0.01 | 速度=+0.00 θ=+0.019
[05:00:50] [INFO] [1779656450.476970]: [TRACK] 球(-0.57, 2.63) v=(+0.09, +0.35) | 機器人X=-0.44 誤差=-0.01 | 速度=+0.00 θ=+0.021
[05:00:50] [INFO] [1779656450.757896]: [TRACK] 球(-0.61, 2.73) v=(+0.02, +0.36) | 機器人X=-0.44 誤差=-0.01 | 速度=+0.00 θ=+0.023
[05:00:50] [INFO] [1779656450.975036]: [TRACK] 球(-0.65, 2.81) v=(-0.02, +0.36) | 機器人X=-0.44 誤差=-0.01 | 速度=+0.00 θ=+0.024
[05:00:51] [INFO] [1779656451.184354]: [TRACK] 球(-0.67, 2.88) v=(-0.05, +0.35) | 機器人X=-0.44 誤差=-0.01 | 速度=+0.00 θ=+0.025
[05:00:51] [INFO] [1779656451.441495]: [TRACK] 球(-0.68, 2.91) v=(-0.04, +0.29) | 機器人X=-0.44 誤差=-0.01 | 速度=+0.00 θ=+0.028
[05:00:51] [INFO] [1779656451.684216]: [TRACK] 球(-0.68, 2.95) v=(-0.03, +0.26) | 機器人X=-0.44 誤差=-0.01 | 速度=+0.00 θ=+0.028
[05:00:51] [INFO] [1779656451.897845]: [TRACK] 球(-0.68, 3.04) v=(-0.02, +0.30) | 機器人X=-0.44 誤差=-0.01 | 速度=+0.00 θ=+0.029
[05:00:52] [INFO] [1779656452.162748]: [TRACK] 球(-0.68, 3.12) v=(-0.02, +0.30) | 機器人X=-0.44 誤差=-0.01 | 速度=+0.00 θ=+0.029
[05:00:52] [INFO] [1779656452.377291]: [TRACK] 球(-0.69, 3.13) v=(-0.03, +0.24) | 機器人X=-0.44 誤差=-0.01 | 速度=+0.00 θ=+0.029
[05:00:52] [INFO] [1779656452.587972]: [TRACK] 球(-0.76, 3.13) v=(-0.09, +0.19) | 機器人X=-0.44 誤差=-0.01 | 速度=+0.00 θ=+0.029
[05:00:52] [INFO] [1779656452.804424]: [TRACK] 球(-0.81, 3.14) v=(-0.12, +0.16) | 機器人X=-0.44 誤差=-0.01 | 速度=+0.00 θ=+0.029
[05:00:53] [INFO] [1779656453.019255]: [TRACK] 球(-0.83, 3.14) v=(-0.11, +0.12) | 機器人X=-0.44 誤差=-0.01 | 速度=+0.00 θ=+0.030
[05:00:53] [INFO] [1779656453.336397]: [TRACK] 球(-0.81, 3.18) v=(-0.06, +0.13) | 機器人X=-0.44 誤差=-0.01 | 速度=+0.00 θ=+0.031
[05:00:53] [INFO] [1779656453.574410]: [TRACK] 球(-0.66, 3.37) v=(+0.10, +0.28) | 機器人X=-0.44 誤差=-0.01 | 速度=+0.00 θ=+0.031
[05:00:53] [0m[33m[WARN] [1779656453.733322]: [Fusion] 球在場外 (-0.50, 3.51)，立即切換至巡邏
[05:00:53] [INFO] [1779656453.806674]: [PATROL-ABS] 目標X=+0.45 機器人X=-0.44 誤差=-0.01
[05:00:54] [INFO] [1779656454.306890]: [PATROL-ABS] 目標X=+0.45 機器人X=-0.41 誤差=+0.86
[05:00:54] [INFO] [1779656454.807077]: [PATROL-ABS] 目標X=+0.45 機器人X=-0.31 誤差=+0.76
[05:00:55] [0m[33m[WARN] [1779656455.141468]: [Fusion] 球消失超過 1.5 秒，重置 EKF
[05:00:55] [INFO] [1779656455.406824]: [PATROL-ABS] 目標X=+0.45 機器人X=-0.20 誤差=+0.65
[05:00:56] [INFO] [1779656456.006598]: [PATROL-ABS] 目標X=+0.45 機器人X=-0.09 誤差=+0.54
[05:00:56] [INFO] [1779656456.606570]: [PATROL-ABS] 目標X=+0.45 機器人X=+0.02 誤差=+0.43
[05:00:57] [INFO] [1779656457.106645]: [PATROL-ABS] 目標X=+0.45 機器人X=+0.11 誤差=+0.34
[05:00:57] [INFO] [1779656457.606866]: [PATROL-ABS] 目標X=+0.45 機器人X=+0.21 誤差=+0.24
[05:00:58] [INFO] [1779656458.206739]: [PATROL-ABS] 目標X=+0.45 機器人X=+0.32 誤差=+0.13
[05:00:58] [INFO] [1779656458.806610]: [PATROL-ABS] 目標X=-0.45 機器人X=+0.41 誤差=-0.86
[05:00:59] [INFO] [1779656459.307159]: [PATROL-ABS] 目標X=-0.45 機器人X=+0.34 誤差=-0.79
[05:00:59] [INFO] [1779656459.906883]: [PATROL-ABS] 目標X=-0.45 機器人X=+0.22 誤差=-0.67
[05:01:00] [INFO] [1779656460.506895]: [PATROL-ABS] 目標X=-0.45 機器人X=+0.11 誤差=-0.56
[05:01:00] [INFO] [1779656460.566015]: [EKF] 初始化完成，球的初始位置: X=0.891 Y=4.610
[05:01:00] [0m[33m[WARN] [1779656460.568974]: [Fusion] 球消失超過 1.5 秒，重置 EKF
[05:01:00] [0m[33m[WARN] [1779656460.574961]: [Fusion] 球在場外 (0.89, 4.61)，維持巡邏
[05:01:00] [INFO] [1779656460.651678]: [EKF] 初始化完成，球的初始位置: X=0.878 Y=4.582
[05:01:00] [0m[33m[WARN] [1779656460.666797]: [Fusion] 球消失超過 1.5 秒，重置 EKF
[05:01:00] [INFO] [1779656460.720351]: [EKF] 初始化完成，球的初始位置: X=0.830 Y=4.444
[05:01:00] [0m[33m[WARN] [1779656460.766493]: [Fusion] 球消失超過 1.5 秒，重置 EKF
[05:01:00] [INFO] [1779656460.787802]: [EKF] 初始化完成，球的初始位置: X=0.806 Y=4.367
[05:01:00] [0m[33m[WARN] [1779656460.817165]: [Fusion] 球消失超過 1.5 秒，重置 EKF
[05:01:00] [INFO] [1779656460.854272]: [EKF] 初始化完成，球的初始位置: X=0.806 Y=4.367
[05:01:00] [0m[33m[WARN] [1779656460.867349]: [Fusion] 球消失超過 1.5 秒，重置 EKF
[05:01:00] [INFO] [1779656460.941758]: [EKF] 初始化完成，球的初始位置: X=0.693 Y=4.084
[05:01:00] [0m[33m[WARN] [1779656460.967265]: [Fusion] 球消失超過 1.5 秒，重置 EKF
[05:01:01] [INFO] [1779656461.026018]: [EKF] 初始化完成，球的初始位置: X=0.582 Y=3.765
[05:01:01] [0m[33m[WARN] [1779656461.067167]: [Fusion] 球消失超過 1.5 秒，重置 EKF
[05:01:01] [INFO] [1779656461.098836]: [EKF] 初始化完成，球的初始位置: X=0.523 Y=3.587
[05:01:01] [INFO] [1779656461.106696]: [PATROL-ABS] 目標X=-0.45 機器人X=+0.00 誤差=-0.45
[05:01:01] [0m[33m[WARN] [1779656461.117437]: [Fusion] 球消失超過 1.5 秒，重置 EKF
[05:01:01] [INFO] [1779656461.165098]: [EKF] 初始化完成，球的初始位置: X=0.470 Y=3.460
[05:01:01] [0m[33m[WARN] [1779656461.170825]: [Fusion] 球消失超過 1.5 秒，重置 EKF
[05:01:01] [INFO] [1779656461.173283]: [TRACK] 球(+0.47, 3.46) v=(+0.00, +0.00) | 機器人X=-0.02 誤差=+0.47 | 速度=-0.15 θ=-0.003
[05:01:01] [INFO] [1779656461.230117]: [EKF] 初始化完成，球的初始位置: X=0.454 Y=3.420
[05:01:01] [INFO] [1779656461.390424]: [TRACK] 球(+0.40, 3.27) v=(-0.02, -0.06) | 機器人X=-0.05 誤差=+0.45 | 速度=+0.02 θ=+0.001
[05:01:01] [INFO] [1779656461.595148]: [TRACK] 球(+0.34, 3.10) v=(-0.18, -0.53) | 機器人X=-0.05 誤差=+0.40 | 速度=+0.19 θ=-0.009
[05:01:01] [INFO] [1779656461.899244]: [TRACK] 球(+0.24, 2.79) v=(-0.27, -0.79) | 機器人X=-0.01 誤差=+0.25 | 速度=+0.22 θ=-0.014
[05:01:02] [INFO] [1779656462.259929]: [TRACK] 球(-0.00, 2.11) v=(-0.47, -1.33) | 機器人X=+0.06 誤差=-0.06 | 速度=-0.02 θ=-0.017
[05:01:02] [INFO] [1779656462.469106]: [TRACK] 球(-0.13, 1.75) v=(-0.50, -1.42) | 機器人X=+0.07 誤差=-0.19 | 速度=-0.22 θ=-0.016
[05:01:02] [INFO] [1779656462.710802]: [TRACK] 球(-0.20, 1.55) v=(-0.45, -1.27) | 機器人X=+0.03 誤差=-0.23 | 速度=-0.22 θ=-0.021
[05:01:02] [INFO] [1779656462.921041]: [TRACK] 球(-0.25, 1.41) v=(-0.40, -1.11) | 機器人X=-0.01 誤差=-0.24 | 速度=-0.22 θ=-0.025
[05:01:03] [INFO] [1779656463.185963]: [TRACK] 球(-0.44, 0.87) v=(-0.49, -1.36) | 機器人X=-0.08 誤差=-0.37 | 速度=-0.22 θ=-0.018
[05:01:03] [INFO] [1779656463.475554]: [TRACK] 球(-0.52, 0.63) v=(-0.42, -1.19) | 機器人X=-0.14 誤差=-0.31 | 速度=-0.22 θ=-0.011
[05:01:03] [INFO] [1779656463.744849]: [TRACK] 球(-0.58, 0.39) v=(-0.36, -1.11) | 機器人X=-0.19 誤差=-0.26 | 速度=-0.22 θ=-0.009
[05:01:04] [0m[33m[WARN] [1779656464.244437]: [Fusion] 球消失超過 0.5 秒，進入 LOST 模式（EKF 繼續預測）
[05:01:04] [INFO] [1779656464.306844]: [PATROL-ABS] 目標X=-0.45 機器人X=-0.31 誤差=-0.14
[05:01:04] [INFO] [1779656464.907039]: [PATROL-ABS] 目標X=+0.45 機器人X=-0.37 誤差=-0.08
[05:01:05] [0m[33m[WARN] [1779656465.268284]: [Fusion] 球消失超過 1.5 秒，重置 EKF
[05:01:05] [INFO] [1779656465.506670]: [PATROL-ABS] 目標X=+0.45 機器人X=-0.40 誤差=+0.85
[05:01:06] [INFO] [1779656466.006616]: [PATROL-ABS] 目標X=+0.45 機器人X=-0.31 誤差=+0.76
[05:01:06] [INFO] [1779656466.506842]: [PATROL-ABS] 目標X=+0.45 機器人X=-0.22 誤差=+0.67
[05:01:07] [INFO] [1779656467.106479]: [PATROL-ABS] 目標X=+0.45 機器人X=-0.11 誤差=+0.56
[05:01:07] [INFO] [1779656467.606811]: [PATROL-ABS] 目標X=+0.45 機器人X=-0.02 誤差=+0.47
[05:01:08] [INFO] [1779656468.106775]: [PATROL-ABS] 目標X=+0.45 機器人X=+0.07 誤差=+0.38
[05:01:08] [INFO] [1779656468.706861]: [PATROL-ABS] 目標X=+0.45 機器人X=+0.18 誤差=+0.27
[05:01:09] [INFO] [1779656469.306717]: [PATROL-ABS] 目標X=+0.45 機器人X=+0.30 誤差=+0.15
[05:01:09] [INFO] [1779656469.806815]: [PATROL-ABS] 目標X=-0.45 機器人X=+0.39 誤差=-0.84
[05:01:10] [INFO] [1779656470.306853]: [PATROL-ABS] 目標X=-0.45 機器人X=+0.37 誤差=-0.82
[05:01:10] [INFO] [1779656470.906742]: [PATROL-ABS] 目標X=-0.45 機器人X=+0.26 誤差=-0.71
[05:01:11] [INFO] [1779656471.507143]: [PATROL-ABS] 目標X=-0.45 機器人X=+0.15 誤差=-0.60
[05:01:12] [INFO] [1779656472.106851]: [PATROL-ABS] 目標X=-0.45 機器人X=+0.04 誤差=-0.49
[05:01:12] [INFO] [1779656472.706797]: [PATROL-ABS] 目標X=-0.45 機器人X=-0.07 誤差=-0.38
[05:01:13] [INFO] [1779656473.306816]: [PATROL-ABS] 目標X=-0.45 機器人X=-0.19 誤差=-0.26
[05:01:13] [INFO] [1779656473.907173]: [PATROL-ABS] 目標X=-0.45 機器人X=-0.30 誤差=-0.15
[05:01:14] [INFO] [1779656474.507164]: [PATROL-ABS] 目標X=+0.45 機器人X=-0.41 誤差=+0.86
[05:01:15] [INFO] [1779656475.107130]: [PATROL-ABS] 目標X=+0.45 機器人X=-0.36 誤差=+0.81
[05:01:15] [INFO] [1779656475.707028]: [PATROL-ABS] 目標X=+0.45 機器人X=-0.25 誤差=+0.70
[05:01:16] [INFO] [1779656476.306694]: [PATROL-ABS] 目標X=+0.45 機器人X=-0.14 誤差=+0.59
[05:01:16] [INFO] [1779656476.806724]: [PATROL-ABS] 目標X=+0.45 機器人X=-0.05 誤差=+0.50
[05:01:17] [INFO] [1779656477.306725]: [PATROL-ABS] 目標X=+0.45 機器人X=+0.04 誤差=+0.41
[05:01:17] [INFO] [1779656477.807532]: [PATROL-ABS] 目標X=+0.45 機器人X=+0.13 誤差=+0.32
[05:01:18] [INFO] [1779656478.406803]: [PATROL-ABS] 目標X=+0.45 機器人X=+0.25 誤差=+0.20
[05:01:18] [INFO] [1779656478.907082]: [PATROL-ABS] 目標X=+0.45 機器人X=+0.34 誤差=+0.11
[05:01:19] [INFO] [1779656479.506669]: [PATROL-ABS] 目標X=-0.45 機器人X=+0.41 誤差=-0.86
[05:01:20] [INFO] [1779656480.006885]: [PATROL-ABS] 目標X=-0.45 機器人X=+0.32 誤差=-0.77
[05:01:20] [INFO] [1779656480.507030]: [PATROL-ABS] 目標X=-0.45 機器人X=+0.23 誤差=-0.68
[05:01:21] [INFO] [1779656481.106660]: [PATROL-ABS] 目標X=-0.45 機器人X=+0.12 誤差=-0.57
[05:01:21] [INFO] [1779656481.606778]: [PATROL-ABS] 目標X=-0.45 機器人X=+0.02 誤差=-0.47
[05:01:22] [INFO] [1779656482.106825]: [PATROL-ABS] 目標X=-0.45 機器人X=-0.07 誤差=-0.38
[05:01:22] [INFO] [1779656482.606894]: [PATROL-ABS] 目標X=-0.45 機器人X=-0.16 誤差=-0.29
[05:01:23] [INFO] [1779656483.206483]: [PATROL-ABS] 目標X=-0.45 機器人X=-0.27 誤差=-0.18
[05:01:23] [INFO] [1779656483.706451]: [PATROL-ABS] 目標X=-0.45 機器人X=-0.37 誤差=-0.08
[05:01:24] [INFO] [1779656484.206954]: [PATROL-ABS] 目標X=+0.45 機器人X=-0.42 誤差=+0.87
[05:01:24] [INFO] [1779656484.806933]: [PATROL-ABS] 目標X=+0.45 機器人X=-0.32 誤差=+0.77
[05:01:25] [INFO] [1779656485.406487]: [PATROL-ABS] 目標X=+0.45 機器人X=-0.21 誤差=+0.66
[05:01:25] [INFO] [1779656485.906822]: [PATROL-ABS] 目標X=+0.45 機器人X=-0.12 誤差=+0.57
[05:01:26] [INFO] [1779656486.506766]: [PATROL-ABS] 目標X=+0.45 機器人X=-0.01 誤差=+0.46
[05:01:27] [INFO] [1779656487.007545]: [PATROL-ABS] 目標X=+0.45 機器人X=+0.09 誤差=+0.36
[05:01:27] [INFO] [1779656487.606992]: [PATROL-ABS] 目標X=+0.45 機器人X=+0.20 誤差=+0.25
[05:01:28] [INFO] [1779656488.206819]: [PATROL-ABS] 目標X=+0.45 機器人X=+0.31 誤差=+0.14
[05:01:28] [INFO] [1779656488.706887]: [PATROL-ABS] 目標X=-0.45 機器人X=+0.40 誤差=-0.85
[05:01:29] [INFO] [1779656489.306731]: [PATROL-ABS] 目標X=-0.45 機器人X=+0.35 誤差=-0.80
[05:01:29] [INFO] [1779656489.806859]: [PATROL-ABS] 目標X=-0.45 機器人X=+0.26 誤差=-0.71
[05:01:30] [INFO] [1779656490.407907]: [PATROL-ABS] 目標X=-0.45 機器人X=+0.15 誤差=-0.60
[05:01:31] [INFO] [1779656491.006997]: [PATROL-ABS] 目標X=-0.45 機器人X=+0.04 誤差=-0.49
[05:01:31] [INFO] [1779656491.606715]: [PATROL-ABS] 目標X=-0.45 機器人X=-0.07 誤差=-0.38
[05:01:32] [INFO] [1779656492.206606]: [PATROL-ABS] 目標X=-0.45 機器人X=-0.18 誤差=-0.27
[05:01:32] [INFO] [1779656492.706621]: [PATROL-ABS] 目標X=-0.45 機器人X=-0.28 誤差=-0.17
[05:01:33] [INFO] [1779656493.306460]: [PATROL-ABS] 目標X=+0.45 機器人X=-0.39 誤差=-0.06
[05:01:33] [INFO] [1779656493.806477]: [PATROL-ABS] 目標X=+0.45 機器人X=-0.41 誤差=+0.86
[05:01:34] [INFO] [1779656494.306635]: [PATROL-ABS] 目標X=+0.45 機器人X=-0.32 誤差=+0.77
[05:01:34] [INFO] [1779656494.806701]: [PATROL-ABS] 目標X=+0.45 機器人X=-0.23 誤差=+0.68
[05:01:35] [INFO] [1779656495.306709]: [PATROL-ABS] 目標X=+0.45 機器人X=-0.14 誤差=+0.59
[05:01:35] [INFO] [1779656495.806783]: [PATROL-ABS] 目標X=+0.45 機器人X=-0.05 誤差=+0.50
[05:01:36] [INFO] [1779656496.407191]: [PATROL-ABS] 目標X=+0.45 機器人X=+0.06 誤差=+0.39
[05:01:37] [INFO] [1779656497.006716]: [PATROL-ABS] 目標X=+0.45 機器人X=+0.17 誤差=+0.28
[05:01:37] [INFO] [1779656497.606718]: [PATROL-ABS] 目標X=+0.45 機器人X=+0.28 誤差=+0.17
[05:01:38] [INFO] [1779656498.206992]: [PATROL-ABS] 目標X=-0.45 機器人X=+0.39 誤差=-0.84
[05:01:38] [INFO] [1779656498.806787]: [PATROL-ABS] 目標X=-0.45 機器人X=+0.35 誤差=-0.80
[05:01:39] [INFO] [1779656499.406675]: [PATROL-ABS] 目標X=-0.45 機器人X=+0.24 誤差=-0.69
[05:01:40] [INFO] [1779656500.006692]: [PATROL-ABS] 目標X=-0.45 機器人X=+0.13 誤差=-0.58
[05:01:40] [INFO] [1779656500.506791]: [PATROL-ABS] 目標X=-0.45 機器人X=+0.04 誤差=-0.49
[05:01:41] [INFO] [1779656501.006979]: [PATROL-ABS] 目標X=-0.45 機器人X=-0.05 誤差=-0.40
[05:01:41] [INFO] [1779656501.606620]: [PATROL-ABS] 目標X=-0.45 機器人X=-0.16 誤差=-0.29
[05:01:42] [INFO] [1779656502.106651]: [PATROL-ABS] 目標X=-0.45 機器人X=-0.26 誤差=-0.19
[05:01:42] [INFO] [1779656502.606822]: [PATROL-ABS] 目標X=-0.45 機器人X=-0.35 誤差=-0.10
[05:01:43] [INFO] [1779656503.106919]: [PATROL-ABS] 目標X=+0.45 機器人X=-0.42 誤差=+0.87
[05:01:43] [INFO] [1779656503.706733]: [PATROL-ABS] 目標X=+0.45 機器人X=-0.34 誤差=+0.79
[05:01:44] [INFO] [1779656504.207194]: [PATROL-ABS] 目標X=+0.45 機器人X=-0.25 誤差=+0.70
[05:01:44] [INFO] [1779656504.806638]: [PATROL-ABS] 目標X=+0.45 機器人X=-0.14 誤差=+0.59
[05:01:45] [INFO] [1779656505.306949]: [PATROL-ABS] 目標X=+0.45 機器人X=-0.04 誤差=+0.49
[05:01:45] [INFO] [1779656505.906792]: [PATROL-ABS] 目標X=+0.45 機器人X=+0.06 誤差=+0.39
[05:01:46] [INFO] [1779656506.506738]: [PATROL-ABS] 目標X=+0.45 機器人X=+0.18 誤差=+0.27
[05:01:47] [INFO] [1779656507.106842]: [PATROL-ABS] 目標X=+0.45 機器人X=+0.29 誤差=+0.16
[05:01:47] [INFO] [1779656507.606843]: [PATROL-ABS] 目標X=-0.45 機器人X=+0.39 誤差=+0.06
[05:01:48] [INFO] [1779656508.206476]: [PATROL-ABS] 目標X=-0.45 機器人X=+0.38 誤差=-0.83
[05:01:48] [INFO] [1779656508.806477]: [PATROL-ABS] 目標X=-0.45 機器人X=+0.26 誤差=-0.71
[05:01:49] [INFO] [1779656509.306590]: [PATROL-ABS] 目標X=-0.45 機器人X=+0.17 誤差=-0.62
[05:01:49] [INFO] [1779656509.807892]: [PATROL-ABS] 目標X=-0.45 機器人X=+0.08 誤差=-0.53
[05:01:50] [INFO] [1779656510.406777]: [PATROL-ABS] 目標X=-0.45 機器人X=-0.03 誤差=-0.42
[05:01:51] [INFO] [1779656511.006315]: [PATROL-ABS] 目標X=-0.45 機器人X=-0.14 誤差=-0.31
[05:01:51] [INFO] [1779656511.506511]: [PATROL-ABS] 目標X=-0.45 機器人X=-0.23 誤差=-0.22
[05:01:52] [INFO] [1779656512.006478]: [PATROL-ABS] 目標X=-0.45 機器人X=-0.32 誤差=-0.13
[05:01:52] [INFO] [1779656512.506817]: [PATROL-ABS] 目標X=+0.45 機器人X=-0.41 誤差=+0.86
[05:01:53] [INFO] [1779656513.106439]: [PATROL-ABS] 目標X=+0.45 機器人X=-0.36 誤差=+0.81
[05:01:53] [INFO] [1779656513.706254]: [PATROL-ABS] 目標X=+0.45 機器人X=-0.25 誤差=+0.70
[05:01:54] [INFO] [1779656514.206394]: [PATROL-ABS] 目標X=+0.45 機器人X=-0.16 誤差=+0.61
[05:01:54] [INFO] [1779656514.706467]: [PATROL-ABS] 目標X=+0.45 機器人X=-0.07 誤差=+0.52
[05:01:55] [INFO] [1779656515.306334]: [PATROL-ABS] 目標X=+0.45 機器人X=+0.05 誤差=+0.40
[05:01:55] [INFO] [1779656515.806432]: [PATROL-ABS] 目標X=+0.45 機器人X=+0.14 誤差=+0.31
[05:01:56] [INFO] [1779656516.406561]: [PATROL-ABS] 目標X=+0.45 機器人X=+0.25 誤差=+0.20
[05:01:56] [INFO] [1779656516.906854]: [PATROL-ABS] 目標X=+0.45 機器人X=+0.34 誤差=+0.11
[05:01:57] [INFO] [1779656517.506625]: [PATROL-ABS] 目標X=-0.45 機器人X=+0.41 誤差=-0.86
[05:01:58] [INFO] [1779656518.106409]: [PATROL-ABS] 目標X=-0.45 機器人X=+0.30 誤差=-0.75
[05:01:58] [INFO] [1779656518.706352]: [PATROL-ABS] 目標X=-0.45 機器人X=+0.18 誤差=-0.63
[05:01:59] [INFO] [1779656519.206339]: [PATROL-ABS] 目標X=-0.45 機器人X=+0.09 誤差=-0.54
[05:01:59] [INFO] [1779656519.706363]: [PATROL-ABS] 目標X=-0.45 機器人X=+0.00 誤差=-0.45
[05:02:00] [INFO] [1779656520.306337]: [PATROL-ABS] 目標X=-0.45 機器人X=-0.11 誤差=-0.34
[05:02:00] [INFO] [1779656520.806414]: [PATROL-ABS] 目標X=-0.45 機器人X=-0.20 誤差=-0.25
[05:02:01] [INFO] [1779656521.406499]: [PATROL-ABS] 目標X=-0.45 機器人X=-0.31 誤差=-0.14
[05:02:02] [INFO] [1779656522.006570]: [PATROL-ABS] 目標X=+0.45 機器人X=-0.41 誤差=+0.86
[05:02:02] [INFO] [1779656522.606474]: [PATROL-ABS] 目標X=+0.45 機器人X=-0.36 誤差=+0.81
[05:02:03] [INFO] [1779656523.206349]: [PATROL-ABS] 目標X=+0.45 機器人X=-0.25 誤差=+0.70
[05:02:03] [INFO] [1779656523.806408]: [PATROL-ABS] 目標X=+0.45 機器人X=-0.14 誤差=+0.59
[05:02:04] [INFO] [1779656524.406676]: [PATROL-ABS] 目標X=+0.45 機器人X=-0.03 誤差=+0.48
[05:02:04] [INFO] [1779656524.906802]: [PATROL-ABS] 目標X=+0.45 機器人X=+0.06 誤差=+0.39
[05:02:05] [INFO] [1779656525.506635]: [PATROL-ABS] 目標X=+0.45 機器人X=+0.17 誤差=+0.28
[05:02:06] [INFO] [1779656526.106447]: [PATROL-ABS] 目標X=+0.45 機器人X=+0.29 誤差=+0.16
[05:02:06] [INFO] [1779656526.606457]: [PATROL-ABS] 目標X=-0.45 機器人X=+0.38 誤差=+0.07
[05:02:07] [INFO] [1779656527.206361]: [PATROL-ABS] 目標X=-0.45 機器人X=+0.37 誤差=-0.82
[05:02:07] [INFO] [1779656527.706434]: [PATROL-ABS] 目標X=-0.45 機器人X=+0.28 誤差=-0.73
[05:02:08] [INFO] [1779656528.206543]: [PATROL-ABS] 目標X=-0.45 機器人X=+0.19 誤差=-0.64
[05:02:08] [INFO] [1779656528.806452]: [PATROL-ABS] 目標X=-0.45 機器人X=+0.08 誤差=-0.53
[05:02:09] [0m[33m[WARN] [1779656529.187413]: [Fusion] 節點關閉，發送停止指令
[05:02:09] [0mException in thread Thread-4:
[05:02:09] Traceback (most recent call last):
[05:02:09]   File "/usr/lib/python3.8/threading.py", line 932, in _bootstrap_inner
[05:02:09]     self.run()
[05:02:09]   File "/opt/ros/noetic/lib/python3/dist-packages/rospy/timer.py", line 240, in run
[05:02:09]     self._callback(TimerEvent(last_expected, last_real, current_expected, current_real, last_duration))
[05:02:09]   File "fusion_node.py", line 603, in _patrol_callback
[05:02:09]     self.pub_vel.publish(cmd)
[05:02:09]   File "/opt/ros/noetic/lib/python3/dist-packages/rospy/topics.py", line 882, in publish
[05:02:09]     self.impl.publish(data)
[05:02:09]   File "/opt/ros/noetic/lib/python3/dist-packages/rospy/topics.py", line 1041, in publish
[05:02:09]     raise ROSException("publish() to a closed topic")
[05:02:09] rospy.exceptions.ROSException: publish() to a closed topic
