[04:59:42] [0m[INFO] [1779656363.614427153]: [Localization] Pose X=-0.01 Y=0.51 Theta=0.01 var_x=0.0662 posts=0[0m
[04:59:42] [0m[INFO] [1779656366.264687461]: [Localization] Pose X=-0.01 Y=0.51 Theta=0.01 var_x=0.0662 posts=0[0m
[04:59:42] [0m[INFO] [1779656368.964423822]: [Localization] Pose X=-0.01 Y=0.51 Theta=0.01 var_x=0.0669 posts=0[0m
[04:59:42] [0m[INFO] [1779656371.565032048]: [Localization] Pose X=0.03 Y=0.48 Theta=-0.08 var_x=0.0032 posts=2[0m
[04:59:42] [0m[INFO] [1779656374.264982692]: [Localization] Pose X=0.03 Y=0.48 Theta=-0.09 var_x=0.0003 posts=2[0m
[04:59:42] [0m[INFO] [1779656376.865085070]: [Localization] Pose X=-0.05 Y=0.48 Theta=-0.04 var_x=0.0003 posts=3[0m
[04:59:42] [0m[INFO] [1779656379.514996453]: [Localization] Pose X=-0.42 Y=0.48 Theta=0.01 var_x=0.0004 posts=1[0m
[05:00:02] [0m[INFO] [1779656382.115666326]: [Localization] Pose X=-0.09 Y=0.47 Theta=-0.02 var_x=0.0005 posts=3[0m
[05:00:02] [0m[INFO] [1779656384.765136159]: [Localization] Pose X=0.26 Y=0.45 Theta=-0.04 var_x=0.0003 posts=2[0m
[05:00:02] [0m[INFO] [1779656387.415031697]: [Localization] Pose X=0.12 Y=0.45 Theta=-0.02 var_x=0.0003 posts=2[0m
[05:00:02] [0m[INFO] [1779656390.115140745]: [Localization] Pose X=-0.39 Y=0.45 Theta=0.03 var_x=0.0003 posts=2[0m
[05:00:02] [0m[INFO] [1779656392.715465695]: [Localization] Pose X=-0.02 Y=0.46 Theta=0.03 var_x=0.0002 posts=2[0m
[05:00:02] [0m[INFO] [1779656395.364997266]: [Localization] Pose X=0.42 Y=0.46 Theta=-0.01 var_x=0.0002 posts=2[0m
[05:00:02] [0m[INFO] [1779656397.965142036]: [Localization] Pose X=-0.07 Y=0.46 Theta=0.02 var_x=0.0003 posts=2[0m
[05:00:02] [0m[INFO] [1779656400.665493431]: [Localization] Pose X=-0.31 Y=0.45 Theta=0.03 var_x=0.0003 posts=2[0m
[05:00:22] [0m[INFO] [1779656403.314938490]: [Localization] Pose X=0.18 Y=0.46 Theta=0.01 var_x=0.0003 posts=2[0m
[05:00:22] [0m[INFO] [1779656405.915585264]: [Localization] Pose X=0.22 Y=0.46 Theta=-0.04 var_x=0.0003 posts=2[0m
[05:00:22] [0m[INFO] [1779656408.564883104]: [Localization] Pose X=-0.26 Y=0.46 Theta=0.03 var_x=0.0003 posts=2[0m
[05:00:22] [0m[INFO] [1779656411.215250916]: [Localization] Pose X=-0.13 Y=0.46 Theta=-0.01 var_x=0.0003 posts=2[0m
[05:00:22] [0m[INFO] [1779656413.765566169]: [Localization] Pose X=-0.03 Y=0.45 Theta=-0.01 var_x=0.0003 posts=2[0m
[05:00:22] [0m[INFO] [1779656416.465332898]: [Localization] Pose X=-0.02 Y=0.46 Theta=-0.01 var_x=0.0003 posts=2[0m
[05:00:22] [0m[INFO] [1779656419.015766279]: [Localization] Pose X=-0.02 Y=0.46 Theta=-0.01 var_x=0.0003 posts=2[0m
[05:00:22] [0m[INFO] [1779656421.715334405]: [Localization] Pose X=-0.02 Y=0.46 Theta=-0.01 var_x=0.0003 posts=2[0m
[05:00:42] [0m[INFO] [1779656424.365335554]: [Localization] Pose X=-0.02 Y=0.46 Theta=-0.01 var_x=0.0003 posts=2[0m
[05:00:42] [0m[INFO] [1779656427.015551811]: [Localization] Pose X=0.31 Y=0.45 Theta=-0.03 var_x=0.0003 posts=2[0m
[05:00:42] [0m[INFO] [1779656429.665296025]: [Localization] Pose X=0.06 Y=0.44 Theta=-0.00 var_x=0.0003 posts=2[0m
[05:00:42] [0m[INFO] [1779656432.265538039]: [Localization] Pose X=-0.42 Y=0.43 Theta=0.02 var_x=0.0002 posts=2[0m
[05:00:42] [0m[INFO] [1779656434.965329092]: [Localization] Pose X=0.01 Y=0.44 Theta=0.00 var_x=0.0003 posts=2[0m
[05:00:42] [0m[INFO] [1779656436.565091449]: [Localization] Pose X=0.04 Y=0.44 Theta=-0.00 var_x=0.0003 posts=2[0m
[05:00:42] [0m[INFO] [1779656439.165657781]: [Localization] Pose X=0.30 Y=0.42 Theta=-0.02 var_x=0.0003 posts=2[0m
[05:00:42] [0m[INFO] [1779656441.765831131]: [Localization] Pose X=0.43 Y=0.41 Theta=-0.05 var_x=0.0002 posts=3[0m
[05:01:01] [0m[INFO] [1779656442.915204105]: [Localization] Ball world X=1.18 Y=1.22[0m
[05:01:01] [0m[INFO] [1779656445.465123473]: [Localization] Pose X=0.12 Y=0.41 Theta=-0.00 var_x=0.0003 posts=2[0m
[05:01:01] [0m[INFO] [1779656448.015587249]: [Localization] Pose X=-0.35 Y=0.40 Theta=0.02 var_x=0.0003 posts=2[0m
[05:01:01] [0m[INFO] [1779656450.615459024]: [Localization] Pose X=-0.44 Y=0.39 Theta=0.02 var_x=0.0003 posts=2[0m
[05:01:01] [0m[INFO] [1779656453.215599984]: [Localization] Pose X=-0.44 Y=0.39 Theta=0.03 var_x=0.0003 posts=2[0m
[05:01:01] [0m[INFO] [1779656455.815356642]: [Localization] Pose X=-0.12 Y=0.39 Theta=-0.01 var_x=0.0002 posts=2[0m
[05:01:01] [0m[INFO] [1779656458.465306251]: [Localization] Pose X=0.38 Y=0.38 Theta=-0.02 var_x=0.0002 posts=2[0m
[05:01:01] [0m[INFO] [1779656461.065124992]: [Localization] Pose X=0.00 Y=0.38 Theta=0.00 var_x=0.0003 posts=2[0m
[05:01:20] [0m[INFO] [1779656462.966210952]: [Localization] Ball world X=-0.36 Y=0.84[0m
[05:01:20] [0m[INFO] [1779656465.265322065]: [Localization] Pose X=-0.42 Y=0.37 Theta=0.01 var_x=0.0003 posts=2[0m
[05:01:20] [0m[INFO] [1779656467.915295382]: [Localization] Pose X=0.04 Y=0.38 Theta=0.00 var_x=0.0003 posts=2[0m
[05:01:20] [0m[INFO] [1779656470.515585550]: [Localization] Pose X=0.33 Y=0.37 Theta=-0.03 var_x=0.0002 posts=2[0m
[05:01:20] [0m[INFO] [1779656473.214813328]: [Localization] Pose X=-0.18 Y=0.38 Theta=0.00 var_x=0.0003 posts=2[0m
[05:01:20] [0m[INFO] [1779656475.765256654]: [Localization] Pose X=-0.23 Y=0.37 Theta=0.04 var_x=0.0003 posts=2[0m
[05:01:20] [0m[INFO] [1779656478.315595567]: [Localization] Pose X=0.24 Y=0.37 Theta=0.00 var_x=0.0003 posts=2[0m
[05:01:41] [0m[INFO] [1779656480.915194445]: [Localization] Pose X=0.15 Y=0.37 Theta=-0.02 var_x=0.0003 posts=2[0m
[05:01:41] [0m[INFO] [1779656483.565161356]: [Localization] Pose X=-0.35 Y=0.37 Theta=0.01 var_x=0.0002 posts=2[0m
[05:01:41] [0m[INFO] [1779656486.215479880]: [Localization] Pose X=-0.05 Y=0.38 Theta=-0.01 var_x=0.0003 posts=2[0m
[05:01:41] [0m[INFO] [1779656488.865269515]: [Localization] Pose X=0.42 Y=0.36 Theta=-0.04 var_x=0.0002 posts=2[0m
[05:01:41] [0m[INFO] [1779656491.465294397]: [Localization] Pose X=-0.06 Y=0.37 Theta=-0.04 var_x=0.0003 posts=2[0m
[05:01:41] [0m[INFO] [1779656494.164832373]: [Localization] Pose X=-0.34 Y=0.36 Theta=0.03 var_x=0.0003 posts=2[0m
[05:01:41] [0m[INFO] [1779656496.765243333]: [Localization] Pose X=0.14 Y=0.37 Theta=0.03 var_x=0.0003 posts=2[0m
[05:01:41] [0m[INFO] [1779656499.365578039]: [Localization] Pose X=0.24 Y=0.36 Theta=-0.03 var_x=0.0003 posts=2[0m
[05:02:01] [0m[INFO] [1779656501.965482880]: [Localization] Pose X=-0.24 Y=0.37 Theta=0.01 var_x=0.0002 posts=2[0m
[05:02:01] [0m[INFO] [1779656504.565026634]: [Localization] Pose X=-0.18 Y=0.38 Theta=0.02 var_x=0.0002 posts=2[0m
[05:02:01] [0m[INFO] [1779656507.115092277]: [Localization] Pose X=0.30 Y=0.36 Theta=-0.04 var_x=0.0002 posts=2[0m
[05:02:01] [0m[INFO] [1779656509.764819275]: [Localization] Pose X=0.08 Y=0.36 Theta=0.01 var_x=0.0003 posts=2[0m
[05:02:01] [0m[INFO] [1779656512.414877359]: [Localization] Pose X=-0.40 Y=0.34 Theta=0.02 var_x=0.0003 posts=2[0m
[05:02:01] [0m[INFO] [1779656515.014918479]: [Localization] Pose X=-0.00 Y=0.35 Theta=0.00 var_x=0.0003 posts=2[0m
[05:02:01] [0m[INFO] [1779656517.664950451]: [Localization] Pose X=0.37 Y=0.33 Theta=-0.02 var_x=0.0002 posts=2[0m
[05:02:01] [0m[INFO] [1779656520.314892154]: [Localization] Pose X=-0.12 Y=0.34 Theta=0.02 var_x=0.0003 posts=2[0m
[05:02:22] [0m[INFO] [1779656522.964966521]: [Localization] Pose X=-0.29 Y=0.33 Theta=0.01 var_x=0.0003 posts=2[0m
[05:02:22] [0m[INFO] [1779656525.614914972]: [Localization] Pose X=0.20 Y=0.34 Theta=0.00 var_x=0.0002 posts=2[0m
[05:02:22] [0m[INFO] [1779656528.315293149]: [Localization] Pose X=0.16 Y=0.34 Theta=-0.03 var_x=0.0002 posts=2[0m
[05:02:22] [0m[INFO] [1779656531.014819954]: [Localization] Pose X=-0.03 Y=0.34 Theta=-0.01 var_x=0.0003 posts=2[0m
[05:02:22] [0m[INFO] [1779656533.664761946]: [Localization] Pose X=-0.03 Y=0.34 Theta=-0.01 var_x=0.0003 posts=2[0m
[05:02:22] [0m[INFO] [1779656536.264763800]: [Localization] Pose X=-0.03 Y=0.35 Theta=-0.01 var_x=0.0003 posts=2[0m
[05:02:22] [0m[INFO] [1779656538.864827028]: [Localization] Pose X=-0.03 Y=0.35 Theta=-0.01 var_x=0.0003 posts=2[0m
[05:02:22] [0m[INFO] [1779656541.464992421]: [Localization] Pose X=-0.03 Y=0.35 Theta=-0.00 var_x=0.0002 posts=2[0m
