[04:59:16]  [-5.88262085e-05 -5.92425662e-03  4.06621133e+00]
[04:59:16] [YOLO] 訂閱 /camera/color/image_raw
[04:59:18] [YOLO] ✗ 未偵測到球  (miss:11)
[04:59:24] [YOLO] ✓ 球 全域座標: X=-0.696m  Y=0.541m  conf=0.77  (累計偵測:1)
[04:59:24] [YOLO] ✓ 球 全域座標: X=-0.701m  Y=0.550m  conf=0.77  (累計偵測:6)
[04:59:25] [YOLO] ✓ 球 全域座標: X=-0.681m  Y=0.505m  conf=0.80  (累計偵測:11)
[04:59:25] [YOLO] ✓ 球 全域座標: X=-0.679m  Y=0.500m  conf=0.76  (累計偵測:16)
[04:59:25] [YOLO] ✓ 球 全域座標: X=-0.681m  Y=0.506m  conf=0.79  (累計偵測:21)
[04:59:25] [YOLO] ✓ 球 全域座標: X=-0.681m  Y=0.506m  conf=0.79  (累計偵測:26)
[04:59:25] [YOLO] ✓ 球 全域座標: X=-0.694m  Y=0.535m  conf=0.79  (累計偵測:31)
[04:59:25] [YOLO] ✓ 球 全域座標: X=-0.681m  Y=0.506m  conf=0.79  (累計偵測:36)
[04:59:26] [YOLO] ✓ 球 全域座標: X=-0.680m  Y=0.503m  conf=0.78  (累計偵測:41)
[04:59:26] [YOLO] ✓ 球 全域座標: X=-0.680m  Y=0.503m  conf=0.79  (累計偵測:46)
[04:59:26] [YOLO] ✓ 球 全域座標: X=-0.682m  Y=0.509m  conf=0.77  (累計偵測:51)
[04:59:26] [YOLO] ✓ 球 全域座標: X=-0.694m  Y=0.535m  conf=0.78  (累計偵測:56)
[04:59:26] [YOLO] ✓ 球 全域座標: X=-0.682m  Y=0.507m  conf=0.80  (累計偵測:61)
[04:59:26] [YOLO] ✓ 球 全域座標: X=-0.681m  Y=0.505m  conf=0.78  (累計偵測:66)
[04:59:27] [YOLO] ✓ 球 全域座標: X=-0.681m  Y=0.507m  conf=0.79  (累計偵測:71)
[04:59:27] [YOLO] ✓ 球 全域座標: X=-0.694m  Y=0.536m  conf=0.78  (累計偵測:76)
[04:59:27] [YOLO] ✓ 球 全域座標: X=-0.701m  Y=0.552m  conf=0.79  (累計偵測:81)
[04:59:27] [YOLO] ✓ 球 全域座標: X=-0.682m  Y=0.507m  conf=0.77  (累計偵測:86)
[04:59:27] [YOLO] ✓ 球 全域座標: X=-0.699m  Y=0.547m  conf=0.79  (累計偵測:91)
[04:59:27] [YOLO] ✓ 球 全域座標: X=-0.680m  Y=0.503m  conf=0.80  (累計偵測:96)
[04:59:28] [YOLO] ✓ 球 全域座標: X=-0.680m  Y=0.504m  conf=0.78  (累計偵測:101)
[04:59:28] [YOLO] ✓ 球 全域座標: X=-0.697m  Y=0.541m  conf=0.78  (累計偵測:106)
[04:59:28] [YOLO] ✓ 球 全域座標: X=-0.683m  Y=0.510m  conf=0.80  (累計偵測:111)
[04:59:28] [YOLO] ✓ 球 全域座標: X=-0.682m  Y=0.509m  conf=0.81  (累計偵測:116)
[04:59:28] [YOLO] ✓ 球 全域座標: X=-0.680m  Y=0.503m  conf=0.79  (累計偵測:121)
[04:59:28] [YOLO] ✓ 球 全域座標: X=-0.694m  Y=0.535m  conf=0.77  (累計偵測:126)
[04:59:29] [YOLO] ✓ 球 全域座標: X=-0.682m  Y=0.509m  conf=0.78  (累計偵測:131)
[04:59:29] [YOLO] ✓ 球 全域座標: X=-0.698m  Y=0.545m  conf=0.78  (累計偵測:136)
[04:59:29] [YOLO] ✓ 球 全域座標: X=-0.693m  Y=0.533m  conf=0.75  (累計偵測:141)
[04:59:29] [YOLO] ✓ 球 全域座標: X=-0.699m  Y=0.547m  conf=0.80  (累計偵測:146)
[04:59:29] [YOLO] ✓ 球 全域座標: X=-0.682m  Y=0.509m  conf=0.80  (累計偵測:151)
[04:59:29] [YOLO] ✓ 球 全域座標: X=-0.679m  Y=0.502m  conf=0.78  (累計偵測:156)
[04:59:30] [YOLO] ✓ 球 全域座標: X=-0.698m  Y=0.544m  conf=0.77  (累計偵測:161)
[04:59:30] [YOLO] ✓ 球 全域座標: X=-0.694m  Y=0.535m  conf=0.79  (累計偵測:166)
[04:59:30] [YOLO] ✓ 球 全域座標: X=-0.681m  Y=0.507m  conf=0.80  (累計偵測:171)
[04:59:30] [YOLO] ✓ 球 全域座標: X=-0.682m  Y=0.508m  conf=0.80  (累計偵測:176)
[04:59:30] [YOLO] ✓ 球 全域座標: X=-0.680m  Y=0.503m  conf=0.79  (累計偵測:181)
[04:59:31] [YOLO] ✓ 球 全域座標: X=-0.680m  Y=0.505m  conf=0.79  (累計偵測:186)
[04:59:31] [YOLO] ✓ 球 全域座標: X=-0.698m  Y=0.545m  conf=0.80  (累計偵測:191)
[04:59:31] [YOLO] ✓ 球 全域座標: X=-0.684m  Y=0.513m  conf=0.79  (累計偵測:196)
[04:59:31] [YOLO] ✓ 球 全域座標: X=-0.698m  Y=0.543m  conf=0.79  (累計偵測:201)
[04:59:31] [YOLO] ✓ 球 全域座標: X=-0.682m  Y=0.507m  conf=0.80  (累計偵測:206)
[04:59:31] [YOLO] ✓ 球 全域座標: X=-0.699m  Y=0.546m  conf=0.77  (累計偵測:211)
[04:59:32] [YOLO] ✓ 球 全域座標: X=-0.694m  Y=0.536m  conf=0.78  (累計偵測:216)
[04:59:32] [YOLO] ✓ 球 全域座標: X=-0.679m  Y=0.501m  conf=0.78  (累計偵測:221)
[04:59:32] [YOLO] ✓ 球 全域座標: X=-0.682m  Y=0.508m  conf=0.80  (累計偵測:226)
[04:59:32] [YOLO] ✓ 球 全域座標: X=-0.701m  Y=0.549m  conf=0.80  (累計偵測:231)
[04:59:32] [YOLO] ✓ 球 全域座標: X=-0.680m  Y=0.504m  conf=0.80  (累計偵測:236)
[04:59:32] [YOLO] ✓ 球 全域座標: X=-0.680m  Y=0.505m  conf=0.81  (累計偵測:241)
[04:59:33] [YOLO] ✓ 球 全域座標: X=-0.682m  Y=0.508m  conf=0.81  (累計偵測:246)
[04:59:33] [YOLO] ✓ 球 全域座標: X=-0.680m  Y=0.504m  conf=0.79  (累計偵測:251)
[04:59:33] [YOLO] ✓ 球 全域座標: X=-0.681m  Y=0.506m  conf=0.78  (累計偵測:256)
[04:59:33] [YOLO] ✓ 球 全域座標: X=-0.681m  Y=0.506m  conf=0.79  (累計偵測:261)
[04:59:33] [YOLO] ✓ 球 全域座標: X=-0.693m  Y=0.534m  conf=0.77  (累計偵測:266)
[04:59:33] [YOLO] ✓ 球 全域座標: X=-0.684m  Y=0.512m  conf=0.80  (累計偵測:271)
[04:59:34] [YOLO] ✓ 球 全域座標: X=-0.700m  Y=0.549m  conf=0.78  (累計偵測:276)
[04:59:34] [YOLO] ✓ 球 全域座標: X=-0.683m  Y=0.511m  conf=0.81  (累計偵測:281)
[04:59:34] [YOLO] ✓ 球 全域座標: X=-0.682m  Y=0.509m  conf=0.79  (累計偵測:286)
[04:59:34] [YOLO] ✓ 球 全域座標: X=-0.682m  Y=0.507m  conf=0.78  (累計偵測:291)
[04:59:34] [YOLO] ✓ 球 全域座標: X=-0.701m  Y=0.550m  conf=0.79  (累計偵測:296)
[04:59:34] [YOLO] ✓ 球 全域座標: X=-0.679m  Y=0.502m  conf=0.79  (累計偵測:301)
[04:59:35] [YOLO] ✓ 球 全域座標: X=-0.698m  Y=0.544m  conf=0.77  (累計偵測:306)
[04:59:35] [YOLO] ✓ 球 全域座標: X=-0.678m  Y=0.500m  conf=0.78  (累計偵測:311)
[04:59:35] [YOLO] ✓ 球 全域座標: X=-0.700m  Y=0.548m  conf=0.78  (累計偵測:316)
[04:59:35] [YOLO] ✓ 球 全域座標: X=-0.701m  Y=0.551m  conf=0.79  (累計偵測:321)
[04:59:35] [YOLO] ✓ 球 全域座標: X=-0.684m  Y=0.512m  conf=0.81  (累計偵測:326)
[04:59:35] [YOLO] ✓ 球 全域座標: X=-0.701m  Y=0.551m  conf=0.78  (累計偵測:331)
[04:59:36] [YOLO] ✓ 球 全域座標: X=-0.698m  Y=0.546m  conf=0.78  (累計偵測:336)
[04:59:36] [YOLO] ✓ 球 全域座標: X=-0.686m  Y=0.517m  conf=0.82  (累計偵測:341)
[04:59:36] [YOLO] ✓ 球 全域座標: X=-0.680m  Y=0.505m  conf=0.81  (累計偵測:346)
[04:59:36] [YOLO] ✓ 球 全域座標: X=-0.683m  Y=0.512m  conf=0.81  (累計偵測:351)
[04:59:36] [YOLO] ✓ 球 全域座標: X=-0.680m  Y=0.503m  conf=0.78  (累計偵測:356)
[04:59:37] [YOLO] ✓ 球 全域座標: X=-0.699m  Y=0.548m  conf=0.77  (累計偵測:361)
[04:59:37] [YOLO] ✓ 球 全域座標: X=-0.681m  Y=0.507m  conf=0.80  (累計偵測:366)
[04:59:37] [YOLO] ✓ 球 全域座標: X=-0.680m  Y=0.503m  conf=0.80  (累計偵測:371)
[04:59:37] [YOLO] ✓ 球 全域座標: X=-0.684m  Y=0.513m  conf=0.81  (累計偵測:376)
[04:59:38] [YOLO] ✓ 球 全域座標: X=-0.680m  Y=0.505m  conf=0.80  (累計偵測:381)
[04:59:38] [YOLO] ✓ 球 全域座標: X=-0.704m  Y=0.557m  conf=0.81  (累計偵測:386)
[04:59:38] [YOLO] ✓ 球 全域座標: X=-0.702m  Y=0.553m  conf=0.82  (累計偵測:391)
[04:59:39] [YOLO] ✓ 球 全域座標: X=-0.700m  Y=0.546m  conf=0.77  (累計偵測:396)
[04:59:40] [YOLO] ✗ 未偵測到球  (miss:91)
[04:59:41] [YOLO] ✓ 球 全域座標: X=-0.635m  Y=0.805m  conf=0.82  (累計偵測:400)
[04:59:41] [YOLO] ✓ 球 全域座標: X=-0.437m  Y=1.040m  conf=0.69  (累計偵測:405)
[04:59:41] [YOLO] ✓ 球 全域座標: X=-0.207m  Y=0.231m  conf=0.70  (累計偵測:410)
[04:59:42] [YOLO] ✓ 球 全域座標: X=-0.194m  Y=0.215m  conf=0.67  (累計偵測:415)
[04:59:42] [YOLO] ✓ 球 全域座標: X=-0.218m  Y=0.161m  conf=0.63  (累計偵測:420)
[04:59:42] [YOLO] ✓ 球 全域座標: X=-0.215m  Y=0.161m  conf=0.69  (累計偵測:425)
[04:59:42] [YOLO] ✓ 球 全域座標: X=-0.192m  Y=0.195m  conf=0.69  (累計偵測:430)
[04:59:43] [YOLO] ✓ 球 全域座標: X=-0.194m  Y=0.172m  conf=0.69  (累計偵測:435)
[04:59:43] [YOLO] ✓ 球 全域座標: X=-0.182m  Y=0.162m  conf=0.62  (累計偵測:440)
[04:59:43] [YOLO] ✓ 球 全域座標: X=-0.178m  Y=0.149m  conf=0.68  (累計偵測:445)
[04:59:43] [YOLO] ✓ 球 全域座標: X=+0.920m  Y=0.476m  conf=0.75  (累計偵測:450)
[04:59:43] [YOLO] ✓ 球 全域座標: X=-0.174m  Y=0.156m  conf=0.56  (累計偵測:455)
[04:59:44] [YOLO] ✓ 球 全域座標: X=-0.168m  Y=0.149m  conf=0.55  (累計偵測:460)
[04:59:44] [YOLO] ✓ 球 全域座標: X=-0.176m  Y=0.154m  conf=0.49  (累計偵測:465)
[04:59:44] [YOLO] ✓ 球 全域座標: X=-0.248m  Y=0.154m  conf=0.75  (累計偵測:470)
[04:59:44] [YOLO] ✓ 球 全域座標: X=+0.065m  Y=2.035m  conf=0.76  (累計偵測:475)
[04:59:46] [YOLO] ✗ 未偵測到球  (miss:161)
[04:59:48] [YOLO] ✗ 未偵測到球  (miss:211)
[04:59:51] [YOLO] ✗ 未偵測到球  (miss:261)
[04:59:55] [YOLO] ✗ 未偵測到球  (miss:311)
[04:59:58] [YOLO] ✗ 未偵測到球  (miss:361)
[05:00:01] [YOLO] ✗ 未偵測到球  (miss:411)
[05:00:04] [YOLO] ✗ 未偵測到球  (miss:461)
[05:00:07] [YOLO] ✗ 未偵測到球  (miss:511)
[05:00:10] [YOLO] ✗ 未偵測到球  (miss:561)
[05:00:11] [YOLO] ✓ 球 全域座標: X=+0.136m  Y=2.546m  conf=0.85  (累計偵測:480)
[05:00:11] [YOLO] ✓ 球 全域座標: X=+0.053m  Y=2.238m  conf=0.93  (累計偵測:485)
[05:00:12] [YOLO] ✓ 球 全域座標: X=+0.028m  Y=2.233m  conf=0.93  (累計偵測:490)
[05:00:12] [YOLO] ✓ 球 全域座標: X=+0.015m  Y=2.229m  conf=0.93  (累計偵測:495)
[05:00:12] [YOLO] ✓ 球 全域座標: X=-0.020m  Y=2.235m  conf=0.94  (累計偵測:500)
[05:00:12] [YOLO] ✓ 球 全域座標: X=-0.027m  Y=2.228m  conf=0.93  (累計偵測:505)
[05:00:13] [YOLO] ✓ 球 全域座標: X=-0.029m  Y=2.227m  conf=0.92  (累計偵測:510)
[05:00:13] [YOLO] ✓ 球 全域座標: X=-0.030m  Y=2.222m  conf=0.93  (累計偵測:515)
[05:00:13] [YOLO] ✓ 球 全域座標: X=-0.027m  Y=2.237m  conf=0.93  (累計偵測:520)
[05:00:13] [YOLO] ✓ 球 全域座標: X=-0.022m  Y=2.241m  conf=0.94  (累計偵測:525)
[05:00:14] [YOLO] ✓ 球 全域座標: X=-0.019m  Y=2.240m  conf=0.93  (累計偵測:530)
[05:00:14] [YOLO] ✓ 球 全域座標: X=-0.011m  Y=2.234m  conf=0.92  (累計偵測:535)
[05:00:14] [YOLO] ✓ 球 全域座標: X=-0.011m  Y=2.233m  conf=0.92  (累計偵測:540)
[05:00:15] [YOLO] ✓ 球 全域座標: X=-0.012m  Y=2.233m  conf=0.92  (累計偵測:545)
[05:00:15] [YOLO] ✓ 球 全域座標: X=-0.011m  Y=2.234m  conf=0.92  (累計偵測:550)
[05:00:15] [YOLO] ✓ 球 全域座標: X=-0.012m  Y=2.231m  conf=0.92  (累計偵測:555)
[05:00:16] [YOLO] ✓ 球 全域座標: X=-0.011m  Y=2.234m  conf=0.93  (累計偵測:560)
[05:00:16] [YOLO] ✓ 球 全域座標: X=-0.012m  Y=2.237m  conf=0.92  (累計偵測:565)
[05:00:16] [YOLO] ✓ 球 全域座標: X=-0.011m  Y=2.234m  conf=0.91  (累計偵測:570)
[05:00:16] [YOLO] ✓ 球 全域座標: X=-0.012m  Y=2.231m  conf=0.92  (累計偵測:575)
[05:00:17] [YOLO] ✓ 球 全域座標: X=-0.011m  Y=2.235m  conf=0.91  (累計偵測:580)
[05:00:17] [YOLO] ✓ 球 全域座標: X=-0.012m  Y=2.232m  conf=0.92  (累計偵測:585)
[05:00:17] [YOLO] ✓ 球 全域座標: X=-0.011m  Y=2.236m  conf=0.92  (累計偵測:590)
[05:00:17] [YOLO] ✓ 球 全域座標: X=-0.011m  Y=2.236m  conf=0.92  (累計偵測:595)
[05:00:18] [YOLO] ✓ 球 全域座標: X=-0.011m  Y=2.234m  conf=0.92  (累計偵測:600)
[05:00:18] [YOLO] ✓ 球 全域座標: X=-0.011m  Y=2.234m  conf=0.92  (累計偵測:605)
[05:00:19] [YOLO] ✓ 球 全域座標: X=-0.012m  Y=2.232m  conf=0.92  (累計偵測:610)
[05:00:19] [YOLO] ✓ 球 全域座標: X=-0.012m  Y=2.235m  conf=0.92  (累計偵測:615)
[05:00:19] [YOLO] ✓ 球 全域座標: X=-0.012m  Y=2.237m  conf=0.92  (累計偵測:620)
[05:00:19] [YOLO] ✓ 球 全域座標: X=-0.011m  Y=2.236m  conf=0.92  (累計偵測:625)
[05:00:20] [YOLO] ✓ 球 全域座標: X=-0.011m  Y=2.232m  conf=0.92  (累計偵測:630)
[05:00:20] [YOLO] ✓ 球 全域座標: X=-0.011m  Y=2.232m  conf=0.92  (累計偵測:635)
[05:00:21] [YOLO] ✓ 球 全域座標: X=-0.011m  Y=2.231m  conf=0.92  (累計偵測:640)
[05:00:21] [YOLO] ✓ 球 全域座標: X=-0.011m  Y=2.230m  conf=0.92  (累計偵測:645)
[05:00:21] [YOLO] ✓ 球 全域座標: X=-0.011m  Y=2.235m  conf=0.91  (累計偵測:650)
[05:00:22] [YOLO] ✓ 球 全域座標: X=-0.011m  Y=2.234m  conf=0.91  (累計偵測:655)
[05:00:22] [YOLO] ✓ 球 全域座標: X=-0.016m  Y=2.244m  conf=0.91  (累計偵測:660)
[05:00:22] [YOLO] ✓ 球 全域座標: X=-0.012m  Y=2.242m  conf=0.90  (累計偵測:665)
[05:00:23] [YOLO] ✓ 球 全域座標: X=-0.001m  Y=2.218m  conf=0.92  (累計偵測:670)
[05:00:23] [YOLO] ✓ 球 全域座標: X=+0.002m  Y=2.303m  conf=0.87  (累計偵測:675)
[05:00:23] [YOLO] ✓ 球 全域座標: X=-0.020m  Y=2.726m  conf=0.91  (累計偵測:680)
[05:00:23] [YOLO] ✓ 球 全域座標: X=-0.031m  Y=2.947m  conf=0.90  (累計偵測:685)
[05:00:24] [YOLO] ✓ 球 全域座標: X=-0.039m  Y=3.126m  conf=0.92  (累計偵測:690)
[05:00:24] [YOLO] ✓ 球 全域座標: X=-0.059m  Y=3.435m  conf=0.86  (累計偵測:695)
[05:00:25] [YOLO] ✓ 球 全域座標: X=-0.069m  Y=3.594m  conf=0.83  (累計偵測:700)
[05:00:25] [YOLO] ✓ 球 全域座標: X=-0.076m  Y=3.854m  conf=0.83  (累計偵測:705)
[05:00:25] [YOLO] ✓ 球 全域座標: X=-0.081m  Y=4.165m  conf=0.76  (累計偵測:710)
[05:00:25] [YOLO] ✓ 球 全域座標: X=-0.033m  Y=4.254m  conf=0.83  (累計偵測:715)
[05:00:26] [YOLO] ✓ 球 全域座標: X=-0.036m  Y=4.214m  conf=0.81  (累計偵測:720)
[05:00:26] [YOLO] ✓ 球 全域座標: X=-0.042m  Y=4.225m  conf=0.79  (累計偵測:725)
[05:00:26] [YOLO] ✓ 球 全域座標: X=-0.044m  Y=4.205m  conf=0.79  (累計偵測:730)
[05:00:27] [YOLO] ✓ 球 全域座標: X=-0.039m  Y=4.209m  conf=0.80  (累計偵測:735)
[05:00:27] [YOLO] ✓ 球 全域座標: X=-0.036m  Y=4.206m  conf=0.84  (累計偵測:740)
[05:00:28] [YOLO] ✓ 球 全域座標: X=-0.034m  Y=4.232m  conf=0.81  (累計偵測:745)
[05:00:28] [YOLO] ✓ 球 全域座標: X=-0.034m  Y=4.217m  conf=0.81  (累計偵測:750)
[05:00:28] [YOLO] ✓ 球 全域座標: X=-0.031m  Y=4.201m  conf=0.83  (累計偵測:755)
[05:00:29] [YOLO] ✓ 球 全域座標: X=-0.028m  Y=4.193m  conf=0.83  (累計偵測:760)
[05:00:29] [YOLO] ✓ 球 全域座標: X=-0.032m  Y=4.200m  conf=0.82  (累計偵測:765)
[05:00:30] [YOLO] ✓ 球 全域座標: X=-0.027m  Y=4.211m  conf=0.89  (累計偵測:770)
[05:00:30] [YOLO] ✓ 球 全域座標: X=-0.026m  Y=4.201m  conf=0.88  (累計偵測:775)
[05:00:30] [YOLO] ✓ 球 全域座標: X=-0.031m  Y=4.192m  conf=0.88  (累計偵測:780)
[05:00:31] [YOLO] ✓ 球 全域座標: X=-0.028m  Y=4.219m  conf=0.87  (累計偵測:785)
[05:00:31] [YOLO] ✓ 球 全域座標: X=-0.028m  Y=4.223m  conf=0.87  (累計偵測:790)
[05:00:31] [YOLO] ✓ 球 全域座標: X=-0.032m  Y=4.209m  conf=0.87  (累計偵測:795)
[05:00:31] [YOLO] ✓ 球 全域座標: X=-0.032m  Y=4.201m  conf=0.86  (累計偵測:800)
[05:00:32] [YOLO] ✓ 球 全域座標: X=-0.031m  Y=4.222m  conf=0.84  (累計偵測:805)
[05:00:32] [YOLO] ✓ 球 全域座標: X=-0.033m  Y=4.226m  conf=0.87  (累計偵測:810)
[05:00:32] [YOLO] ✓ 球 全域座標: X=-0.015m  Y=4.255m  conf=0.86  (累計偵測:815)
[05:00:33] [YOLO] ✓ 球 全域座標: X=-0.012m  Y=4.268m  conf=0.87  (累計偵測:820)
[05:00:33] [YOLO] ✓ 球 全域座標: X=-0.008m  Y=4.277m  conf=0.87  (累計偵測:825)
[05:00:33] [YOLO] ✓ 球 全域座標: X=-0.006m  Y=4.260m  conf=0.88  (累計偵測:830)
[05:00:34] [YOLO] ✓ 球 全域座標: X=-0.010m  Y=3.955m  conf=0.91  (累計偵測:835)
[05:00:34] [YOLO] ✓ 球 全域座標: X=+0.010m  Y=3.477m  conf=0.90  (累計偵測:840)
[05:00:35] [YOLO] ✓ 球 全域座標: X=+0.020m  Y=3.121m  conf=0.90  (累計偵測:845)
[05:00:35] [YOLO] ✓ 球 全域座標: X=+0.034m  Y=2.487m  conf=0.91  (累計偵測:850)
[05:00:35] [YOLO] ✓ 球 全域座標: X=+0.038m  Y=2.224m  conf=0.92  (累計偵測:855)
[05:00:36] [YOLO] ✓ 球 全域座標: X=+0.054m  Y=1.648m  conf=0.93  (累計偵測:860)
[05:00:36] [YOLO] ✓ 球 全域座標: X=+0.054m  Y=1.462m  conf=0.95  (累計偵測:865)
[05:00:37] [YOLO] ✓ 球 全域座標: X=+0.070m  Y=0.965m  conf=0.96  (累計偵測:870)
[05:00:37] [YOLO] ✓ 球 全域座標: X=+0.076m  Y=0.841m  conf=0.94  (累計偵測:875)
[05:00:37] [YOLO] ✓ 球 全域座標: X=+0.076m  Y=0.704m  conf=0.95  (累計偵測:880)
[05:00:38] [YOLO] ✓ 球 全域座標: X=+0.242m  Y=0.624m  conf=0.92  (累計偵測:885)
[05:00:38] [YOLO] ✓ 球 全域座標: X=+0.352m  Y=0.618m  conf=0.94  (累計偵測:890)
[05:00:38] [YOLO] ✓ 球 全域座標: X=+0.539m  Y=0.605m  conf=0.95  (累計偵測:895)
[05:00:38] [YOLO] ✓ 球 全域座標: X=+0.589m  Y=0.589m  conf=0.96  (累計偵測:900)
[05:00:39] [YOLO] ✓ 球 全域座標: X=+0.625m  Y=0.577m  conf=0.96  (累計偵測:905)
[05:00:39] [YOLO] ✓ 球 全域座標: X=+0.752m  Y=0.525m  conf=0.96  (累計偵測:910)
[05:00:40] [YOLO] ✓ 球 全域座標: X=+0.782m  Y=0.500m  conf=0.96  (累計偵測:915)
[05:00:40] [YOLO] ✓ 球 全域座標: X=+0.879m  Y=0.426m  conf=0.97  (累計偵測:920)
[05:00:40] [YOLO] ✓ 球 全域座標: X=+0.906m  Y=0.412m  conf=0.96  (累計偵測:925)
[05:00:41] [YOLO] ✓ 球 全域座標: X=+0.934m  Y=0.405m  conf=0.96  (累計偵測:930)
[05:00:41] [YOLO] ✓ 球 全域座標: X=+0.895m  Y=0.313m  conf=0.92  (累計偵測:935)
[05:00:41] [YOLO] ✓ 球 全域座標: X=+0.906m  Y=0.285m  conf=0.90  (累計偵測:940)
[05:00:41] [YOLO] ✓ 球 全域座標: X=+0.898m  Y=0.270m  conf=0.76  (累計偵測:945)
[05:00:42] [YOLO] ✓ 球 全域座標: X=+0.944m  Y=0.325m  conf=0.65  (累計偵測:950)
[05:00:42] [YOLO] ✓ 球 全域座標: X=+0.995m  Y=0.420m  conf=0.96  (累計偵測:955)
[05:00:42] [YOLO] ✓ 球 全域座標: X=+1.120m  Y=0.733m  conf=0.97  (累計偵測:960)
[05:00:43] [YOLO] ✓ 球 全域座標: X=+1.228m  Y=1.129m  conf=0.97  (累計偵測:965)
[05:00:43] [YOLO] ✓ 球 全域座標: X=+1.308m  Y=1.443m  conf=0.94  (累計偵測:970)
[05:00:43] [YOLO] ✓ 球 全域座標: X=+1.208m  Y=1.874m  conf=0.76  (累計偵測:975)
[05:00:44] [YOLO] ✓ 球 全域座標: X=+1.012m  Y=2.190m  conf=0.86  (累計偵測:980)
[05:00:44] [YOLO] ✓ 球 全域座標: X=+0.803m  Y=2.484m  conf=0.87  (累計偵測:985)
[05:00:44] [YOLO] ✓ 球 全域座標: X=+0.135m  Y=2.516m  conf=0.95  (累計偵測:990)
[05:00:45] [YOLO] ✓ 球 全域座標: X=-0.491m  Y=2.285m  conf=0.91  (累計偵測:995)
[05:00:45] [YOLO] ✓ 球 全域座標: X=-0.886m  Y=2.142m  conf=0.94  (累計偵測:1000)
[05:00:46] [YOLO] ✓ 球 全域座標: X=-1.339m  Y=1.975m  conf=0.86  (累計偵測:1005)
[05:00:46] [YOLO] ✓ 球 全域座標: X=-1.254m  Y=1.905m  conf=0.92  (累計偵測:1010)
[05:00:46] [YOLO] ✓ 球 全域座標: X=-1.097m  Y=1.858m  conf=0.92  (累計偵測:1015)
[05:00:47] [YOLO] ✓ 球 全域座標: X=-1.026m  Y=1.849m  conf=0.94  (累計偵測:1020)
[05:00:47] [YOLO] ✓ 球 全域座標: X=-0.979m  Y=1.859m  conf=0.94  (累計偵測:1025)
[05:00:48] [YOLO] ✓ 球 全域座標: X=-0.852m  Y=1.846m  conf=0.95  (累計偵測:1030)
[05:00:48] [YOLO] ✓ 球 全域座標: X=-0.780m  Y=1.863m  conf=0.96  (累計偵測:1035)
[05:00:48] [YOLO] ✓ 球 全域座標: X=-0.699m  Y=2.124m  conf=0.92  (累計偵測:1040)
[05:00:49] [YOLO] ✓ 球 全域座標: X=-0.681m  Y=2.185m  conf=0.94  (累計偵測:1045)
[05:00:49] [YOLO] ✓ 球 全域座標: X=-0.649m  Y=2.282m  conf=0.93  (累計偵測:1050)
[05:00:49] [YOLO] ✓ 球 全域座標: X=-0.600m  Y=2.446m  conf=0.92  (累計偵測:1055)
[05:00:50] [YOLO] ✓ 球 全域座標: X=-0.552m  Y=2.566m  conf=0.95  (累計偵測:1060)
[05:00:50] [YOLO] ✓ 球 全域座標: X=-0.601m  Y=2.647m  conf=0.92  (累計偵測:1065)
[05:00:50] [YOLO] ✓ 球 全域座標: X=-0.647m  Y=2.755m  conf=0.91  (累計偵測:1070)
[05:00:51] [YOLO] ✓ 球 全域座標: X=-0.682m  Y=2.874m  conf=0.85  (累計偵測:1075)
[05:00:51] [YOLO] ✓ 球 全域座標: X=-0.667m  Y=2.867m  conf=0.90  (累計偵測:1080)
[05:00:51] [YOLO] ✓ 球 全域座標: X=-0.672m  Y=3.025m  conf=0.87  (累計偵測:1085)
[05:00:52] [YOLO] ✓ 球 全域座標: X=-0.683m  Y=3.104m  conf=0.84  (累計偵測:1090)
[05:00:52] [YOLO] ✓ 球 全域座標: X=-0.774m  Y=3.105m  conf=0.88  (累計偵測:1095)
[05:00:52] [YOLO] ✓ 球 全域座標: X=-0.810m  Y=3.120m  conf=0.87  (累計偵測:1100)
[05:00:53] [YOLO] ✓ 球 全域座標: X=-0.826m  Y=3.114m  conf=0.86  (累計偵測:1105)
[05:00:53] [YOLO] ✓ 球 全域座標: X=-0.730m  Y=3.236m  conf=0.82  (累計偵測:1110)
[05:00:53] [YOLO] ✓ 球 全域座標: X=-0.539m  Y=3.492m  conf=0.82  (累計偵測:1115)
[05:00:54] [YOLO] ✓ 球 全域座標: X=+0.295m  Y=4.584m  conf=0.58  (累計偵測:1119)
[05:00:54] [YOLO] ✓ 球 全域座標: X=+1.009m  Y=5.334m  conf=0.46  (累計偵測:1124)
[05:00:57] [YOLO] ✗ 未偵測到球  (miss:621)
[05:01:00] [YOLO] ✓ 球 全域座標: X=+0.938m  Y=4.708m  conf=0.63  (累計偵測:1125)
[05:01:00] [YOLO] ✓ 球 全域座標: X=+0.806m  Y=4.367m  conf=0.72  (累計偵測:1130)
[05:01:01] [YOLO] ✓ 球 全域座標: X=+0.470m  Y=3.460m  conf=0.87  (累計偵測:1135)
[05:01:01] [YOLO] ✓ 球 全域座標: X=+0.363m  Y=3.142m  conf=0.87  (累計偵測:1140)
[05:01:01] [YOLO] ✓ 球 全域座標: X=+0.242m  Y=2.784m  conf=0.88  (累計偵測:1145)
[05:01:02] [YOLO] ✓ 球 全域座標: X=-0.105m  Y=1.820m  conf=0.93  (累計偵測:1150)
[05:01:02] [YOLO] ✓ 球 全域座標: X=-0.228m  Y=1.488m  conf=0.92  (累計偵測:1155)
[05:01:03] [YOLO] ✓ 球 全域座標: X=-0.465m  Y=0.793m  conf=0.94  (累計偵測:1160)
[05:01:03] [YOLO] ✓ 球 全域座標: X=-0.570m  Y=0.336m  conf=0.89  (累計偵測:1165)
[05:01:06] [YOLO] ✗ 未偵測到球  (miss:711)
[05:01:10] [YOLO] ✗ 未偵測到球  (miss:761)
[05:01:13] [YOLO] ✗ 未偵測到球  (miss:811)
[05:01:16] [YOLO] ✗ 未偵測到球  (miss:861)
[05:01:19] [YOLO] ✗ 未偵測到球  (miss:911)
[05:01:21] [YOLO] ✗ 未偵測到球  (miss:961)
[05:01:24] [YOLO] ✗ 未偵測到球  (miss:1011)
[05:01:26] [YOLO] ✗ 未偵測到球  (miss:1061)
[05:01:29] [YOLO] ✗ 未偵測到球  (miss:1111)
[05:01:31] [YOLO] ✗ 未偵測到球  (miss:1161)
[05:01:33] [YOLO] ✗ 未偵測到球  (miss:1211)
[05:01:35] [YOLO] ✗ 未偵測到球  (miss:1261)
[05:01:37] [YOLO] ✗ 未偵測到球  (miss:1311)
[05:01:40] [YOLO] ✗ 未偵測到球  (miss:1361)
[05:01:42] [YOLO] ✗ 未偵測到球  (miss:1411)
[05:01:44] [YOLO] ✗ 未偵測到球  (miss:1461)
[05:01:46] [YOLO] ✗ 未偵測到球  (miss:1511)
[05:01:48] [YOLO] ✗ 未偵測到球  (miss:1561)
[05:01:50] [YOLO] ✗ 未偵測到球  (miss:1611)
[05:01:52] [YOLO] ✗ 未偵測到球  (miss:1661)
[05:01:53] [YOLO] ✗ 未偵測到球  (miss:1711)
[05:01:55] [YOLO] ✗ 未偵測到球  (miss:1761)
[05:01:57] [YOLO] ✗ 未偵測到球  (miss:1811)
[05:01:58] [YOLO] ✗ 未偵測到球  (miss:1861)
[05:02:00] [YOLO] ✗ 未偵測到球  (miss:1911)
[05:02:02] [YOLO] ✗ 未偵測到球  (miss:1961)
[05:02:03] [YOLO] ✗ 未偵測到球  (miss:2011)
[05:02:05] [YOLO] ✗ 未偵測到球  (miss:2061)
[05:02:07] [YOLO] ✗ 未偵測到球  (miss:2111)
[05:02:08] [YOLO] ✗ 未偵測到球  (miss:2161)
[05:02:10] [YOLO] ✗ 未偵測到球  (miss:2211)
[05:02:12] [YOLO] ✗ 未偵測到球  (miss:2261)
[05:02:13] [YOLO] ✗ 未偵測到球  (miss:2311)
[05:02:15] [YOLO] ✗ 未偵測到球  (miss:2361)
[05:02:17] [YOLO] ✗ 未偵測到球  (miss:2411)
[05:02:18] [YOLO] ✗ 未偵測到球  (miss:2461)
[05:02:20] [YOLO] ✗ 未偵測到球  (miss:2511)
[05:02:22] [YOLO] ✗ 未偵測到球  (miss:2561)
[05:02:23] [YOLO] ✗ 未偵測到球  (miss:2611)
[05:02:25] [YOLO] ✗ 未偵測到球  (miss:2661)
[05:02:27] [YOLO] ✗ 未偵測到球  (miss:2711)
