[01:20:31] [0m[INFO] [1779729609.923953023]: [EKF] ???????????????????????? EKF ??????[0m
[01:20:31] [0m[INFO] [1779729612.123941718]: [EKF] Pose X=0.08 Y=0.47 Theta=0.01 var_x=0.0018 posts=2[0m
[01:20:31] [0m[INFO] [1779729614.723928447]: [EKF] Pose X=0.08 Y=0.47 Theta=0.01 var_x=0.0017 posts=2[0m
[01:20:31] [0m[INFO] [1779729617.324206031]: [EKF] Pose X=0.38 Y=0.47 Theta=-0.01 var_x=0.0017 posts=2[0m
[01:20:31] [0m[INFO] [1779729620.024369234]: [EKF] Pose X=-0.10 Y=0.47 Theta=0.03 var_x=0.0017 posts=2[0m
[01:20:31] [0m[INFO] [1779729622.724055727]: [EKF] Pose X=-0.29 Y=0.46 Theta=0.01 var_x=0.0017 posts=2[0m
[01:20:31] [0m[INFO] [1779729625.374503111]: [EKF] Pose X=0.20 Y=0.46 Theta=-0.01 var_x=0.0017 posts=2[0m
[01:20:31] [0m[INFO] [1779729628.024171321]: [EKF] Pose X=0.18 Y=0.46 Theta=-0.01 var_x=0.0017 posts=2[0m
[01:20:31] [0m[INFO] [1779729630.674444835]: [EKF] Pose X=-0.31 Y=0.46 Theta=0.03 var_x=0.0017 posts=2[0m
[01:20:54] [0m[INFO] [1779729633.424299949]: [EKF] Pose X=-0.08 Y=0.46 Theta=0.01 var_x=0.0017 posts=2[0m
[01:20:54] [0m[INFO] [1779729636.174134996]: [EKF] Pose X=0.41 Y=0.45 Theta=0.02 var_x=0.0017 posts=2[0m
[01:20:54] [0m[INFO] [1779729638.774452478]: [EKF] Pose X=-0.03 Y=0.46 Theta=0.01 var_x=0.0017 posts=2[0m
[01:20:54] [0m[INFO] [1779729641.424392135]: [EKF] Pose X=-0.36 Y=0.45 Theta=0.01 var_x=0.0017 posts=2[0m
[01:20:54] [0m[INFO] [1779729644.074358733]: [EKF] Pose X=0.11 Y=0.45 Theta=-0.01 var_x=0.0017 posts=2[0m
[01:20:54] [0m[INFO] [1779729646.773941461]: [EKF] Pose X=0.26 Y=0.45 Theta=0.05 var_x=0.0016 posts=2[0m
[01:20:54] [0m[INFO] [1779729649.374186030]: [EKF] Pose X=-0.22 Y=0.46 Theta=0.02 var_x=0.0017 posts=2[0m
[01:20:54] [0m[INFO] [1779729652.123977803]: [EKF] Pose X=-0.17 Y=0.45 Theta=-0.01 var_x=0.0017 posts=2[0m
[01:21:17] [0m[INFO] [1779729654.724106458]: [EKF] Pose X=0.31 Y=0.45 Theta=0.01 var_x=0.0017 posts=2[0m
[01:21:17] [0m[INFO] [1779729657.374058370]: [EKF] Pose X=0.08 Y=0.45 Theta=-0.03 var_x=0.0017 posts=2[0m
[01:21:17] [0m[INFO] [1779729660.074216832]: [EKF] Pose X=-0.41 Y=0.46 Theta=0.01 var_x=0.0017 posts=2[0m
[01:21:17] [0m[INFO] [1779729662.723934490]: [EKF] Pose X=0.01 Y=0.46 Theta=-0.02 var_x=0.0017 posts=2[0m
[01:21:17] [0m[INFO] [1779729665.374231055]: [EKF] Pose X=0.37 Y=0.45 Theta=-0.01 var_x=0.0017 posts=2[0m
[01:21:17] [0m[INFO] [1779729668.123977177]: [EKF] Pose X=-0.13 Y=0.46 Theta=0.01 var_x=0.0017 posts=2[0m
[01:21:17] [0m[INFO] [1779729670.674239473]: [EKF] Pose X=-0.28 Y=0.45 Theta=-0.00 var_x=0.0017 posts=2[0m
[01:21:17] [0m[INFO] [1779729673.424267338]: [EKF] Pose X=0.22 Y=0.45 Theta=-0.03 var_x=0.0017 posts=2[0m
[01:21:17] [0m[INFO] [1779729676.073978555]: [EKF] Pose X=0.17 Y=0.46 Theta=-0.03 var_x=0.0017 posts=2[0m
