[01:33:56] [INFO] [1779730436.214247]: ==================================================
[01:33:56] [INFO] [1779730436.218635]: [Fusion] 節點啟動
[01:33:56] [INFO] [1779730436.222675]: [Fusion] 防守線 Y = 0.50 m
[01:33:56] [INFO] [1779730436.226486]: [Fusion] 訂閱 /ball_camera_world, /ball_lidar_world, /robot_pose
[01:33:56] [INFO] [1779730436.229009]: [Fusion] 發布 /cmd_vel
[01:33:56] [INFO] [1779730436.231253]: ==================================================
[01:33:56] [33m[WARN] [1779730436.258257]: [Fusion] 定位收斂！var_x=0.0017 → 切換至絕對位置控制
[01:33:56] [INFO] [1779730436.259170]: [Fusion] odom 原點記錄：X=-3.565
[01:33:56] [INFO] [1779730436.303908]: [PATROL-ABS] 目標X=+0.45 機器人X=+0.09 誤差=+0.36
[01:33:56] [INFO] [1779730436.903586]: [PATROL-ABS] 目標X=+0.45 機器人X=+0.14 誤差=+0.31
[01:33:57] [INFO] [1779730437.503426]: [PATROL-ABS] 目標X=+0.45 機器人X=+0.24 誤差=+0.21
[01:33:58] [INFO] [1779730438.003591]: [PATROL-ABS] 目標X=+0.45 機器人X=+0.33 誤差=+0.12
[01:33:58] [INFO] [1779730438.603284]: [PATROL-ABS] 目標X=-0.45 機器人X=+0.42 誤差=-0.87
[01:33:59] [INFO] [1779730439.203479]: [PATROL-ABS] 目標X=-0.45 機器人X=+0.34 誤差=-0.79
[01:33:59] [INFO] [1779730439.803483]: [PATROL-ABS] 目標X=-0.45 機器人X=+0.24 誤差=-0.69
[01:34:00] [INFO] [1779730440.303547]: [PATROL-ABS] 目標X=-0.45 機器人X=+0.15 誤差=-0.60
[01:34:00] [INFO] [1779730440.903043]: [PATROL-ABS] 目標X=-0.45 機器人X=+0.05 誤差=-0.50
[01:34:01] [INFO] [1779730441.403409]: [PATROL-ABS] 目標X=-0.45 機器人X=-0.04 誤差=-0.41
[01:34:01] [INFO] [1779730441.903470]: [PATROL-ABS] 目標X=-0.45 機器人X=-0.14 誤差=-0.31
[01:34:02] [INFO] [1779730442.503036]: [PATROL-ABS] 目標X=-0.45 機器人X=-0.25 誤差=-0.20
[01:34:03] [INFO] [1779730443.003641]: [PATROL-ABS] 目標X=-0.45 機器人X=-0.34 誤差=-0.11
[01:34:03] [INFO] [1779730443.603508]: [PATROL-ABS] 目標X=+0.45 機器人X=-0.42 誤差=+0.87
[01:34:04] [INFO] [1779730444.203380]: [PATROL-ABS] 目標X=+0.45 機器人X=-0.35 誤差=+0.80
[01:34:04] [INFO] [1779730444.703520]: [PATROL-ABS] 目標X=+0.45 機器人X=-0.27 誤差=+0.72
[01:34:05] [INFO] [1779730445.203660]: [PATROL-ABS] 目標X=+0.45 機器人X=-0.18 誤差=+0.63
[01:34:05] [INFO] [1779730445.803440]: [PATROL-ABS] 目標X=+0.45 機器人X=-0.07 誤差=+0.52
[01:34:06] [INFO] [1779730446.403251]: [PATROL-ABS] 目標X=+0.45 機器人X=+0.04 誤差=+0.41
[01:34:07] [INFO] [1779730447.003953]: [PATROL-ABS] 目標X=+0.45 機器人X=+0.15 誤差=+0.30
[01:34:07] [INFO] [1779730447.603595]: [PATROL-ABS] 目標X=+0.45 機器人X=+0.26 誤差=+0.19
[01:34:08] [INFO] [1779730448.203272]: [PATROL-ABS] 目標X=+0.45 機器人X=+0.37 誤差=+0.08
[01:34:08] [INFO] [1779730448.703426]: [PATROL-ABS] 目標X=-0.45 機器人X=+0.42 誤差=-0.87
[01:34:09] [INFO] [1779730449.303596]: [PATROL-ABS] 目標X=-0.45 機器人X=+0.33 誤差=-0.78
[01:34:09] [INFO] [1779730449.903408]: [PATROL-ABS] 目標X=-0.45 機器人X=+0.23 誤差=-0.68
[01:34:10] [INFO] [1779730450.403506]: [PATROL-ABS] 目標X=-0.45 機器人X=+0.14 誤差=-0.59
[01:34:10] [INFO] [1779730450.903595]: [PATROL-ABS] 目標X=-0.45 機器人X=+0.05 誤差=-0.50
[01:34:11] [INFO] [1779730451.503405]: [PATROL-ABS] 目標X=-0.45 機器人X=-0.06 誤差=-0.39
[01:34:12] [INFO] [1779730452.003660]: [PATROL-ABS] 目標X=-0.45 機器人X=-0.15 誤差=-0.30
[01:34:12] [INFO] [1779730452.603532]: [PATROL-ABS] 目標X=-0.45 機器人X=-0.26 誤差=-0.19
[01:34:13] [INFO] [1779730453.203109]: [PATROL-ABS] 目標X=+0.45 機器人X=-0.37 誤差=-0.08
[01:34:13] [INFO] [1779730453.703160]: [PATROL-ABS] 目標X=+0.45 機器人X=-0.42 誤差=+0.87
[01:34:14] [INFO] [1779730454.203628]: [PATROL-ABS] 目標X=+0.45 機器人X=-0.35 誤差=+0.80
[01:34:14] [INFO] [1779730454.803560]: [PATROL-ABS] 目標X=+0.45 機器人X=-0.25 誤差=+0.70
[01:34:15] [INFO] [1779730455.403426]: [PATROL-ABS] 目標X=+0.45 機器人X=-0.15 誤差=+0.60
[01:34:16] [INFO] [1779730456.003301]: [PATROL-ABS] 目標X=+0.45 機器人X=-0.04 誤差=+0.49
[01:34:16] [INFO] [1779730456.603169]: [PATROL-ABS] 目標X=+0.45 機器人X=+0.07 誤差=+0.38
[01:34:17] [INFO] [1779730457.103242]: [PATROL-ABS] 目標X=+0.45 機器人X=+0.16 誤差=+0.29
[01:34:17] [INFO] [1779730457.703060]: [PATROL-ABS] 目標X=+0.45 機器人X=+0.27 誤差=+0.18
[01:34:18] [INFO] [1779730458.203541]: [PATROL-ABS] 目標X=+0.45 機器人X=+0.37 誤差=+0.08
[01:34:18] [INFO] [1779730458.703540]: [PATROL-ABS] 目標X=-0.45 機器人X=+0.42 誤差=-0.87
[01:34:19] [INFO] [1779730459.303263]: [PATROL-ABS] 目標X=-0.45 機器人X=+0.33 誤差=-0.78
[01:34:19] [INFO] [1779730459.803530]: [PATROL-ABS] 目標X=-0.45 機器人X=+0.25 誤差=-0.70
[01:34:20] [INFO] [1779730460.403281]: [PATROL-ABS] 目標X=-0.45 機器人X=+0.14 誤差=-0.59
[01:34:21] [INFO] [1779730461.003129]: [PATROL-ABS] 目標X=-0.45 機器人X=+0.03 誤差=-0.48
[01:34:21] [INFO] [1779730461.503362]: [PATROL-ABS] 目標X=-0.45 機器人X=-0.06 誤差=-0.39
[01:34:22] [INFO] [1779730462.003452]: [PATROL-ABS] 目標X=-0.45 機器人X=-0.15 誤差=-0.30
[01:34:22] [INFO] [1779730462.603440]: [PATROL-ABS] 目標X=-0.45 機器人X=-0.26 誤差=-0.19
[01:34:23] [INFO] [1779730463.203577]: [PATROL-ABS] 目標X=+0.45 機器人X=-0.37 誤差=-0.08
[01:34:23] [INFO] [1779730463.803651]: [PATROL-ABS] 目標X=+0.45 機器人X=-0.41 誤差=+0.86
[01:34:24] [INFO] [1779730464.403313]: [PATROL-ABS] 目標X=+0.45 機器人X=-0.32 誤差=+0.77
[01:34:25] [INFO] [1779730465.003466]: [PATROL-ABS] 目標X=+0.45 機器人X=-0.22 誤差=+0.67
[01:34:25] [INFO] [1779730465.503513]: [PATROL-ABS] 目標X=+0.45 機器人X=-0.13 誤差=+0.58
[01:34:26] [INFO] [1779730466.003687]: [PATROL-ABS] 目標X=+0.45 機器人X=-0.04 誤差=+0.49
[01:34:26] [INFO] [1779730466.603396]: [PATROL-ABS] 目標X=+0.45 機器人X=+0.07 誤差=+0.38
[01:34:27] [INFO] [1779730467.203391]: [PATROL-ABS] 目標X=+0.45 機器人X=+0.18 誤差=+0.27
[01:34:27] [INFO] [1779730467.703697]: [PATROL-ABS] 目標X=+0.45 機器人X=+0.28 誤差=+0.17
[01:34:28] [INFO] [1779730468.303105]: [PATROL-ABS] 目標X=-0.45 機器人X=+0.39 誤差=-0.84
[01:34:28] [INFO] [1779730468.803192]: [PATROL-ABS] 目標X=-0.45 機器人X=+0.39 誤差=-0.84
[01:34:29] [INFO] [1779730469.303752]: [PATROL-ABS] 目標X=-0.45 機器人X=+0.31 誤差=-0.76
[01:34:29] [INFO] [1779730469.903521]: [PATROL-ABS] 目標X=-0.45 機器人X=+0.21 誤差=-0.66
[01:34:30] [INFO] [1779730470.503230]: [PATROL-ABS] 目標X=-0.45 機器人X=+0.10 誤差=-0.55
[01:34:31] [INFO] [1779730471.003752]: [PATROL-ABS] 目標X=-0.45 機器人X=+0.01 誤差=-0.46
[01:34:31] [INFO] [1779730471.603628]: [PATROL-ABS] 目標X=-0.45 機器人X=-0.10 誤差=-0.35
[01:34:32] [INFO] [1779730472.203466]: [PATROL-ABS] 目標X=-0.45 機器人X=-0.21 誤差=-0.24
[01:34:32] [INFO] [1779730472.703912]: [PATROL-ABS] 目標X=-0.45 機器人X=-0.31 誤差=-0.14
[01:34:33] [INFO] [1779730473.203968]: [PATROL-ABS] 目標X=+0.45 機器人X=-0.40 誤差=+0.85
[01:34:33] [INFO] [1779730473.803181]: [PATROL-ABS] 目標X=+0.45 機器人X=-0.40 誤差=+0.85
[01:34:34] [INFO] [1779730474.303340]: [PATROL-ABS] 目標X=+0.45 機器人X=-0.32 誤差=+0.77
[01:34:34] [INFO] [1779730474.803860]: [PATROL-ABS] 目標X=+0.45 機器人X=-0.24 誤差=+0.69
[01:34:35] [INFO] [1779730475.403426]: [PATROL-ABS] 目標X=+0.45 機器人X=-0.13 誤差=+0.58
[01:34:35] [INFO] [1779730475.903421]: [PATROL-ABS] 目標X=+0.45 機器人X=-0.04 誤差=+0.49
[01:34:36] [INFO] [1779730476.503357]: [PATROL-ABS] 目標X=+0.45 機器人X=+0.07 誤差=+0.38
[01:34:37] [INFO] [1779730477.103250]: [PATROL-ABS] 目標X=+0.45 機器人X=+0.18 誤差=+0.27
[01:34:37] [INFO] [1779730477.603366]: [PATROL-ABS] 目標X=+0.45 機器人X=+0.27 誤差=+0.18
[01:34:38] [INFO] [1779730478.103476]: [PATROL-ABS] 目標X=+0.45 機器人X=+0.37 誤差=+0.08
[01:34:38] [INFO] [1779730478.703328]: [PATROL-ABS] 目標X=-0.45 機器人X=+0.41 誤差=-0.86
[01:34:39] [INFO] [1779730479.303138]: [PATROL-ABS] 目標X=-0.45 機器人X=+0.31 誤差=-0.76
[01:34:39] [INFO] [1779730479.803391]: [PATROL-ABS] 目標X=-0.45 機器人X=+0.23 誤差=-0.68
[01:34:40] [INFO] [1779730480.403565]: [PATROL-ABS] 目標X=-0.45 機器人X=+0.12 誤差=-0.57
[01:34:41] [INFO] [1779730481.003129]: [PATROL-ABS] 目標X=-0.45 機器人X=+0.01 誤差=-0.46
[01:34:41] [INFO] [1779730481.503391]: [PATROL-ABS] 目標X=-0.45 機器人X=-0.08 誤差=-0.37
[01:34:42] [INFO] [1779730482.102932]: [PATROL-ABS] 目標X=-0.45 機器人X=-0.19 誤差=-0.26
[01:34:42] [INFO] [1779730482.603407]: [PATROL-ABS] 目標X=-0.45 機器人X=-0.28 誤差=-0.17
[01:34:43] [INFO] [1779730483.103444]: [PATROL-ABS] 目標X=+0.45 機器人X=-0.37 誤差=-0.08
[01:34:43] [INFO] [1779730483.604039]: [PATROL-ABS] 目標X=+0.45 機器人X=-0.42 誤差=+0.87
[01:34:44] [INFO] [1779730484.203022]: [PATROL-ABS] 目標X=+0.45 機器人X=-0.33 誤差=+0.78
[01:34:44] [INFO] [1779730484.703493]: [PATROL-ABS] 目標X=+0.45 機器人X=-0.25 誤差=+0.70
[01:34:45] [INFO] [1779730485.203597]: [PATROL-ABS] 目標X=+0.45 機器人X=-0.17 誤差=+0.62
[01:34:45] [INFO] [1779730485.803410]: [PATROL-ABS] 目標X=+0.45 機器人X=-0.06 誤差=+0.51
[01:34:46] [INFO] [1779730486.403471]: [PATROL-ABS] 目標X=+0.45 機器人X=+0.05 誤差=+0.40
[01:34:46] [INFO] [1779730486.903439]: [PATROL-ABS] 目標X=+0.45 機器人X=+0.14 誤差=+0.31
[01:34:47] [INFO] [1779730487.503322]: [PATROL-ABS] 目標X=+0.45 機器人X=+0.25 誤差=+0.20
[01:34:48] [INFO] [1779730488.003446]: [PATROL-ABS] 目標X=+0.45 機器人X=+0.35 誤差=+0.10
[01:34:48] [INFO] [1779730488.603253]: [PATROL-ABS] 目標X=-0.45 機器人X=+0.42 誤差=-0.87
[01:34:49] [INFO] [1779730489.103696]: [PATROL-ABS] 目標X=-0.45 機器人X=+0.35 誤差=-0.80
[01:34:49] [INFO] [1779730489.703048]: [PATROL-ABS] 目標X=-0.45 機器人X=+0.24 誤差=-0.69
[01:34:50] [INFO] [1779730490.203576]: [PATROL-ABS] 目標X=-0.45 機器人X=+0.16 誤差=-0.61
[01:34:50] [INFO] [1779730490.803444]: [PATROL-ABS] 目標X=-0.45 機器人X=+0.05 誤差=-0.50
[01:34:51] [INFO] [1779730491.403421]: [PATROL-ABS] 目標X=-0.45 機器人X=-0.06 誤差=-0.39
[01:34:51] [INFO] [1779730491.903569]: [PATROL-ABS] 目標X=-0.45 機器人X=-0.15 誤差=-0.30
[01:34:52] [INFO] [1779730492.403592]: [PATROL-ABS] 目標X=-0.45 機器人X=-0.24 誤差=-0.21
[01:34:53] [INFO] [1779730493.003265]: [PATROL-ABS] 目標X=-0.45 機器人X=-0.36 誤差=-0.09
[01:34:53] [INFO] [1779730493.503716]: [PATROL-ABS] 目標X=+0.45 機器人X=-0.42 誤差=+0.87
[01:34:54] [INFO] [1779730494.103307]: [PATROL-ABS] 目標X=+0.45 機器人X=-0.35 誤差=+0.80
[01:34:54] [INFO] [1779730494.603358]: [PATROL-ABS] 目標X=+0.45 機器人X=-0.27 誤差=+0.72
[01:34:55] [INFO] [1779730495.103413]: [PATROL-ABS] 目標X=+0.45 機器人X=-0.18 誤差=+0.63
[01:34:55] [INFO] [1779730495.603498]: [PATROL-ABS] 目標X=+0.45 機器人X=-0.09 誤差=+0.54
[01:34:56] [INFO] [1779730496.203145]: [PATROL-ABS] 目標X=+0.45 機器人X=+0.02 誤差=+0.43
[01:34:56] [INFO] [1779730496.703552]: [PATROL-ABS] 目標X=+0.45 機器人X=+0.11 誤差=+0.34
[01:34:57] [INFO] [1779730497.203663]: [PATROL-ABS] 目標X=+0.45 機器人X=+0.20 誤差=+0.25
[01:34:57] [INFO] [1779730497.803221]: [PATROL-ABS] 目標X=+0.45 機器人X=+0.31 誤差=+0.14
[01:34:58] [INFO] [1779730498.303524]: [PATROL-ABS] 目標X=-0.45 機器人X=+0.40 誤差=-0.85
[01:34:58] [INFO] [1779730498.803621]: [PATROL-ABS] 目標X=-0.45 機器人X=+0.39 誤差=-0.84
[01:34:59] [INFO] [1779730499.403090]: [PATROL-ABS] 目標X=-0.45 機器人X=+0.30 誤差=-0.75
[01:34:59] [INFO] [1779730499.903279]: [PATROL-ABS] 目標X=-0.45 機器人X=+0.21 誤差=-0.66
[01:35:00] [INFO] [1779730500.503444]: [PATROL-ABS] 目標X=-0.45 機器人X=+0.10 誤差=-0.55
[01:35:01] [INFO] [1779730501.103592]: [PATROL-ABS] 目標X=-0.45 機器人X=-0.00 誤差=-0.45
[01:35:01] [INFO] [1779730501.703260]: [PATROL-ABS] 目標X=-0.45 機器人X=-0.11 誤差=-0.34
[01:35:02] [INFO] [1779730502.203676]: [PATROL-ABS] 目標X=-0.45 機器人X=-0.21 誤差=-0.24
[01:35:02] [INFO] [1779730502.803690]: [PATROL-ABS] 目標X=-0.45 機器人X=-0.32 誤差=-0.13
[01:35:03] [INFO] [1779730503.403831]: [PATROL-ABS] 目標X=+0.45 機器人X=-0.42 誤差=+0.87
[01:35:04] [INFO] [1779730504.003345]: [PATROL-ABS] 目標X=+0.45 機器人X=-0.36 誤差=+0.81
[01:35:04] [INFO] [1779730504.503644]: [PATROL-ABS] 目標X=+0.45 機器人X=-0.28 誤差=+0.73
[01:35:05] [INFO] [1779730505.103543]: [PATROL-ABS] 目標X=+0.45 機器人X=-0.18 誤差=+0.63
[01:35:05] [INFO] [1779730505.703208]: [PATROL-ABS] 目標X=+0.45 機器人X=-0.07 誤差=+0.52
[01:35:06] [INFO] [1779730506.203622]: [PATROL-ABS] 目標X=+0.45 機器人X=+0.02 誤差=+0.43
[01:35:06] [INFO] [1779730506.803458]: [PATROL-ABS] 目標X=+0.45 機器人X=+0.13 誤差=+0.32
[01:35:07] [INFO] [1779730507.403223]: [PATROL-ABS] 目標X=+0.45 機器人X=+0.24 誤差=+0.21
[01:35:07] [INFO] [1779730507.903342]: [PATROL-ABS] 目標X=+0.45 機器人X=+0.33 誤差=+0.12
[01:35:08] [INFO] [1779730508.403515]: [PATROL-ABS] 目標X=-0.45 機器人X=+0.41 誤差=-0.86
[01:35:09] [INFO] [1779730509.003132]: [PATROL-ABS] 目標X=-0.45 機器人X=+0.34 誤差=-0.79
[01:35:09] [INFO] [1779730509.503473]: [PATROL-ABS] 目標X=-0.45 機器人X=+0.26 誤差=-0.71
[01:35:10] [INFO] [1779730510.003643]: [PATROL-ABS] 目標X=-0.45 機器人X=+0.17 誤差=-0.62
[01:35:10] [INFO] [1779730510.603367]: [PATROL-ABS] 目標X=-0.45 機器人X=+0.06 誤差=-0.51
[01:35:11] [INFO] [1779730511.103685]: [PATROL-ABS] 目標X=-0.45 機器人X=-0.03 誤差=-0.42
[01:35:11] [INFO] [1779730511.603624]: [PATROL-ABS] 目標X=-0.45 機器人X=-0.12 誤差=-0.33
[01:35:12] [INFO] [1779730512.203382]: [PATROL-ABS] 目標X=-0.45 機器人X=-0.23 誤差=-0.22
[01:35:12] [INFO] [1779730512.703729]: [PATROL-ABS] 目標X=-0.45 機器人X=-0.32 誤差=-0.13
[01:35:13] [INFO] [1779730513.204081]: [PATROL-ABS] 目標X=+0.45 機器人X=-0.41 誤差=+0.86
[01:35:13] [INFO] [1779730513.803043]: [PATROL-ABS] 目標X=+0.45 機器人X=-0.38 誤差=+0.83
[01:35:14] [INFO] [1779730514.303571]: [PATROL-ABS] 目標X=+0.45 機器人X=-0.30 誤差=+0.75
[01:35:14] [INFO] [1779730514.903278]: [PATROL-ABS] 目標X=+0.45 機器人X=-0.20 誤差=+0.65
[01:35:15] [INFO] [1779730515.503482]: [PATROL-ABS] 目標X=+0.45 機器人X=-0.09 誤差=+0.54
[01:35:16] [INFO] [1779730516.103056]: [PATROL-ABS] 目標X=+0.45 機器人X=+0.02 誤差=+0.43
[01:35:16] [INFO] [1779730516.603426]: [PATROL-ABS] 目標X=+0.45 機器人X=+0.11 誤差=+0.34
[01:35:17] [INFO] [1779730517.103553]: [PATROL-ABS] 目標X=+0.45 機器人X=+0.20 誤差=+0.25
[01:35:17] [INFO] [1779730517.703058]: [PATROL-ABS] 目標X=+0.45 機器人X=+0.32 誤差=+0.13
[01:35:18] [INFO] [1779730518.303515]: [PATROL-ABS] 目標X=-0.45 機器人X=+0.42 誤差=-0.87
[01:35:18] [INFO] [1779730518.903495]: [PATROL-ABS] 目標X=-0.45 機器人X=+0.36 誤差=-0.81
[01:35:19] [INFO] [1779730519.503305]: [PATROL-ABS] 目標X=-0.45 機器人X=+0.26 誤差=-0.71
[01:35:20] [INFO] [1779730520.103138]: [PATROL-ABS] 目標X=-0.45 機器人X=+0.15 誤差=-0.60
[01:35:20] [INFO] [1779730520.603562]: [PATROL-ABS] 目標X=-0.45 機器人X=+0.07 誤差=-0.52
[01:35:21] [INFO] [1779730521.203444]: [PATROL-ABS] 目標X=-0.45 機器人X=-0.04 誤差=-0.41
[01:35:21] [INFO] [1779730521.803215]: [PATROL-ABS] 目標X=-0.45 機器人X=-0.15 誤差=-0.30
[01:35:22] [INFO] [1779730522.303396]: [PATROL-ABS] 目標X=-0.45 機器人X=-0.24 誤差=-0.21
[01:35:22] [INFO] [1779730522.903716]: [PATROL-ABS] 目標X=-0.45 機器人X=-0.35 誤差=-0.10
[01:35:23] [INFO] [1779730523.503532]: [PATROL-ABS] 目標X=+0.45 機器人X=-0.42 誤差=+0.87
[01:35:24] [INFO] [1779730524.103035]: [PATROL-ABS] 目標X=+0.45 機器人X=-0.34 誤差=+0.79
[01:35:24] [INFO] [1779730524.603656]: [PATROL-ABS] 目標X=+0.45 機器人X=-0.25 誤差=+0.70
[01:35:25] [INFO] [1779730525.203372]: [PATROL-ABS] 目標X=+0.45 機器人X=-0.15 誤差=+0.60
[01:35:25] [INFO] [1779730525.803194]: [PATROL-ABS] 目標X=+0.45 機器人X=-0.04 誤差=+0.49
[01:35:26] [INFO] [1779730526.303350]: [PATROL-ABS] 目標X=+0.45 機器人X=+0.05 誤差=+0.40
[01:35:26] [INFO] [1779730526.803572]: [PATROL-ABS] 目標X=+0.45 機器人X=+0.15 誤差=+0.30
[01:35:27] [INFO] [1779730527.403465]: [PATROL-ABS] 目標X=+0.45 機器人X=+0.29 誤差=+0.16
[01:35:28] [INFO] [1779730528.003203]: [PATROL-ABS] 目標X=-0.45 機器人X=+0.47 誤差=-0.92
[01:35:28] [INFO] [1779730528.503451]: [PATROL-ABS] 目標X=-0.45 機器人X=+0.46 誤差=-0.91
[01:35:29] [INFO] [1779730529.103525]: [PATROL-ABS] 目標X=-0.45 機器人X=+0.44 誤差=-0.89
[01:35:29] [INFO] [1779730529.703159]: [PATROL-ABS] 目標X=-0.45 機器人X=+0.41 誤差=-0.86
[01:35:30] [INFO] [1779730530.203623]: [PATROL-ABS] 目標X=-0.45 機器人X=+0.39 誤差=-0.84
[01:35:30] [INFO] [1779730530.803371]: [PATROL-ABS] 目標X=-0.45 機器人X=+0.24 誤差=-0.69
[01:35:31] [INFO] [1779730531.403135]: [PATROL-ABS] 目標X=-0.45 機器人X=+0.05 誤差=-0.50
[01:35:31] [INFO] [1779730531.903453]: [PATROL-ABS] 目標X=-0.45 機器人X=-0.11 誤差=-0.34
[01:35:32] [INFO] [1779730532.403520]: [PATROL-ABS] 目標X=-0.45 機器人X=-0.27 誤差=-0.18
[01:35:33] [INFO] [1779730533.003393]: [PATROL-ABS] 目標X=+0.45 機器人X=-0.43 誤差=+0.88
[01:35:33] [INFO] [1779730533.603152]: [PATROL-ABS] 目標X=+0.45 機器人X=-0.45 誤差=+0.90
[01:35:33] [INFO] [1779730533.759097]: [EKF] 初始化完成，球的初始位置: X=0.566 Y=0.377
[01:35:33] [INFO] [1779730533.762792]: [TRACK] 球(+0.57, 0.38) v=(+0.00, +0.00) | 機器人X=-0.44 誤差=+0.89 | 速度=+0.22 θ=+0.047
[01:35:34] [0m[33m[WARN] [1779730534.408637]: [Fusion] 球消失超過 0.5 秒，進入 LOST 模式（EKF 繼續預測）
[01:35:34] [INFO] [1779730534.503310]: [PATROL-ABS] 目標X=+0.45 機器人X=-0.35 誤差=+0.80
[01:35:35] [INFO] [1779730535.003682]: [PATROL-ABS] 目標X=+0.45 機器人X=-0.34 誤差=+0.79
[01:35:35] [0m[33m[WARN] [1779730535.408548]: [Fusion] 球消失超過 1.5 秒，重置 EKF
[01:35:35] [INFO] [1779730535.603572]: [PATROL-ABS] 目標X=+0.45 機器人X=-0.27 誤差=+0.72
[01:35:36] [INFO] [1779730536.203338]: [PATROL-ABS] 目標X=+0.45 機器人X=-0.20 誤差=+0.65
[01:35:36] [INFO] [1779730536.703508]: [PATROL-ABS] 目標X=+0.45 機器人X=-0.13 誤差=+0.58
[01:35:37] [INFO] [1779730537.203517]: [PATROL-ABS] 目標X=+0.45 機器人X=-0.05 誤差=+0.50
[01:35:37] [INFO] [1779730537.803154]: [PATROL-ABS] 目標X=+0.45 機器人X=-0.07 誤差=+0.52
[01:35:38] [INFO] [1779730538.108493]: [EKF] 初始化完成，球的初始位置: X=0.670 Y=0.748
[01:35:38] [INFO] [1779730538.112163]: [TRACK] 球(+0.67, 0.75) v=(+0.00, +0.00) | 機器人X=-0.04 誤差=+0.49 | 速度=+0.21 θ=+0.273
[01:35:38] [INFO] [1779730538.359832]: [TRACK] 球(+0.68, 0.72) v=(+0.00, -0.01) | 機器人X=-0.00 誤差=+0.45 | 速度=+0.22 θ=+0.161
[01:35:38] [INFO] [1779730538.560191]: [TRACK] 球(+0.68, 0.73) v=(+0.02, +0.01) | 機器人X=+0.06 誤差=+0.39 | 速度=+0.22 θ=+0.097
[01:35:38] [INFO] [1779730538.810142]: [TRACK] 球(+0.71, 0.75) v=(+0.05, +0.04) | 機器人X=+0.16 誤差=+0.29 | 速度=+0.22 θ=+0.064
[01:35:39] [INFO] [1779730539.011120]: [TRACK] 球(+0.74, 0.76) v=(+0.08, +0.04) | 機器人X=+0.23 誤差=+0.22 | 速度=+0.22 θ=+0.054
[01:35:39] [INFO] [1779730539.260495]: [TRACK] 球(+0.77, 0.76) v=(+0.10, +0.02) | 機器人X=+0.30 誤差=+0.15 | 速度=+0.22 θ=+0.026
[01:35:39] [INFO] [1779730539.509940]: [TRACK] 球(+0.81, 0.73) v=(+0.11, -0.01) | 機器人X=+0.40 誤差=+0.05 | 速度=+0.10 θ=-0.036
[01:35:40] [0m[33m[WARN] [1779730540.159135]: [Fusion] 球消失超過 0.5 秒，進入 LOST 模式（EKF 繼續預測）
[01:35:40] [INFO] [1779730540.203493]: [PATROL-ABS] 目標X=+0.45 機器人X=+0.53 誤差=-0.08
[01:35:40] [INFO] [1779730540.703551]: [PATROL-ABS] 目標X=-0.45 機器人X=+0.51 誤差=-0.96
[01:35:41] [0m[33m[WARN] [1779730541.208400]: [Fusion] 球消失超過 1.5 秒，重置 EKF
[01:35:41] [INFO] [1779730541.303512]: [PATROL-ABS] 目標X=-0.45 機器人X=+0.46 誤差=-0.91
[01:35:41] [INFO] [1779730541.903430]: [PATROL-ABS] 目標X=-0.45 機器人X=+0.27 誤差=-0.72
[01:35:42] [INFO] [1779730542.503052]: [PATROL-ABS] 目標X=-0.45 機器人X=+0.07 誤差=-0.52
[01:35:43] [INFO] [1779730543.003649]: [PATROL-ABS] 目標X=-0.45 機器人X=-0.09 誤差=-0.36
[01:35:43] [INFO] [1779730543.603280]: [PATROL-ABS] 目標X=-0.45 機器人X=-0.25 誤差=-0.20
[01:35:44] [INFO] [1779730544.203229]: [PATROL-ABS] 目標X=+0.45 機器人X=-0.40 誤差=+0.85
[01:35:44] [INFO] [1779730544.703392]: [PATROL-ABS] 目標X=+0.45 機器人X=-0.43 誤差=+0.88
[01:35:45] [INFO] [1779730545.203583]: [PATROL-ABS] 目標X=+0.45 機器人X=-0.37 誤差=+0.82
[01:35:45] [INFO] [1779730545.803316]: [PATROL-ABS] 目標X=+0.45 機器人X=-0.28 誤差=+0.73
[01:35:46] [INFO] [1779730546.303487]: [PATROL-ABS] 目標X=+0.45 機器人X=-0.20 誤差=+0.65
[01:35:46] [INFO] [1779730546.803549]: [PATROL-ABS] 目標X=+0.45 機器人X=-0.11 誤差=+0.56
[01:35:47] [INFO] [1779730547.403200]: [PATROL-ABS] 目標X=+0.45 機器人X=-0.00 誤差=+0.45
[01:35:47] [INFO] [1779730547.903365]: [PATROL-ABS] 目標X=+0.45 機器人X=+0.09 誤差=+0.36
[01:35:48] [INFO] [1779730548.403524]: [PATROL-ABS] 目標X=+0.45 機器人X=+0.18 誤差=+0.27
[01:35:49] [INFO] [1779730549.003399]: [PATROL-ABS] 目標X=+0.45 機器人X=+0.29 誤差=+0.16
[01:35:49] [INFO] [1779730549.503756]: [PATROL-ABS] 目標X=-0.45 機器人X=+0.38 誤差=+0.07
[01:35:50] [INFO] [1779730550.103258]: [PATROL-ABS] 目標X=-0.45 機器人X=+0.39 誤差=-0.84
[01:35:50] [INFO] [1779730550.703226]: [PATROL-ABS] 目標X=-0.45 機器人X=+0.30 誤差=-0.75
[01:35:51] [INFO] [1779730551.203361]: [PATROL-ABS] 目標X=-0.45 機器人X=+0.21 誤差=-0.66
[01:35:51] [INFO] [1779730551.703442]: [PATROL-ABS] 目標X=-0.45 機器人X=+0.12 誤差=-0.57
[01:35:52] [INFO] [1779730552.303500]: [PATROL-ABS] 目標X=-0.45 機器人X=+0.01 誤差=-0.46
[01:35:52] [INFO] [1779730552.903362]: [PATROL-ABS] 目標X=-0.45 機器人X=-0.10 誤差=-0.35
[01:35:53] [INFO] [1779730553.403544]: [PATROL-ABS] 目標X=-0.45 機器人X=-0.19 誤差=-0.26
[01:35:54] [INFO] [1779730554.003580]: [PATROL-ABS] 目標X=-0.45 機器人X=-0.30 誤差=-0.15
[01:35:54] [INFO] [1779730554.603014]: [PATROL-ABS] 目標X=+0.45 機器人X=-0.41 誤差=+0.86
[01:35:55] [INFO] [1779730555.103579]: [PATROL-ABS] 目標X=+0.45 機器人X=-0.40 誤差=+0.85
[01:35:55] [INFO] [1779730555.703551]: [PATROL-ABS] 目標X=+0.45 機器人X=-0.31 誤差=+0.76
[01:35:56] [INFO] [1779730556.303120]: [PATROL-ABS] 目標X=+0.45 機器人X=-0.20 誤差=+0.65
[01:35:56] [0m[33m[WARN] [1779730556.306330]: [Fusion] 節點關閉，發送停止指令
