[05:05:35] [0m[INFO] [1779656731.951521002]: [EKF] ????????????...???????????? 0 ???[0m
[05:05:57] [0m[INFO] [1779656735.802581998]: [EKF] Pose X=0.07 Y=0.41 Theta=0.02 var_x=0.0010 posts=2[0m
[05:05:57] [0m[INFO] [1779656738.402175868]: [EKF] Pose X=0.07 Y=0.41 Theta=0.02 var_x=0.0008 posts=2[0m
[05:05:57] [0m[INFO] [1779656741.002326420]: [EKF] Pose X=0.07 Y=0.41 Theta=0.02 var_x=0.0008 posts=2[0m
[05:05:57] [0m[INFO] [1779656743.652486575]: [EKF] Pose X=0.07 Y=0.41 Theta=0.02 var_x=0.0008 posts=2[0m
[05:05:57] [0m[INFO] [1779656746.302207225]: [EKF] Pose X=0.07 Y=0.41 Theta=0.02 var_x=0.0008 posts=2[0m
[05:05:57] [0m[INFO] [1779656749.052439008]: [EKF] Pose X=0.07 Y=0.41 Theta=0.02 var_x=0.0008 posts=2[0m
[05:05:57] [0m[INFO] [1779656751.602339513]: [EKF] Pose X=0.07 Y=0.41 Theta=0.02 var_x=0.0008 posts=2[0m
[05:05:57] [0m[INFO] [1779656754.302589830]: [EKF] Pose X=0.07 Y=0.41 Theta=0.02 var_x=0.0008 posts=2[0m
[05:06:19] [0m[INFO] [1779656757.052505570]: [EKF] Pose X=0.07 Y=0.41 Theta=0.02 var_x=0.0008 posts=2[0m
[05:06:19] [0m[INFO] [1779656759.702136764]: [EKF] Pose X=0.07 Y=0.41 Theta=0.02 var_x=0.0008 posts=2[0m
[05:06:19] [0m[INFO] [1779656762.352165637]: [EKF] Pose X=0.07 Y=0.41 Theta=0.02 var_x=0.0008 posts=2[0m
[05:06:19] [0m[INFO] [1779656764.952221918]: [EKF] Pose X=-0.05 Y=0.41 Theta=0.01 var_x=0.0008 posts=2[0m
[05:06:19] [0m[INFO] [1779656767.602004915]: [EKF] Pose X=0.09 Y=0.41 Theta=0.01 var_x=0.0008 posts=2[0m
[05:06:19] [0m[INFO] [1779656770.202107506]: [EKF] Pose X=0.16 Y=0.41 Theta=-0.00 var_x=0.0008 posts=2[0m
[05:06:19] [0m[INFO] [1779656772.852148941]: [EKF] Pose X=-0.08 Y=0.41 Theta=0.02 var_x=0.0008 posts=2[0m
[05:06:19] [0m[INFO] [1779656775.402643730]: [EKF] Pose X=0.14 Y=0.40 Theta=0.00 var_x=0.0008 posts=2[0m
[05:06:19] [0m[INFO] [1779656778.052226932]: [EKF] Pose X=0.11 Y=0.40 Theta=-0.02 var_x=0.0008 posts=2[0m
[05:06:39] [0m[INFO] [1779656780.652733514]: [EKF] Pose X=-0.08 Y=0.41 Theta=-0.00 var_x=0.0008 posts=2[0m
[05:06:39] [0m[INFO] [1779656782.802173733]: [EKF] Pose X=0.21 Y=0.40 Theta=-0.04 var_x=0.0008 posts=2[0m
[05:06:39] [0m[INFO] [1779656784.402159917]: [EKF] Pose X=-0.05 Y=0.41 Theta=-0.02 var_x=0.0008 posts=2[0m
[05:06:39] [0m[INFO] [1779656787.002512755]: [EKF] Pose X=0.19 Y=0.39 Theta=-0.04 var_x=0.0008 posts=2[0m
[05:06:39] [0m[INFO] [1779656789.152161977]: [EKF] Pose X=-0.05 Y=0.41 Theta=-0.04 var_x=0.0008 posts=2[0m
[05:06:39] [0m[INFO] [1779656791.752442212]: [EKF] Pose X=0.06 Y=0.40 Theta=-0.04 var_x=0.0008 posts=2[0m
[05:06:39] [0m[INFO] [1779656794.402516202]: [EKF] Pose X=0.18 Y=0.39 Theta=-0.05 var_x=0.0008 posts=2[0m
[05:06:39] [0m[INFO] [1779656796.402447244]: [EKF] Ball world X=-0.03 Y=1.16[0m
[05:06:39] [0m[INFO] [1779656798.552643298]: [EKF] Pose X=0.19 Y=0.40 Theta=0.02 var_x=0.0008 posts=2[0m
[05:06:55] [0m[INFO] [1779656801.102494667]: [EKF] Ball world X=-0.03 Y=1.03[0m
[05:06:55] [0m[INFO] [1779656802.902168607]: [EKF] Pose X=0.16 Y=0.40 Theta=0.01 var_x=0.0008 posts=2[0m
[05:06:55] [0m[INFO] [1779656805.552654951]: [EKF] Pose X=0.05 Y=0.40 Theta=0.00 var_x=0.0008 posts=2[0m
[05:06:55] [0m[INFO] [1779656807.502333682]: [EKF] Ball world X=0.20 Y=1.37[0m
[05:06:55] [0m[INFO] [1779656808.702271848]: [EKF] Pose X=-0.09 Y=0.40 Theta=0.01 var_x=0.0008 posts=2[0m
[05:06:55] [0m[INFO] [1779656810.202100793]: [EKF] Ball world X=0.21 Y=1.31[0m
[05:06:55] [0m[INFO] [1779656811.402551286]: [EKF] Pose X=0.05 Y=0.39 Theta=0.01 var_x=0.0008 posts=2[0m
[05:06:55] [0m[INFO] [1779656812.852515584]: [EKF] Ball world X=0.19 Y=1.31[0m
[05:06:55] [0m[INFO] [1779656814.052176509]: [EKF] Pose X=0.13 Y=0.40 Theta=0.01 var_x=0.0008 posts=2[0m
[05:07:08] [0m[INFO] [1779656815.602228052]: [EKF] Pose X=0.02 Y=0.39 Theta=0.01 var_x=0.0008 posts=2[0m
[05:07:08] [0m[INFO] [1779656816.652519655]: [EKF] Ball world X=0.19 Y=1.32[0m
[05:07:08] [0m[INFO] [1779656818.252005593]: [EKF] Pose X=0.17 Y=0.39 Theta=-0.01 var_x=0.0008 posts=2[0m
[05:07:08] [0m[INFO] [1779656819.252481807]: [EKF] Ball world X=0.17 Y=1.30[0m
[05:07:08] [0m[INFO] [1779656820.852043549]: [EKF] Pose X=-0.08 Y=0.40 Theta=0.00 var_x=0.0008 posts=2[0m
[05:07:08] [0m[INFO] [1779656822.052069370]: [EKF] Ball world X=0.18 Y=1.31[0m
[05:07:08] [0m[INFO] [1779656823.501983261]: [EKF] Pose X=0.05 Y=0.39 Theta=-0.01 var_x=0.0008 posts=2[0m
[05:07:08] [0m[INFO] [1779656824.752232472]: [EKF] Ball world X=0.19 Y=1.31[0m
[05:07:08] [0m[INFO] [1779656826.102608503]: [EKF] Pose X=0.05 Y=0.39 Theta=-0.01 var_x=0.0008 posts=2[0m
[05:07:08] [0m[INFO] [1779656827.401969569]: [EKF] Ball world X=0.19 Y=1.31[0m
