[05:05:18]  [-5.88262085e-05 -5.92425662e-03  4.06621133e+00]
[05:05:19] [YOLO] 訂閱 /camera/color/image_raw
[05:05:20] [YOLO] ✗ 未偵測到球  (miss:11)
[05:05:23] [YOLO] ✗ 未偵測到球  (miss:61)
[05:05:25] [YOLO] ✗ 未偵測到球  (miss:111)
[05:05:26] [YOLO] ✗ 未偵測到球  (miss:161)
[05:05:28] [YOLO] ✗ 未偵測到球  (miss:211)
[05:05:30] [YOLO] ✗ 未偵測到球  (miss:261)
[05:05:31] [YOLO] ✗ 未偵測到球  (miss:311)
[05:05:33] [YOLO] ✗ 未偵測到球  (miss:361)
[05:05:35] [YOLO] ✗ 未偵測到球  (miss:411)
[05:05:37] [YOLO] ✗ 未偵測到球  (miss:461)
[05:05:39] [YOLO] ✗ 未偵測到球  (miss:511)
[05:05:42] [YOLO] ✗ 未偵測到球  (miss:561)
[05:05:44] [YOLO] ✗ 未偵測到球  (miss:611)
[05:05:47] [YOLO] ✗ 未偵測到球  (miss:661)
[05:05:50] [YOLO] ✗ 未偵測到球  (miss:711)
[05:05:53] [YOLO] ✗ 未偵測到球  (miss:761)
[05:05:56] [YOLO] ✗ 未偵測到球  (miss:811)
[05:05:59] [YOLO] ✗ 未偵測到球  (miss:861)
[05:06:01] [YOLO] ✗ 未偵測到球  (miss:911)
[05:06:02] [YOLO] ✗ 未偵測到球  (miss:961)
[05:06:04] [YOLO] ✗ 未偵測到球  (miss:1011)
[05:06:06] [YOLO] ✗ 未偵測到球  (miss:1051)
[05:06:08] [YOLO] ✓ 球 全域座標: X=-0.082m  Y=0.423m  conf=0.55  (累計偵測:2)
[05:06:10] [YOLO] ✗ 未偵測到球  (miss:1141)
[05:06:13] [YOLO] ✗ 未偵測到球  (miss:1191)
[05:06:16] [YOLO] ✗ 未偵測到球  (miss:1241)
[05:06:19] [YOLO] ✗ 未偵測到球  (miss:1281)
[05:06:21] [YOLO] ✗ 未偵測到球  (miss:1331)
[05:06:23] [YOLO] ✓ 球 全域座標: X=-0.658m  Y=0.458m  conf=0.75  (累計偵測:6)
[05:06:23] [YOLO] ✓ 球 全域座標: X=-0.671m  Y=0.581m  conf=0.93  (累計偵測:11)
[05:06:23] [YOLO] ✓ 球 全域座標: X=-0.690m  Y=0.683m  conf=0.95  (累計偵測:16)
[05:06:24] [YOLO] ✓ 球 全域座標: X=-0.690m  Y=0.803m  conf=0.96  (累計偵測:21)
[05:06:24] [YOLO] ✓ 球 全域座標: X=-0.682m  Y=0.954m  conf=0.95  (累計偵測:26)
[05:06:24] [YOLO] ✓ 球 全域座標: X=-0.674m  Y=1.204m  conf=0.94  (累計偵測:31)
[05:06:25] [YOLO] ✓ 球 全域座標: X=-0.687m  Y=1.336m  conf=0.94  (累計偵測:36)
[05:06:25] [YOLO] ✓ 球 全域座標: X=-0.707m  Y=1.457m  conf=0.96  (累計偵測:41)
[05:06:25] [YOLO] ✓ 球 全域座標: X=-0.737m  Y=1.601m  conf=0.95  (累計偵測:46)
[05:06:25] [YOLO] ✓ 球 全域座標: X=-0.746m  Y=1.652m  conf=0.97  (累計偵測:51)
[05:06:26] [YOLO] ✓ 球 全域座標: X=-0.771m  Y=1.726m  conf=0.96  (累計偵測:56)
[05:06:26] [YOLO] ✓ 球 全域座標: X=-0.792m  Y=1.785m  conf=0.96  (累計偵測:61)
[05:06:26] [YOLO] ✓ 球 全域座標: X=-0.816m  Y=1.838m  conf=0.94  (累計偵測:66)
[05:06:27] [YOLO] ✓ 球 全域座標: X=-0.844m  Y=1.903m  conf=0.94  (累計偵測:71)
[05:06:27] [YOLO] ✓ 球 全域座標: X=-0.858m  Y=1.934m  conf=0.93  (累計偵測:76)
[05:06:27] [YOLO] ✓ 球 全域座標: X=-0.901m  Y=2.006m  conf=0.94  (累計偵測:81)
[05:06:27] [YOLO] ✓ 球 全域座標: X=-0.926m  Y=2.056m  conf=0.95  (累計偵測:86)
[05:06:28] [YOLO] ✓ 球 全域座標: X=-0.941m  Y=2.089m  conf=0.94  (累計偵測:91)
[05:06:28] [YOLO] ✓ 球 全域座標: X=-0.975m  Y=2.152m  conf=0.93  (累計偵測:96)
[05:06:28] [YOLO] ✓ 球 全域座標: X=-1.000m  Y=2.200m  conf=0.95  (累計偵測:101)
[05:06:28] [YOLO] ✓ 球 全域座標: X=-1.004m  Y=2.204m  conf=0.95  (累計偵測:106)
[05:06:29] [YOLO] ✓ 球 全域座標: X=-1.011m  Y=2.210m  conf=0.96  (累計偵測:111)
[05:06:29] [YOLO] ✓ 球 全域座標: X=-1.018m  Y=2.213m  conf=0.96  (累計偵測:116)
[05:06:29] [YOLO] ✓ 球 全域座標: X=-1.026m  Y=2.213m  conf=0.94  (累計偵測:121)
[05:06:29] [YOLO] ✓ 球 全域座標: X=-1.034m  Y=2.212m  conf=0.94  (累計偵測:126)
[05:06:30] [YOLO] ✓ 球 全域座標: X=-1.032m  Y=2.204m  conf=0.93  (累計偵測:131)
[05:06:30] [YOLO] ✓ 球 全域座標: X=-1.032m  Y=2.191m  conf=0.94  (累計偵測:136)
[05:06:30] [YOLO] ✓ 球 全域座標: X=-1.034m  Y=2.190m  conf=0.95  (累計偵測:141)
[05:06:31] [YOLO] ✓ 球 全域座標: X=-1.024m  Y=2.207m  conf=0.93  (累計偵測:146)
[05:06:31] [YOLO] ✓ 球 全域座標: X=-0.891m  Y=2.457m  conf=0.94  (累計偵測:151)
[05:06:31] [YOLO] ✓ 球 全域座標: X=-0.855m  Y=2.523m  conf=0.96  (累計偵測:156)
[05:06:31] [YOLO] ✓ 球 全域座標: X=-0.811m  Y=2.624m  conf=0.93  (累計偵測:161)
[05:06:32] [YOLO] ✓ 球 全域座標: X=-0.740m  Y=2.740m  conf=0.95  (累計偵測:166)
[05:06:32] [YOLO] ✓ 球 全域座標: X=-0.705m  Y=2.818m  conf=0.94  (累計偵測:171)
[05:06:32] [YOLO] ✓ 球 全域座標: X=-0.681m  Y=2.877m  conf=0.88  (累計偵測:176)
[05:06:32] [YOLO] ✓ 球 全域座標: X=-0.660m  Y=2.907m  conf=0.91  (累計偵測:181)
[05:06:33] [YOLO] ✓ 球 全域座標: X=-0.641m  Y=2.937m  conf=0.88  (累計偵測:186)
[05:06:33] [YOLO] ✓ 球 全域座標: X=-0.620m  Y=2.991m  conf=0.92  (累計偵測:191)
[05:06:33] [YOLO] ✓ 球 全域座標: X=-0.607m  Y=3.025m  conf=0.94  (累計偵測:196)
[05:06:33] [YOLO] ✓ 球 全域座標: X=-0.577m  Y=3.020m  conf=0.89  (累計偵測:201)
[05:06:34] [YOLO] ✓ 球 全域座標: X=-0.372m  Y=3.245m  conf=0.78  (累計偵測:206)
[05:06:34] [YOLO] ✓ 球 全域座標: X=-0.348m  Y=3.252m  conf=0.90  (累計偵測:211)
[05:06:34] [YOLO] ✓ 球 全域座標: X=-0.321m  Y=3.168m  conf=0.89  (累計偵測:216)
[05:06:34] [YOLO] ✓ 球 全域座標: X=-0.242m  Y=2.838m  conf=0.90  (累計偵測:221)
[05:06:35] [YOLO] ✓ 球 全域座標: X=-0.210m  Y=2.664m  conf=0.90  (累計偵測:226)
[05:06:35] [YOLO] ✓ 球 全域座標: X=-0.177m  Y=2.480m  conf=0.87  (累計偵測:231)
[05:06:35] [YOLO] ✓ 球 全域座標: X=-0.149m  Y=2.288m  conf=0.93  (累計偵測:236)
[05:06:35] [YOLO] ✓ 球 全域座標: X=-0.130m  Y=2.133m  conf=0.93  (累計偵測:241)
[05:06:36] [YOLO] ✓ 球 全域座標: X=-0.111m  Y=1.974m  conf=0.90  (累計偵測:246)
[05:06:36] [YOLO] ✓ 球 全域座標: X=-0.086m  Y=1.681m  conf=0.91  (累計偵測:251)
[05:06:36] [YOLO] ✓ 球 全域座標: X=-0.073m  Y=1.525m  conf=0.92  (累計偵測:256)
[05:06:37] [YOLO] ✓ 球 全域座標: X=-0.066m  Y=1.364m  conf=0.94  (累計偵測:261)
[05:06:37] [YOLO] ✓ 球 全域座標: X=-0.061m  Y=1.257m  conf=0.95  (累計偵測:266)
[05:06:37] [YOLO] ✓ 球 全域座標: X=-0.057m  Y=0.976m  conf=0.96  (累計偵測:271)
[05:06:37] [YOLO] ✓ 球 全域座標: X=-0.059m  Y=0.864m  conf=0.98  (累計偵測:276)
[05:06:38] [YOLO] ✓ 球 全域座標: X=-0.066m  Y=0.754m  conf=0.94  (累計偵測:281)
[05:06:38] [YOLO] ✓ 球 全域座標: X=-0.074m  Y=0.778m  conf=0.92  (累計偵測:286)
[05:06:38] [YOLO] ✓ 球 全域座標: X=-0.055m  Y=0.765m  conf=0.94  (累計偵測:291)
[05:06:38] [YOLO] ✓ 球 全域座標: X=-0.032m  Y=0.720m  conf=0.94  (累計偵測:296)
[05:06:39] [YOLO] ✓ 球 全域座標: X=-0.023m  Y=0.683m  conf=0.92  (累計偵測:301)
[05:06:39] [YOLO] ✓ 球 全域座標: X=-0.024m  Y=0.684m  conf=0.91  (累計偵測:306)
[05:06:39] [YOLO] ✓ 球 全域座標: X=-0.029m  Y=0.673m  conf=0.93  (累計偵測:311)
[05:06:39] [YOLO] ✓ 球 全域座標: X=-0.036m  Y=0.667m  conf=0.93  (累計偵測:316)
[05:06:40] [YOLO] ✓ 球 全域座標: X=-0.036m  Y=0.670m  conf=0.94  (累計偵測:321)
[05:06:40] [YOLO] ✓ 球 全域座標: X=-0.036m  Y=0.784m  conf=0.95  (累計偵測:326)
[05:06:40] [YOLO] ✓ 球 全域座標: X=-0.035m  Y=0.706m  conf=0.94  (累計偵測:331)
[05:06:41] [YOLO] ✓ 球 全域座標: X=-0.036m  Y=0.675m  conf=0.91  (累計偵測:336)
[05:06:41] [YOLO] ✓ 球 全域座標: X=-0.035m  Y=0.673m  conf=0.82  (累計偵測:341)
[05:06:41] [YOLO] ✓ 球 全域座標: X=-0.041m  Y=0.666m  conf=0.81  (累計偵測:346)
[05:06:41] [YOLO] ✓ 球 全域座標: X=-0.057m  Y=0.839m  conf=0.97  (累計偵測:351)
[05:06:42] [YOLO] ✓ 球 全域座標: X=-0.153m  Y=1.403m  conf=0.94  (累計偵測:356)
[05:06:42] [YOLO] ✓ 球 全域座標: X=-0.196m  Y=1.672m  conf=0.95  (累計偵測:361)
[05:06:42] [YOLO] ✓ 球 全域座標: X=-0.247m  Y=1.995m  conf=0.89  (累計偵測:366)
[05:06:42] [YOLO] ✓ 球 全域座標: X=-0.203m  Y=2.235m  conf=0.88  (累計偵測:371)
[05:06:43] [YOLO] ✓ 球 全域座標: X=+0.024m  Y=2.747m  conf=0.80  (累計偵測:376)
[05:06:43] [YOLO] ✓ 球 全域座標: X=+0.102m  Y=2.854m  conf=0.88  (累計偵測:381)
[05:06:43] [YOLO] ✓ 球 全域座標: X=+0.155m  Y=2.961m  conf=0.88  (累計偵測:386)
[05:06:43] [YOLO] ✓ 球 全域座標: X=+0.173m  Y=2.984m  conf=0.80  (累計偵測:391)
[05:06:44] [YOLO] ✓ 球 全域座標: X=+0.094m  Y=2.901m  conf=0.88  (累計偵測:396)
[05:06:44] [YOLO] ✓ 球 全域座標: X=+0.070m  Y=2.873m  conf=0.86  (累計偵測:401)
[05:06:44] [YOLO] ✓ 球 全域座標: X=+0.042m  Y=2.869m  conf=0.90  (累計偵測:406)
[05:06:45] [YOLO] ✓ 球 全域座標: X=+0.019m  Y=2.851m  conf=0.92  (累計偵測:411)
[05:06:45] [YOLO] ✓ 球 全域座標: X=+0.029m  Y=2.847m  conf=0.90  (累計偵測:416)
[05:06:45] [YOLO] ✓ 球 全域座標: X=+0.100m  Y=2.882m  conf=0.88  (累計偵測:421)
[05:06:45] [YOLO] ✓ 球 全域座標: X=+0.126m  Y=2.671m  conf=0.86  (累計偵測:426)
[05:06:46] [YOLO] ✓ 球 全域座標: X=+0.135m  Y=2.529m  conf=0.92  (累計偵測:431)
[05:06:46] [YOLO] ✓ 球 全域座標: X=+0.152m  Y=2.334m  conf=0.88  (累計偵測:436)
[05:06:46] [YOLO] ✓ 球 全域座標: X=+0.160m  Y=2.215m  conf=0.91  (累計偵測:441)
[05:06:46] [YOLO] ✓ 球 全域座標: X=+0.178m  Y=1.895m  conf=0.92  (累計偵測:446)
[05:06:47] [YOLO] ✓ 球 全域座標: X=+0.175m  Y=1.757m  conf=0.94  (累計偵測:451)
[05:06:47] [YOLO] ✓ 球 全域座標: X=+0.172m  Y=1.624m  conf=0.90  (累計偵測:456)
[05:06:47] [YOLO] ✓ 球 全域座標: X=+0.163m  Y=1.487m  conf=0.95  (累計偵測:461)
[05:06:48] [YOLO] ✓ 球 全域座標: X=+0.161m  Y=1.445m  conf=0.95  (累計偵測:466)
[05:06:48] [YOLO] ✓ 球 全域座標: X=+0.154m  Y=1.428m  conf=0.90  (累計偵測:471)
[05:06:48] [YOLO] ✓ 球 全域座標: X=+0.155m  Y=1.417m  conf=0.94  (累計偵測:476)
[05:06:48] [YOLO] ✓ 球 全域座標: X=+0.152m  Y=1.422m  conf=0.94  (累計偵測:481)
[05:06:49] [YOLO] ✓ 球 全域座標: X=+0.147m  Y=1.403m  conf=0.94  (累計偵測:486)
[05:06:49] [YOLO] ✓ 球 全域座標: X=+0.151m  Y=1.419m  conf=0.93  (累計偵測:491)
[05:06:49] [YOLO] ✓ 球 全域座標: X=+0.150m  Y=1.420m  conf=0.93  (累計偵測:496)
[05:06:49] [YOLO] ✓ 球 全域座標: X=+0.149m  Y=1.417m  conf=0.94  (累計偵測:501)
[05:06:50] [YOLO] ✓ 球 全域座標: X=+0.149m  Y=1.415m  conf=0.95  (累計偵測:506)
[05:06:50] [YOLO] ✓ 球 全域座標: X=+0.151m  Y=1.411m  conf=0.95  (累計偵測:511)
[05:06:50] [YOLO] ✓ 球 全域座標: X=+0.150m  Y=1.414m  conf=0.95  (累計偵測:516)
[05:06:51] [YOLO] ✓ 球 全域座標: X=+0.150m  Y=1.414m  conf=0.94  (累計偵測:521)
[05:06:51] [YOLO] ✓ 球 全域座標: X=+0.151m  Y=1.415m  conf=0.95  (累計偵測:526)
[05:06:51] [YOLO] ✓ 球 全域座標: X=+0.150m  Y=1.412m  conf=0.94  (累計偵測:531)
[05:06:51] [YOLO] ✓ 球 全域座標: X=+0.151m  Y=1.412m  conf=0.94  (累計偵測:536)
[05:06:52] [YOLO] ✓ 球 全域座標: X=+0.151m  Y=1.414m  conf=0.94  (累計偵測:541)
[05:06:52] [YOLO] ✓ 球 全域座標: X=+0.150m  Y=1.412m  conf=0.94  (累計偵測:546)
[05:06:52] [YOLO] ✓ 球 全域座標: X=+0.151m  Y=1.414m  conf=0.94  (累計偵測:551)
[05:06:53] [YOLO] ✓ 球 全域座標: X=+0.150m  Y=1.412m  conf=0.94  (累計偵測:556)
[05:06:53] [YOLO] ✓ 球 全域座標: X=+0.151m  Y=1.415m  conf=0.94  (累計偵測:561)
[05:06:53] [YOLO] ✓ 球 全域座標: X=+0.151m  Y=1.413m  conf=0.94  (累計偵測:566)
[05:06:54] [YOLO] ✓ 球 全域座標: X=+0.151m  Y=1.412m  conf=0.94  (累計偵測:571)
[05:06:54] [YOLO] ✓ 球 全域座標: X=+0.151m  Y=1.413m  conf=0.94  (累計偵測:576)
[05:06:54] [YOLO] ✓ 球 全域座標: X=+0.151m  Y=1.413m  conf=0.94  (累計偵測:581)
[05:06:54] [YOLO] ✓ 球 全域座標: X=+0.150m  Y=1.412m  conf=0.94  (累計偵測:586)
[05:06:55] [YOLO] ✓ 球 全域座標: X=+0.151m  Y=1.413m  conf=0.94  (累計偵測:591)
[05:06:55] [YOLO] ✓ 球 全域座標: X=+0.151m  Y=1.414m  conf=0.94  (累計偵測:596)
[05:06:55] [YOLO] ✓ 球 全域座標: X=+0.151m  Y=1.414m  conf=0.94  (累計偵測:601)
[05:06:56] [YOLO] ✓ 球 全域座標: X=+0.151m  Y=1.414m  conf=0.94  (累計偵測:606)
[05:06:56] [YOLO] ✓ 球 全域座標: X=+0.151m  Y=1.412m  conf=0.94  (累計偵測:611)
[05:06:56] [YOLO] ✓ 球 全域座標: X=+0.151m  Y=1.414m  conf=0.94  (累計偵測:616)
[05:06:57] [YOLO] ✓ 球 全域座標: X=+0.151m  Y=1.414m  conf=0.94  (累計偵測:621)
[05:06:57] [YOLO] ✓ 球 全域座標: X=+0.151m  Y=1.413m  conf=0.94  (累計偵測:626)
[05:06:57] [YOLO] ✓ 球 全域座標: X=+0.150m  Y=1.412m  conf=0.94  (累計偵測:631)
[05:06:58] [YOLO] ✓ 球 全域座標: X=+0.151m  Y=1.413m  conf=0.94  (累計偵測:636)
[05:06:58] [YOLO] ✓ 球 全域座標: X=+0.151m  Y=1.415m  conf=0.94  (累計偵測:641)
[05:06:58] [YOLO] ✓ 球 全域座標: X=+0.150m  Y=1.412m  conf=0.94  (累計偵測:646)
[05:06:58] [YOLO] ✓ 球 全域座標: X=+0.151m  Y=1.413m  conf=0.94  (累計偵測:651)
[05:06:59] [YOLO] ✓ 球 全域座標: X=+0.151m  Y=1.413m  conf=0.94  (累計偵測:656)
[05:06:59] [YOLO] ✓ 球 全域座標: X=+0.151m  Y=1.415m  conf=0.94  (累計偵測:661)
[05:06:59] [YOLO] ✓ 球 全域座標: X=+0.150m  Y=1.412m  conf=0.94  (累計偵測:666)
[05:06:59] [YOLO] ✓ 球 全域座標: X=+0.151m  Y=1.413m  conf=0.94  (累計偵測:671)
[05:07:00] [YOLO] ✓ 球 全域座標: X=+0.151m  Y=1.413m  conf=0.95  (累計偵測:676)
[05:07:00] [YOLO] ✓ 球 全域座標: X=+0.150m  Y=1.412m  conf=0.95  (累計偵測:681)
[05:07:00] [YOLO] ✓ 球 全域座標: X=+0.150m  Y=1.412m  conf=0.94  (累計偵測:686)
[05:07:00] [YOLO] ✓ 球 全域座標: X=+0.151m  Y=1.412m  conf=0.94  (累計偵測:691)
[05:07:01] [YOLO] ✓ 球 全域座標: X=+0.151m  Y=1.413m  conf=0.94  (累計偵測:696)
[05:07:01] [YOLO] ✓ 球 全域座標: X=+0.151m  Y=1.414m  conf=0.94  (累計偵測:701)
[05:07:01] [YOLO] ✓ 球 全域座標: X=+0.150m  Y=1.413m  conf=0.94  (累計偵測:706)
[05:07:01] [YOLO] ✓ 球 全域座標: X=+0.151m  Y=1.412m  conf=0.94  (累計偵測:711)
[05:07:02] [YOLO] ✓ 球 全域座標: X=+0.151m  Y=1.414m  conf=0.94  (累計偵測:716)
[05:07:02] [YOLO] ✓ 球 全域座標: X=+0.150m  Y=1.412m  conf=0.94  (累計偵測:721)
[05:07:02] [YOLO] ✓ 球 全域座標: X=+0.151m  Y=1.415m  conf=0.94  (累計偵測:726)
[05:07:02] [YOLO] ✓ 球 全域座標: X=+0.150m  Y=1.413m  conf=0.94  (累計偵測:731)
[05:07:03] [YOLO] ✓ 球 全域座標: X=+0.150m  Y=1.413m  conf=0.94  (累計偵測:736)
[05:07:03] [YOLO] ✓ 球 全域座標: X=+0.151m  Y=1.414m  conf=0.94  (累計偵測:741)
[05:07:03] [YOLO] ✓ 球 全域座標: X=+0.151m  Y=1.414m  conf=0.94  (累計偵測:746)
[05:07:03] [YOLO] ✓ 球 全域座標: X=+0.151m  Y=1.413m  conf=0.94  (累計偵測:751)
[05:07:03] [YOLO] ✓ 球 全域座標: X=+0.151m  Y=1.414m  conf=0.94  (累計偵測:756)
[05:07:04] [YOLO] ✓ 球 全域座標: X=+0.150m  Y=1.412m  conf=0.94  (累計偵測:761)
[05:07:04] [YOLO] ✓ 球 全域座標: X=+0.151m  Y=1.413m  conf=0.94  (累計偵測:766)
[05:07:04] [YOLO] ✓ 球 全域座標: X=+0.151m  Y=1.415m  conf=0.94  (累計偵測:771)
[05:07:04] [YOLO] ✓ 球 全域座標: X=+0.151m  Y=1.414m  conf=0.94  (累計偵測:776)
[05:07:04] [YOLO] ✓ 球 全域座標: X=+0.151m  Y=1.413m  conf=0.94  (累計偵測:781)
[05:07:05] [YOLO] ✓ 球 全域座標: X=+0.151m  Y=1.413m  conf=0.94  (累計偵測:786)
[05:07:05] [YOLO] ✓ 球 全域座標: X=+0.150m  Y=1.412m  conf=0.94  (累計偵測:791)
[05:07:05] [YOLO] ✓ 球 全域座標: X=+0.150m  Y=1.414m  conf=0.94  (累計偵測:796)
[05:07:06] [YOLO] ✓ 球 全域座標: X=+0.151m  Y=1.413m  conf=0.94  (累計偵測:801)
[05:07:06] [YOLO] ✓ 球 全域座標: X=+0.151m  Y=1.415m  conf=0.94  (累計偵測:806)
[05:07:06] [YOLO] ✓ 球 全域座標: X=+0.151m  Y=1.417m  conf=0.94  (累計偵測:811)
[05:07:06] [YOLO] ✓ 球 全域座標: X=+0.151m  Y=1.416m  conf=0.94  (累計偵測:816)
[05:07:06] [YOLO] ✓ 球 全域座標: X=+0.151m  Y=1.416m  conf=0.95  (累計偵測:821)
[05:07:07] [YOLO] ✓ 球 全域座標: X=+0.151m  Y=1.414m  conf=0.95  (累計偵測:826)
[05:07:07] [YOLO] ✓ 球 全域座標: X=+0.151m  Y=1.414m  conf=0.95  (累計偵測:831)
[05:07:07] [YOLO] ✓ 球 全域座標: X=+0.151m  Y=1.412m  conf=0.95  (累計偵測:836)
[05:07:07] [YOLO] ✓ 球 全域座標: X=+0.150m  Y=1.413m  conf=0.94  (累計偵測:841)
[05:07:08] [YOLO] ✓ 球 全域座標: X=+0.150m  Y=1.411m  conf=0.95  (累計偵測:846)
[05:07:08] [YOLO] ✓ 球 全域座標: X=+0.150m  Y=1.411m  conf=0.95  (累計偵測:851)
[05:07:08] [YOLO] ✓ 球 全域座標: X=+0.151m  Y=1.414m  conf=0.95  (累計偵測:856)
[05:07:08] [YOLO] ✓ 球 全域座標: X=+0.151m  Y=1.413m  conf=0.94  (累計偵測:861)
[05:07:09] [YOLO] ✓ 球 全域座標: X=+0.151m  Y=1.414m  conf=0.95  (累計偵測:866)
[05:07:09] [YOLO] ✓ 球 全域座標: X=+0.150m  Y=1.416m  conf=0.95  (累計偵測:871)
[05:07:09] [YOLO] ✓ 球 全域座標: X=+0.151m  Y=1.413m  conf=0.95  (累計偵測:876)
[05:07:09] [YOLO] ✓ 球 全域座標: X=+0.151m  Y=1.414m  conf=0.95  (累計偵測:881)
[05:07:10] [YOLO] ✓ 球 全域座標: X=+0.151m  Y=1.415m  conf=0.94  (累計偵測:886)
[05:07:10] [YOLO] ✓ 球 全域座標: X=+0.151m  Y=1.415m  conf=0.95  (累計偵測:891)
[05:07:10] [YOLO] ✓ 球 全域座標: X=+0.151m  Y=1.413m  conf=0.95  (累計偵測:896)
[05:07:10] [YOLO] ✓ 球 全域座標: X=+0.151m  Y=1.415m  conf=0.95  (累計偵測:901)
[05:07:11] [YOLO] ✓ 球 全域座標: X=+0.151m  Y=1.412m  conf=0.95  (累計偵測:906)
[05:07:11] [YOLO] ✓ 球 全域座標: X=+0.151m  Y=1.417m  conf=0.94  (累計偵測:911)
[05:07:11] [YOLO] ✓ 球 全域座標: X=+0.151m  Y=1.414m  conf=0.95  (累計偵測:916)
[05:07:11] [YOLO] ✓ 球 全域座標: X=+0.151m  Y=1.415m  conf=0.95  (累計偵測:921)
[05:07:12] [YOLO] ✓ 球 全域座標: X=+0.151m  Y=1.413m  conf=0.95  (累計偵測:926)
[05:07:12] [YOLO] ✓ 球 全域座標: X=+0.150m  Y=1.413m  conf=0.95  (累計偵測:931)
[05:07:12] [YOLO] ✓ 球 全域座標: X=+0.151m  Y=1.414m  conf=0.95  (累計偵測:936)
[05:07:12] [YOLO] ✓ 球 全域座標: X=+0.151m  Y=1.415m  conf=0.94  (累計偵測:941)
[05:07:12] [YOLO] ✓ 球 全域座標: X=+0.151m  Y=1.413m  conf=0.95  (累計偵測:946)
[05:07:12] [YOLO] ✓ 球 全域座標: X=+0.151m  Y=1.414m  conf=0.94  (累計偵測:951)
[05:07:13] [YOLO] ✓ 球 全域座標: X=+0.151m  Y=1.412m  conf=0.94  (累計偵測:956)
[05:07:13] [YOLO] ✓ 球 全域座標: X=+0.151m  Y=1.414m  conf=0.95  (累計偵測:961)
[05:07:13] [YOLO] ✓ 球 全域座標: X=+0.150m  Y=1.414m  conf=0.94  (累計偵測:966)
[05:07:13] [YOLO] ✓ 球 全域座標: X=+0.151m  Y=1.414m  conf=0.95  (累計偵測:971)
[05:07:13] [YOLO] ✓ 球 全域座標: X=+0.151m  Y=1.413m  conf=0.95  (累計偵測:976)
[05:07:13] [YOLO] ✓ 球 全域座標: X=+0.150m  Y=1.415m  conf=0.95  (累計偵測:981)
[05:07:14] [YOLO] ✓ 球 全域座標: X=+0.151m  Y=1.413m  conf=0.95  (累計偵測:986)
[05:07:14] [YOLO] ✓ 球 全域座標: X=+0.150m  Y=1.413m  conf=0.94  (累計偵測:991)
[05:07:14] [YOLO] ✓ 球 全域座標: X=+0.151m  Y=1.413m  conf=0.95  (累計偵測:996)
[05:07:14] [YOLO] ✓ 球 全域座標: X=+0.151m  Y=1.412m  conf=0.95  (累計偵測:1001)
[05:07:14] [YOLO] ✓ 球 全域座標: X=+0.151m  Y=1.415m  conf=0.94  (累計偵測:1006)
[05:07:14] [YOLO] ✓ 球 全域座標: X=+0.151m  Y=1.416m  conf=0.95  (累計偵測:1011)
[05:07:15] [YOLO] ✓ 球 全域座標: X=+0.151m  Y=1.414m  conf=0.94  (累計偵測:1016)
[05:07:15] [YOLO] ✓ 球 全域座標: X=+0.151m  Y=1.414m  conf=0.95  (累計偵測:1021)
[05:07:15] [YOLO] ✓ 球 全域座標: X=+0.150m  Y=1.411m  conf=0.95  (累計偵測:1026)
[05:07:15] [YOLO] ✓ 球 全域座標: X=+0.151m  Y=1.414m  conf=0.95  (累計偵測:1031)
[05:07:15] [YOLO] ✓ 球 全域座標: X=+0.151m  Y=1.411m  conf=0.95  (累計偵測:1036)
[05:07:15] [YOLO] ✓ 球 全域座標: X=+0.151m  Y=1.413m  conf=0.94  (累計偵測:1041)
[05:07:16] [YOLO] ✓ 球 全域座標: X=+0.151m  Y=1.415m  conf=0.95  (累計偵測:1046)
[05:07:16] [YOLO] ✓ 球 全域座標: X=+0.151m  Y=1.414m  conf=0.95  (累計偵測:1051)
[05:07:16] [YOLO] ✓ 球 全域座標: X=+0.151m  Y=1.414m  conf=0.94  (累計偵測:1056)
[05:07:16] [YOLO] ✓ 球 全域座標: X=+0.151m  Y=1.415m  conf=0.94  (累計偵測:1061)
